2026-08-14 08:38:56 | INFO     | __main__ | 模型预检通过 config=/workspace/configs/nvinfer/person-peoplenet.txt engine=/workspace/models/peoplenet/resnet34_peoplenet.onnx_b1_gpu0_fp16.engine source_models=['/workspace/models/peoplenet/resnet34_peoplenet.onnx']
2026-08-14 08:38:56 | INFO     | __main__ | 模型预检通过 config=/workspace/configs/nvinfer/face.example.txt engine=/workspace/models/face.engine source_models=['/workspace/models/face-deepstream.onnx']
2026-08-14 08:38:56 | INFO     | __main__ | [DETECTOR] PeopleNet
2026-08-14 08:38:56 | INFO     | __main__ | [TRACKER] NvDCF
2026-08-14 08:38:56 | INFO     | __main__ | [TRACKER_CONFIG] /workspace/configs/tracker/nvdcf.yml
2026-08-14 08:38:56 | INFO     | __main__ | [PEOPLENET_CLASSES] person=0, bag=1, face=2
2026-08-14 08:38:56 | INFO     | __main__ | DeepStream Python runtime 已加载: {'gstreamer': '1.24.2.0', 'pyds': '1.2.3'}
[0;93m2026-08-14 08:38:56.736095533 [W:onnxruntime:Default, device_discovery.cc:285 GetGpuDevices] Failed to detect devices under "/sys/class/drm/card0": device_discovery.cc:94 ReadFileContents Failed to open file: "/sys/class/drm/card0/device/vendor"[m
2026-08-14 08:38:58 | INFO     | deepstream_ai.pipeline.builder | 配置推理组件 name=person-detector unique_id=1 target_fps=5.00 interval=4 runtime_config=/workspace/output/tasks/042510265dda4312/.runtime/nvinfer/person-detector.txt
2026-08-14 08:38:58 | INFO     | deepstream_ai.pipeline.builder | 配置推理组件 name=face-detector unique_id=2 target_fps=5.00 secondary-reinfer-interval=5 runtime_config=/workspace/output/tasks/042510265dda4312/.runtime/nvinfer/face-detector.txt
2026-08-14 08:38:58 | INFO     | deepstream_ai.pipeline.builder | 行为模型已关闭，不创建 nvinfer: smoking
2026-08-14 08:38:58 | INFO     | deepstream_ai.pipeline.builder | 行为模型已关闭，不创建 nvinfer: eating
2026-08-14 08:38:58 | INFO     | deepstream_ai.pipeline.builder | 行为模型已关闭，不创建 nvinfer: drinking
2026-08-14 08:38:58 | INFO     | deepstream_ai.pipeline.builder | 行为模型已关闭，不创建 nvinfer: carrying
2026-08-14 08:38:59 | INFO     | deepstream_ai.pipeline.peoplenet_pretracker_guard | [PRETRACKER_GUARD] enabled=True pgie_uid=1 person_classes=[0] max_conf=0.550 left<=0.030 top<=0.020 width=[0.400,0.500] height>=0.930 right<=0.520 frame=1920x1080
2026-08-14 08:38:59 | INFO     | deepstream_ai.pipeline.runner | [TRACK_SHADOW] preview bridge enabled max_age=1.50s
0:00:02.634534571 [31m  606[00m      0x56f9fc0 [36mINFO   [00m [00m             nvinfer gstnvinfer.cpp:725:gst_nvinfer_logger:<face-detector>[00m NvDsInferContext[UID 2]: Info from NvDsInferContextImpl::deserializeEngineAndBackend() <nvdsinfer_context_impl.cpp:2183> [UID = 2]: deserialized trt engine from :/workspace/models/face.engine
INFO: ../nvdsinfer/nvdsinfer_model_builder.cpp:376 [Implicit Engine Info]: layers num: 0

0:00:02.636114423 [31m  606[00m      0x56f9fc0 [36mINFO   [00m [00m             nvinfer gstnvinfer.cpp:725:gst_nvinfer_logger:<face-detector>[00m NvDsInferContext[UID 2]: Info from NvDsInferContextImpl::generateBackendContext() <nvdsinfer_context_impl.cpp:2286> [UID = 2]: Use deserialized engine model: /workspace/models/face.engine
0:00:02.698898873 [31m  606[00m      0x56f9fc0 [36mINFO   [00m [00m             nvinfer gstnvinfer_impl.cpp:343:notifyLoadModelStatus:<face-detector>[00m [UID 2]: Load new model:/workspace/output/tasks/042510265dda4312/.runtime/nvinfer/face-detector.txt sucessfully
gstnvtracker: Loading low-level lib at /opt/nvidia/deepstream/deepstream/lib/libnvds_nvmultiobjecttracker.so
[NvMultiObjectTracker] Loading TRT Engine for model: /workspace/models/tracker/resnet50_market1501_aicity156.onnx_b16_gpu0_fp16.engine
[NvMultiObjectTracker] Loading Complete!
[NvMultiObjectTracker] Initialized
0:00:05.230060669 [31m  606[00m      0x56f9fc0 [36mINFO   [00m [00m             nvinfer gstnvinfer.cpp:725:gst_nvinfer_logger:<person-detector>[00m NvDsInferContext[UID 1]: Info from NvDsInferContextImpl::deserializeEngineAndBackend() <nvdsinfer_context_impl.cpp:2183> [UID = 1]: deserialized trt engine from :/workspace/models/peoplenet/resnet34_peoplenet.onnx_b1_gpu0_fp16.engine
INFO: ../nvdsinfer/nvdsinfer_model_builder.cpp:376 [Implicit Engine Info]: layers num: 0

0:00:05.232179549 [31m  606[00m      0x56f9fc0 [36mINFO   [00m [00m             nvinfer gstnvinfer.cpp:725:gst_nvinfer_logger:<person-detector>[00m NvDsInferContext[UID 1]: Info from NvDsInferContextImpl::generateBackendContext() <nvdsinfer_context_impl.cpp:2286> [UID = 1]: Use deserialized engine model: /workspace/models/peoplenet/resnet34_peoplenet.onnx_b1_gpu0_fp16.engine
0:00:05.242837941 [31m  606[00m      0x56f9fc0 [36mINFO   [00m [00m             nvinfer gstnvinfer_impl.cpp:343:notifyLoadModelStatus:<person-detector>[00m [UID 1]: Load new model:/workspace/output/tasks/042510265dda4312/.runtime/nvinfer/person-detector.txt sucessfully
Opening in BLOCKING MODE 
0:00:05.269754452 [31m  606[00m 0x7f59180014e0 [33;01mWARN   [00m [00m                v4l2 gstv4l2object.c:3123:gst_v4l2_object_get_nearest_size:<nvv4l2decoder0:sink>[00m Unable to try format: Unknown error -1
0:00:05.270291663 [31m  606[00m 0x7f59180014e0 [33;01mWARN   [00m [00m                v4l2 gstv4l2object.c:3008:gst_v4l2_object_probe_caps_for_format:<nvv4l2decoder0:sink>[00m Could not probe minimum capture size for pixelformat MJPG
0:00:05.270625262 [31m  606[00m 0x7f59180014e0 [33;01mWARN   [00m [00m                v4l2 gstv4l2object.c:3123:gst_v4l2_object_get_nearest_size:<nvv4l2decoder0:sink>[00m Unable to try format: Unknown error -1
0:00:05.271024888 [31m  606[00m 0x7f59180014e0 [33;01mWARN   [00m [00m                v4l2 gstv4l2object.c:3014:gst_v4l2_object_probe_caps_for_format:<nvv4l2decoder0:sink>[00m Could not probe maximum capture size for pixelformat MJPG
0:00:05.271550967 [31m  606[00m 0x7f59180014e0 [33;01mWARN   [00m [00m                v4l2 gstv4l2object.c:3123:gst_v4l2_object_get_nearest_size:<nvv4l2decoder0:sink>[00m Unable to try format: Unknown error -1
0:00:05.272055145 [31m  606[00m 0x7f59180014e0 [33;01mWARN   [00m [00m                v4l2 gstv4l2object.c:3008:gst_v4l2_object_probe_caps_for_format:<nvv4l2decoder0:sink>[00m Could not probe minimum capture size for pixelformat AV10
0:00:05.272758613 [31m  606[00m 0x7f59180014e0 [33;01mWARN   [00m [00m                v4l2 gstv4l2object.c:3123:gst_v4l2_object_get_nearest_size:<nvv4l2decoder0:sink>[00m Unable to try format: Unknown error -1
0:00:05.273142934 [31m  606[00m 0x7f59180014e0 [33;01mWARN   [00m [00m                v4l2 gstv4l2object.c:3014:gst_v4l2_object_probe_caps_for_format:<nvv4l2decoder0:sink>[00m Could not probe maximum capture size for pixelformat AV10
0:00:05.273584911 [31m  606[00m 0x7f59180014e0 [33;01mWARN   [00m [00m                v4l2 gstv4l2object.c:3123:gst_v4l2_object_get_nearest_size:<nvv4l2decoder0:sink>[00m Unable to try format: Unknown error -1
0:00:05.273982112 [31m  606[00m 0x7f59180014e0 [33;01mWARN   [00m [00m                v4l2 gstv4l2object.c:3008:gst_v4l2_object_probe_caps_for_format:<nvv4l2decoder0:sink>[00m Could not probe minimum capture size for pixelformat DVX5
0:00:05.274234008 [31m  606[00m 0x7f59180014e0 [33;01mWARN   [00m [00m                v4l2 gstv4l2object.c:3123:gst_v4l2_object_get_nearest_size:<nvv4l2decoder0:sink>[00m Unable to try format: Unknown error -1
0:00:05.274656809 [31m  606[00m 0x7f59180014e0 [33;01mWARN   [00m [00m                v4l2 gstv4l2object.c:3014:gst_v4l2_object_probe_caps_for_format:<nvv4l2decoder0:sink>[00m Could not probe maximum capture size for pixelformat DVX5
0:00:05.275094043 [31m  606[00m 0x7f59180014e0 [33;01mWARN   [00m [00m                v4l2 gstv4l2object.c:3123:gst_v4l2_object_get_nearest_size:<nvv4l2decoder0:sink>[00m Unable to try format: Unknown error -1
0:00:05.275553968 [31m  606[00m 0x7f59180014e0 [33;01mWARN   [00m [00m                v4l2 gstv4l2object.c:3008:gst_v4l2_object_probe_caps_for_format:<nvv4l2decoder0:sink>[00m Could not probe minimum capture size for pixelformat DVX4
0:00:05.275942440 [31m  606[00m 0x7f59180014e0 [33;01mWARN   [00m [00m                v4l2 gstv4l2object.c:3123:gst_v4l2_object_get_nearest_size:<nvv4l2decoder0:sink>[00m Unable to try format: Unknown error -1
0:00:05.276512986 [31m  606[00m 0x7f59180014e0 [33;01mWARN   [00m [00m                v4l2 gstv4l2object.c:3014:gst_v4l2_object_probe_caps_for_format:<nvv4l2decoder0:sink>[00m Could not probe maximum capture size for pixelformat DVX4
0:00:05.277091678 [31m  606[00m 0x7f59180014e0 [33;01mWARN   [00m [00m                v4l2 gstv4l2object.c:3123:gst_v4l2_object_get_nearest_size:<nvv4l2decoder0:sink>[00m Unable to try format: Unknown error -1
0:00:05.277555133 [31m  606[00m 0x7f59180014e0 [33;01mWARN   [00m [00m                v4l2 gstv4l2object.c:3008:gst_v4l2_object_probe_caps_for_format:<nvv4l2decoder0:sink>[00m Could not probe minimum capture size for pixelformat MPG4
0:00:05.277988162 [31m  606[00m 0x7f59180014e0 [33;01mWARN   [00m [00m                v4l2 gstv4l2object.c:3123:gst_v4l2_object_get_nearest_size:<nvv4l2decoder0:sink>[00m Unable to try format: Unknown error -1
0:00:05.278403347 [31m  606[00m 0x7f59180014e0 [33;01mWARN   [00m [00m                v4l2 gstv4l2object.c:3014:gst_v4l2_object_probe_caps_for_format:<nvv4l2decoder0:sink>[00m Could not probe maximum capture size for pixelformat MPG4
0:00:05.278798195 [31m  606[00m 0x7f59180014e0 [33;01mWARN   [00m [00m                v4l2 gstv4l2object.c:3123:gst_v4l2_object_get_nearest_size:<nvv4l2decoder0:sink>[00m Unable to try format: Unknown error -1
0:00:05.279107180 [31m  606[00m 0x7f59180014e0 [33;01mWARN   [00m [00m                v4l2 gstv4l2object.c:3008:gst_v4l2_object_probe_caps_for_format:<nvv4l2decoder0:sink>[00m Could not probe minimum capture size for pixelformat MPG2
0:00:05.279519452 [31m  606[00m 0x7f59180014e0 [33;01mWARN   [00m [00m                v4l2 gstv4l2object.c:3123:gst_v4l2_object_get_nearest_size:<nvv4l2decoder0:sink>[00m Unable to try format: Unknown error -1
0:00:05.279958164 [31m  606[00m 0x7f59180014e0 [33;01mWARN   [00m [00m                v4l2 gstv4l2object.c:3014:gst_v4l2_object_probe_caps_for_format:<nvv4l2decoder0:sink>[00m Could not probe maximum capture size for pixelformat MPG2
0:00:05.280376114 [31m  606[00m 0x7f59180014e0 [33;01mWARN   [00m [00m                v4l2 gstv4l2object.c:3123:gst_v4l2_object_get_nearest_size:<nvv4l2decoder0:sink>[00m Unable to try format: Unknown error -1
0:00:05.280808374 [31m  606[00m 0x7f59180014e0 [33;01mWARN   [00m [00m                v4l2 gstv4l2object.c:3008:gst_v4l2_object_probe_caps_for_format:<nvv4l2decoder0:sink>[00m Could not probe minimum capture size for pixelformat H265
0:00:05.281287917 [31m  606[00m 0x7f59180014e0 [33;01mWARN   [00m [00m                v4l2 gstv4l2object.c:3123:gst_v4l2_object_get_nearest_size:<nvv4l2decoder0:sink>[00m Unable to try format: Unknown error -1
0:00:05.281778885 [31m  606[00m 0x7f59180014e0 [33;01mWARN   [00m [00m                v4l2 gstv4l2object.c:3014:gst_v4l2_object_probe_caps_for_format:<nvv4l2decoder0:sink>[00m Could not probe maximum capture size for pixelformat H265
0:00:05.282216829 [31m  606[00m 0x7f59180014e0 [33;01mWARN   [00m [00m                v4l2 gstv4l2object.c:3123:gst_v4l2_object_get_nearest_size:<nvv4l2decoder0:sink>[00m Unable to try format: Unknown error -1
0:00:05.282703846 [31m  606[00m 0x7f59180014e0 [33;01mWARN   [00m [00m                v4l2 gstv4l2object.c:3008:gst_v4l2_object_probe_caps_for_format:<nvv4l2decoder0:sink>[00m Could not probe minimum capture size for pixelformat VP90
0:00:05.283116951 [31m  606[00m 0x7f59180014e0 [33;01mWARN   [00m [00m                v4l2 gstv4l2object.c:3123:gst_v4l2_object_get_nearest_size:<nvv4l2decoder0:sink>[00m Unable to try format: Unknown error -1
0:00:05.283537403 [31m  606[00m 0x7f59180014e0 [33;01mWARN   [00m [00m                v4l2 gstv4l2object.c:3014:gst_v4l2_object_probe_caps_for_format:<nvv4l2decoder0:sink>[00m Could not probe maximum capture size for pixelformat VP90
0:00:05.284125394 [31m  606[00m 0x7f59180014e0 [33;01mWARN   [00m [00m                v4l2 gstv4l2object.c:3123:gst_v4l2_object_get_nearest_size:<nvv4l2decoder0:sink>[00m Unable to try format: Unknown error -1
0:00:05.284557292 [31m  606[00m 0x7f59180014e0 [33;01mWARN   [00m [00m                v4l2 gstv4l2object.c:3008:gst_v4l2_object_probe_caps_for_format:<nvv4l2decoder0:sink>[00m Could not probe minimum capture size for pixelformat VP80
0:00:05.284998408 [31m  606[00m 0x7f59180014e0 [33;01mWARN   [00m [00m                v4l2 gstv4l2object.c:3123:gst_v4l2_object_get_nearest_size:<nvv4l2decoder0:sink>[00m Unable to try format: Unknown error -1
0:00:05.285432304 [31m  606[00m 0x7f59180014e0 [33;01mWARN   [00m [00m                v4l2 gstv4l2object.c:3014:gst_v4l2_object_probe_caps_for_format:<nvv4l2decoder0:sink>[00m Could not probe maximum capture size for pixelformat VP80
0:00:05.286086479 [31m  606[00m 0x7f59180014e0 [33;01mWARN   [00m [00m                v4l2 gstv4l2object.c:3123:gst_v4l2_object_get_nearest_size:<nvv4l2decoder0:sink>[00m Unable to try format: Unknown error -1
0:00:05.286630502 [31m  606[00m 0x7f59180014e0 [33;01mWARN   [00m [00m                v4l2 gstv4l2object.c:3008:gst_v4l2_object_probe_caps_for_format:<nvv4l2decoder0:sink>[00m Could not probe minimum capture size for pixelformat H264
0:00:05.287142335 [31m  606[00m 0x7f59180014e0 [33;01mWARN   [00m [00m                v4l2 gstv4l2object.c:3123:gst_v4l2_object_get_nearest_size:<nvv4l2decoder0:sink>[00m Unable to try format: Unknown error -1
0:00:05.287581962 [31m  606[00m 0x7f59180014e0 [33;01mWARN   [00m [00m                v4l2 gstv4l2object.c:3014:gst_v4l2_object_probe_caps_for_format:<nvv4l2decoder0:sink>[00m Could not probe maximum capture size for pixelformat H264
0:00:05.288327226 [31m  606[00m 0x7f59180014e0 [33;01mWARN   [00m [00m                v4l2 gstv4l2object.c:3123:gst_v4l2_object_get_nearest_size:<nvv4l2decoder0:src>[00m Unable to try format: Unknown error -1
0:00:05.288642160 [31m  606[00m 0x7f59180014e0 [33;01mWARN   [00m [00m                v4l2 gstv4l2object.c:3008:gst_v4l2_object_probe_caps_for_format:<nvv4l2decoder0:src>[00m Could not probe minimum capture size for pixelformat Y444
0:00:05.288939917 [31m  606[00m 0x7f59180014e0 [33;01mWARN   [00m [00m                v4l2 gstv4l2object.c:3123:gst_v4l2_object_get_nearest_size:<nvv4l2decoder0:src>[00m Unable to try format: Unknown error -1
0:00:05.289286095 [31m  606[00m 0x7f59180014e0 [33;01mWARN   [00m [00m                v4l2 gstv4l2object.c:3014:gst_v4l2_object_probe_caps_for_format:<nvv4l2decoder0:src>[00m Could not probe maximum capture size for pixelformat Y444
0:00:05.289706514 [31m  606[00m 0x7f59180014e0 [33;01mWARN   [00m [00m                v4l2 gstv4l2object.c:3123:gst_v4l2_object_get_nearest_size:<nvv4l2decoder0:src>[00m Unable to try format: Unknown error -1
0:00:05.290213736 [31m  606[00m 0x7f59180014e0 [33;01mWARN   [00m [00m                v4l2 gstv4l2object.c:3008:gst_v4l2_object_probe_caps_for_format:<nvv4l2decoder0:src>[00m Could not probe minimum capture size for pixelformat P216
0:00:05.290594030 [31m  606[00m 0x7f59180014e0 [33;01mWARN   [00m [00m                v4l2 gstv4l2object.c:3123:gst_v4l2_object_get_nearest_size:<nvv4l2decoder0:src>[00m Unable to try format: Unknown error -1
0:00:05.291037795 [31m  606[00m 0x7f59180014e0 [33;01mWARN   [00m [00m                v4l2 gstv4l2object.c:3014:gst_v4l2_object_probe_caps_for_format:<nvv4l2decoder0:src>[00m Could not probe maximum capture size for pixelformat P216
0:00:05.291503172 [31m  606[00m 0x7f59180014e0 [33;01mWARN   [00m [00m                v4l2 gstv4l2object.c:3123:gst_v4l2_object_get_nearest_size:<nvv4l2decoder0:src>[00m Unable to try format: Unknown error -1
0:00:05.291942772 [31m  606[00m 0x7f59180014e0 [33;01mWARN   [00m [00m                v4l2 gstv4l2object.c:3008:gst_v4l2_object_probe_caps_for_format:<nvv4l2decoder0:src>[00m Could not probe minimum capture size for pixelformat NM16
0:00:05.292453957 [31m  606[00m 0x7f59180014e0 [33;01mWARN   [00m [00m                v4l2 gstv4l2object.c:3123:gst_v4l2_object_get_nearest_size:<nvv4l2decoder0:src>[00m Unable to try format: Unknown error -1
0:00:05.292914250 [31m  606[00m 0x7f59180014e0 [33;01mWARN   [00m [00m                v4l2 gstv4l2object.c:3014:gst_v4l2_object_probe_caps_for_format:<nvv4l2decoder0:src>[00m Could not probe maximum capture size for pixelformat NM16
0:00:05.293365937 [31m  606[00m 0x7f59180014e0 [33;01mWARN   [00m [00m                v4l2 gstv4l2object.c:3123:gst_v4l2_object_get_nearest_size:<nvv4l2decoder0:src>[00m Unable to try format: Unknown error -1
0:00:05.293842601 [31m  606[00m 0x7f59180014e0 [33;01mWARN   [00m [00m                v4l2 gstv4l2object.c:3008:gst_v4l2_object_probe_caps_for_format:<nvv4l2decoder0:src>[00m Could not probe minimum capture size for pixelformat P412
0:00:05.294288738 [31m  606[00m 0x7f59180014e0 [33;01mWARN   [00m [00m                v4l2 gstv4l2object.c:3123:gst_v4l2_object_get_nearest_size:<nvv4l2decoder0:src>[00m Unable to try format: Unknown error -1
0:00:05.294974206 [31m  606[00m 0x7f59180014e0 [33;01mWARN   [00m [00m                v4l2 gstv4l2object.c:3014:gst_v4l2_object_probe_caps_for_format:<nvv4l2decoder0:src>[00m Could not probe maximum capture size for pixelformat P412
0:00:05.295425445 [31m  606[00m 0x7f59180014e0 [33;01mWARN   [00m [00m                v4l2 gstv4l2object.c:3123:gst_v4l2_object_get_nearest_size:<nvv4l2decoder0:src>[00m Unable to try format: Unknown error -1
0:00:05.295985090 [31m  606[00m 0x7f59180014e0 [33;01mWARN   [00m [00m                v4l2 gstv4l2object.c:3008:gst_v4l2_object_probe_caps_for_format:<nvv4l2decoder0:src>[00m Could not probe minimum capture size for pixelformat P410
0:00:05.296497416 [31m  606[00m 0x7f59180014e0 [33;01mWARN   [00m [00m                v4l2 gstv4l2object.c:3123:gst_v4l2_object_get_nearest_size:<nvv4l2decoder0:src>[00m Unable to try format: Unknown error -1
0:00:05.297003019 [31m  606[00m 0x7f59180014e0 [33;01mWARN   [00m [00m                v4l2 gstv4l2object.c:3014:gst_v4l2_object_probe_caps_for_format:<nvv4l2decoder0:src>[00m Could not probe maximum capture size for pixelformat P410
0:00:05.297565537 [31m  606[00m 0x7f59180014e0 [33;01mWARN   [00m [00m                v4l2 gstv4l2object.c:3123:gst_v4l2_object_get_nearest_size:<nvv4l2decoder0:src>[00m Unable to try format: Unknown error -1
0:00:05.298606449 [31m  606[00m 0x7f59180014e0 [33;01mWARN   [00m [00m                v4l2 gstv4l2object.c:3008:gst_v4l2_object_probe_caps_for_format:<nvv4l2decoder0:src>[00m Could not probe minimum capture size for pixelformat PM10
0:00:05.299049079 [31m  606[00m 0x7f59180014e0 [33;01mWARN   [00m [00m                v4l2 gstv4l2object.c:3123:gst_v4l2_object_get_nearest_size:<nvv4l2decoder0:src>[00m Unable to try format: Unknown error -1
0:00:05.299366457 [31m  606[00m 0x7f59180014e0 [33;01mWARN   [00m [00m                v4l2 gstv4l2object.c:3014:gst_v4l2_object_probe_caps_for_format:<nvv4l2decoder0:src>[00m Could not probe maximum capture size for pixelformat PM10
0:00:05.299814452 [31m  606[00m 0x7f59180014e0 [33;01mWARN   [00m [00m                v4l2 gstv4l2object.c:3123:gst_v4l2_object_get_nearest_size:<nvv4l2decoder0:src>[00m Unable to try format: Unknown error -1
0:00:05.300265888 [31m  606[00m 0x7f59180014e0 [33;01mWARN   [00m [00m                v4l2 gstv4l2object.c:3008:gst_v4l2_object_probe_caps_for_format:<nvv4l2decoder0:src>[00m Could not probe minimum capture size for pixelformat NM12
0:00:05.300781319 [31m  606[00m 0x7f59180014e0 [33;01mWARN   [00m [00m                v4l2 gstv4l2object.c:3123:gst_v4l2_object_get_nearest_size:<nvv4l2decoder0:src>[00m Unable to try format: Unknown error -1
0:00:05.301144649 [31m  606[00m 0x7f59180014e0 [33;01mWARN   [00m [00m                v4l2 gstv4l2object.c:3014:gst_v4l2_object_probe_caps_for_format:<nvv4l2decoder0:src>[00m Could not probe maximum capture size for pixelformat NM12
2026-08-14 08:39:01 | INFO     | deepstream_ai.pipeline.source | 视频源已连接: camera_id=camera-05 uri=vsrc_0
0:00:05.477358763 [31m  606[00m 0x7f59180014e0 [33;01mWARN   [00m [00m        v4l2videodec gstv4l2videodec.c:2357:gst_v4l2_video_dec_decide_allocation:<nvv4l2decoder0>[00m Duration invalid, not setting latency
0:00:05.485548371 [31m  606[00m 0x7f59180014e0 [33;01mWARN   [00m [00m      v4l2bufferpool gstv4l2bufferpool.c:1127:gst_v4l2_buffer_pool_start:<nvv4l2decoder0:pool:src>[00m Uncertain or not enough buffers, enabling copy threshold
0:00:05.491846932 [31m  606[00m 0x7f59180023a0 [33;01mWARN   [00m [00m      v4l2bufferpool gstv4l2bufferpool.c:1611:gst_v4l2_buffer_pool_dqbuf:<nvv4l2decoder0:pool:src>[00m Driver should never set v4l2_buffer.field to ANY
2026-08-14 08:39:05 | WARNING  | deepstream_ai.pipeline.shadow_tracking | [TRACK_SHADOW_UNAVAILABLE] pinned PyDS does not expose shadow-list metadata
2026-08-14 08:39:05 | INFO     | deepstream_ai.pipeline.runner | DeepStream Pipeline 已启动，sources=1
2026-08-14 08:39:05 | INFO     | deepstream_ai.pipeline.adaptive | [SOURCE_PROFILE] camera=camera-05 fps=25.000 resolution=1920x1080 source=negotiated_caps
2026-08-14 08:39:05 | INFO     | deepstream_ai.provisional_track_guard | [PERSON_PROVISIONAL] camera=camera-05 track=0 raw=0 conf=0.323 alias=False
2026-08-14 08:39:05 | INFO     | deepstream_ai.pipeline.adaptive_realtime | [ADAPTIVE_RATE] component=person target=5.00 floor=5.00 actual≈5.00 interval=4 reason=source_profile
2026-08-14 08:39:05 | INFO     | deepstream_ai.pipeline.adaptive_realtime | [ADAPTIVE_RATE_STATIC] component=face target=5.00 actual≈5.00 reinfer=5 reason=config_startup runtime_update=unsupported
2026-08-14 08:39:05 | INFO     | deepstream_ai.pipeline.adaptive | [ADAPTIVE_LOAD] profile=normal source_fps=25.00 gpu=92.0% mem=4.0% nvdec=26.0% queue=0.0% drops_delta=0
2026-08-14 08:39:05 | INFO     | deepstream_ai.pipeline.adaptive | [ADAPTIVE] enabled profile=normal sample=2.0s window=10.0s
2026-08-14 08:39:06 | INFO     | deepstream_ai.provisional_track_guard | [PERSON_CONFIRMED] camera=camera-05 track=0 reason=real_face age=0.613 max_conf=0.359 observations=4
2026-08-14 08:39:06 | INFO     | deepstream_ai.snapshot.rolling_manager | [TRACK_CREATE] camera=camera-05 track=0 person_conf=0.843 quality=0.673
2026-08-14 08:39:06 | INFO     | deepstream_ai.snapshot.rolling_manager | [PERSON_EVIDENCE_UPDATE] camera=camera-05 track=0 source=person_fallback quality=0.673
2026-08-14 08:39:06 | INFO     | deepstream_ai.snapshot.alarm_manager | [FACE_FALLBACK] camera=camera-05 track=0 face_conf=0.552 quality=0.679 frontal=0.963 blur=1.000 size=0.216 person_display=280x268 face_display=102x97
2026-08-14 08:39:06 | INFO     | deepstream_ai.snapshot.alarm_manager | [FACE_EVIDENCE_UPDATE] camera=camera-05 track=0 source=face_fallback quality=0.679 frontal=0.963 blur=1.000 evidence=(815.2763986587524, 146.78722763061523, 1094.3492078781128, 413.532378578186)
2026-08-14 08:39:06 | INFO     | deepstream_ai.snapshot.alarm_manager | [FACE_EVIDENCE_HOLD] camera=camera-05 track=0 old_q=0.679 old_front=0.963 old_blur=1.000 new_q=0.639 new_front=0.934 new_blur=1.000 new_det=0.456 stable=0
2026-08-14 08:39:07 | INFO     | deepstream_ai.face.service | [FACE_IDENTITY] camera=camera-05 track=0 reason=timeout_fallback candidate_known=False candidate_similarity=-1.000 retained_known=False retained_similarity=-1.000 samples=3 best_quality=0.690
2026-08-14 08:39:07 | INFO     | deepstream_ai.snapshot.alarm_manager | [BEST_FACE_UPDATE] camera=camera-05 track=0 reason=quality_upgrade old_quality=0.679 new_quality=0.703 new_frontal=0.911 new_blur=1.000 new_size=0.239 new_detector=0.638 stable=0 person_display=292x286 face_display=106x103
2026-08-14 08:39:07 | INFO     | deepstream_ai.snapshot.alarm_manager | [FACE_EVIDENCE_UPDATE] camera=camera-05 track=0 source=best_face quality=0.703 frontal=0.911 blur=1.000 evidence=(809.9274602890015, 140.9886703491211, 1100.4351839065553, 425.0484546661377)
2026-08-14 08:39:08 | INFO     | deepstream_ai.pipeline.adaptive | [ADAPTIVE_LOAD] profile=normal source_fps=25.00 gpu=97.0% mem=7.0% nvdec=25.0% queue=0.0% drops_delta=0
2026-08-14 08:39:08 | INFO     | deepstream_ai.snapshot.alarm_manager | [BEST_FACE_UPDATE] camera=camera-05 track=0 reason=quality_upgrade old_quality=0.703 new_quality=0.714 new_frontal=0.954 new_blur=1.000 new_size=0.234 new_detector=0.647 stable=0 person_display=286x284 face_display=104x102
2026-08-14 08:39:08 | INFO     | deepstream_ai.snapshot.alarm_manager | [FACE_EVIDENCE_UPDATE] camera=camera-05 track=0 source=best_face quality=0.714 frontal=0.954 blur=1.000 evidence=(811.0593351364136, 143.96491241455078, 1096.6313272476195, 426.0982921600342)
2026-08-14 08:39:08 | INFO     | deepstream_ai.snapshot.alarm_manager | [FACE_EVIDENCE_HOLD] camera=camera-05 track=0 old_q=0.714 old_front=0.954 old_blur=1.000 new_q=0.666 new_front=0.912 new_blur=1.000 new_det=0.534 stable=0
2026-08-14 08:39:09 | INFO     | deepstream_ai.face.service | [FACE_IDENTITY] camera=camera-05 track=0 reason=unknown_retry candidate_known=False candidate_similarity=-1.000 retained_known=False retained_similarity=-1.000 samples=3 best_quality=0.714
2026-08-14 08:39:10 | INFO     | deepstream_ai.pipeline.adaptive | [ADAPTIVE_LOAD] profile=normal source_fps=25.00 gpu=99.0% mem=6.0% nvdec=28.0% queue=0.0% drops_delta=0
2026-08-14 08:39:10 | INFO     | deepstream_ai.snapshot.alarm_manager | [FACE_EVIDENCE_HOLD] camera=camera-05 track=0 old_q=0.714 old_front=0.954 old_blur=1.000 new_q=0.623 new_front=0.928 new_blur=1.000 new_det=0.401 stable=0
2026-08-14 08:39:11 | INFO     | deepstream_ai.face.service | [FACE_IDENTITY] camera=camera-05 track=0 reason=unknown_retry candidate_known=False candidate_similarity=-1.000 retained_known=False retained_similarity=-1.000 samples=3 best_quality=0.700
2026-08-14 08:39:12 | INFO     | deepstream_ai.pipeline.adaptive | [ADAPTIVE_LOAD] profile=normal source_fps=25.00 gpu=98.0% mem=6.0% nvdec=22.0% queue=0.0% drops_delta=0
2026-08-14 08:39:12 | INFO     | deepstream_ai.snapshot.alarm_manager | [FACE_EVIDENCE_HOLD] camera=camera-05 track=0 old_q=0.714 old_front=0.954 old_blur=1.000 new_q=0.676 new_front=0.917 new_blur=1.000 new_det=0.569 stable=0
2026-08-14 08:39:13 | INFO     | deepstream_ai.face.service | [FACE_IDENTITY] camera=camera-05 track=0 reason=unknown_retry candidate_known=False candidate_similarity=-1.000 retained_known=False retained_similarity=-1.000 samples=3 best_quality=0.697
2026-08-14 08:39:14 | INFO     | deepstream_ai.pipeline.adaptive | [ADAPTIVE_LOAD] profile=normal source_fps=25.00 gpu=99.0% mem=10.0% nvdec=39.0% queue=0.0% drops_delta=0
2026-08-14 08:39:15 | INFO     | deepstream_ai.snapshot.alarm_manager | [FACE_EVIDENCE_HOLD] camera=camera-05 track=0 old_q=0.714 old_front=0.954 old_blur=1.000 new_q=0.661 new_front=0.931 new_blur=1.000 new_det=0.515 stable=0
2026-08-14 08:39:15 | INFO     | deepstream_ai.face.service | [FACE_IDENTITY] camera=camera-05 track=0 reason=unknown_retry candidate_known=False candidate_similarity=-1.000 retained_known=False retained_similarity=-1.000 samples=3 best_quality=0.701
2026-08-14 08:39:16 | INFO     | deepstream_ai.pipeline.adaptive | [ADAPTIVE_LOAD] profile=normal source_fps=25.00 gpu=100.0% mem=12.0% nvdec=41.0% queue=0.0% drops_delta=0
2026-08-14 08:39:17 | INFO     | deepstream_ai.snapshot.alarm_manager | [FACE_EVIDENCE_HOLD] camera=camera-05 track=0 old_q=0.714 old_front=0.954 old_blur=1.000 new_q=0.684 new_front=0.926 new_blur=1.000 new_det=0.577 stable=0
2026-08-14 08:39:17 | INFO     | deepstream_ai.face.service | [FACE_IDENTITY] camera=camera-05 track=0 reason=unknown_retry candidate_known=False candidate_similarity=-1.000 retained_known=False retained_similarity=-1.000 samples=3 best_quality=0.688
2026-08-14 08:39:18 | INFO     | deepstream_ai.pipeline.adaptive | [ADAPTIVE_LOAD] profile=normal source_fps=25.00 gpu=100.0% mem=11.0% nvdec=27.0% queue=0.0% drops_delta=0
2026-08-14 08:39:19 | INFO     | deepstream_ai.snapshot.alarm_manager | [FACE_EVIDENCE_HOLD] camera=camera-05 track=0 old_q=0.714 old_front=0.954 old_blur=1.000 new_q=0.679 new_front=0.920 new_blur=1.000 new_det=0.571 stable=0
2026-08-14 08:39:19 | INFO     | deepstream_ai.face.service | [FACE_IDENTITY] camera=camera-05 track=0 reason=unknown_retry candidate_known=False candidate_similarity=-1.000 retained_known=False retained_similarity=-1.000 samples=3 best_quality=0.679
2026-08-14 08:39:20 | INFO     | deepstream_ai.pipeline.adaptive | [ADAPTIVE_LOAD] profile=normal source_fps=25.00 gpu=99.0% mem=10.0% nvdec=35.0% queue=0.0% drops_delta=0
2026-08-14 08:39:21 | INFO     | deepstream_ai.snapshot.alarm_manager | [FACE_EVIDENCE_HOLD] camera=camera-05 track=0 old_q=0.714 old_front=0.954 old_blur=1.000 new_q=0.660 new_front=0.952 new_blur=1.000 new_det=0.463 stable=0
2026-08-14 08:39:21 | INFO     | deepstream_ai.face.service | [FACE_IDENTITY] camera=camera-05 track=0 reason=unknown_retry candidate_known=False candidate_similarity=-1.000 retained_known=False retained_similarity=-1.000 samples=3 best_quality=0.687
2026-08-14 08:39:22 | INFO     | deepstream_ai.pipeline.adaptive | [ADAPTIVE_LOAD] profile=normal source_fps=25.00 gpu=99.0% mem=12.0% nvdec=15.0% queue=0.0% drops_delta=0
2026-08-14 08:39:22 | INFO     | deepstream_ai.snapshot.alarm_manager | [BEST_FACE_UPDATE] camera=camera-05 track=0 reason=quality_upgrade old_quality=0.714 new_quality=0.765 new_frontal=0.974 new_blur=1.000 new_size=0.372 new_detector=0.704 stable=1 person_display=281x459 face_display=102x165
2026-08-14 08:39:22 | INFO     | deepstream_ai.snapshot.alarm_manager | [FACE_EVIDENCE_UPDATE] camera=camera-05 track=0 source=best_face quality=0.765 frontal=0.974 blur=1.000 evidence=(784.0025257110595, 82.8814697265625, 1064.2930599212646, 540.0795539855958)
2026-08-14 08:39:23 | INFO     | deepstream_ai.snapshot.alarm_manager | [FACE_EVIDENCE_HOLD] camera=camera-05 track=0 old_q=0.765 old_front=0.974 old_blur=1.000 new_q=0.767 new_front=0.962 new_blur=1.000 new_det=0.733 stable=1
2026-08-14 08:39:23 | INFO     | deepstream_ai.face.service | [FACE_IDENTITY] camera=camera-05 track=0 reason=unknown_retry candidate_known=False candidate_similarity=-1.000 retained_known=False retained_similarity=-1.000 samples=3 best_quality=0.767
2026-08-14 08:39:24 | INFO     | deepstream_ai.pipeline.adaptive | [ADAPTIVE_LOAD] profile=normal source_fps=25.00 gpu=99.0% mem=7.0% nvdec=24.0% queue=0.0% drops_delta=0
2026-08-14 08:39:25 | INFO     | deepstream_ai.face.service | [FACE_IDENTITY] camera=camera-05 track=0 reason=unknown_retry candidate_known=False candidate_similarity=-1.000 retained_known=False retained_similarity=-1.000 samples=3 best_quality=0.754
2026-08-14 08:39:25 | INFO     | deepstream_ai.snapshot.alarm_manager | [FACE_EVIDENCE_HOLD] camera=camera-05 track=0 old_q=0.765 old_front=0.974 old_blur=1.000 new_q=0.600 new_front=0.788 new_blur=1.000 new_det=0.358 stable=0
2026-08-14 08:39:26 | INFO     | deepstream_ai.pipeline.adaptive | [ADAPTIVE_LOAD] profile=normal source_fps=25.00 gpu=98.0% mem=5.0% nvdec=15.0% queue=1.6% drops_delta=0
2026-08-14 08:39:27 | INFO     | deepstream_ai.face.service | [FACE_IDENTITY] camera=camera-05 track=0 reason=unknown_retry candidate_known=False candidate_similarity=-1.000 retained_known=False retained_similarity=-1.000 samples=3 best_quality=0.729
2026-08-14 08:39:27 | INFO     | deepstream_ai.snapshot.alarm_manager | [FACE_EVIDENCE_HOLD] camera=camera-05 track=0 old_q=0.765 old_front=0.974 old_blur=1.000 new_q=0.726 new_front=0.955 new_blur=1.000 new_det=0.657 stable=2
2026-08-14 08:39:28 | INFO     | deepstream_ai.pipeline.adaptive | [ADAPTIVE_LOAD] profile=normal source_fps=25.00 gpu=98.0% mem=6.0% nvdec=34.0% queue=0.0% drops_delta=0
2026-08-14 08:39:29 | INFO     | deepstream_ai.face.service | [FACE_IDENTITY] camera=camera-05 track=0 reason=unknown_retry candidate_known=False candidate_similarity=-1.000 retained_known=False retained_similarity=-1.000 samples=3 best_quality=0.707
2026-08-14 08:39:29 | INFO     | deepstream_ai.snapshot.alarm_manager | [FACE_EVIDENCE_HOLD] camera=camera-05 track=0 old_q=0.765 old_front=0.974 old_blur=1.000 new_q=0.679 new_front=0.911 new_blur=1.000 new_det=0.541 stable=0
2026-08-14 08:39:30 | INFO     | deepstream_ai.pipeline.adaptive | [ADAPTIVE_LOAD] profile=normal source_fps=25.00 gpu=98.0% mem=7.0% nvdec=32.0% queue=0.0% drops_delta=0
2026-08-14 08:39:31 | INFO     | deepstream_ai.face.service | [FACE_IDENTITY] camera=camera-05 track=0 reason=unknown_retry candidate_known=False candidate_similarity=-1.000 retained_known=False retained_similarity=-1.000 samples=3 best_quality=0.698
2026-08-14 08:39:31 | INFO     | deepstream_ai.snapshot.alarm_manager | [FACE_EVIDENCE_HOLD] camera=camera-05 track=0 old_q=0.765 old_front=0.974 old_blur=1.000 new_q=0.612 new_front=0.900 new_blur=1.000 new_det=0.377 stable=0
2026-08-14 08:39:32 | INFO     | deepstream_ai.pipeline.adaptive | [ADAPTIVE_LOAD] profile=normal source_fps=25.00 gpu=98.0% mem=7.0% nvdec=30.0% queue=0.0% drops_delta=0
2026-08-14 08:39:33 | INFO     | deepstream_ai.face.service | [FACE_IDENTITY] camera=camera-05 track=0 reason=unknown_retry candidate_known=False candidate_similarity=-1.000 retained_known=False retained_similarity=-1.000 samples=3 best_quality=0.684
2026-08-14 08:39:34 | INFO     | deepstream_ai.pipeline.adaptive | [ADAPTIVE_LOAD] profile=normal source_fps=25.00 gpu=98.0% mem=6.0% nvdec=33.0% queue=0.0% drops_delta=0
2026-08-14 08:39:34 | INFO     | deepstream_ai.snapshot.alarm_manager | [FACE_EVIDENCE_HOLD] camera=camera-05 track=0 old_q=0.765 old_front=0.974 old_blur=1.000 new_q=0.648 new_front=0.912 new_blur=1.000 new_det=0.469 stable=0
2026-08-14 08:39:35 | INFO     | deepstream_ai.face.service | [FACE_IDENTITY] camera=camera-05 track=0 reason=unknown_retry candidate_known=False candidate_similarity=-1.000 retained_known=False retained_similarity=-1.000 samples=3 best_quality=0.655
2026-08-14 08:39:36 | INFO     | deepstream_ai.pipeline.adaptive | [ADAPTIVE_LOAD] profile=normal source_fps=25.00 gpu=99.0% mem=6.0% nvdec=28.0% queue=0.0% drops_delta=0
2026-08-14 08:39:36 | INFO     | deepstream_ai.snapshot.alarm_manager | [FACE_EVIDENCE_HOLD] camera=camera-05 track=0 old_q=0.765 old_front=0.974 old_blur=1.000 new_q=0.648 new_front=0.928 new_blur=1.000 new_det=0.477 stable=0
2026-08-14 08:39:37 | INFO     | deepstream_ai.face.service | [FACE_IDENTITY] camera=camera-05 track=0 reason=unknown_retry candidate_known=False candidate_similarity=-1.000 retained_known=False retained_similarity=-1.000 samples=3 best_quality=0.699
2026-08-14 08:39:38 | INFO     | deepstream_ai.pipeline.adaptive | [ADAPTIVE_LOAD] profile=normal source_fps=25.00 gpu=98.0% mem=7.0% nvdec=23.0% queue=0.0% drops_delta=0
2026-08-14 08:39:38 | INFO     | deepstream_ai.snapshot.alarm_manager | [FACE_EVIDENCE_HOLD] camera=camera-05 track=0 old_q=0.765 old_front=0.974 old_blur=1.000 new_q=0.606 new_front=0.917 new_blur=1.000 new_det=0.351 stable=0
2026-08-14 08:39:39 | INFO     | deepstream_ai.face.service | [FACE_IDENTITY] camera=camera-05 track=0 reason=unknown_retry candidate_known=False candidate_similarity=-1.000 retained_known=False retained_similarity=-1.000 samples=3 best_quality=0.647
2026-08-14 08:39:40 | INFO     | deepstream_ai.pipeline.adaptive | [ADAPTIVE_LOAD] profile=normal source_fps=25.00 gpu=98.0% mem=6.0% nvdec=22.0% queue=0.0% drops_delta=0
2026-08-14 08:39:40 | INFO     | deepstream_ai.snapshot.alarm_manager | [FACE_EVIDENCE_HOLD] camera=camera-05 track=0 old_q=0.765 old_front=0.974 old_blur=1.000 new_q=0.591 new_front=0.874 new_blur=1.000 new_det=0.352 stable=0
2026-08-14 08:39:41 | INFO     | deepstream_ai.face.service | [FACE_IDENTITY] camera=camera-05 track=0 reason=unknown_retry candidate_known=False candidate_similarity=-1.000 retained_known=False retained_similarity=-1.000 samples=3 best_quality=0.677
2026-08-14 08:39:42 | INFO     | deepstream_ai.pipeline.adaptive | [ADAPTIVE_LOAD] profile=normal source_fps=25.00 gpu=98.0% mem=7.0% nvdec=31.0% queue=0.0% drops_delta=0
2026-08-14 08:39:42 | INFO     | deepstream_ai.snapshot.alarm_manager | [FACE_EVIDENCE_HOLD] camera=camera-05 track=0 old_q=0.765 old_front=0.974 old_blur=1.000 new_q=0.593 new_front=0.902 new_blur=1.000 new_det=0.351 stable=0
2026-08-14 08:39:43 | INFO     | deepstream_ai.face.service | [FACE_IDENTITY] camera=camera-05 track=0 reason=unknown_retry candidate_known=False candidate_similarity=-1.000 retained_known=False retained_similarity=-1.000 samples=3 best_quality=0.659
2026-08-14 08:39:44 | INFO     | deepstream_ai.pipeline.adaptive | [ADAPTIVE_LOAD] profile=normal source_fps=25.00 gpu=97.0% mem=7.0% nvdec=22.0% queue=0.0% drops_delta=0
2026-08-14 08:39:45 | INFO     | deepstream_ai.snapshot.alarm_manager | [FACE_EVIDENCE_HOLD] camera=camera-05 track=0 old_q=0.765 old_front=0.974 old_blur=1.000 new_q=0.616 new_front=0.909 new_blur=1.000 new_det=0.399 stable=0
2026-08-14 08:39:45 | INFO     | deepstream_ai.face.service | [FACE_IDENTITY] camera=camera-05 track=0 reason=unknown_retry candidate_known=False candidate_similarity=-1.000 retained_known=False retained_similarity=-1.000 samples=3 best_quality=0.637
2026-08-14 08:39:46 | INFO     | deepstream_ai.pipeline.adaptive | [ADAPTIVE_LOAD] profile=normal source_fps=25.00 gpu=99.0% mem=6.0% nvdec=25.0% queue=0.0% drops_delta=0
2026-08-14 08:39:47 | INFO     | deepstream_ai.snapshot.alarm_manager | [FACE_EVIDENCE_HOLD] camera=camera-05 track=0 old_q=0.765 old_front=0.974 old_blur=1.000 new_q=0.627 new_front=0.945 new_blur=1.000 new_det=0.417 stable=0
2026-08-14 08:39:47 | INFO     | deepstream_ai.face.service | [FACE_IDENTITY] camera=camera-05 track=0 reason=unknown_retry candidate_known=False candidate_similarity=-1.000 retained_known=False retained_similarity=-1.000 samples=3 best_quality=0.652
2026-08-14 08:39:48 | INFO     | deepstream_ai.pipeline.adaptive | [ADAPTIVE_LOAD] profile=normal source_fps=25.00 gpu=99.0% mem=6.0% nvdec=35.0% queue=0.0% drops_delta=0
2026-08-14 08:39:49 | INFO     | deepstream_ai.snapshot.alarm_manager | [FACE_EVIDENCE_HOLD] camera=camera-05 track=0 old_q=0.765 old_front=0.974 old_blur=1.000 new_q=0.626 new_front=0.933 new_blur=1.000 new_det=0.418 stable=0
2026-08-14 08:39:49 | INFO     | deepstream_ai.face.service | [FACE_IDENTITY] camera=camera-05 track=0 reason=unknown_retry candidate_known=False candidate_similarity=-1.000 retained_known=False retained_similarity=-1.000 samples=3 best_quality=0.652
2026-08-14 08:39:50 | INFO     | deepstream_ai.pipeline.adaptive | [ADAPTIVE_LOAD] profile=normal source_fps=25.00 gpu=99.0% mem=6.0% nvdec=15.0% queue=0.0% drops_delta=0
2026-08-14 08:39:51 | INFO     | deepstream_ai.snapshot.alarm_manager | [FACE_EVIDENCE_HOLD] camera=camera-05 track=0 old_q=0.765 old_front=0.974 old_blur=1.000 new_q=0.634 new_front=0.924 new_blur=1.000 new_det=0.434 stable=0
2026-08-14 08:39:51 | INFO     | deepstream_ai.face.service | [FACE_IDENTITY] camera=camera-05 track=0 reason=unknown_retry candidate_known=False candidate_similarity=-1.000 retained_known=False retained_similarity=-1.000 samples=3 best_quality=0.672
2026-08-14 08:39:52 | INFO     | deepstream_ai.pipeline.adaptive | [ADAPTIVE_LOAD] profile=normal source_fps=25.00 gpu=98.0% mem=7.0% nvdec=22.0% queue=0.0% drops_delta=0
2026-08-14 08:39:53 | INFO     | deepstream_ai.snapshot.alarm_manager | [FACE_EVIDENCE_HOLD] camera=camera-05 track=0 old_q=0.765 old_front=0.974 old_blur=1.000 new_q=0.632 new_front=0.870 new_blur=1.000 new_det=0.440 stable=0
2026-08-14 08:39:53 | INFO     | deepstream_ai.face.service | [FACE_IDENTITY] camera=camera-05 track=0 reason=unknown_retry candidate_known=False candidate_similarity=-1.000 retained_known=False retained_similarity=-1.000 samples=3 best_quality=0.691
2026-08-14 08:39:54 | INFO     | deepstream_ai.pipeline.adaptive | [ADAPTIVE_LOAD] profile=normal source_fps=25.00 gpu=99.0% mem=7.0% nvdec=25.0% queue=0.0% drops_delta=0
2026-08-14 08:39:55 | INFO     | deepstream_ai.snapshot.alarm_manager | [FACE_EVIDENCE_HOLD] camera=camera-05 track=0 old_q=0.765 old_front=0.974 old_blur=1.000 new_q=0.663 new_front=0.945 new_blur=1.000 new_det=0.467 stable=0
2026-08-14 08:39:55 | INFO     | deepstream_ai.face.service | [FACE_IDENTITY] camera=camera-05 track=0 reason=unknown_retry candidate_known=False candidate_similarity=-1.000 retained_known=False retained_similarity=-1.000 samples=3 best_quality=0.710
2026-08-14 08:39:56 | INFO     | deepstream_ai.pipeline.adaptive | [ADAPTIVE_LOAD] profile=normal source_fps=25.00 gpu=99.0% mem=6.0% nvdec=12.0% queue=0.0% drops_delta=0
2026-08-14 08:39:56 | INFO     | deepstream_ai.snapshot.alarm_manager | [BEST_FACE_UPDATE] camera=camera-05 track=0 reason=quality_upgrade old_quality=0.765 new_quality=0.781 new_frontal=0.940 new_blur=1.000 new_size=0.456 new_detector=0.719 stable=1 person_display=280x527 face_display=109x189
2026-08-14 08:39:57 | INFO     | deepstream_ai.snapshot.alarm_manager | [FACE_EVIDENCE_UPDATE] camera=camera-05 track=0 source=best_face quality=0.781 frontal=0.940 blur=1.000 evidence=(835.7798673629761, 147.9534912109375, 1114.6721893310546, 673.4868522644043)
2026-08-14 08:39:57 | INFO     | deepstream_ai.snapshot.alarm_manager | [FACE_EVIDENCE_HOLD] camera=camera-05 track=0 old_q=0.781 old_front=0.940 old_blur=1.000 new_q=0.689 new_front=0.964 new_blur=1.000 new_det=0.513 stable=0
2026-08-14 08:39:57 | INFO     | deepstream_ai.face.service | [FACE_IDENTITY] camera=camera-05 track=0 reason=unknown_retry candidate_known=False candidate_similarity=-1.000 retained_known=False retained_similarity=-1.000 samples=3 best_quality=0.781
2026-08-14 08:39:58 | INFO     | deepstream_ai.pipeline.adaptive | [ADAPTIVE_LOAD] profile=normal source_fps=25.00 gpu=98.0% mem=7.0% nvdec=12.0% queue=0.0% drops_delta=0
2026-08-14 08:39:58 | WARNING  | deepstream_ai.pipeline.peoplenet_pretracker_guard | [PRETRACKER_GUARD_DROP] source=0 frame=1740 conf=0.2185 bbox=(50.1,0.0,853.1,1077.9) total=1
2026-08-14 08:39:59 | INFO     | deepstream_ai.face.service | [FACE_IDENTITY] camera=camera-05 track=0 reason=unknown_retry candidate_known=False candidate_similarity=-1.000 retained_known=False retained_similarity=-1.000 samples=3 best_quality=0.773
2026-08-14 08:39:59 | INFO     | deepstream_ai.snapshot.alarm_manager | [FACE_EVIDENCE_HOLD] camera=camera-05 track=0 old_q=0.781 old_front=0.940 old_blur=1.000 new_q=0.685 new_front=0.967 new_blur=1.000 new_det=0.491 stable=0
2026-08-14 08:40:00 | INFO     | deepstream_ai.pipeline.adaptive | [ADAPTIVE_LOAD] profile=normal source_fps=25.00 gpu=98.0% mem=7.0% nvdec=29.0% queue=0.0% drops_delta=0
2026-08-14 08:40:01 | WARNING  | deepstream_ai.pipeline.peoplenet_pretracker_guard | [PRETRACKER_GUARD_DROP] source=0 frame=1830 conf=0.2395 bbox=(42.4,0.0,846.6,1045.1) total=2
2026-08-14 08:40:01 | WARNING  | deepstream_ai.pipeline.peoplenet_pretracker_guard | [PRETRACKER_GUARD_DROP] source=0 frame=1835 conf=0.1582 bbox=(34.8,0.0,821.4,1038.8) total=3
2026-08-14 08:40:01 | WARNING  | deepstream_ai.pipeline.peoplenet_pretracker_guard | [PRETRACKER_GUARD_DROP] source=0 frame=1840 conf=0.1790 bbox=(32.6,0.0,824.1,1044.2) total=4
2026-08-14 08:40:01 | WARNING  | deepstream_ai.pipeline.peoplenet_pretracker_guard | [PRETRACKER_GUARD_DROP] source=0 frame=1845 conf=0.2307 bbox=(20.0,0.0,861.9,1048.1) total=5
2026-08-14 08:40:01 | INFO     | deepstream_ai.face.service | [FACE_IDENTITY] camera=camera-05 track=0 reason=unknown_retry candidate_known=False candidate_similarity=-1.000 retained_known=False retained_similarity=-1.000 samples=3 best_quality=0.715
2026-08-14 08:40:02 | INFO     | deepstream_ai.snapshot.alarm_manager | [FACE_EVIDENCE_HOLD] camera=camera-05 track=0 old_q=0.781 old_front=0.940 old_blur=1.000 new_q=0.639 new_front=0.952 new_blur=1.000 new_det=0.365 stable=0
2026-08-14 08:40:02 | INFO     | deepstream_ai.pipeline.adaptive | [ADAPTIVE_LOAD] profile=normal source_fps=25.00 gpu=99.0% mem=7.0% nvdec=23.0% queue=0.0% drops_delta=0
2026-08-14 08:40:03 | INFO     | deepstream_ai.face.service | [FACE_IDENTITY] camera=camera-05 track=0 reason=unknown_retry candidate_known=False candidate_similarity=-1.000 retained_known=False retained_similarity=-1.000 samples=3 best_quality=0.760
2026-08-14 08:40:03 | WARNING  | deepstream_ai.pipeline.peoplenet_pretracker_guard | [PRETRACKER_GUARD_DROP] source=0 frame=1920 conf=0.1871 bbox=(28.2,0.0,846.3,1046.4) total=6
2026-08-14 08:40:04 | INFO     | deepstream_ai.pipeline.adaptive | [ADAPTIVE_LOAD] profile=normal source_fps=25.00 gpu=98.0% mem=9.0% nvdec=18.0% queue=0.0% drops_delta=0
2026-08-14 08:40:04 | WARNING  | deepstream_ai.pipeline.peoplenet_pretracker_guard | [PRETRACKER_GUARD_DROP] source=0 frame=1925 conf=0.1643 bbox=(24.9,0.0,869.5,1048.1) total=7
2026-08-14 08:40:04 | INFO     | deepstream_ai.snapshot.alarm_manager | [FACE_EVIDENCE_HOLD] camera=camera-05 track=0 old_q=0.781 old_front=0.940 old_blur=1.000 new_q=0.692 new_front=0.932 new_blur=1.000 new_det=0.535 stable=0
2026-08-14 08:40:04 | WARNING  | deepstream_ai.pipeline.peoplenet_pretracker_guard | [PRETRACKER_GUARD_DROP] source=0 frame=1945 conf=0.1686 bbox=(24.4,0.0,864.6,1046.4) total=8
2026-08-14 08:40:05 | INFO     | deepstream_ai.face.service | [FACE_IDENTITY] camera=camera-05 track=0 reason=unknown_retry candidate_known=False candidate_similarity=-1.000 retained_known=False retained_similarity=-1.000 samples=3 best_quality=0.784
2026-08-14 08:40:06 | INFO     | deepstream_ai.pipeline.adaptive | [ADAPTIVE_LOAD] profile=normal source_fps=25.00 gpu=98.0% mem=8.0% nvdec=22.0% queue=0.0% drops_delta=0
2026-08-14 08:40:06 | INFO     | deepstream_ai.snapshot.alarm_manager | [FACE_EVIDENCE_HOLD] camera=camera-05 track=0 old_q=0.781 old_front=0.940 old_blur=1.000 new_q=0.774 new_front=0.999 new_blur=1.000 new_det=0.668 stable=1
2026-08-14 08:40:07 | INFO     | deepstream_ai.face.service | [FACE_IDENTITY] camera=camera-05 track=0 reason=unknown_retry candidate_known=False candidate_similarity=-1.000 retained_known=False retained_similarity=-1.000 samples=3 best_quality=0.752
2026-08-14 08:40:08 | INFO     | deepstream_ai.pipeline.adaptive | [ADAPTIVE_LOAD] profile=normal source_fps=25.00 gpu=98.0% mem=8.0% nvdec=17.0% queue=0.0% drops_delta=0
2026-08-14 08:40:08 | INFO     | deepstream_ai.snapshot.alarm_manager | [FACE_EVIDENCE_HOLD] camera=camera-05 track=0 old_q=0.781 old_front=0.940 old_blur=1.000 new_q=0.647 new_front=0.970 new_blur=1.000 new_det=0.370 stable=0
2026-08-14 08:40:09 | WARNING  | deepstream_ai.pipeline.peoplenet_pretracker_guard | [PRETRACKER_GUARD_DROP] source=0 frame=2120 conf=0.2189 bbox=(37.2,0.0,839.7,1027.6) total=9
2026-08-14 08:40:09 | INFO     | deepstream_ai.face.service | [FACE_IDENTITY] camera=camera-05 track=0 reason=unknown_retry candidate_known=False candidate_similarity=-1.000 retained_known=False retained_similarity=-1.000 samples=3 best_quality=0.707
2026-08-14 08:40:10 | INFO     | deepstream_ai.pipeline.adaptive | [ADAPTIVE_LOAD] profile=normal source_fps=25.00 gpu=99.0% mem=6.0% nvdec=19.0% queue=0.0% drops_delta=0
2026-08-14 08:40:10 | INFO     | deepstream_ai.snapshot.alarm_manager | [FACE_EVIDENCE_HOLD] camera=camera-05 track=0 old_q=0.781 old_front=0.940 old_blur=1.000 new_q=0.637 new_front=0.951 new_blur=1.000 new_det=0.361 stable=0
2026-08-14 08:40:12 | INFO     | deepstream_ai.face.service | [FACE_IDENTITY] camera=camera-05 track=0 reason=unknown_retry candidate_known=False candidate_similarity=-1.000 retained_known=False retained_similarity=-1.000 samples=3 best_quality=0.728
2026-08-14 08:40:12 | INFO     | deepstream_ai.pipeline.adaptive | [ADAPTIVE_LOAD] profile=normal source_fps=25.00 gpu=98.0% mem=6.0% nvdec=36.0% queue=0.0% drops_delta=0
2026-08-14 08:40:12 | INFO     | deepstream_ai.snapshot.alarm_manager | [FACE_EVIDENCE_HOLD] camera=camera-05 track=0 old_q=0.781 old_front=0.940 old_blur=1.000 new_q=0.727 new_front=0.938 new_blur=1.000 new_det=0.565 stable=0
2026-08-14 08:40:14 | INFO     | deepstream_ai.face.service | [FACE_IDENTITY] camera=camera-05 track=0 reason=unknown_retry candidate_known=False candidate_similarity=-1.000 retained_known=False retained_similarity=-1.000 samples=3 best_quality=0.727
2026-08-14 08:40:14 | INFO     | deepstream_ai.pipeline.adaptive | [ADAPTIVE_LOAD] profile=normal source_fps=25.00 gpu=98.0% mem=7.0% nvdec=14.0% queue=0.0% drops_delta=0
2026-08-14 08:40:14 | INFO     | deepstream_ai.snapshot.alarm_manager | [FACE_EVIDENCE_HOLD] camera=camera-05 track=0 old_q=0.781 old_front=0.940 old_blur=1.000 new_q=0.631 new_front=0.932 new_blur=1.000 new_det=0.395 stable=0
2026-08-14 08:40:16 | INFO     | deepstream_ai.pipeline.adaptive | [ADAPTIVE_LOAD] profile=normal source_fps=25.00 gpu=97.0% mem=6.0% nvdec=14.0% queue=0.0% drops_delta=0
2026-08-14 08:40:17 | INFO     | deepstream_ai.snapshot.alarm_manager | [FACE_EVIDENCE_HOLD] camera=camera-05 track=0 old_q=0.781 old_front=0.940 old_blur=1.000 new_q=0.609 new_front=0.880 new_blur=1.000 new_det=0.358 stable=0
2026-08-14 08:40:17 | INFO     | deepstream_ai.face.service | [FACE_IDENTITY] camera=camera-05 track=0 reason=unknown_retry candidate_known=False candidate_similarity=-1.000 retained_known=False retained_similarity=-1.000 samples=2 best_quality=0.631
2026-08-14 08:40:18 | INFO     | deepstream_ai.pipeline.adaptive | [ADAPTIVE_LOAD] profile=normal source_fps=25.00 gpu=98.0% mem=8.0% nvdec=34.0% queue=0.0% drops_delta=0
2026-08-14 08:40:19 | INFO     | deepstream_ai.face.service | [FACE_IDENTITY] camera=camera-05 track=0 reason=unknown_retry candidate_known=False candidate_similarity=-1.000 retained_known=False retained_similarity=-1.000 samples=3 best_quality=0.665
2026-08-14 08:40:19 | INFO     | deepstream_ai.snapshot.alarm_manager | [FACE_EVIDENCE_HOLD] camera=camera-05 track=0 old_q=0.781 old_front=0.940 old_blur=1.000 new_q=0.593 new_front=0.810 new_blur=1.000 new_det=0.377 stable=0
2026-08-14 08:40:20 | INFO     | deepstream_ai.pipeline.adaptive | [ADAPTIVE_LOAD] profile=normal source_fps=25.00 gpu=97.0% mem=9.0% nvdec=25.0% queue=0.0% drops_delta=0
2026-08-14 08:40:21 | INFO     | deepstream_ai.face.service | [FACE_IDENTITY] camera=camera-05 track=0 reason=unknown_retry candidate_known=False candidate_similarity=-1.000 retained_known=False retained_similarity=-1.000 samples=3 best_quality=0.697
2026-08-14 08:40:21 | INFO     | deepstream_ai.snapshot.alarm_manager | [FACE_EVIDENCE_HOLD] camera=camera-05 track=0 old_q=0.781 old_front=0.940 old_blur=1.000 new_q=0.644 new_front=0.912 new_blur=1.000 new_det=0.442 stable=0
2026-08-14 08:40:22 | INFO     | deepstream_ai.pipeline.adaptive | [ADAPTIVE_LOAD] profile=normal source_fps=25.00 gpu=98.0% mem=7.0% nvdec=31.0% queue=0.0% drops_delta=0
2026-08-14 08:40:23 | INFO     | deepstream_ai.face.service | [FACE_IDENTITY] camera=camera-05 track=0 reason=unknown_retry candidate_known=False candidate_similarity=-1.000 retained_known=False retained_similarity=-1.000 samples=3 best_quality=0.719
2026-08-14 08:40:23 | INFO     | deepstream_ai.snapshot.alarm_manager | [FACE_EVIDENCE_HOLD] camera=camera-05 track=0 old_q=0.781 old_front=0.940 old_blur=1.000 new_q=0.678 new_front=0.902 new_blur=1.000 new_det=0.535 stable=0
2026-08-14 08:40:24 | INFO     | deepstream_ai.pipeline.adaptive | [ADAPTIVE_LOAD] profile=normal source_fps=25.00 gpu=98.0% mem=7.0% nvdec=27.0% queue=0.0% drops_delta=0
2026-08-14 08:40:25 | INFO     | deepstream_ai.face.service | [FACE_IDENTITY] camera=camera-05 track=0 reason=unknown_retry candidate_known=False candidate_similarity=-1.000 retained_known=False retained_similarity=-1.000 samples=3 best_quality=0.678
2026-08-14 08:40:25 | INFO     | deepstream_ai.snapshot.alarm_manager | [FACE_EVIDENCE_HOLD] camera=camera-05 track=0 old_q=0.781 old_front=0.940 old_blur=1.000 new_q=0.610 new_front=0.925 new_blur=1.000 new_det=0.365 stable=0
2026-08-14 08:40:26 | INFO     | deepstream_ai.pipeline.adaptive | [ADAPTIVE_LOAD] profile=normal source_fps=25.00 gpu=98.0% mem=6.0% nvdec=33.0% queue=0.0% drops_delta=0
2026-08-14 08:40:27 | INFO     | deepstream_ai.face.service | [FACE_IDENTITY] camera=camera-05 track=0 reason=unknown_retry candidate_known=False candidate_similarity=-1.000 retained_known=False retained_similarity=-1.000 samples=3 best_quality=0.680
2026-08-14 08:40:28 | INFO     | deepstream_ai.pipeline.adaptive | [ADAPTIVE_LOAD] profile=normal source_fps=25.00 gpu=98.0% mem=6.0% nvdec=32.0% queue=0.0% drops_delta=0
2026-08-14 08:40:28 | WARNING  | deepstream_ai.pipeline.peoplenet_pretracker_guard | [PRETRACKER_GUARD_DROP] source=0 frame=2740 conf=0.1545 bbox=(51.7,0.0,803.9,1034.1) total=10
2026-08-14 08:40:28 | WARNING  | deepstream_ai.pipeline.peoplenet_pretracker_guard | [PRETRACKER_GUARD_DROP] source=0 frame=2745 conf=0.1356 bbox=(50.1,0.0,802.5,1033.0) total=11
2026-08-14 08:40:28 | INFO     | deepstream_ai.snapshot.alarm_manager | [FACE_EVIDENCE_HOLD] camera=camera-05 track=0 old_q=0.781 old_front=0.940 old_blur=1.000 new_q=0.666 new_front=0.952 new_blur=1.000 new_det=0.497 stable=0
2026-08-14 08:40:29 | INFO     | deepstream_ai.face.service | [FACE_IDENTITY] camera=camera-05 track=0 reason=unknown_retry candidate_known=False candidate_similarity=-1.000 retained_known=False retained_similarity=-1.000 samples=3 best_quality=0.666
2026-08-14 08:40:30 | INFO     | deepstream_ai.pipeline.adaptive | [ADAPTIVE_LOAD] profile=normal source_fps=25.00 gpu=98.0% mem=6.0% nvdec=31.0% queue=0.0% drops_delta=0
2026-08-14 08:40:30 | INFO     | deepstream_ai.pipeline.runner | 收到停止请求
2026-08-14 08:40:30 | INFO     | deepstream_ai.snapshot.alarm_manager | [FACE_EVIDENCE_HOLD] camera=camera-05 track=0 old_q=0.781 old_front=0.940 old_blur=1.000 new_q=0.601 new_front=0.930 new_blur=1.000 new_det=0.356 stable=0
nvstreammux: Successfully handled EOS for source_id=0
2026-08-14 08:40:31 | INFO     | deepstream_ai.pipeline.runner | 所有文件源处理完成 (EOS)
2026-08-14 08:40:31 | INFO     | deepstream_ai.pipeline.metadata | 
========== Probe Performance ==========
Probe Callbacks:              2839
Probe Frames:                 2839
Probe Queue Drops:            0
Probe Errors:                 0
Average Probe Time (ms):      11.579
P95 Probe Time (ms):          28.000
Max Probe Time (ms):          44.638
Tracker ReID Vectors:         561
Tracker ReID Missing:         2243
=======================================
2026-08-14 08:40:31 | INFO     | deepstream_ai.pipeline.runner | [TRACK_SHADOW_SUMMARY] frames=0 objects=0 hidden_by_age=0 errors=0
2026-08-14 08:40:31 | INFO     | deepstream_ai.pipeline.runner | [PRETRACKER_GUARD_SUMMARY] frames=2839 verified_people=579 suppressed=11 errors=0
2026-08-14 08:40:31 | INFO     | deepstream_ai.pipeline.runner | DeepStream Pipeline 已停止
2026-08-14 08:40:31 | INFO     | deepstream_ai.face.service | [FACE_IDENTITY] camera=camera-05 track=0 reason=finalize_fallback candidate_known=False candidate_similarity=-1.000 retained_known=False retained_similarity=-1.000 samples=3 best_quality=0.718
2026-08-14 08:40:31 | INFO     | deepstream_ai.snapshot.rolling_manager | [TRACK_FINALIZE] camera=camera-05 track=0 source=best_face identity=unknown similarity=-1.000 quality=0.781
2026-08-14 08:40:31 | INFO     | deepstream_ai.snapshot.rolling_manager | Evidence Summary tracks=1 finalized=1 success=1 failed=0 missing=0 best_face=1 face_fallback=0 best_person=0 person_fallback=0 know=0 unknown=1
