2026-08-15 03:10:26 | INFO     | __main__ | 模型预检通过 config=/workspace/configs/nvinfer/person-peoplenet.txt engine=/workspace/models/peoplenet/resnet34_peoplenet.onnx_b1_gpu0_fp16.engine source_models=['/workspace/models/peoplenet/resnet34_peoplenet.onnx']
2026-08-15 03:10:26 | INFO     | __main__ | 模型预检通过 config=/workspace/configs/nvinfer/face.example.txt engine=/workspace/models/face.engine source_models=['/workspace/models/face-deepstream.onnx']
2026-08-15 03:10:26 | INFO     | __main__ | [DETECTOR] PeopleNet
2026-08-15 03:10:26 | INFO     | __main__ | [TRACKER] NvDCF
2026-08-15 03:10:26 | INFO     | __main__ | [TRACKER_CONFIG] /workspace/configs/tracker/nvdcf.yml
2026-08-15 03:10:26 | INFO     | __main__ | [PEOPLENET_CLASSES] person=0, bag=1, face=2
2026-08-15 03:10:26 | INFO     | __main__ | [TASK_RECORDING] enabled=true path=/workspace/output/tasks/58b7d5b6281a4551/result.mp4 sync=false
2026-08-15 03:10:26 | INFO     | __main__ | DeepStream Python runtime 已加载: {'gstreamer': '1.24.2.0', 'pyds': '1.2.3'}
[0;93m2026-08-15 03:10:27.068222106 [W:onnxruntime:Default, device_discovery.cc:285 GetGpuDevices] Failed to detect devices under "/sys/class/drm/card0": device_discovery.cc:94 ReadFileContents Failed to open file: "/sys/class/drm/card0/device/vendor"[m
2026-08-15 03:10:29 | INFO     | deepstream_ai.pipeline.source | RTSP 实时模式: camera_id=camera-01 transport=tcp latency_ms=200 drop_on_latency=true reconnect_interval_sec=10
2026-08-15 03:10:29 | INFO     | deepstream_ai.pipeline.builder | 配置推理组件 name=person-detector unique_id=1 target_fps=5.00 interval=5 runtime_config=/workspace/output/tasks/58b7d5b6281a4551/.runtime/nvinfer/person-detector.txt
2026-08-15 03:10:29 | INFO     | deepstream_ai.pipeline.builder | 配置推理组件 name=face-detector unique_id=2 target_fps=5.00 secondary-reinfer-interval=6 runtime_config=/workspace/output/tasks/58b7d5b6281a4551/.runtime/nvinfer/face-detector.txt
2026-08-15 03:10:29 | INFO     | deepstream_ai.pipeline.builder | 行为模型已关闭，不创建 nvinfer: smoking
2026-08-15 03:10:29 | INFO     | deepstream_ai.pipeline.builder | 行为模型已关闭，不创建 nvinfer: eating
2026-08-15 03:10:29 | INFO     | deepstream_ai.pipeline.builder | 行为模型已关闭，不创建 nvinfer: drinking
2026-08-15 03:10:29 | INFO     | deepstream_ai.pipeline.builder | 行为模型已关闭，不创建 nvinfer: carrying
2026-08-15 03:10:29 | INFO     | deepstream_ai.pipeline.builder | [TASK_RECORDING] mux=fragmented-mp4 fragment_ms=1000 stop_safe=true
2026-08-15 03:10:29 | INFO     | deepstream_ai.pipeline.builder | 结果视频输出: /workspace/output/tasks/58b7d5b6281a4551/result.mp4 encoder=nvidia
2026-08-15 03:10:29 | INFO     | deepstream_ai.pipeline.peoplenet_pretracker_guard | [PRETRACKER_GUARD] enabled=True pgie_uid=1 person_classes=[0] max_conf=0.550 left<=0.030 top<=0.020 width=[0.400,0.500] height>=0.930 right<=0.520 frame=1920x1080
2026-08-15 03:10:29 | INFO     | deepstream_ai.pipeline.runner | [TRACK_SHADOW] preview bridge enabled max_age=1.50s
Opening in BLOCKING MODE 
0:00:02.470251764 [33m  104[00m     0x2fa0dd80 [33;01mWARN   [00m [00m                v4l2 gstv4l2object.c:3123:gst_v4l2_object_get_nearest_size:<h264-encoder:sink>[00m Unable to try format: Unknown error -1
0:00:02.470818030 [33m  104[00m     0x2fa0dd80 [33;01mWARN   [00m [00m                v4l2 gstv4l2object.c:3008:gst_v4l2_object_probe_caps_for_format:<h264-encoder:sink>[00m Could not probe minimum capture size for pixelformat YM12
0:00:02.471295968 [33m  104[00m     0x2fa0dd80 [33;01mWARN   [00m [00m                v4l2 gstv4l2object.c:3123:gst_v4l2_object_get_nearest_size:<h264-encoder:sink>[00m Unable to try format: Unknown error -1
0:00:02.471753127 [33m  104[00m     0x2fa0dd80 [33;01mWARN   [00m [00m                v4l2 gstv4l2object.c:3014:gst_v4l2_object_probe_caps_for_format:<h264-encoder:sink>[00m Could not probe maximum capture size for pixelformat YM12
0:00:02.472162982 [33m  104[00m     0x2fa0dd80 [33;01mWARN   [00m [00m                v4l2 gstv4l2object.c:3123:gst_v4l2_object_get_nearest_size:<h264-encoder:sink>[00m Unable to try format: Unknown error -1
0:00:02.472770094 [33m  104[00m     0x2fa0dd80 [33;01mWARN   [00m [00m                v4l2 gstv4l2object.c:3008:gst_v4l2_object_probe_caps_for_format:<h264-encoder:sink>[00m Could not probe minimum capture size for pixelformat Y444
0:00:02.473280765 [33m  104[00m     0x2fa0dd80 [33;01mWARN   [00m [00m                v4l2 gstv4l2object.c:3123:gst_v4l2_object_get_nearest_size:<h264-encoder:sink>[00m Unable to try format: Unknown error -1
0:00:02.473705004 [33m  104[00m     0x2fa0dd80 [33;01mWARN   [00m [00m                v4l2 gstv4l2object.c:3014:gst_v4l2_object_probe_caps_for_format:<h264-encoder:sink>[00m Could not probe maximum capture size for pixelformat Y444
0:00:02.474151660 [33m  104[00m     0x2fa0dd80 [33;01mWARN   [00m [00m                v4l2 gstv4l2object.c:3123:gst_v4l2_object_get_nearest_size:<h264-encoder:sink>[00m Unable to try format: Unknown error -1
0:00:02.474893484 [33m  104[00m     0x2fa0dd80 [33;01mWARN   [00m [00m                v4l2 gstv4l2object.c:3008:gst_v4l2_object_probe_caps_for_format:<h264-encoder:sink>[00m Could not probe minimum capture size for pixelformat P216
0:00:02.475372106 [33m  104[00m     0x2fa0dd80 [33;01mWARN   [00m [00m                v4l2 gstv4l2object.c:3123:gst_v4l2_object_get_nearest_size:<h264-encoder:sink>[00m Unable to try format: Unknown error -1
0:00:02.475802353 [33m  104[00m     0x2fa0dd80 [33;01mWARN   [00m [00m                v4l2 gstv4l2object.c:3014:gst_v4l2_object_probe_caps_for_format:<h264-encoder:sink>[00m Could not probe maximum capture size for pixelformat P216
0:00:02.476247776 [33m  104[00m     0x2fa0dd80 [33;01mWARN   [00m [00m                v4l2 gstv4l2object.c:3123:gst_v4l2_object_get_nearest_size:<h264-encoder:sink>[00m Unable to try format: Unknown error -1
0:00:02.476670447 [33m  104[00m     0x2fa0dd80 [33;01mWARN   [00m [00m                v4l2 gstv4l2object.c:3008:gst_v4l2_object_probe_caps_for_format:<h264-encoder:sink>[00m Could not probe minimum capture size for pixelformat NM16
0:00:02.477228663 [33m  104[00m     0x2fa0dd80 [33;01mWARN   [00m [00m                v4l2 gstv4l2object.c:3123:gst_v4l2_object_get_nearest_size:<h264-encoder:sink>[00m Unable to try format: Unknown error -1
0:00:02.477950821 [33m  104[00m     0x2fa0dd80 [33;01mWARN   [00m [00m                v4l2 gstv4l2object.c:3014:gst_v4l2_object_probe_caps_for_format:<h264-encoder:sink>[00m Could not probe maximum capture size for pixelformat NM16
0:00:02.478917431 [33m  104[00m     0x2fa0dd80 [33;01mWARN   [00m [00m                v4l2 gstv4l2object.c:3123:gst_v4l2_object_get_nearest_size:<h264-encoder:sink>[00m Unable to try format: Unknown error -1
0:00:02.480038326 [33m  104[00m     0x2fa0dd80 [33;01mWARN   [00m [00m                v4l2 gstv4l2object.c:3008:gst_v4l2_object_probe_caps_for_format:<h264-encoder:sink>[00m Could not probe minimum capture size for pixelformat P412
0:00:02.480720625 [33m  104[00m     0x2fa0dd80 [33;01mWARN   [00m [00m                v4l2 gstv4l2object.c:3123:gst_v4l2_object_get_nearest_size:<h264-encoder:sink>[00m Unable to try format: Unknown error -1
0:00:02.481510714 [33m  104[00m     0x2fa0dd80 [33;01mWARN   [00m [00m                v4l2 gstv4l2object.c:3014:gst_v4l2_object_probe_caps_for_format:<h264-encoder:sink>[00m Could not probe maximum capture size for pixelformat P412
0:00:02.482107831 [33m  104[00m     0x2fa0dd80 [33;01mWARN   [00m [00m                v4l2 gstv4l2object.c:3123:gst_v4l2_object_get_nearest_size:<h264-encoder:sink>[00m Unable to try format: Unknown error -1
0:00:02.482723703 [33m  104[00m     0x2fa0dd80 [33;01mWARN   [00m [00m                v4l2 gstv4l2object.c:3008:gst_v4l2_object_probe_caps_for_format:<h264-encoder:sink>[00m Could not probe minimum capture size for pixelformat P410
0:00:02.483311046 [33m  104[00m     0x2fa0dd80 [33;01mWARN   [00m [00m                v4l2 gstv4l2object.c:3123:gst_v4l2_object_get_nearest_size:<h264-encoder:sink>[00m Unable to try format: Unknown error -1
0:00:02.483924680 [33m  104[00m     0x2fa0dd80 [33;01mWARN   [00m [00m                v4l2 gstv4l2object.c:3014:gst_v4l2_object_probe_caps_for_format:<h264-encoder:sink>[00m Could not probe maximum capture size for pixelformat P410
0:00:02.484538616 [33m  104[00m     0x2fa0dd80 [33;01mWARN   [00m [00m                v4l2 gstv4l2object.c:3123:gst_v4l2_object_get_nearest_size:<h264-encoder:sink>[00m Unable to try format: Unknown error -1
0:00:02.485378514 [33m  104[00m     0x2fa0dd80 [33;01mWARN   [00m [00m                v4l2 gstv4l2object.c:3008:gst_v4l2_object_probe_caps_for_format:<h264-encoder:sink>[00m Could not probe minimum capture size for pixelformat PM10
0:00:02.486051169 [33m  104[00m     0x2fa0dd80 [33;01mWARN   [00m [00m                v4l2 gstv4l2object.c:3123:gst_v4l2_object_get_nearest_size:<h264-encoder:sink>[00m Unable to try format: Unknown error -1
0:00:02.486726089 [33m  104[00m     0x2fa0dd80 [33;01mWARN   [00m [00m                v4l2 gstv4l2object.c:3014:gst_v4l2_object_probe_caps_for_format:<h264-encoder:sink>[00m Could not probe maximum capture size for pixelformat PM10
0:00:02.487513647 [33m  104[00m     0x2fa0dd80 [33;01mWARN   [00m [00m                v4l2 gstv4l2object.c:3123:gst_v4l2_object_get_nearest_size:<h264-encoder:sink>[00m Unable to try format: Unknown error -1
0:00:02.488430812 [33m  104[00m     0x2fa0dd80 [33;01mWARN   [00m [00m                v4l2 gstv4l2object.c:3008:gst_v4l2_object_probe_caps_for_format:<h264-encoder:sink>[00m Could not probe minimum capture size for pixelformat NM12
0:00:02.489398121 [33m  104[00m     0x2fa0dd80 [33;01mWARN   [00m [00m                v4l2 gstv4l2object.c:3123:gst_v4l2_object_get_nearest_size:<h264-encoder:sink>[00m Unable to try format: Unknown error -1
0:00:02.490010906 [33m  104[00m     0x2fa0dd80 [33;01mWARN   [00m [00m                v4l2 gstv4l2object.c:3014:gst_v4l2_object_probe_caps_for_format:<h264-encoder:sink>[00m Could not probe maximum capture size for pixelformat NM12
0:00:02.490730656 [33m  104[00m     0x2fa0dd80 [33;01mWARN   [00m [00m                v4l2 gstv4l2object.c:3123:gst_v4l2_object_get_nearest_size:<h264-encoder:src>[00m Unable to try format: Unknown error -1
0:00:02.491322555 [33m  104[00m     0x2fa0dd80 [33;01mWARN   [00m [00m                v4l2 gstv4l2object.c:3008:gst_v4l2_object_probe_caps_for_format:<h264-encoder:src>[00m Could not probe minimum capture size for pixelformat H264
0:00:02.491902571 [33m  104[00m     0x2fa0dd80 [33;01mWARN   [00m [00m                v4l2 gstv4l2object.c:3123:gst_v4l2_object_get_nearest_size:<h264-encoder:src>[00m Unable to try format: Unknown error -1
0:00:02.492516499 [33m  104[00m     0x2fa0dd80 [33;01mWARN   [00m [00m                v4l2 gstv4l2object.c:3014:gst_v4l2_object_probe_caps_for_format:<h264-encoder:src>[00m Could not probe maximum capture size for pixelformat H264
Protocol set: 0x4
0:00:02.613008609 [33m  104[00m     0x2fa0dd80 [36mINFO   [00m [00m             nvinfer gstnvinfer.cpp:725:gst_nvinfer_logger:<face-detector>[00m NvDsInferContext[UID 2]: Info from NvDsInferContextImpl::deserializeEngineAndBackend() <nvdsinfer_context_impl.cpp:2183> [UID = 2]: deserialized trt engine from :/workspace/models/face.engine
INFO: ../nvdsinfer/nvdsinfer_model_builder.cpp:376 [Implicit Engine Info]: layers num: 0

0:00:02.614765343 [33m  104[00m     0x2fa0dd80 [36mINFO   [00m [00m             nvinfer gstnvinfer.cpp:725:gst_nvinfer_logger:<face-detector>[00m NvDsInferContext[UID 2]: Info from NvDsInferContextImpl::generateBackendContext() <nvdsinfer_context_impl.cpp:2286> [UID = 2]: Use deserialized engine model: /workspace/models/face.engine
0:00:02.627677933 [33m  104[00m     0x2fa0dd80 [36mINFO   [00m [00m             nvinfer gstnvinfer_impl.cpp:343:notifyLoadModelStatus:<face-detector>[00m [UID 2]: Load new model:/workspace/output/tasks/58b7d5b6281a4551/.runtime/nvinfer/face-detector.txt sucessfully
gstnvtracker: Loading low-level lib at /opt/nvidia/deepstream/deepstream/lib/libnvds_nvmultiobjecttracker.so
[NvMultiObjectTracker] Loading TRT Engine for model: /workspace/models/tracker/resnet50_market1501_aicity156.onnx_b16_gpu0_fp16.engine
[NvMultiObjectTracker] Loading Complete!
[NvMultiObjectTracker] Initialized
0:00:04.990920447 [33m  104[00m     0x2fa0dd80 [36mINFO   [00m [00m             nvinfer gstnvinfer.cpp:725:gst_nvinfer_logger:<person-detector>[00m NvDsInferContext[UID 1]: Info from NvDsInferContextImpl::deserializeEngineAndBackend() <nvdsinfer_context_impl.cpp:2183> [UID = 1]: deserialized trt engine from :/workspace/models/peoplenet/resnet34_peoplenet.onnx_b1_gpu0_fp16.engine
INFO: ../nvdsinfer/nvdsinfer_model_builder.cpp:376 [Implicit Engine Info]: layers num: 0

0:00:04.991774612 [33m  104[00m     0x2fa0dd80 [36mINFO   [00m [00m             nvinfer gstnvinfer.cpp:725:gst_nvinfer_logger:<person-detector>[00m NvDsInferContext[UID 1]: Info from NvDsInferContextImpl::generateBackendContext() <nvdsinfer_context_impl.cpp:2286> [UID = 1]: Use deserialized engine model: /workspace/models/peoplenet/resnet34_peoplenet.onnx_b1_gpu0_fp16.engine
0:00:04.997225659 [33m  104[00m     0x2fa0dd80 [36mINFO   [00m [00m             nvinfer gstnvinfer_impl.cpp:343:notifyLoadModelStatus:<person-detector>[00m [UID 1]: Load new model:/workspace/output/tasks/58b7d5b6281a4551/.runtime/nvinfer/person-detector.txt sucessfully
2026-08-15 03:10:31 | INFO     | deepstream_ai.pipeline.runner | DeepStream Pipeline 已启动，sources=1
2026-08-15 03:10:31 | INFO     | deepstream_ai.pipeline.adaptive_realtime | [ADAPTIVE_RATE] component=person target=5.00 floor=5.00 actual≈5.00 interval=5 reason=source_profile
2026-08-15 03:10:31 | INFO     | deepstream_ai.pipeline.adaptive_realtime | [ADAPTIVE_RATE_STATIC] component=face target=5.00 actual≈5.00 reinfer=6 reason=config_startup runtime_update=unsupported
2026-08-15 03:10:31 | INFO     | deepstream_ai.pipeline.adaptive | [ADAPTIVE_LOAD] profile=normal source_fps=30.00 gpu=0.0% mem=0.0% nvdec=0.0% queue=0.0% drops_delta=0
2026-08-15 03:10:31 | INFO     | deepstream_ai.pipeline.adaptive | [ADAPTIVE] enabled profile=normal sample=2.0s window=10.0s
2026-08-15 03:10:32 | INFO     | deepstream_ai.pipeline.source | 视频源已连接: camera_id=camera-01 uri=vsrc_0
2026-08-15 03:10:32 | INFO     | deepstream_ai.pipeline.source | [NVDEC] camera_id=camera-01 decoder=nvv4l2decoder0 cudadec_memtype=device
Opening in BLOCKING MODE 
0:00:06.043827386 [33m  104[00m 0x7fc5100018b0 [33;01mWARN   [00m [00m                v4l2 gstv4l2object.c:3123:gst_v4l2_object_get_nearest_size:<nvv4l2decoder0:sink>[00m Unable to try format: Unknown error -1
0:00:06.044588137 [33m  104[00m 0x7fc5100018b0 [33;01mWARN   [00m [00m                v4l2 gstv4l2object.c:3008:gst_v4l2_object_probe_caps_for_format:<nvv4l2decoder0:sink>[00m Could not probe minimum capture size for pixelformat MJPG
0:00:06.045453200 [33m  104[00m 0x7fc5100018b0 [33;01mWARN   [00m [00m                v4l2 gstv4l2object.c:3123:gst_v4l2_object_get_nearest_size:<nvv4l2decoder0:sink>[00m Unable to try format: Unknown error -1
0:00:06.046607480 [33m  104[00m 0x7fc5100018b0 [33;01mWARN   [00m [00m                v4l2 gstv4l2object.c:3014:gst_v4l2_object_probe_caps_for_format:<nvv4l2decoder0:sink>[00m Could not probe maximum capture size for pixelformat MJPG
0:00:06.047810208 [33m  104[00m 0x7fc5100018b0 [33;01mWARN   [00m [00m                v4l2 gstv4l2object.c:3123:gst_v4l2_object_get_nearest_size:<nvv4l2decoder0:sink>[00m Unable to try format: Unknown error -1
0:00:06.048456300 [33m  104[00m 0x7fc5100018b0 [33;01mWARN   [00m [00m                v4l2 gstv4l2object.c:3008:gst_v4l2_object_probe_caps_for_format:<nvv4l2decoder0:sink>[00m Could not probe minimum capture size for pixelformat AV10
0:00:06.049056543 [33m  104[00m 0x7fc5100018b0 [33;01mWARN   [00m [00m                v4l2 gstv4l2object.c:3123:gst_v4l2_object_get_nearest_size:<nvv4l2decoder0:sink>[00m Unable to try format: Unknown error -1
0:00:06.049844332 [33m  104[00m 0x7fc5100018b0 [33;01mWARN   [00m [00m                v4l2 gstv4l2object.c:3014:gst_v4l2_object_probe_caps_for_format:<nvv4l2decoder0:sink>[00m Could not probe maximum capture size for pixelformat AV10
0:00:06.050512730 [33m  104[00m 0x7fc5100018b0 [33;01mWARN   [00m [00m                v4l2 gstv4l2object.c:3123:gst_v4l2_object_get_nearest_size:<nvv4l2decoder0:sink>[00m Unable to try format: Unknown error -1
0:00:06.051123572 [33m  104[00m 0x7fc5100018b0 [33;01mWARN   [00m [00m                v4l2 gstv4l2object.c:3008:gst_v4l2_object_probe_caps_for_format:<nvv4l2decoder0:sink>[00m Could not probe minimum capture size for pixelformat DVX5
0:00:06.051725559 [33m  104[00m 0x7fc5100018b0 [33;01mWARN   [00m [00m                v4l2 gstv4l2object.c:3123:gst_v4l2_object_get_nearest_size:<nvv4l2decoder0:sink>[00m Unable to try format: Unknown error -1
0:00:06.052923883 [33m  104[00m 0x7fc5100018b0 [33;01mWARN   [00m [00m                v4l2 gstv4l2object.c:3014:gst_v4l2_object_probe_caps_for_format:<nvv4l2decoder0:sink>[00m Could not probe maximum capture size for pixelformat DVX5
0:00:06.053856438 [33m  104[00m 0x7fc5100018b0 [33;01mWARN   [00m [00m                v4l2 gstv4l2object.c:3123:gst_v4l2_object_get_nearest_size:<nvv4l2decoder0:sink>[00m Unable to try format: Unknown error -1
0:00:06.054917629 [33m  104[00m 0x7fc5100018b0 [33;01mWARN   [00m [00m                v4l2 gstv4l2object.c:3008:gst_v4l2_object_probe_caps_for_format:<nvv4l2decoder0:sink>[00m Could not probe minimum capture size for pixelformat DVX4
0:00:06.055690343 [33m  104[00m 0x7fc5100018b0 [33;01mWARN   [00m [00m                v4l2 gstv4l2object.c:3123:gst_v4l2_object_get_nearest_size:<nvv4l2decoder0:sink>[00m Unable to try format: Unknown error -1
0:00:06.056307298 [33m  104[00m 0x7fc5100018b0 [33;01mWARN   [00m [00m                v4l2 gstv4l2object.c:3014:gst_v4l2_object_probe_caps_for_format:<nvv4l2decoder0:sink>[00m Could not probe maximum capture size for pixelformat DVX4
0:00:06.056927393 [33m  104[00m 0x7fc5100018b0 [33;01mWARN   [00m [00m                v4l2 gstv4l2object.c:3123:gst_v4l2_object_get_nearest_size:<nvv4l2decoder0:sink>[00m Unable to try format: Unknown error -1
0:00:06.057483333 [33m  104[00m 0x7fc5100018b0 [33;01mWARN   [00m [00m                v4l2 gstv4l2object.c:3008:gst_v4l2_object_probe_caps_for_format:<nvv4l2decoder0:sink>[00m Could not probe minimum capture size for pixelformat MPG4
0:00:06.058560888 [33m  104[00m 0x7fc5100018b0 [33;01mWARN   [00m [00m                v4l2 gstv4l2object.c:3123:gst_v4l2_object_get_nearest_size:<nvv4l2decoder0:sink>[00m Unable to try format: Unknown error -1
0:00:06.059256442 [33m  104[00m 0x7fc5100018b0 [33;01mWARN   [00m [00m                v4l2 gstv4l2object.c:3014:gst_v4l2_object_probe_caps_for_format:<nvv4l2decoder0:sink>[00m Could not probe maximum capture size for pixelformat MPG4
0:00:06.060015631 [33m  104[00m 0x7fc5100018b0 [33;01mWARN   [00m [00m                v4l2 gstv4l2object.c:3123:gst_v4l2_object_get_nearest_size:<nvv4l2decoder0:sink>[00m Unable to try format: Unknown error -1
0:00:06.060765276 [33m  104[00m 0x7fc5100018b0 [33;01mWARN   [00m [00m                v4l2 gstv4l2object.c:3008:gst_v4l2_object_probe_caps_for_format:<nvv4l2decoder0:sink>[00m Could not probe minimum capture size for pixelformat MPG2
0:00:06.061351738 [33m  104[00m 0x7fc5100018b0 [33;01mWARN   [00m [00m                v4l2 gstv4l2object.c:3123:gst_v4l2_object_get_nearest_size:<nvv4l2decoder0:sink>[00m Unable to try format: Unknown error -1
0:00:06.061897958 [33m  104[00m 0x7fc5100018b0 [33;01mWARN   [00m [00m                v4l2 gstv4l2object.c:3014:gst_v4l2_object_probe_caps_for_format:<nvv4l2decoder0:sink>[00m Could not probe maximum capture size for pixelformat MPG2
0:00:06.062581751 [33m  104[00m 0x7fc5100018b0 [33;01mWARN   [00m [00m                v4l2 gstv4l2object.c:3123:gst_v4l2_object_get_nearest_size:<nvv4l2decoder0:sink>[00m Unable to try format: Unknown error -1
0:00:06.063178206 [33m  104[00m 0x7fc5100018b0 [33;01mWARN   [00m [00m                v4l2 gstv4l2object.c:3008:gst_v4l2_object_probe_caps_for_format:<nvv4l2decoder0:sink>[00m Could not probe minimum capture size for pixelformat H265
0:00:06.063816022 [33m  104[00m 0x7fc5100018b0 [33;01mWARN   [00m [00m                v4l2 gstv4l2object.c:3123:gst_v4l2_object_get_nearest_size:<nvv4l2decoder0:sink>[00m Unable to try format: Unknown error -1
0:00:06.064758143 [33m  104[00m 0x7fc5100018b0 [33;01mWARN   [00m [00m                v4l2 gstv4l2object.c:3014:gst_v4l2_object_probe_caps_for_format:<nvv4l2decoder0:sink>[00m Could not probe maximum capture size for pixelformat H265
0:00:06.066182017 [33m  104[00m 0x7fc5100018b0 [33;01mWARN   [00m [00m                v4l2 gstv4l2object.c:3123:gst_v4l2_object_get_nearest_size:<nvv4l2decoder0:sink>[00m Unable to try format: Unknown error -1
0:00:06.067265039 [33m  104[00m 0x7fc5100018b0 [33;01mWARN   [00m [00m                v4l2 gstv4l2object.c:3008:gst_v4l2_object_probe_caps_for_format:<nvv4l2decoder0:sink>[00m Could not probe minimum capture size for pixelformat VP90
0:00:06.068522930 [33m  104[00m 0x7fc5100018b0 [33;01mWARN   [00m [00m                v4l2 gstv4l2object.c:3123:gst_v4l2_object_get_nearest_size:<nvv4l2decoder0:sink>[00m Unable to try format: Unknown error -1
0:00:06.069273558 [33m  104[00m 0x7fc5100018b0 [33;01mWARN   [00m [00m                v4l2 gstv4l2object.c:3014:gst_v4l2_object_probe_caps_for_format:<nvv4l2decoder0:sink>[00m Could not probe maximum capture size for pixelformat VP90
0:00:06.070073194 [33m  104[00m 0x7fc5100018b0 [33;01mWARN   [00m [00m                v4l2 gstv4l2object.c:3123:gst_v4l2_object_get_nearest_size:<nvv4l2decoder0:sink>[00m Unable to try format: Unknown error -1
0:00:06.071124295 [33m  104[00m 0x7fc5100018b0 [33;01mWARN   [00m [00m                v4l2 gstv4l2object.c:3008:gst_v4l2_object_probe_caps_for_format:<nvv4l2decoder0:sink>[00m Could not probe minimum capture size for pixelformat VP80
0:00:06.072172752 [33m  104[00m 0x7fc5100018b0 [33;01mWARN   [00m [00m                v4l2 gstv4l2object.c:3123:gst_v4l2_object_get_nearest_size:<nvv4l2decoder0:sink>[00m Unable to try format: Unknown error -1
0:00:06.073175710 [33m  104[00m 0x7fc5100018b0 [33;01mWARN   [00m [00m                v4l2 gstv4l2object.c:3014:gst_v4l2_object_probe_caps_for_format:<nvv4l2decoder0:sink>[00m Could not probe maximum capture size for pixelformat VP80
0:00:06.074147164 [33m  104[00m 0x7fc5100018b0 [33;01mWARN   [00m [00m                v4l2 gstv4l2object.c:3123:gst_v4l2_object_get_nearest_size:<nvv4l2decoder0:sink>[00m Unable to try format: Unknown error -1
0:00:06.075050281 [33m  104[00m 0x7fc5100018b0 [33;01mWARN   [00m [00m                v4l2 gstv4l2object.c:3008:gst_v4l2_object_probe_caps_for_format:<nvv4l2decoder0:sink>[00m Could not probe minimum capture size for pixelformat H264
0:00:06.075779194 [33m  104[00m 0x7fc5100018b0 [33;01mWARN   [00m [00m                v4l2 gstv4l2object.c:3123:gst_v4l2_object_get_nearest_size:<nvv4l2decoder0:sink>[00m Unable to try format: Unknown error -1
0:00:06.076653622 [33m  104[00m 0x7fc5100018b0 [33;01mWARN   [00m [00m                v4l2 gstv4l2object.c:3014:gst_v4l2_object_probe_caps_for_format:<nvv4l2decoder0:sink>[00m Could not probe maximum capture size for pixelformat H264
0:00:06.077852432 [33m  104[00m 0x7fc5100018b0 [33;01mWARN   [00m [00m                v4l2 gstv4l2object.c:3123:gst_v4l2_object_get_nearest_size:<nvv4l2decoder0:src>[00m Unable to try format: Unknown error -1
0:00:06.078736977 [33m  104[00m 0x7fc5100018b0 [33;01mWARN   [00m [00m                v4l2 gstv4l2object.c:3008:gst_v4l2_object_probe_caps_for_format:<nvv4l2decoder0:src>[00m Could not probe minimum capture size for pixelformat Y444
0:00:06.079663110 [33m  104[00m 0x7fc5100018b0 [33;01mWARN   [00m [00m                v4l2 gstv4l2object.c:3123:gst_v4l2_object_get_nearest_size:<nvv4l2decoder0:src>[00m Unable to try format: Unknown error -1
0:00:06.080584885 [33m  104[00m 0x7fc5100018b0 [33;01mWARN   [00m [00m                v4l2 gstv4l2object.c:3014:gst_v4l2_object_probe_caps_for_format:<nvv4l2decoder0:src>[00m Could not probe maximum capture size for pixelformat Y444
0:00:06.081660490 [33m  104[00m 0x7fc5100018b0 [33;01mWARN   [00m [00m                v4l2 gstv4l2object.c:3123:gst_v4l2_object_get_nearest_size:<nvv4l2decoder0:src>[00m Unable to try format: Unknown error -1
0:00:06.082454636 [33m  104[00m 0x7fc5100018b0 [33;01mWARN   [00m [00m                v4l2 gstv4l2object.c:3008:gst_v4l2_object_probe_caps_for_format:<nvv4l2decoder0:src>[00m Could not probe minimum capture size for pixelformat P216
0:00:06.083203908 [33m  104[00m 0x7fc5100018b0 [33;01mWARN   [00m [00m                v4l2 gstv4l2object.c:3123:gst_v4l2_object_get_nearest_size:<nvv4l2decoder0:src>[00m Unable to try format: Unknown error -1
0:00:06.083956160 [33m  104[00m 0x7fc5100018b0 [33;01mWARN   [00m [00m                v4l2 gstv4l2object.c:3014:gst_v4l2_object_probe_caps_for_format:<nvv4l2decoder0:src>[00m Could not probe maximum capture size for pixelformat P216
0:00:06.084760654 [33m  104[00m 0x7fc5100018b0 [33;01mWARN   [00m [00m                v4l2 gstv4l2object.c:3123:gst_v4l2_object_get_nearest_size:<nvv4l2decoder0:src>[00m Unable to try format: Unknown error -1
0:00:06.085558241 [33m  104[00m 0x7fc5100018b0 [33;01mWARN   [00m [00m                v4l2 gstv4l2object.c:3008:gst_v4l2_object_probe_caps_for_format:<nvv4l2decoder0:src>[00m Could not probe minimum capture size for pixelformat NM16
0:00:06.086499264 [33m  104[00m 0x7fc5100018b0 [33;01mWARN   [00m [00m                v4l2 gstv4l2object.c:3123:gst_v4l2_object_get_nearest_size:<nvv4l2decoder0:src>[00m Unable to try format: Unknown error -1
0:00:06.087240434 [33m  104[00m 0x7fc5100018b0 [33;01mWARN   [00m [00m                v4l2 gstv4l2object.c:3014:gst_v4l2_object_probe_caps_for_format:<nvv4l2decoder0:src>[00m Could not probe maximum capture size for pixelformat NM16
0:00:06.087966703 [33m  104[00m 0x7fc5100018b0 [33;01mWARN   [00m [00m                v4l2 gstv4l2object.c:3123:gst_v4l2_object_get_nearest_size:<nvv4l2decoder0:src>[00m Unable to try format: Unknown error -1
0:00:06.088761885 [33m  104[00m 0x7fc5100018b0 [33;01mWARN   [00m [00m                v4l2 gstv4l2object.c:3008:gst_v4l2_object_probe_caps_for_format:<nvv4l2decoder0:src>[00m Could not probe minimum capture size for pixelformat P412
0:00:06.089698156 [33m  104[00m 0x7fc5100018b0 [33;01mWARN   [00m [00m                v4l2 gstv4l2object.c:3123:gst_v4l2_object_get_nearest_size:<nvv4l2decoder0:src>[00m Unable to try format: Unknown error -1
0:00:06.090520620 [33m  104[00m 0x7fc5100018b0 [33;01mWARN   [00m [00m                v4l2 gstv4l2object.c:3014:gst_v4l2_object_probe_caps_for_format:<nvv4l2decoder0:src>[00m Could not probe maximum capture size for pixelformat P412
0:00:06.091124499 [33m  104[00m 0x7fc5100018b0 [33;01mWARN   [00m [00m                v4l2 gstv4l2object.c:3123:gst_v4l2_object_get_nearest_size:<nvv4l2decoder0:src>[00m Unable to try format: Unknown error -1
0:00:06.091899806 [33m  104[00m 0x7fc5100018b0 [33;01mWARN   [00m [00m                v4l2 gstv4l2object.c:3008:gst_v4l2_object_probe_caps_for_format:<nvv4l2decoder0:src>[00m Could not probe minimum capture size for pixelformat P410
0:00:06.092499022 [33m  104[00m 0x7fc5100018b0 [33;01mWARN   [00m [00m                v4l2 gstv4l2object.c:3123:gst_v4l2_object_get_nearest_size:<nvv4l2decoder0:src>[00m Unable to try format: Unknown error -1
0:00:06.092935906 [33m  104[00m 0x7fc5100018b0 [33;01mWARN   [00m [00m                v4l2 gstv4l2object.c:3014:gst_v4l2_object_probe_caps_for_format:<nvv4l2decoder0:src>[00m Could not probe maximum capture size for pixelformat P410
0:00:06.093593567 [33m  104[00m 0x7fc5100018b0 [33;01mWARN   [00m [00m                v4l2 gstv4l2object.c:3123:gst_v4l2_object_get_nearest_size:<nvv4l2decoder0:src>[00m Unable to try format: Unknown error -1
0:00:06.094008319 [33m  104[00m 0x7fc5100018b0 [33;01mWARN   [00m [00m                v4l2 gstv4l2object.c:3008:gst_v4l2_object_probe_caps_for_format:<nvv4l2decoder0:src>[00m Could not probe minimum capture size for pixelformat PM10
0:00:06.094529236 [33m  104[00m 0x7fc5100018b0 [33;01mWARN   [00m [00m                v4l2 gstv4l2object.c:3123:gst_v4l2_object_get_nearest_size:<nvv4l2decoder0:src>[00m Unable to try format: Unknown error -1
0:00:06.094960816 [33m  104[00m 0x7fc5100018b0 [33;01mWARN   [00m [00m                v4l2 gstv4l2object.c:3014:gst_v4l2_object_probe_caps_for_format:<nvv4l2decoder0:src>[00m Could not probe maximum capture size for pixelformat PM10
0:00:06.095420281 [33m  104[00m 0x7fc5100018b0 [33;01mWARN   [00m [00m                v4l2 gstv4l2object.c:3123:gst_v4l2_object_get_nearest_size:<nvv4l2decoder0:src>[00m Unable to try format: Unknown error -1
0:00:06.096718022 [33m  104[00m 0x7fc5100018b0 [33;01mWARN   [00m [00m                v4l2 gstv4l2object.c:3008:gst_v4l2_object_probe_caps_for_format:<nvv4l2decoder0:src>[00m Could not probe minimum capture size for pixelformat NM12
0:00:06.097293529 [33m  104[00m 0x7fc5100018b0 [33;01mWARN   [00m [00m                v4l2 gstv4l2object.c:3123:gst_v4l2_object_get_nearest_size:<nvv4l2decoder0:src>[00m Unable to try format: Unknown error -1
0:00:06.097978847 [33m  104[00m 0x7fc5100018b0 [33;01mWARN   [00m [00m                v4l2 gstv4l2object.c:3014:gst_v4l2_object_probe_caps_for_format:<nvv4l2decoder0:src>[00m Could not probe maximum capture size for pixelformat NM12
0:00:06.414844373 [33m  104[00m 0x7fc510001ca0 [33;01mWARN   [00m [00m      v4l2bufferpool gstv4l2bufferpool.c:1127:gst_v4l2_buffer_pool_start:<h264-encoder:pool:src>[00m Uncertain or not enough buffers, enabling copy threshold
0:00:06.418744636 [33m  104[00m 0x7fc5100018b0 [33;01mWARN   [00m [00m        v4l2videodec gstv4l2videodec.c:2357:gst_v4l2_video_dec_decide_allocation:<nvv4l2decoder0>[00m Duration invalid, not setting latency
0:00:06.421343385 [33m  104[00m 0x7fc5100018b0 [33;01mWARN   [00m [00m      v4l2bufferpool gstv4l2bufferpool.c:1127:gst_v4l2_buffer_pool_start:<nvv4l2decoder0:pool:src>[00m Uncertain or not enough buffers, enabling copy threshold
0:00:06.440011454 [33m  104[00m 0x7fc510002870 [33;01mWARN   [00m [00m      v4l2bufferpool gstv4l2bufferpool.c:1611:gst_v4l2_buffer_pool_dqbuf:<nvv4l2decoder0:pool:src>[00m Driver should never set v4l2_buffer.field to ANY
2026-08-15 03:10:33 | INFO     | deepstream_ai.pipeline.adaptive | [SOURCE_PROFILE] camera=camera-01 fps=30.000 resolution=1280x720 source=negotiated_caps
2026-08-15 03:10:34 | INFO     | deepstream_ai.pipeline.adaptive | [ADAPTIVE_LOAD] profile=normal source_fps=30.00 gpu=25.0% mem=0.0% nvdec=12.0% queue=0.0% drops_delta=0
2026-08-15 03:10:36 | INFO     | deepstream_ai.pipeline.adaptive | [ADAPTIVE_LOAD] profile=normal source_fps=30.00 gpu=0.0% mem=1.0% nvdec=0.0% queue=0.0% drops_delta=0
2026-08-15 03:10:38 | INFO     | deepstream_ai.pipeline.adaptive | [ADAPTIVE_LOAD] profile=normal source_fps=30.00 gpu=0.0% mem=3.0% nvdec=0.0% queue=0.0% drops_delta=0
2026-08-15 03:10:38 | WARNING  | deepstream_ai.pipeline.shadow_tracking | [TRACK_SHADOW_UNAVAILABLE] pinned PyDS does not expose shadow-list metadata
0:00:11.826626087 [33m  104[00m 0x7fc510002090 [33;01mWARN   [00m [00m      v4l2bufferpool gstv4l2bufferpool.c:1611:gst_v4l2_buffer_pool_dqbuf:<h264-encoder:pool:src>[00m Driver should never set v4l2_buffer.field to ANY
2026-08-15 03:10:38 | INFO     | deepstream_ai.provisional_track_guard | [PERSON_PROVISIONAL] camera=camera-01 track=0 raw=0 conf=0.492 alias=False
2026-08-15 03:10:39 | INFO     | deepstream_ai.provisional_track_guard | [PERSON_CONFIRMED] camera=camera-01 track=0 reason=detector_confidence age=0.622 max_conf=0.595 observations=3
2026-08-15 03:10:39 | INFO     | deepstream_ai.alarm_dispatcher | [ALARM_PUSH] action=raise type=人形 camera=camera-01 tracker=0 raw_tracker=0 workid=- similarity=- active=true image=1215x547 previous=- reason=person_without_face
2026-08-15 03:10:39 | INFO     | deepstream_ai.snapshot.rolling_manager | [TRACK_CREATE] camera=camera-01 track=0 person_conf=0.517 quality=0.611
2026-08-15 03:10:39 | INFO     | deepstream_ai.snapshot.rolling_manager | [PERSON_EVIDENCE_UPDATE] camera=camera-01 track=0 source=person_fallback quality=0.611
2026-08-15 03:10:39 | INFO     | deepstream_ai.snapshot.rolling_manager | [PERSON_EVIDENCE_UPDATE] camera=camera-01 track=0 source=best_person quality=0.635
2026-08-15 03:10:39 | INFO     | deepstream_ai.snapshot.rolling_manager | [PERSON_EVIDENCE_UPDATE] camera=camera-01 track=0 source=best_person quality=0.649
2026-08-15 03:10:39 | INFO     | deepstream_ai.alarm_dispatcher | [ALARM_PUSH] action=update type=陌生人 camera=camera-01 tracker=0 raw_tracker=0 workid=- similarity=- active=true image=1212x595 previous=人形 reason=face_detected
2026-08-15 03:10:39 | INFO     | deepstream_ai.snapshot.alarm_manager | [FACE_FALLBACK] camera=camera-01 track=0 face_conf=0.507 quality=0.516 frontal=0.392 blur=0.240 size=1.000 raw_face=196x173 person_display=1596x720 face_display=573x320
2026-08-15 03:10:39 | INFO     | deepstream_ai.snapshot.alarm_manager | [FACE_EVIDENCE_UPDATE] camera=camera-01 track=0 source=face_fallback quality=0.516 frontal=0.392 blur=0.240 evidence=(396.7139892578125, 463.2151171875, 1763.1785888671875, 1080.0)
2026-08-15 03:10:40 | INFO     | deepstream_ai.pipeline.adaptive | [ADAPTIVE_LOAD] profile=normal source_fps=30.00 gpu=93.0% mem=2.0% nvdec=26.0% queue=0.0% drops_delta=0
2026-08-15 03:10:40 | INFO     | deepstream_ai.snapshot.alarm_manager | [BEST_FACE_UPDATE] camera=camera-01 track=0 reason=quality_upgrade old_quality=0.516 new_quality=0.589 new_frontal=0.954 new_blur=0.272 new_size=1.000 new_detector=0.373 stable=0 raw_face=243x236 person_display=1591x720 face_display=654x505
2026-08-15 03:10:40 | INFO     | deepstream_ai.snapshot.alarm_manager | [FACE_EVIDENCE_UPDATE] camera=camera-01 track=0 source=best_face quality=0.589 frontal=0.954 blur=0.272 evidence=(434.032763671875, 469.9537048339844, 1783.5156982421875, 1080.0)
2026-08-15 03:10:40 | INFO     | deepstream_ai.snapshot.alarm_manager | [BEST_FACE_UPDATE] camera=camera-01 track=0 reason=quality_upgrade old_quality=0.589 new_quality=0.621 new_frontal=0.943 new_blur=0.300 new_size=1.000 new_detector=0.451 stable=0 raw_face=255x278 person_display=1275x720 face_display=686x550
2026-08-15 03:10:40 | INFO     | deepstream_ai.snapshot.alarm_manager | [FACE_EVIDENCE_UPDATE] camera=camera-01 track=0 source=best_face quality=0.621 frontal=0.943 blur=0.300 evidence=(394.61810302734375, 406.322265625, 1587.7938842773438, 1080.0)
2026-08-15 03:10:40 | INFO     | deepstream_ai.snapshot.alarm_manager | [BEST_FACE_UPDATE] camera=camera-01 track=0 reason=quality_upgrade old_quality=0.621 new_quality=0.639 new_frontal=0.892 new_blur=0.333 new_size=1.000 new_detector=0.506 stable=0 raw_face=260x283 person_display=1296x720 face_display=700x549
2026-08-15 03:10:40 | INFO     | deepstream_ai.snapshot.alarm_manager | [FACE_EVIDENCE_UPDATE] camera=camera-01 track=0 source=best_face quality=0.639 frontal=0.892 blur=0.333 evidence=(400.2365127563477, 404.8332214355469, 1616.9563278198243, 1080.0)
2026-08-15 03:10:40 | INFO     | deepstream_ai.snapshot.alarm_manager | [BEST_FACE_UPDATE] camera=camera-01 track=0 reason=quality_upgrade old_quality=0.639 new_quality=0.664 new_frontal=0.953 new_blur=0.384 new_size=1.000 new_detector=0.505 stable=0 raw_face=266x289 person_display=1319x720 face_display=716x549
2026-08-15 03:10:40 | INFO     | deepstream_ai.snapshot.alarm_manager | [FACE_EVIDENCE_UPDATE] camera=camera-01 track=0 source=best_face quality=0.664 frontal=0.953 blur=0.384 evidence=(393.207974243164, 401.5350341796875, 1636.5745574951172, 1080.0)
2026-08-15 03:10:41 | INFO     | deepstream_ai.snapshot.alarm_manager | [FACE_EVIDENCE_HOLD] camera=camera-01 track=0 old_q=0.664 old_front=0.953 old_blur=0.384 new_q=0.638 new_front=0.924 new_blur=0.260 new_det=0.538 stable=0
2026-08-15 03:10:41 | INFO     | deepstream_ai.face.service | [FACE_IDENTITY] camera=camera-01 track=0 reason=timeout_fallback candidate_known=False candidate_similarity=0.000 retained_known=False retained_similarity=0.000 samples=3 best_quality=0.664
2026-08-15 03:10:42 | INFO     | deepstream_ai.pipeline.adaptive | [ADAPTIVE_LOAD] profile=normal source_fps=30.00 gpu=86.0% mem=4.0% nvdec=32.0% queue=0.0% drops_delta=0
2026-08-15 03:10:43 | INFO     | deepstream_ai.face.service | [FACE_IDENTITY] camera=camera-01 track=0 reason=unknown_retry candidate_known=False candidate_similarity=-0.047 retained_known=False retained_similarity=0.000 samples=3 best_quality=0.645
2026-08-15 03:10:43 | INFO     | deepstream_ai.snapshot.alarm_manager | [FACE_EVIDENCE_HOLD] camera=camera-01 track=0 old_q=0.664 old_front=0.953 old_blur=0.384 new_q=0.559 new_front=0.958 new_blur=0.144 new_det=0.377 stable=0
2026-08-15 03:10:44 | INFO     | deepstream_ai.pipeline.adaptive | [ADAPTIVE_LOAD] profile=normal source_fps=30.00 gpu=83.0% mem=2.0% nvdec=9.0% queue=0.0% drops_delta=0
2026-08-15 03:10:45 | INFO     | deepstream_ai.face.service | [FACE_IDENTITY] camera=camera-01 track=0 reason=unknown_retry candidate_known=False candidate_similarity=0.050 retained_known=False retained_similarity=0.050 samples=3 best_quality=0.621
2026-08-15 03:10:45 | INFO     | deepstream_ai.snapshot.alarm_manager | [FACE_EVIDENCE_HOLD] camera=camera-01 track=0 old_q=0.664 old_front=0.953 old_blur=0.384 new_q=0.618 new_front=0.887 new_blur=0.248 new_det=0.511 stable=0
2026-08-15 03:10:46 | INFO     | deepstream_ai.pipeline.adaptive | [ADAPTIVE_LOAD] profile=normal source_fps=30.00 gpu=86.0% mem=2.0% nvdec=59.0% queue=0.0% drops_delta=0
2026-08-15 03:10:47 | INFO     | deepstream_ai.snapshot.alarm_manager | [BEST_FACE_UPDATE] camera=camera-01 track=0 reason=quality_upgrade old_quality=0.664 new_quality=0.674 new_frontal=0.833 new_blur=0.239 new_size=1.000 new_detector=0.707 stable=0 raw_face=234x261 person_display=1486x720 face_display=630x414
2026-08-15 03:10:47 | INFO     | deepstream_ai.snapshot.alarm_manager | [FACE_EVIDENCE_UPDATE] camera=camera-01 track=0 source=best_face quality=0.674 frontal=0.833 blur=0.239 evidence=(630.1624015808105, 549.826416015625, 1725.2862831115722, 1080.0)
2026-08-15 03:10:47 | INFO     | deepstream_ai.face.service | [FACE_IDENTITY] camera=camera-01 track=0 reason=unknown_retry candidate_known=False candidate_similarity=0.181 retained_known=False retained_similarity=0.181 samples=3 best_quality=0.674
2026-08-15 03:10:47 | INFO     | deepstream_ai.snapshot.alarm_manager | [BEST_FACE_UPDATE] camera=camera-01 track=0 reason=quality_upgrade old_quality=0.674 new_quality=0.681 new_frontal=0.838 new_blur=0.241 new_size=1.000 new_detector=0.725 stable=0 raw_face=229x268 person_display=1418x720 face_display=618x426
2026-08-15 03:10:47 | INFO     | deepstream_ai.snapshot.alarm_manager | [FACE_EVIDENCE_UPDATE] camera=camera-01 track=0 source=best_face quality=0.681 frontal=0.838 blur=0.241 evidence=(643.496337890625, 534.0892639160156, 1717.886962890625, 1080.0)
2026-08-15 03:10:47 | INFO     | deepstream_ai.snapshot.alarm_manager | [FACE_EVIDENCE_HOLD] camera=camera-01 track=0 old_q=0.681 old_front=0.838 old_blur=0.241 new_q=0.655 new_front=0.812 new_blur=0.244 new_det=0.662 stable=0
2026-08-15 03:10:47 | INFO     | deepstream_ai.snapshot.alarm_manager | [BEST_FACE_UPDATE] camera=camera-01 track=0 reason=quality_upgrade old_quality=0.681 new_quality=0.688 new_frontal=0.828 new_blur=0.258 new_size=1.000 new_detector=0.736 stable=0 raw_face=230x263 person_display=1435x720 face_display=620x424
2026-08-15 03:10:48 | INFO     | deepstream_ai.snapshot.alarm_manager | [FACE_EVIDENCE_UPDATE] camera=camera-01 track=0 source=best_face quality=0.688 frontal=0.828 blur=0.258 evidence=(639.6281753540039, 538.470458984375, 1718.3772872924806, 1080.0)
2026-08-15 03:10:48 | INFO     | deepstream_ai.pipeline.adaptive | [ADAPTIVE_LOAD] profile=normal source_fps=30.00 gpu=71.0% mem=2.0% nvdec=57.0% queue=0.0% drops_delta=0
2026-08-15 03:10:49 | INFO     | deepstream_ai.face.service | [FACE_IDENTITY] camera=camera-01 track=0 reason=unknown_retry candidate_known=False candidate_similarity=0.221 retained_known=False retained_similarity=0.221 samples=3 best_quality=0.690
2026-08-15 03:10:50 | INFO     | deepstream_ai.pipeline.adaptive | [ADAPTIVE_LOAD] profile=normal source_fps=30.00 gpu=68.0% mem=2.0% nvdec=57.0% queue=0.0% drops_delta=0
2026-08-15 03:10:52 | INFO     | deepstream_ai.pipeline.adaptive | [ADAPTIVE_LOAD] profile=normal source_fps=30.00 gpu=87.0% mem=2.0% nvdec=72.0% queue=0.0% drops_delta=0
2026-08-15 03:10:52 | INFO     | deepstream_ai.track_continuity | [TRACK_CONTINUITY_REID_REJECT] camera=camera-01 raw=1 candidate_logical=0 similarity=0.619 score=0.738 iou=0.661 face_iou=0.000
2026-08-15 03:10:52 | INFO     | deepstream_ai.provisional_track_guard | [PERSON_PROVISIONAL] camera=camera-01 track=1 raw=1 conf=0.958 alias=False
2026-08-15 03:10:53 | INFO     | deepstream_ai.provisional_track_guard | [PERSON_CONFIRMED] camera=camera-01 track=1 reason=detector_confidence age=0.613 max_conf=0.958 observations=4
2026-08-15 03:10:53 | INFO     | deepstream_ai.alarm_dispatcher | [ALARM_PUSH] action=raise type=人形 camera=camera-01 tracker=1 raw_tracker=1 workid=- similarity=- active=true image=941x499 previous=- reason=person_without_face
2026-08-15 03:10:53 | INFO     | deepstream_ai.snapshot.rolling_manager | [TRACK_CREATE] camera=camera-01 track=1 person_conf=0.881 quality=0.560
2026-08-15 03:10:53 | INFO     | deepstream_ai.snapshot.rolling_manager | [PERSON_EVIDENCE_UPDATE] camera=camera-01 track=1 source=person_fallback quality=0.560
2026-08-15 03:10:53 | INFO     | deepstream_ai.alarm_dispatcher | [ALARM_PUSH] action=update type=陌生人 camera=camera-01 tracker=1 raw_tracker=1 workid=- similarity=- active=true image=939x498 previous=人形 reason=face_detected
2026-08-15 03:10:53 | INFO     | deepstream_ai.snapshot.alarm_manager | [FACE_FALLBACK] camera=camera-01 track=1 face_conf=0.675 quality=0.650 frontal=0.847 blur=0.176 size=1.000 raw_face=232x248 person_display=1512x720 face_display=626x408
2026-08-15 03:10:53 | INFO     | deepstream_ai.snapshot.alarm_manager | [FACE_EVIDENCE_UPDATE] camera=camera-01 track=1 source=face_fallback quality=0.650 frontal=0.847 blur=0.176 evidence=(650.211767578125, 561.5103607177734, 1739.767236328125, 1080.0)
2026-08-15 03:10:53 | INFO     | deepstream_ai.snapshot.alarm_manager | [FACE_EVIDENCE_HOLD] camera=camera-01 track=1 old_q=0.650 old_front=0.847 old_blur=0.176 new_q=0.646 new_front=0.842 new_blur=0.159 new_det=0.680 stable=0
2026-08-15 03:10:54 | INFO     | deepstream_ai.pipeline.adaptive | [ADAPTIVE_LOAD] profile=normal source_fps=30.00 gpu=79.0% mem=2.0% nvdec=62.0% queue=0.0% drops_delta=0
2026-08-15 03:10:54 | INFO     | deepstream_ai.face.service | [FACE_IDENTITY] camera=camera-01 track=1 reason=timeout_fallback candidate_known=False candidate_similarity=0.250 retained_known=False retained_similarity=0.250 samples=3 best_quality=0.650
2026-08-15 03:10:54 | INFO     | deepstream_ai.snapshot.alarm_manager | [BEST_FACE_UPDATE] camera=camera-01 track=1 reason=quality_upgrade old_quality=0.650 new_quality=0.659 new_frontal=0.850 new_blur=0.203 new_size=1.000 new_detector=0.681 stable=0 raw_face=229x247 person_display=1497x720 face_display=615x405
2026-08-15 03:10:54 | INFO     | deepstream_ai.snapshot.alarm_manager | [FACE_EVIDENCE_UPDATE] camera=camera-01 track=1 source=best_face quality=0.659 frontal=0.850 blur=0.203 evidence=(659.8753662109375, 565.1225738525391, 1729.0335693359375, 1080.0)
2026-08-15 03:10:55 | INFO     | deepstream_ai.snapshot.alarm_manager | [BEST_FACE_UPDATE] camera=camera-01 track=1 reason=quality_upgrade old_quality=0.659 new_quality=0.665 new_frontal=0.878 new_blur=0.181 new_size=1.000 new_detector=0.697 stable=0 raw_face=238x242 person_display=1559x720 face_display=641x407
2026-08-15 03:10:55 | INFO     | deepstream_ai.snapshot.alarm_manager | [FACE_EVIDENCE_UPDATE] camera=camera-01 track=1 source=best_face quality=0.665 frontal=0.878 blur=0.181 evidence=(639.6860580444336, 565.2206573486328, 1753.395149230957, 1080.0)
2026-08-15 03:10:56 | INFO     | deepstream_ai.pipeline.adaptive | [ADAPTIVE_LOAD] profile=normal source_fps=30.00 gpu=80.0% mem=2.0% nvdec=45.0% queue=0.0% drops_delta=0
2026-08-15 03:10:56 | INFO     | deepstream_ai.snapshot.alarm_manager | [FACE_EVIDENCE_HOLD] camera=camera-01 track=1 old_q=0.665 old_front=0.878 old_blur=0.181 new_q=0.639 new_front=0.816 new_blur=0.165 new_det=0.671 stable=0
2026-08-15 03:10:56 | INFO     | deepstream_ai.face.service | [FACE_IDENTITY] camera=camera-01 track=1 reason=unknown_retry candidate_known=False candidate_similarity=0.259 retained_known=False retained_similarity=0.259 samples=3 best_quality=0.665
2026-08-15 03:10:58 | INFO     | deepstream_ai.pipeline.adaptive | [ADAPTIVE_LOAD] profile=normal source_fps=30.00 gpu=76.0% mem=2.0% nvdec=56.0% queue=0.0% drops_delta=0
2026-08-15 03:10:58 | INFO     | deepstream_ai.snapshot.alarm_manager | [FACE_EVIDENCE_HOLD] camera=camera-01 track=1 old_q=0.665 old_front=0.878 old_blur=0.181 new_q=0.651 new_front=0.826 new_blur=0.195 new_det=0.677 stable=0
2026-08-15 03:10:58 | INFO     | deepstream_ai.face.service | [FACE_IDENTITY] camera=camera-01 track=1 reason=unknown_retry candidate_known=False candidate_similarity=0.256 retained_known=False retained_similarity=0.259 samples=3 best_quality=0.654
2026-08-15 03:11:00 | INFO     | deepstream_ai.pipeline.adaptive | [ADAPTIVE_LOAD] profile=normal source_fps=30.00 gpu=78.0% mem=2.0% nvdec=67.0% queue=0.0% drops_delta=0
2026-08-15 03:11:00 | INFO     | deepstream_ai.snapshot.alarm_manager | [FACE_EVIDENCE_HOLD] camera=camera-01 track=1 old_q=0.665 old_front=0.878 old_blur=0.181 new_q=0.592 new_front=0.787 new_blur=0.173 new_det=0.548 stable=0
2026-08-15 03:11:00 | INFO     | deepstream_ai.face.service | [FACE_IDENTITY] camera=camera-01 track=1 reason=unknown_retry candidate_known=False candidate_similarity=0.193 retained_known=False retained_similarity=0.259 samples=3 best_quality=0.641
2026-08-15 03:11:02 | INFO     | deepstream_ai.pipeline.adaptive | [ADAPTIVE_LOAD] profile=normal source_fps=30.00 gpu=79.0% mem=2.0% nvdec=28.0% queue=0.0% drops_delta=0
2026-08-15 03:11:02 | INFO     | deepstream_ai.snapshot.rolling_manager | [TRACK_FINALIZE] camera=camera-01 track=0 source=best_face identity=unknown similarity=0.221 quality=0.688
2026-08-15 03:11:02 | INFO     | deepstream_ai.alarm_dispatcher | [ALARM_PUSH] action=end type=陌生人 camera=camera-01 tracker=0 raw_tracker=0 workid=- similarity=- active=true image=878x512 previous=- reason=track_ended_unresolved
2026-08-15 03:11:02 | INFO     | deepstream_ai.face.service | [FACE_IDENTITY] camera=camera-01 track=1 reason=unknown_retry candidate_known=False candidate_similarity=0.237 retained_known=False retained_similarity=0.259 samples=3 best_quality=0.652
2026-08-15 03:11:02 | INFO     | deepstream_ai.snapshot.alarm_manager | [FACE_EVIDENCE_HOLD] camera=camera-01 track=1 old_q=0.665 old_front=0.878 old_blur=0.181 new_q=0.574 new_front=0.738 new_blur=0.142 new_det=0.544 stable=0
2026-08-15 03:11:04 | INFO     | deepstream_ai.pipeline.adaptive | [ADAPTIVE_LOAD] profile=normal source_fps=30.00 gpu=82.0% mem=2.0% nvdec=60.0% queue=0.0% drops_delta=0
2026-08-15 03:11:04 | INFO     | deepstream_ai.face.service | [FACE_IDENTITY] camera=camera-01 track=1 reason=unknown_retry candidate_known=False candidate_similarity=0.248 retained_known=False retained_similarity=0.259 samples=3 best_quality=0.612
2026-08-15 03:11:04 | INFO     | deepstream_ai.snapshot.alarm_manager | [FACE_EVIDENCE_HOLD] camera=camera-01 track=1 old_q=0.665 old_front=0.878 old_blur=0.181 new_q=0.587 new_front=0.767 new_blur=0.166 new_det=0.550 stable=0
2026-08-15 03:11:06 | INFO     | deepstream_ai.pipeline.adaptive | [ADAPTIVE_LOAD] profile=normal source_fps=30.00 gpu=79.0% mem=2.0% nvdec=71.0% queue=0.0% drops_delta=0
2026-08-15 03:11:06 | INFO     | deepstream_ai.face.service | [FACE_IDENTITY] camera=camera-01 track=1 reason=unknown_retry candidate_known=False candidate_similarity=0.240 retained_known=False retained_similarity=0.259 samples=3 best_quality=0.613
2026-08-15 03:11:06 | INFO     | deepstream_ai.snapshot.alarm_manager | [FACE_EVIDENCE_HOLD] camera=camera-01 track=1 old_q=0.665 old_front=0.878 old_blur=0.181 new_q=0.603 new_front=0.797 new_blur=0.158 new_det=0.583 stable=0
2026-08-15 03:11:08 | INFO     | deepstream_ai.pipeline.adaptive | [ADAPTIVE_LOAD] profile=normal source_fps=30.00 gpu=82.0% mem=2.0% nvdec=31.0% queue=0.0% drops_delta=0
2026-08-15 03:11:08 | INFO     | deepstream_ai.face.service | [FACE_IDENTITY] camera=camera-01 track=1 reason=unknown_retry candidate_known=False candidate_similarity=0.244 retained_known=False retained_similarity=0.259 samples=3 best_quality=0.622
2026-08-15 03:11:08 | INFO     | deepstream_ai.snapshot.alarm_manager | [FACE_EVIDENCE_HOLD] camera=camera-01 track=1 old_q=0.665 old_front=0.878 old_blur=0.181 new_q=0.591 new_front=0.795 new_blur=0.148 new_det=0.558 stable=0
2026-08-15 03:11:10 | INFO     | deepstream_ai.pipeline.adaptive | [ADAPTIVE_LOAD] profile=normal source_fps=30.00 gpu=82.0% mem=2.0% nvdec=58.0% queue=0.0% drops_delta=0
2026-08-15 03:11:10 | INFO     | deepstream_ai.face.service | [FACE_IDENTITY] camera=camera-01 track=1 reason=unknown_retry candidate_known=False candidate_similarity=0.342 retained_known=False retained_similarity=0.342 samples=3 best_quality=0.594
2026-08-15 03:11:10 | INFO     | deepstream_ai.snapshot.alarm_manager | [FACE_EVIDENCE_HOLD] camera=camera-01 track=1 old_q=0.665 old_front=0.878 old_blur=0.181 new_q=0.612 new_front=0.802 new_blur=0.198 new_det=0.578 stable=0
2026-08-15 03:11:12 | INFO     | deepstream_ai.pipeline.adaptive | [ADAPTIVE_LOAD] profile=normal source_fps=30.00 gpu=77.0% mem=2.0% nvdec=67.0% queue=0.0% drops_delta=0
2026-08-15 03:11:12 | INFO     | deepstream_ai.face.service | [FACE_IDENTITY] camera=camera-01 track=1 reason=unknown_retry candidate_known=False candidate_similarity=0.329 retained_known=False retained_similarity=0.342 samples=3 best_quality=0.612
2026-08-15 03:11:13 | INFO     | deepstream_ai.snapshot.alarm_manager | [FACE_EVIDENCE_HOLD] camera=camera-01 track=1 old_q=0.665 old_front=0.878 old_blur=0.181 new_q=0.606 new_front=0.771 new_blur=0.155 new_det=0.610 stable=0
2026-08-15 03:11:14 | INFO     | deepstream_ai.pipeline.adaptive | [ADAPTIVE_LOAD] profile=normal source_fps=30.00 gpu=88.0% mem=2.0% nvdec=60.0% queue=0.0% drops_delta=0
2026-08-15 03:11:14 | INFO     | deepstream_ai.face.service | [FACE_IDENTITY] camera=camera-01 track=1 reason=unknown_retry candidate_known=False candidate_similarity=0.329 retained_known=False retained_similarity=0.342 samples=3 best_quality=0.632
2026-08-15 03:11:15 | INFO     | deepstream_ai.snapshot.alarm_manager | [FACE_EVIDENCE_HOLD] camera=camera-01 track=1 old_q=0.665 old_front=0.878 old_blur=0.181 new_q=0.607 new_front=0.804 new_blur=0.191 new_det=0.566 stable=0
2026-08-15 03:11:16 | INFO     | deepstream_ai.pipeline.adaptive | [ADAPTIVE_LOAD] profile=normal source_fps=30.00 gpu=76.0% mem=3.0% nvdec=24.0% queue=0.0% drops_delta=0
2026-08-15 03:11:16 | INFO     | deepstream_ai.face.service | [FACE_IDENTITY] camera=camera-01 track=1 reason=unknown_retry candidate_known=False candidate_similarity=0.324 retained_known=False retained_similarity=0.342 samples=3 best_quality=0.607
2026-08-15 03:11:17 | INFO     | deepstream_ai.snapshot.alarm_manager | [FACE_EVIDENCE_HOLD] camera=camera-01 track=1 old_q=0.665 old_front=0.878 old_blur=0.181 new_q=0.591 new_front=0.762 new_blur=0.162 new_det=0.567 stable=0
2026-08-15 03:11:18 | INFO     | deepstream_ai.pipeline.adaptive | [ADAPTIVE_LOAD] profile=normal source_fps=30.00 gpu=91.0% mem=3.0% nvdec=23.0% queue=0.0% drops_delta=0
2026-08-15 03:11:18 | INFO     | deepstream_ai.face.service | [FACE_IDENTITY] camera=camera-01 track=1 reason=unknown_retry candidate_known=False candidate_similarity=0.364 retained_known=False retained_similarity=0.364 samples=3 best_quality=0.601
2026-08-15 03:11:19 | INFO     | deepstream_ai.snapshot.alarm_manager | [FACE_EVIDENCE_HOLD] camera=camera-01 track=1 old_q=0.665 old_front=0.878 old_blur=0.181 new_q=0.594 new_front=0.773 new_blur=0.172 new_det=0.563 stable=0
2026-08-15 03:11:20 | INFO     | deepstream_ai.pipeline.adaptive | [ADAPTIVE_LOAD] profile=normal source_fps=30.00 gpu=88.0% mem=3.0% nvdec=23.0% queue=0.0% drops_delta=0
2026-08-15 03:11:20 | INFO     | deepstream_ai.face.service | [FACE_IDENTITY] camera=camera-01 track=1 reason=unknown_retry candidate_known=False candidate_similarity=0.308 retained_known=False retained_similarity=0.364 samples=3 best_quality=0.597
2026-08-15 03:11:21 | INFO     | deepstream_ai.snapshot.alarm_manager | [FACE_EVIDENCE_HOLD] camera=camera-01 track=1 old_q=0.665 old_front=0.878 old_blur=0.181 new_q=0.596 new_front=0.775 new_blur=0.140 new_det=0.589 stable=0
2026-08-15 03:11:22 | INFO     | deepstream_ai.pipeline.adaptive | [ADAPTIVE_LOAD] profile=normal source_fps=30.00 gpu=82.0% mem=2.0% nvdec=57.0% queue=0.0% drops_delta=0
2026-08-15 03:11:22 | INFO     | deepstream_ai.face.service | [FACE_IDENTITY] camera=camera-01 track=1 reason=unknown_retry candidate_known=False candidate_similarity=0.361 retained_known=False retained_similarity=0.364 samples=3 best_quality=0.610
2026-08-15 03:11:23 | INFO     | deepstream_ai.snapshot.alarm_manager | [FACE_EVIDENCE_HOLD] camera=camera-01 track=1 old_q=0.665 old_front=0.878 old_blur=0.181 new_q=0.604 new_front=0.793 new_blur=0.206 new_det=0.555 stable=0
2026-08-15 03:11:24 | INFO     | deepstream_ai.snapshot.alarm_manager | [BEST_FACE_UPDATE] camera=camera-01 track=1 reason=quality_upgrade old_quality=0.665 new_quality=0.706 new_frontal=0.907 new_blur=0.196 new_size=1.000 new_detector=0.786 stable=0 raw_face=259x322 person_display=1216x755 face_display=699x610
2026-08-15 03:11:24 | INFO     | deepstream_ai.pipeline.adaptive | [ADAPTIVE_LOAD] profile=normal source_fps=30.00 gpu=80.0% mem=2.0% nvdec=63.0% queue=1.6% drops_delta=0
2026-08-15 03:11:24 | INFO     | deepstream_ai.snapshot.alarm_manager | [FACE_EVIDENCE_UPDATE] camera=camera-01 track=1 source=best_face quality=0.706 frontal=0.907 blur=0.196 evidence=(533.9431396484375, 325.7619934082031, 1748.8564208984376, 1080.0)
2026-08-15 03:11:24 | INFO     | deepstream_ai.snapshot.alarm_manager | [BEST_FACE_UPDATE] camera=camera-01 track=1 reason=quality_upgrade old_quality=0.706 new_quality=0.722 new_frontal=0.935 new_blur=0.209 new_size=1.000 new_detector=0.808 stable=0 raw_face=242x321 person_display=1134x819 face_display=652x675
2026-08-15 03:11:24 | INFO     | deepstream_ai.snapshot.alarm_manager | [FACE_EVIDENCE_UPDATE] camera=camera-01 track=1 source=best_face quality=0.722 frontal=0.935 blur=0.209 evidence=(534.4153564453125, 261.789794921875, 1667.7762939453125, 1080.0)
2026-08-15 03:11:24 | INFO     | deepstream_ai.snapshot.alarm_manager | [BEST_FACE_UPDATE] camera=camera-01 track=1 reason=quality_upgrade old_quality=0.722 new_quality=0.738 new_frontal=0.991 new_blur=0.204 new_size=1.000 new_detector=0.824 stable=0 raw_face=235x324 person_display=1101x852 face_display=633x706
2026-08-15 03:11:24 | INFO     | deepstream_ai.snapshot.alarm_manager | [FACE_EVIDENCE_UPDATE] camera=camera-01 track=1 source=best_face quality=0.738 frontal=0.991 blur=0.204 evidence=(536.5135856628418, 228.321044921875, 1636.5577796936036, 1080.0)
2026-08-15 03:11:24 | INFO     | deepstream_ai.face.service | [FACE_IDENTITY] camera=camera-01 track=1 reason=quality_upgrade candidate_known=True candidate_similarity=0.793 retained_known=True retained_similarity=0.793 samples=3 best_quality=0.738
2026-08-15 03:11:24 | INFO     | deepstream_ai.alarm_dispatcher | [ALARM_PUSH] action=resolve type=陌生人 camera=camera-01 tracker=1 raw_tracker=1 workid=PJY similarity=0.793 active=false image=1186x655 previous=陌生人 reason=employee_identified_same_tracker
2026-08-15 03:11:24 | INFO     | deepstream_ai.alarm_dispatcher | [ALARM_PUSH] action=record type=员工 camera=camera-01 tracker=1 raw_tracker=1 workid=PJY similarity=0.793 active=false image=1186x655 previous=陌生人 reason=normal_employee_record
2026-08-15 03:11:25 | INFO     | deepstream_ai.snapshot.alarm_manager | [FACE_EVIDENCE_HOLD] camera=camera-01 track=1 old_q=0.738 old_front=0.991 old_blur=0.204 new_q=0.709 new_front=0.950 new_blur=0.195 new_det=0.771 stable=0
2026-08-15 03:11:26 | INFO     | deepstream_ai.pipeline.adaptive | [ADAPTIVE_LOAD] profile=normal source_fps=30.00 gpu=84.0% mem=2.0% nvdec=56.0% queue=0.0% drops_delta=0
2026-08-15 03:11:27 | INFO     | deepstream_ai.snapshot.alarm_manager | [FACE_EVIDENCE_HOLD] camera=camera-01 track=1 old_q=0.738 old_front=0.991 old_blur=0.204 new_q=0.702 new_front=0.892 new_blur=0.222 new_det=0.767 stable=0
2026-08-15 03:11:28 | INFO     | deepstream_ai.pipeline.adaptive | [ADAPTIVE_LOAD] profile=normal source_fps=30.00 gpu=89.0% mem=2.0% nvdec=70.0% queue=0.0% drops_delta=0
2026-08-15 03:11:28 | INFO     | deepstream_ai.provisional_track_guard | [PERSON_PROVISIONAL] camera=camera-01 track=2 raw=2 conf=0.278 alias=False
2026-08-15 03:11:29 | INFO     | deepstream_ai.snapshot.alarm_manager | [FACE_EVIDENCE_HOLD] camera=camera-01 track=1 old_q=0.738 old_front=0.991 old_blur=0.204 new_q=0.690 new_front=0.929 new_blur=0.212 new_det=0.719 stable=0
2026-08-15 03:11:30 | INFO     | deepstream_ai.pipeline.adaptive | [ADAPTIVE_LOAD] profile=normal source_fps=30.00 gpu=79.0% mem=2.0% nvdec=46.0% queue=0.0% drops_delta=0
2026-08-15 03:11:32 | INFO     | deepstream_ai.snapshot.alarm_manager | [FACE_EVIDENCE_HOLD] camera=camera-01 track=1 old_q=0.738 old_front=0.991 old_blur=0.204 new_q=0.727 new_front=0.960 new_blur=0.239 new_det=0.787 stable=0
2026-08-15 03:11:32 | INFO     | deepstream_ai.pipeline.adaptive | [ADAPTIVE_LOAD] profile=normal source_fps=30.00 gpu=68.0% mem=2.0% nvdec=34.0% queue=0.0% drops_delta=0
2026-08-15 03:11:33 | INFO     | deepstream_ai.provisional_analytics | [PERSON_PROVISIONAL_EXPIRE] camera=camera-01 track=2 business_created=false
2026-08-15 03:11:33 | INFO     | deepstream_ai.pipeline.runner | 收到停止请求
2026-08-15 03:11:33 | INFO     | deepstream_ai.pipeline.runner | [RTSP_STOP] live source: skip EOS and stop main loop immediately
2026-08-15 03:11:33 | INFO     | deepstream_ai.pipeline.metadata | 
========== Probe Performance ==========
Probe Callbacks:              1678
Probe Frames:                 1678
Probe Queue Drops:            0
Probe Errors:                 0
Average Probe Time (ms):      4.717
P95 Probe Time (ms):          25.000
Max Probe Time (ms):          97.648
Tracker ReID Vectors:         257
Tracker ReID Missing:         1283
=======================================
2026-08-15 03:11:33 | INFO     | deepstream_ai.pipeline.runner | [TRACK_SHADOW_SUMMARY] frames=0 objects=0 hidden_by_age=0 errors=0
2026-08-15 03:11:33 | INFO     | deepstream_ai.pipeline.runner | [PRETRACKER_GUARD_SUMMARY] frames=1678 verified_people=378 suppressed=0 errors=0
2026-08-15 03:11:33 | INFO     | deepstream_ai.pipeline.runner | DeepStream Pipeline 已停止
2026-08-15 03:11:33 | INFO     | deepstream_ai.snapshot.rolling_manager | [TRACK_FINALIZE] camera=camera-01 track=1 source=best_face identity=PJY similarity=0.793 quality=0.738
2026-08-15 03:11:33 | INFO     | deepstream_ai.alarm_dispatcher | [ALARM_PUSH] action=end type=员工 camera=camera-01 tracker=1 raw_tracker=1 workid=PJY similarity=- active=false image=1188x671 previous=- reason=track_ended_normal
2026-08-15 03:11:33 | INFO     | deepstream_ai.snapshot.rolling_manager | Evidence Summary tracks=2 finalized=2 success=2 failed=0 missing=0 best_face=2 face_fallback=0 best_person=0 person_fallback=0 know=1 unknown=1
