2026-08-14 08:18:01 | INFO     | __main__ | 模型预检通过 config=/workspace/configs/nvinfer/person-peoplenet.txt engine=/workspace/models/peoplenet/resnet34_peoplenet.onnx_b1_gpu0_fp16.engine source_models=['/workspace/models/peoplenet/resnet34_peoplenet.onnx']
2026-08-14 08:18:01 | INFO     | __main__ | 模型预检通过 config=/workspace/configs/nvinfer/face.example.txt engine=/workspace/models/face.engine source_models=['/workspace/models/face-deepstream.onnx']
2026-08-14 08:18:01 | INFO     | __main__ | [DETECTOR] PeopleNet
2026-08-14 08:18:01 | INFO     | __main__ | [TRACKER] NvDCF
2026-08-14 08:18:01 | INFO     | __main__ | [TRACKER_CONFIG] /workspace/configs/tracker/nvdcf.yml
2026-08-14 08:18:01 | INFO     | __main__ | [PEOPLENET_CLASSES] person=0, bag=1, face=2
2026-08-14 08:18:01 | INFO     | __main__ | DeepStream Python runtime 已加载: {'gstreamer': '1.24.2.0', 'pyds': '1.2.3'}
[0;93m2026-08-14 08:18:01.443860655 [W:onnxruntime:Default, device_discovery.cc:285 GetGpuDevices] Failed to detect devices under "/sys/class/drm/card0": device_discovery.cc:94 ReadFileContents Failed to open file: "/sys/class/drm/card0/device/vendor"[m
2026-08-14 08:18:05 | INFO     | deepstream_ai.pipeline.source | RTSP 实时模式: camera_id=camera-02 transport=tcp latency_ms=200 drop_on_latency=true reconnect_interval_sec=10
2026-08-14 08:18:05 | INFO     | deepstream_ai.pipeline.builder | 配置推理组件 name=person-detector unique_id=1 target_fps=5.00 interval=5 runtime_config=/workspace/output/tasks/8bf11056fabb40fe/.runtime/nvinfer/person-detector.txt
2026-08-14 08:18:05 | INFO     | deepstream_ai.pipeline.builder | 配置推理组件 name=face-detector unique_id=2 target_fps=5.00 secondary-reinfer-interval=6 runtime_config=/workspace/output/tasks/8bf11056fabb40fe/.runtime/nvinfer/face-detector.txt
2026-08-14 08:18:05 | INFO     | deepstream_ai.pipeline.builder | 行为模型已关闭，不创建 nvinfer: smoking
2026-08-14 08:18:05 | INFO     | deepstream_ai.pipeline.builder | 行为模型已关闭，不创建 nvinfer: eating
2026-08-14 08:18:05 | INFO     | deepstream_ai.pipeline.builder | 行为模型已关闭，不创建 nvinfer: drinking
2026-08-14 08:18:05 | INFO     | deepstream_ai.pipeline.builder | 行为模型已关闭，不创建 nvinfer: carrying
2026-08-14 08:18:05 | INFO     | deepstream_ai.pipeline.peoplenet_pretracker_guard | [PRETRACKER_GUARD] enabled=True pgie_uid=1 person_classes=[0] max_conf=0.550 left<=0.030 top<=0.020 width=[0.400,0.500] height>=0.930 right<=0.520 frame=1920x1080
2026-08-14 08:18:05 | INFO     | deepstream_ai.pipeline.runner | [TRACK_SHADOW] preview bridge enabled max_age=1.50s
Protocol set: 0x4
0:00:04.685685441 [31m  378[00m      0xd6af160 [36mINFO   [00m [00m             nvinfer gstnvinfer.cpp:725:gst_nvinfer_logger:<face-detector>[00m NvDsInferContext[UID 2]: Info from NvDsInferContextImpl::deserializeEngineAndBackend() <nvdsinfer_context_impl.cpp:2183> [UID = 2]: deserialized trt engine from :/workspace/models/face.engine
INFO: ../nvdsinfer/nvdsinfer_model_builder.cpp:376 [Implicit Engine Info]: layers num: 0

0:00:04.686347683 [31m  378[00m      0xd6af160 [36mINFO   [00m [00m             nvinfer gstnvinfer.cpp:725:gst_nvinfer_logger:<face-detector>[00m NvDsInferContext[UID 2]: Info from NvDsInferContextImpl::generateBackendContext() <nvdsinfer_context_impl.cpp:2286> [UID = 2]: Use deserialized engine model: /workspace/models/face.engine
0:00:04.693222708 [31m  378[00m      0xd6af160 [36mINFO   [00m [00m             nvinfer gstnvinfer_impl.cpp:343:notifyLoadModelStatus:<face-detector>[00m [UID 2]: Load new model:/workspace/output/tasks/8bf11056fabb40fe/.runtime/nvinfer/face-detector.txt sucessfully
gstnvtracker: Loading low-level lib at /opt/nvidia/deepstream/deepstream/lib/libnvds_nvmultiobjecttracker.so
[NvMultiObjectTracker] Loading TRT Engine for model: /workspace/models/tracker/resnet50_market1501_aicity156.onnx_b16_gpu0_fp16.engine
[NvMultiObjectTracker] Loading Complete!
[NvMultiObjectTracker] Initialized
0:00:06.643455561 [31m  378[00m      0xd6af160 [36mINFO   [00m [00m             nvinfer gstnvinfer.cpp:725:gst_nvinfer_logger:<person-detector>[00m NvDsInferContext[UID 1]: Info from NvDsInferContextImpl::deserializeEngineAndBackend() <nvdsinfer_context_impl.cpp:2183> [UID = 1]: deserialized trt engine from :/workspace/models/peoplenet/resnet34_peoplenet.onnx_b1_gpu0_fp16.engine
INFO: ../nvdsinfer/nvdsinfer_model_builder.cpp:376 [Implicit Engine Info]: layers num: 0

0:00:06.644313993 [31m  378[00m      0xd6af160 [36mINFO   [00m [00m             nvinfer gstnvinfer.cpp:725:gst_nvinfer_logger:<person-detector>[00m NvDsInferContext[UID 1]: Info from NvDsInferContextImpl::generateBackendContext() <nvdsinfer_context_impl.cpp:2286> [UID = 1]: Use deserialized engine model: /workspace/models/peoplenet/resnet34_peoplenet.onnx_b1_gpu0_fp16.engine
0:00:06.647758495 [31m  378[00m      0xd6af160 [36mINFO   [00m [00m             nvinfer gstnvinfer_impl.cpp:343:notifyLoadModelStatus:<person-detector>[00m [UID 1]: Load new model:/workspace/output/tasks/8bf11056fabb40fe/.runtime/nvinfer/person-detector.txt sucessfully
2026-08-14 08:18:08 | INFO     | deepstream_ai.pipeline.source | 视频源已连接: camera_id=camera-02 uri=vsrc_0
2026-08-14 08:18:08 | INFO     | deepstream_ai.pipeline.source | [NVDEC] camera_id=camera-02 decoder=nvv4l2decoder0 cudadec_memtype=device
Opening in BLOCKING MODE 
0:00:07.811189654 [31m  378[00m 0x7f7dd4001520 [33;01mWARN   [00m [00m                v4l2 gstv4l2object.c:3123:gst_v4l2_object_get_nearest_size:<nvv4l2decoder0:sink>[00m Unable to try format: Unknown error -1
0:00:07.812312730 [31m  378[00m 0x7f7dd4001520 [33;01mWARN   [00m [00m                v4l2 gstv4l2object.c:3008:gst_v4l2_object_probe_caps_for_format:<nvv4l2decoder0:sink>[00m Could not probe minimum capture size for pixelformat MJPG
0:00:07.813296141 [31m  378[00m 0x7f7dd4001520 [33;01mWARN   [00m [00m                v4l2 gstv4l2object.c:3123:gst_v4l2_object_get_nearest_size:<nvv4l2decoder0:sink>[00m Unable to try format: Unknown error -1
0:00:07.813981341 [31m  378[00m 0x7f7dd4001520 [33;01mWARN   [00m [00m                v4l2 gstv4l2object.c:3014:gst_v4l2_object_probe_caps_for_format:<nvv4l2decoder0:sink>[00m Could not probe maximum capture size for pixelformat MJPG
0:00:07.815304906 [31m  378[00m 0x7f7dd4001520 [33;01mWARN   [00m [00m                v4l2 gstv4l2object.c:3123:gst_v4l2_object_get_nearest_size:<nvv4l2decoder0:sink>[00m Unable to try format: Unknown error -1
0:00:07.816245791 [31m  378[00m 0x7f7dd4001520 [33;01mWARN   [00m [00m                v4l2 gstv4l2object.c:3008:gst_v4l2_object_probe_caps_for_format:<nvv4l2decoder0:sink>[00m Could not probe minimum capture size for pixelformat AV10
0:00:07.817226498 [31m  378[00m 0x7f7dd4001520 [33;01mWARN   [00m [00m                v4l2 gstv4l2object.c:3123:gst_v4l2_object_get_nearest_size:<nvv4l2decoder0:sink>[00m Unable to try format: Unknown error -1
0:00:07.817845917 [31m  378[00m 0x7f7dd4001520 [33;01mWARN   [00m [00m                v4l2 gstv4l2object.c:3014:gst_v4l2_object_probe_caps_for_format:<nvv4l2decoder0:sink>[00m Could not probe maximum capture size for pixelformat AV10
0:00:07.818721068 [31m  378[00m 0x7f7dd4001520 [33;01mWARN   [00m [00m                v4l2 gstv4l2object.c:3123:gst_v4l2_object_get_nearest_size:<nvv4l2decoder0:sink>[00m Unable to try format: Unknown error -1
0:00:07.819355544 [31m  378[00m 0x7f7dd4001520 [33;01mWARN   [00m [00m                v4l2 gstv4l2object.c:3008:gst_v4l2_object_probe_caps_for_format:<nvv4l2decoder0:sink>[00m Could not probe minimum capture size for pixelformat DVX5
0:00:07.819772833 [31m  378[00m 0x7f7dd4001520 [33;01mWARN   [00m [00m                v4l2 gstv4l2object.c:3123:gst_v4l2_object_get_nearest_size:<nvv4l2decoder0:sink>[00m Unable to try format: Unknown error -1
0:00:07.822001494 [31m  378[00m 0x7f7dd4001520 [33;01mWARN   [00m [00m                v4l2 gstv4l2object.c:3014:gst_v4l2_object_probe_caps_for_format:<nvv4l2decoder0:sink>[00m Could not probe maximum capture size for pixelformat DVX5
0:00:07.822767026 [31m  378[00m 0x7f7dd4001520 [33;01mWARN   [00m [00m                v4l2 gstv4l2object.c:3123:gst_v4l2_object_get_nearest_size:<nvv4l2decoder0:sink>[00m Unable to try format: Unknown error -1
0:00:07.823783091 [31m  378[00m 0x7f7dd4001520 [33;01mWARN   [00m [00m                v4l2 gstv4l2object.c:3008:gst_v4l2_object_probe_caps_for_format:<nvv4l2decoder0:sink>[00m Could not probe minimum capture size for pixelformat DVX4
0:00:07.824763771 [31m  378[00m 0x7f7dd4001520 [33;01mWARN   [00m [00m                v4l2 gstv4l2object.c:3123:gst_v4l2_object_get_nearest_size:<nvv4l2decoder0:sink>[00m Unable to try format: Unknown error -1
0:00:07.825569475 [31m  378[00m 0x7f7dd4001520 [33;01mWARN   [00m [00m                v4l2 gstv4l2object.c:3014:gst_v4l2_object_probe_caps_for_format:<nvv4l2decoder0:sink>[00m Could not probe maximum capture size for pixelformat DVX4
0:00:07.826798233 [31m  378[00m 0x7f7dd4001520 [33;01mWARN   [00m [00m                v4l2 gstv4l2object.c:3123:gst_v4l2_object_get_nearest_size:<nvv4l2decoder0:sink>[00m Unable to try format: Unknown error -1
0:00:07.827520140 [31m  378[00m 0x7f7dd4001520 [33;01mWARN   [00m [00m                v4l2 gstv4l2object.c:3008:gst_v4l2_object_probe_caps_for_format:<nvv4l2decoder0:sink>[00m Could not probe minimum capture size for pixelformat MPG4
0:00:07.828063587 [31m  378[00m 0x7f7dd4001520 [33;01mWARN   [00m [00m                v4l2 gstv4l2object.c:3123:gst_v4l2_object_get_nearest_size:<nvv4l2decoder0:sink>[00m Unable to try format: Unknown error -1
0:00:07.828623206 [31m  378[00m 0x7f7dd4001520 [33;01mWARN   [00m [00m                v4l2 gstv4l2object.c:3014:gst_v4l2_object_probe_caps_for_format:<nvv4l2decoder0:sink>[00m Could not probe maximum capture size for pixelformat MPG4
0:00:07.829252200 [31m  378[00m 0x7f7dd4001520 [33;01mWARN   [00m [00m                v4l2 gstv4l2object.c:3123:gst_v4l2_object_get_nearest_size:<nvv4l2decoder0:sink>[00m Unable to try format: Unknown error -1
0:00:07.830056527 [31m  378[00m 0x7f7dd4001520 [33;01mWARN   [00m [00m                v4l2 gstv4l2object.c:3008:gst_v4l2_object_probe_caps_for_format:<nvv4l2decoder0:sink>[00m Could not probe minimum capture size for pixelformat MPG2
0:00:07.830913700 [31m  378[00m 0x7f7dd4001520 [33;01mWARN   [00m [00m                v4l2 gstv4l2object.c:3123:gst_v4l2_object_get_nearest_size:<nvv4l2decoder0:sink>[00m Unable to try format: Unknown error -1
0:00:07.831912779 [31m  378[00m 0x7f7dd4001520 [33;01mWARN   [00m [00m                v4l2 gstv4l2object.c:3014:gst_v4l2_object_probe_caps_for_format:<nvv4l2decoder0:sink>[00m Could not probe maximum capture size for pixelformat MPG2
0:00:07.832460546 [31m  378[00m 0x7f7dd4001520 [33;01mWARN   [00m [00m                v4l2 gstv4l2object.c:3123:gst_v4l2_object_get_nearest_size:<nvv4l2decoder0:sink>[00m Unable to try format: Unknown error -1
0:00:07.833304058 [31m  378[00m 0x7f7dd4001520 [33;01mWARN   [00m [00m                v4l2 gstv4l2object.c:3008:gst_v4l2_object_probe_caps_for_format:<nvv4l2decoder0:sink>[00m Could not probe minimum capture size for pixelformat H265
0:00:07.833901100 [31m  378[00m 0x7f7dd4001520 [33;01mWARN   [00m [00m                v4l2 gstv4l2object.c:3123:gst_v4l2_object_get_nearest_size:<nvv4l2decoder0:sink>[00m Unable to try format: Unknown error -1
0:00:07.834627503 [31m  378[00m 0x7f7dd4001520 [33;01mWARN   [00m [00m                v4l2 gstv4l2object.c:3014:gst_v4l2_object_probe_caps_for_format:<nvv4l2decoder0:sink>[00m Could not probe maximum capture size for pixelformat H265
0:00:07.835199855 [31m  378[00m 0x7f7dd4001520 [33;01mWARN   [00m [00m                v4l2 gstv4l2object.c:3123:gst_v4l2_object_get_nearest_size:<nvv4l2decoder0:sink>[00m Unable to try format: Unknown error -1
0:00:07.835852254 [31m  378[00m 0x7f7dd4001520 [33;01mWARN   [00m [00m                v4l2 gstv4l2object.c:3008:gst_v4l2_object_probe_caps_for_format:<nvv4l2decoder0:sink>[00m Could not probe minimum capture size for pixelformat VP90
0:00:07.836115753 [31m  378[00m 0x7f7dd4001520 [33;01mWARN   [00m [00m                v4l2 gstv4l2object.c:3123:gst_v4l2_object_get_nearest_size:<nvv4l2decoder0:sink>[00m Unable to try format: Unknown error -1
0:00:07.836635525 [31m  378[00m 0x7f7dd4001520 [33;01mWARN   [00m [00m                v4l2 gstv4l2object.c:3014:gst_v4l2_object_probe_caps_for_format:<nvv4l2decoder0:sink>[00m Could not probe maximum capture size for pixelformat VP90
0:00:07.837253664 [31m  378[00m 0x7f7dd4001520 [33;01mWARN   [00m [00m                v4l2 gstv4l2object.c:3123:gst_v4l2_object_get_nearest_size:<nvv4l2decoder0:sink>[00m Unable to try format: Unknown error -1
0:00:07.837853628 [31m  378[00m 0x7f7dd4001520 [33;01mWARN   [00m [00m                v4l2 gstv4l2object.c:3008:gst_v4l2_object_probe_caps_for_format:<nvv4l2decoder0:sink>[00m Could not probe minimum capture size for pixelformat VP80
0:00:07.838402761 [31m  378[00m 0x7f7dd4001520 [33;01mWARN   [00m [00m                v4l2 gstv4l2object.c:3123:gst_v4l2_object_get_nearest_size:<nvv4l2decoder0:sink>[00m Unable to try format: Unknown error -1
0:00:07.839045874 [31m  378[00m 0x7f7dd4001520 [33;01mWARN   [00m [00m                v4l2 gstv4l2object.c:3014:gst_v4l2_object_probe_caps_for_format:<nvv4l2decoder0:sink>[00m Could not probe maximum capture size for pixelformat VP80
0:00:07.839812930 [31m  378[00m 0x7f7dd4001520 [33;01mWARN   [00m [00m                v4l2 gstv4l2object.c:3123:gst_v4l2_object_get_nearest_size:<nvv4l2decoder0:sink>[00m Unable to try format: Unknown error -1
0:00:07.840397586 [31m  378[00m 0x7f7dd4001520 [33;01mWARN   [00m [00m                v4l2 gstv4l2object.c:3008:gst_v4l2_object_probe_caps_for_format:<nvv4l2decoder0:sink>[00m Could not probe minimum capture size for pixelformat H264
0:00:07.840991900 [31m  378[00m 0x7f7dd4001520 [33;01mWARN   [00m [00m                v4l2 gstv4l2object.c:3123:gst_v4l2_object_get_nearest_size:<nvv4l2decoder0:sink>[00m Unable to try format: Unknown error -1
0:00:07.841657094 [31m  378[00m 0x7f7dd4001520 [33;01mWARN   [00m [00m                v4l2 gstv4l2object.c:3014:gst_v4l2_object_probe_caps_for_format:<nvv4l2decoder0:sink>[00m Could not probe maximum capture size for pixelformat H264
0:00:07.842783835 [31m  378[00m 0x7f7dd4001520 [33;01mWARN   [00m [00m                v4l2 gstv4l2object.c:3123:gst_v4l2_object_get_nearest_size:<nvv4l2decoder0:src>[00m Unable to try format: Unknown error -1
0:00:07.843316325 [31m  378[00m 0x7f7dd4001520 [33;01mWARN   [00m [00m                v4l2 gstv4l2object.c:3008:gst_v4l2_object_probe_caps_for_format:<nvv4l2decoder0:src>[00m Could not probe minimum capture size for pixelformat Y444
0:00:07.843693444 [31m  378[00m 0x7f7dd4001520 [33;01mWARN   [00m [00m                v4l2 gstv4l2object.c:3123:gst_v4l2_object_get_nearest_size:<nvv4l2decoder0:src>[00m Unable to try format: Unknown error -1
0:00:07.844053534 [31m  378[00m 0x7f7dd4001520 [33;01mWARN   [00m [00m                v4l2 gstv4l2object.c:3014:gst_v4l2_object_probe_caps_for_format:<nvv4l2decoder0:src>[00m Could not probe maximum capture size for pixelformat Y444
0:00:07.844619423 [31m  378[00m 0x7f7dd4001520 [33;01mWARN   [00m [00m                v4l2 gstv4l2object.c:3123:gst_v4l2_object_get_nearest_size:<nvv4l2decoder0:src>[00m Unable to try format: Unknown error -1
0:00:07.845157991 [31m  378[00m 0x7f7dd4001520 [33;01mWARN   [00m [00m                v4l2 gstv4l2object.c:3008:gst_v4l2_object_probe_caps_for_format:<nvv4l2decoder0:src>[00m Could not probe minimum capture size for pixelformat P216
0:00:07.845894528 [31m  378[00m 0x7f7dd4001520 [33;01mWARN   [00m [00m                v4l2 gstv4l2object.c:3123:gst_v4l2_object_get_nearest_size:<nvv4l2decoder0:src>[00m Unable to try format: Unknown error -1
0:00:07.846505584 [31m  378[00m 0x7f7dd4001520 [33;01mWARN   [00m [00m                v4l2 gstv4l2object.c:3014:gst_v4l2_object_probe_caps_for_format:<nvv4l2decoder0:src>[00m Could not probe maximum capture size for pixelformat P216
0:00:07.847239111 [31m  378[00m 0x7f7dd4001520 [33;01mWARN   [00m [00m                v4l2 gstv4l2object.c:3123:gst_v4l2_object_get_nearest_size:<nvv4l2decoder0:src>[00m Unable to try format: Unknown error -1
0:00:07.847655980 [31m  378[00m 0x7f7dd4001520 [33;01mWARN   [00m [00m                v4l2 gstv4l2object.c:3008:gst_v4l2_object_probe_caps_for_format:<nvv4l2decoder0:src>[00m Could not probe minimum capture size for pixelformat NM16
0:00:07.848320957 [31m  378[00m 0x7f7dd4001520 [33;01mWARN   [00m [00m                v4l2 gstv4l2object.c:3123:gst_v4l2_object_get_nearest_size:<nvv4l2decoder0:src>[00m Unable to try format: Unknown error -1
0:00:07.848783948 [31m  378[00m 0x7f7dd4001520 [33;01mWARN   [00m [00m                v4l2 gstv4l2object.c:3014:gst_v4l2_object_probe_caps_for_format:<nvv4l2decoder0:src>[00m Could not probe maximum capture size for pixelformat NM16
0:00:07.849091428 [31m  378[00m 0x7f7dd4001520 [33;01mWARN   [00m [00m                v4l2 gstv4l2object.c:3123:gst_v4l2_object_get_nearest_size:<nvv4l2decoder0:src>[00m Unable to try format: Unknown error -1
0:00:07.849654811 [31m  378[00m 0x7f7dd4001520 [33;01mWARN   [00m [00m                v4l2 gstv4l2object.c:3008:gst_v4l2_object_probe_caps_for_format:<nvv4l2decoder0:src>[00m Could not probe minimum capture size for pixelformat P412
0:00:07.850174381 [31m  378[00m 0x7f7dd4001520 [33;01mWARN   [00m [00m                v4l2 gstv4l2object.c:3123:gst_v4l2_object_get_nearest_size:<nvv4l2decoder0:src>[00m Unable to try format: Unknown error -1
0:00:07.850816848 [31m  378[00m 0x7f7dd4001520 [33;01mWARN   [00m [00m                v4l2 gstv4l2object.c:3014:gst_v4l2_object_probe_caps_for_format:<nvv4l2decoder0:src>[00m Could not probe maximum capture size for pixelformat P412
0:00:07.851816347 [31m  378[00m 0x7f7dd4001520 [33;01mWARN   [00m [00m                v4l2 gstv4l2object.c:3123:gst_v4l2_object_get_nearest_size:<nvv4l2decoder0:src>[00m Unable to try format: Unknown error -1
0:00:07.852857641 [31m  378[00m 0x7f7dd4001520 [33;01mWARN   [00m [00m                v4l2 gstv4l2object.c:3008:gst_v4l2_object_probe_caps_for_format:<nvv4l2decoder0:src>[00m Could not probe minimum capture size for pixelformat P410
0:00:07.853712775 [31m  378[00m 0x7f7dd4001520 [33;01mWARN   [00m [00m                v4l2 gstv4l2object.c:3123:gst_v4l2_object_get_nearest_size:<nvv4l2decoder0:src>[00m Unable to try format: Unknown error -1
0:00:07.854767597 [31m  378[00m 0x7f7dd4001520 [33;01mWARN   [00m [00m                v4l2 gstv4l2object.c:3014:gst_v4l2_object_probe_caps_for_format:<nvv4l2decoder0:src>[00m Could not probe maximum capture size for pixelformat P410
0:00:07.855841348 [31m  378[00m 0x7f7dd4001520 [33;01mWARN   [00m [00m                v4l2 gstv4l2object.c:3123:gst_v4l2_object_get_nearest_size:<nvv4l2decoder0:src>[00m Unable to try format: Unknown error -1
0:00:07.856671333 [31m  378[00m 0x7f7dd4001520 [33;01mWARN   [00m [00m                v4l2 gstv4l2object.c:3008:gst_v4l2_object_probe_caps_for_format:<nvv4l2decoder0:src>[00m Could not probe minimum capture size for pixelformat PM10
0:00:07.857441663 [31m  378[00m 0x7f7dd4001520 [33;01mWARN   [00m [00m                v4l2 gstv4l2object.c:3123:gst_v4l2_object_get_nearest_size:<nvv4l2decoder0:src>[00m Unable to try format: Unknown error -1
0:00:07.858506623 [31m  378[00m 0x7f7dd4001520 [33;01mWARN   [00m [00m                v4l2 gstv4l2object.c:3014:gst_v4l2_object_probe_caps_for_format:<nvv4l2decoder0:src>[00m Could not probe maximum capture size for pixelformat PM10
0:00:07.859322945 [31m  378[00m 0x7f7dd4001520 [33;01mWARN   [00m [00m                v4l2 gstv4l2object.c:3123:gst_v4l2_object_get_nearest_size:<nvv4l2decoder0:src>[00m Unable to try format: Unknown error -1
0:00:07.860263190 [31m  378[00m 0x7f7dd4001520 [33;01mWARN   [00m [00m                v4l2 gstv4l2object.c:3008:gst_v4l2_object_probe_caps_for_format:<nvv4l2decoder0:src>[00m Could not probe minimum capture size for pixelformat NM12
0:00:07.860949458 [31m  378[00m 0x7f7dd4001520 [33;01mWARN   [00m [00m                v4l2 gstv4l2object.c:3123:gst_v4l2_object_get_nearest_size:<nvv4l2decoder0:src>[00m Unable to try format: Unknown error -1
0:00:07.861658112 [31m  378[00m 0x7f7dd4001520 [33;01mWARN   [00m [00m                v4l2 gstv4l2object.c:3014:gst_v4l2_object_probe_caps_for_format:<nvv4l2decoder0:src>[00m Could not probe maximum capture size for pixelformat NM12
0:00:07.998680498 [31m  378[00m 0x7f7dd4001520 [33;01mWARN   [00m [00m        v4l2videodec gstv4l2videodec.c:2357:gst_v4l2_video_dec_decide_allocation:<nvv4l2decoder0>[00m Duration invalid, not setting latency
0:00:08.001650108 [31m  378[00m 0x7f7dd4001520 [33;01mWARN   [00m [00m      v4l2bufferpool gstv4l2bufferpool.c:1127:gst_v4l2_buffer_pool_start:<nvv4l2decoder0:pool:src>[00m Uncertain or not enough buffers, enabling copy threshold
0:00:08.284208453 [31m  378[00m 0x7f7dd40024e0 [33;01mWARN   [00m [00m      v4l2bufferpool gstv4l2bufferpool.c:1611:gst_v4l2_buffer_pool_dqbuf:<nvv4l2decoder0:pool:src>[00m Driver should never set v4l2_buffer.field to ANY
2026-08-14 08:18:12 | WARNING  | deepstream_ai.pipeline.shadow_tracking | [TRACK_SHADOW_UNAVAILABLE] pinned PyDS does not expose shadow-list metadata
2026-08-14 08:18:12 | INFO     | deepstream_ai.pipeline.runner | DeepStream Pipeline 已启动，sources=1
2026-08-14 08:18:12 | INFO     | deepstream_ai.pipeline.adaptive | [SOURCE_PROFILE] camera=camera-02 fps=30.000 resolution=1280x720 source=negotiated_caps
2026-08-14 08:18:12 | INFO     | deepstream_ai.pipeline.adaptive_realtime | [ADAPTIVE_RATE] component=person target=5.00 floor=5.00 actual≈5.00 interval=5 reason=source_profile
2026-08-14 08:18:12 | INFO     | deepstream_ai.pipeline.adaptive_realtime | [ADAPTIVE_RATE_STATIC] component=face target=5.00 actual≈5.00 reinfer=6 reason=config_startup runtime_update=unsupported
2026-08-14 08:18:12 | INFO     | deepstream_ai.pipeline.adaptive | [ADAPTIVE_LOAD] profile=normal source_fps=30.00 gpu=79.0% mem=11.0% nvdec=25.0% queue=0.0% drops_delta=0
2026-08-14 08:18:12 | INFO     | deepstream_ai.pipeline.adaptive | [ADAPTIVE] enabled profile=normal sample=2.0s window=10.0s
2026-08-14 08:18:12 | INFO     | deepstream_ai.provisional_track_guard | [PERSON_PROVISIONAL] camera=camera-02 track=0 raw=0 conf=0.825 alias=False
2026-08-14 08:18:13 | INFO     | deepstream_ai.face.service | [FACE_IDENTITY] camera=camera-02 track=0 reason=high_quality candidate_known=False candidate_similarity=-1.000 retained_known=False retained_similarity=-1.000 samples=1 best_quality=0.854
2026-08-14 08:18:13 | INFO     | deepstream_ai.face.service | [FACE_IDENTITY] camera=camera-02 track=0 reason=quality_upgrade candidate_known=False candidate_similarity=-1.000 retained_known=False retained_similarity=-1.000 samples=1 best_quality=0.928
2026-08-14 08:18:13 | INFO     | deepstream_ai.provisional_track_guard | [PERSON_CONFIRMED] camera=camera-02 track=0 reason=real_face age=0.896 max_conf=0.859 observations=3
2026-08-14 08:18:13 | INFO     | deepstream_ai.snapshot.rolling_manager | [TRACK_CREATE] camera=camera-02 track=0 person_conf=0.811 quality=0.758
2026-08-14 08:18:13 | INFO     | deepstream_ai.snapshot.rolling_manager | [PERSON_EVIDENCE_UPDATE] camera=camera-02 track=0 source=person_fallback quality=0.758
2026-08-14 08:18:13 | INFO     | deepstream_ai.snapshot.alarm_manager | [FACE_FALLBACK] camera=camera-02 track=0 face_conf=0.828 quality=0.870 person_display=871x879 face_display=315x530
2026-08-14 08:18:13 | INFO     | deepstream_ai.snapshot.alarm_manager | [FACE_EVIDENCE_UPDATE] camera=camera-02 track=0 source=face_fallback quality=0.870 evidence=(646.4053939819336, 201.7223663330078, 1516.251496887207, 1080.0)
2026-08-14 08:18:13 | INFO     | deepstream_ai.snapshot.alarm_manager | [BEST_FACE_UPDATE] camera=camera-02 track=0 old_quality=0.870 new_quality=0.904 person_display=876x853 face_display=317x498
2026-08-14 08:18:13 | INFO     | deepstream_ai.snapshot.alarm_manager | [FACE_EVIDENCE_UPDATE] camera=camera-02 track=0 source=best_face quality=0.904 evidence=(644.8799324035645, 227.87135314941406, 1519.5976524353027, 1080.0)
2026-08-14 08:18:14 | INFO     | deepstream_ai.snapshot.alarm_manager | [BEST_FACE_UPDATE] camera=camera-02 track=0 old_quality=0.904 new_quality=0.918 person_display=870x844 face_display=316x488
2026-08-14 08:18:14 | INFO     | deepstream_ai.snapshot.alarm_manager | [FACE_EVIDENCE_UPDATE] camera=camera-02 track=0 source=best_face quality=0.918 evidence=(648.0796142578124, 236.0740509033203, 1517.9284423828126, 1080.0)
2026-08-14 08:18:14 | INFO     | deepstream_ai.pipeline.adaptive | [ADAPTIVE_LOAD] profile=normal source_fps=30.00 gpu=94.0% mem=2.0% nvdec=61.0% queue=0.0% drops_delta=0
2026-08-14 08:18:14 | INFO     | deepstream_ai.face.service | [FACE_IDENTITY] camera=camera-02 track=0 reason=unknown_retry candidate_known=False candidate_similarity=-1.000 retained_known=False retained_similarity=-1.000 samples=3 best_quality=0.939
2026-08-14 08:18:16 | INFO     | deepstream_ai.pipeline.adaptive | [ADAPTIVE_LOAD] profile=normal source_fps=30.00 gpu=95.0% mem=3.0% nvdec=18.0% queue=0.0% drops_delta=0
2026-08-14 08:18:16 | INFO     | deepstream_ai.face.service | [FACE_IDENTITY] camera=camera-02 track=0 reason=unknown_retry candidate_known=False candidate_similarity=-1.000 retained_known=False retained_similarity=-1.000 samples=3 best_quality=0.937
2026-08-14 08:18:18 | INFO     | deepstream_ai.pipeline.adaptive | [ADAPTIVE_LOAD] profile=normal source_fps=30.00 gpu=76.0% mem=2.0% nvdec=49.0% queue=0.0% drops_delta=0
2026-08-14 08:18:18 | INFO     | deepstream_ai.face.service | [FACE_IDENTITY] camera=camera-02 track=0 reason=unknown_retry candidate_known=False candidate_similarity=-1.000 retained_known=False retained_similarity=-1.000 samples=3 best_quality=0.924
2026-08-14 08:18:20 | INFO     | deepstream_ai.pipeline.adaptive | [ADAPTIVE_LOAD] profile=normal source_fps=30.00 gpu=84.0% mem=2.0% nvdec=66.0% queue=0.0% drops_delta=0
2026-08-14 08:18:20 | INFO     | deepstream_ai.face.service | [FACE_IDENTITY] camera=camera-02 track=0 reason=unknown_retry candidate_known=False candidate_similarity=-1.000 retained_known=False retained_similarity=-1.000 samples=3 best_quality=0.931
2026-08-14 08:18:22 | INFO     | deepstream_ai.pipeline.adaptive | [ADAPTIVE_LOAD] profile=normal source_fps=30.00 gpu=81.0% mem=1.0% nvdec=69.0% queue=0.0% drops_delta=0
2026-08-14 08:18:22 | INFO     | deepstream_ai.face.service | [FACE_IDENTITY] camera=camera-02 track=0 reason=unknown_retry candidate_known=False candidate_similarity=-1.000 retained_known=False retained_similarity=-1.000 samples=3 best_quality=0.934
2026-08-14 08:18:24 | INFO     | deepstream_ai.pipeline.adaptive | [ADAPTIVE_LOAD] profile=normal source_fps=30.00 gpu=76.0% mem=2.0% nvdec=63.0% queue=0.0% drops_delta=0
2026-08-14 08:18:24 | INFO     | deepstream_ai.face.service | [FACE_IDENTITY] camera=camera-02 track=0 reason=unknown_retry candidate_known=False candidate_similarity=-1.000 retained_known=False retained_similarity=-1.000 samples=3 best_quality=0.937
2026-08-14 08:18:26 | INFO     | deepstream_ai.pipeline.adaptive | [ADAPTIVE_LOAD] profile=normal source_fps=30.00 gpu=73.0% mem=2.0% nvdec=56.0% queue=0.0% drops_delta=0
2026-08-14 08:18:26 | INFO     | deepstream_ai.face.service | [FACE_IDENTITY] camera=camera-02 track=0 reason=unknown_retry candidate_known=False candidate_similarity=-1.000 retained_known=False retained_similarity=-1.000 samples=3 best_quality=0.921
2026-08-14 08:18:28 | INFO     | deepstream_ai.pipeline.adaptive | [ADAPTIVE_LOAD] profile=normal source_fps=30.00 gpu=77.0% mem=2.0% nvdec=66.0% queue=0.0% drops_delta=0
2026-08-14 08:18:28 | INFO     | deepstream_ai.face.service | [FACE_IDENTITY] camera=camera-02 track=0 reason=unknown_retry candidate_known=False candidate_similarity=-1.000 retained_known=False retained_similarity=-1.000 samples=3 best_quality=0.933
2026-08-14 08:18:30 | INFO     | deepstream_ai.pipeline.adaptive | [ADAPTIVE_LOAD] profile=normal source_fps=30.00 gpu=76.0% mem=2.0% nvdec=50.0% queue=0.0% drops_delta=0
2026-08-14 08:18:30 | INFO     | deepstream_ai.face.service | [FACE_IDENTITY] camera=camera-02 track=0 reason=unknown_retry candidate_known=False candidate_similarity=-1.000 retained_known=False retained_similarity=-1.000 samples=3 best_quality=0.926
2026-08-14 08:18:32 | INFO     | deepstream_ai.pipeline.adaptive | [ADAPTIVE_LOAD] profile=normal source_fps=30.00 gpu=81.0% mem=1.0% nvdec=70.0% queue=0.0% drops_delta=0
2026-08-14 08:18:32 | INFO     | deepstream_ai.face.service | [FACE_IDENTITY] camera=camera-02 track=0 reason=unknown_retry candidate_known=False candidate_similarity=-1.000 retained_known=False retained_similarity=-1.000 samples=3 best_quality=0.923
2026-08-14 08:18:34 | INFO     | deepstream_ai.pipeline.adaptive | [ADAPTIVE_LOAD] profile=normal source_fps=30.00 gpu=91.0% mem=2.0% nvdec=80.0% queue=0.0% drops_delta=0
2026-08-14 08:18:34 | INFO     | deepstream_ai.face.service | [FACE_IDENTITY] camera=camera-02 track=0 reason=unknown_retry candidate_known=False candidate_similarity=-1.000 retained_known=False retained_similarity=-1.000 samples=3 best_quality=0.920
2026-08-14 08:18:36 | INFO     | deepstream_ai.pipeline.adaptive | [ADAPTIVE_LOAD] profile=normal source_fps=30.00 gpu=82.0% mem=2.0% nvdec=53.0% queue=0.0% drops_delta=0
2026-08-14 08:18:36 | INFO     | deepstream_ai.face.service | [FACE_IDENTITY] camera=camera-02 track=0 reason=unknown_retry candidate_known=False candidate_similarity=-1.000 retained_known=False retained_similarity=-1.000 samples=3 best_quality=0.926
2026-08-14 08:18:38 | INFO     | deepstream_ai.pipeline.adaptive | [ADAPTIVE_LOAD] profile=normal source_fps=30.00 gpu=71.0% mem=1.0% nvdec=54.0% queue=0.0% drops_delta=0
2026-08-14 08:18:38 | INFO     | deepstream_ai.face.service | [FACE_IDENTITY] camera=camera-02 track=0 reason=unknown_retry candidate_known=False candidate_similarity=-1.000 retained_known=False retained_similarity=-1.000 samples=3 best_quality=0.926
2026-08-14 08:18:40 | INFO     | deepstream_ai.pipeline.adaptive | [ADAPTIVE_LOAD] profile=normal source_fps=30.00 gpu=80.0% mem=1.0% nvdec=61.0% queue=0.0% drops_delta=0
2026-08-14 08:18:40 | INFO     | deepstream_ai.face.service | [FACE_IDENTITY] camera=camera-02 track=0 reason=unknown_retry candidate_known=False candidate_similarity=-1.000 retained_known=False retained_similarity=-1.000 samples=3 best_quality=0.925
2026-08-14 08:18:42 | INFO     | deepstream_ai.pipeline.adaptive | [ADAPTIVE_LOAD] profile=normal source_fps=30.00 gpu=85.0% mem=2.0% nvdec=44.0% queue=0.0% drops_delta=0
2026-08-14 08:18:42 | INFO     | deepstream_ai.face.service | [FACE_IDENTITY] camera=camera-02 track=0 reason=unknown_retry candidate_known=False candidate_similarity=-1.000 retained_known=False retained_similarity=-1.000 samples=3 best_quality=0.928
2026-08-14 08:18:44 | INFO     | deepstream_ai.pipeline.adaptive | [ADAPTIVE_LOAD] profile=normal source_fps=30.00 gpu=75.0% mem=1.0% nvdec=64.0% queue=0.0% drops_delta=0
2026-08-14 08:18:44 | INFO     | deepstream_ai.face.service | [FACE_IDENTITY] camera=camera-02 track=0 reason=unknown_retry candidate_known=False candidate_similarity=-1.000 retained_known=False retained_similarity=-1.000 samples=3 best_quality=0.920
2026-08-14 08:18:46 | INFO     | deepstream_ai.pipeline.adaptive | [ADAPTIVE_LOAD] profile=normal source_fps=30.00 gpu=78.0% mem=1.0% nvdec=48.0% queue=0.0% drops_delta=0
2026-08-14 08:18:46 | INFO     | deepstream_ai.face.service | [FACE_IDENTITY] camera=camera-02 track=0 reason=unknown_retry candidate_known=False candidate_similarity=-1.000 retained_known=False retained_similarity=-1.000 samples=3 best_quality=0.924
2026-08-14 08:18:48 | INFO     | deepstream_ai.pipeline.adaptive | [ADAPTIVE_LOAD] profile=normal source_fps=30.00 gpu=77.0% mem=2.0% nvdec=67.0% queue=0.0% drops_delta=0
2026-08-14 08:18:48 | INFO     | deepstream_ai.face.service | [FACE_IDENTITY] camera=camera-02 track=0 reason=unknown_retry candidate_known=False candidate_similarity=-1.000 retained_known=False retained_similarity=-1.000 samples=3 best_quality=0.922
2026-08-14 08:18:50 | INFO     | deepstream_ai.pipeline.adaptive | [ADAPTIVE_LOAD] profile=normal source_fps=30.00 gpu=79.0% mem=2.0% nvdec=61.0% queue=0.0% drops_delta=0
2026-08-14 08:18:50 | INFO     | deepstream_ai.face.service | [FACE_IDENTITY] camera=camera-02 track=0 reason=unknown_retry candidate_known=False candidate_similarity=-1.000 retained_known=False retained_similarity=-1.000 samples=3 best_quality=0.934
2026-08-14 08:18:52 | INFO     | deepstream_ai.pipeline.adaptive | [ADAPTIVE_LOAD] profile=normal source_fps=30.00 gpu=71.0% mem=1.0% nvdec=60.0% queue=0.0% drops_delta=0
2026-08-14 08:18:52 | INFO     | deepstream_ai.face.service | [FACE_IDENTITY] camera=camera-02 track=0 reason=unknown_retry candidate_known=False candidate_similarity=-1.000 retained_known=False retained_similarity=-1.000 samples=3 best_quality=0.932
2026-08-14 08:18:54 | INFO     | deepstream_ai.pipeline.adaptive | [ADAPTIVE_LOAD] profile=normal source_fps=30.00 gpu=82.0% mem=1.0% nvdec=65.0% queue=0.0% drops_delta=0
2026-08-14 08:18:54 | INFO     | deepstream_ai.face.service | [FACE_IDENTITY] camera=camera-02 track=0 reason=unknown_retry candidate_known=False candidate_similarity=-1.000 retained_known=False retained_similarity=-1.000 samples=3 best_quality=0.931
2026-08-14 08:18:56 | INFO     | deepstream_ai.pipeline.adaptive | [ADAPTIVE_LOAD] profile=normal source_fps=30.00 gpu=90.0% mem=2.0% nvdec=48.0% queue=0.0% drops_delta=0
2026-08-14 08:18:56 | INFO     | deepstream_ai.face.service | [FACE_IDENTITY] camera=camera-02 track=0 reason=unknown_retry candidate_known=False candidate_similarity=-1.000 retained_known=False retained_similarity=-1.000 samples=3 best_quality=0.900
2026-08-14 08:18:58 | INFO     | deepstream_ai.pipeline.adaptive | [ADAPTIVE_LOAD] profile=normal source_fps=30.00 gpu=80.0% mem=2.0% nvdec=48.0% queue=0.0% drops_delta=0
2026-08-14 08:18:58 | INFO     | deepstream_ai.face.service | [FACE_IDENTITY] camera=camera-02 track=0 reason=unknown_retry candidate_known=False candidate_similarity=-1.000 retained_known=False retained_similarity=-1.000 samples=3 best_quality=0.938
2026-08-14 08:19:00 | INFO     | deepstream_ai.pipeline.adaptive | [ADAPTIVE_LOAD] profile=normal source_fps=30.00 gpu=74.0% mem=2.0% nvdec=66.0% queue=0.0% drops_delta=0
2026-08-14 08:19:00 | INFO     | deepstream_ai.face.service | [FACE_IDENTITY] camera=camera-02 track=0 reason=unknown_retry candidate_known=False candidate_similarity=-1.000 retained_known=False retained_similarity=-1.000 samples=3 best_quality=0.932
2026-08-14 08:19:02 | INFO     | deepstream_ai.pipeline.adaptive | [ADAPTIVE_LOAD] profile=normal source_fps=30.00 gpu=83.0% mem=2.0% nvdec=59.0% queue=0.0% drops_delta=0
2026-08-14 08:19:03 | INFO     | deepstream_ai.face.service | [FACE_IDENTITY] camera=camera-02 track=0 reason=unknown_retry candidate_known=False candidate_similarity=-1.000 retained_known=False retained_similarity=-1.000 samples=3 best_quality=0.936
2026-08-14 08:19:04 | INFO     | deepstream_ai.pipeline.adaptive | [ADAPTIVE_LOAD] profile=normal source_fps=30.00 gpu=87.0% mem=2.0% nvdec=65.0% queue=0.0% drops_delta=0
2026-08-14 08:19:05 | INFO     | deepstream_ai.face.service | [FACE_IDENTITY] camera=camera-02 track=0 reason=unknown_retry candidate_known=False candidate_similarity=-1.000 retained_known=False retained_similarity=-1.000 samples=3 best_quality=0.932
2026-08-14 08:19:06 | INFO     | deepstream_ai.pipeline.adaptive | [ADAPTIVE_LOAD] profile=normal source_fps=30.00 gpu=76.0% mem=2.0% nvdec=66.0% queue=0.0% drops_delta=0
2026-08-14 08:19:07 | INFO     | deepstream_ai.face.service | [FACE_IDENTITY] camera=camera-02 track=0 reason=unknown_retry candidate_known=False candidate_similarity=-1.000 retained_known=False retained_similarity=-1.000 samples=3 best_quality=0.911
2026-08-14 08:19:08 | INFO     | deepstream_ai.pipeline.adaptive | [ADAPTIVE_LOAD] profile=normal source_fps=30.00 gpu=77.0% mem=2.0% nvdec=67.0% queue=0.0% drops_delta=0
2026-08-14 08:19:09 | INFO     | deepstream_ai.face.service | [FACE_IDENTITY] camera=camera-02 track=0 reason=unknown_retry candidate_known=False candidate_similarity=-1.000 retained_known=False retained_similarity=-1.000 samples=3 best_quality=0.947
2026-08-14 08:19:10 | INFO     | deepstream_ai.pipeline.adaptive | [ADAPTIVE_LOAD] profile=normal source_fps=30.00 gpu=71.0% mem=2.0% nvdec=54.0% queue=0.0% drops_delta=0
2026-08-14 08:19:11 | INFO     | deepstream_ai.face.service | [FACE_IDENTITY] camera=camera-02 track=0 reason=unknown_retry candidate_known=False candidate_similarity=-1.000 retained_known=False retained_similarity=-1.000 samples=3 best_quality=0.786
2026-08-14 08:19:12 | INFO     | deepstream_ai.pipeline.adaptive | [ADAPTIVE_LOAD] profile=normal source_fps=30.00 gpu=85.0% mem=2.0% nvdec=41.0% queue=0.0% drops_delta=0
2026-08-14 08:19:13 | INFO     | deepstream_ai.face.service | [FACE_IDENTITY] camera=camera-02 track=0 reason=unknown_retry candidate_known=False candidate_similarity=-1.000 retained_known=False retained_similarity=-1.000 samples=3 best_quality=0.729
2026-08-14 08:19:14 | INFO     | deepstream_ai.pipeline.adaptive | [ADAPTIVE_LOAD] profile=normal source_fps=30.00 gpu=72.0% mem=1.0% nvdec=62.0% queue=0.0% drops_delta=0
2026-08-14 08:19:15 | INFO     | deepstream_ai.face.service | [FACE_IDENTITY] camera=camera-02 track=0 reason=unknown_retry candidate_known=False candidate_similarity=-1.000 retained_known=False retained_similarity=-1.000 samples=3 best_quality=0.727
2026-08-14 08:19:16 | INFO     | deepstream_ai.pipeline.adaptive | [ADAPTIVE_LOAD] profile=normal source_fps=30.00 gpu=83.0% mem=2.0% nvdec=67.0% queue=0.0% drops_delta=0
2026-08-14 08:19:17 | INFO     | deepstream_ai.face.service | [FACE_IDENTITY] camera=camera-02 track=0 reason=unknown_retry candidate_known=False candidate_similarity=-1.000 retained_known=False retained_similarity=-1.000 samples=3 best_quality=0.723
2026-08-14 08:19:18 | INFO     | deepstream_ai.pipeline.adaptive | [ADAPTIVE_LOAD] profile=normal source_fps=30.00 gpu=85.0% mem=2.0% nvdec=42.0% queue=0.0% drops_delta=0
2026-08-14 08:19:19 | INFO     | deepstream_ai.face.service | [FACE_IDENTITY] camera=camera-02 track=0 reason=unknown_retry candidate_known=False candidate_similarity=-1.000 retained_known=False retained_similarity=-1.000 samples=3 best_quality=0.702
2026-08-14 08:19:20 | INFO     | deepstream_ai.pipeline.adaptive | [ADAPTIVE_LOAD] profile=normal source_fps=30.00 gpu=82.0% mem=2.0% nvdec=63.0% queue=0.0% drops_delta=0
2026-08-14 08:19:21 | INFO     | deepstream_ai.face.service | [FACE_IDENTITY] camera=camera-02 track=0 reason=unknown_retry candidate_known=False candidate_similarity=-1.000 retained_known=False retained_similarity=-1.000 samples=3 best_quality=0.730
2026-08-14 08:19:22 | INFO     | deepstream_ai.pipeline.adaptive | [ADAPTIVE_LOAD] profile=normal source_fps=30.00 gpu=77.0% mem=2.0% nvdec=66.0% queue=0.0% drops_delta=0
2026-08-14 08:19:23 | INFO     | deepstream_ai.face.service | [FACE_IDENTITY] camera=camera-02 track=0 reason=unknown_retry candidate_known=False candidate_similarity=-1.000 retained_known=False retained_similarity=-1.000 samples=3 best_quality=0.738
2026-08-14 08:19:24 | INFO     | deepstream_ai.pipeline.adaptive | [ADAPTIVE_LOAD] profile=normal source_fps=30.00 gpu=82.0% mem=2.0% nvdec=71.0% queue=0.0% drops_delta=0
2026-08-14 08:19:25 | INFO     | deepstream_ai.face.service | [FACE_IDENTITY] camera=camera-02 track=0 reason=unknown_retry candidate_known=False candidate_similarity=-1.000 retained_known=False retained_similarity=-1.000 samples=3 best_quality=0.695
2026-08-14 08:19:26 | INFO     | deepstream_ai.pipeline.adaptive | [ADAPTIVE_LOAD] profile=normal source_fps=30.00 gpu=85.0% mem=2.0% nvdec=74.0% queue=0.0% drops_delta=0
2026-08-14 08:19:28 | INFO     | deepstream_ai.face.service | [FACE_IDENTITY] camera=camera-02 track=0 reason=unknown_retry candidate_known=False candidate_similarity=-1.000 retained_known=False retained_similarity=-1.000 samples=2 best_quality=0.682
2026-08-14 08:19:28 | INFO     | deepstream_ai.pipeline.adaptive | [ADAPTIVE_LOAD] profile=normal source_fps=30.00 gpu=77.0% mem=2.0% nvdec=61.0% queue=0.0% drops_delta=0
2026-08-14 08:19:30 | INFO     | deepstream_ai.face.service | [FACE_IDENTITY] camera=camera-02 track=0 reason=unknown_retry candidate_known=False candidate_similarity=-1.000 retained_known=False retained_similarity=-1.000 samples=3 best_quality=0.720
2026-08-14 08:19:30 | INFO     | deepstream_ai.pipeline.adaptive | [ADAPTIVE_LOAD] profile=normal source_fps=30.00 gpu=77.0% mem=2.0% nvdec=58.0% queue=0.0% drops_delta=0
2026-08-14 08:19:32 | INFO     | deepstream_ai.face.service | [FACE_IDENTITY] camera=camera-02 track=0 reason=unknown_retry candidate_known=False candidate_similarity=-1.000 retained_known=False retained_similarity=-1.000 samples=3 best_quality=0.737
2026-08-14 08:19:32 | INFO     | deepstream_ai.pipeline.adaptive | [ADAPTIVE_LOAD] profile=normal source_fps=30.00 gpu=77.0% mem=1.0% nvdec=59.0% queue=0.0% drops_delta=0
2026-08-14 08:19:33 | INFO     | deepstream_ai.pipeline.runner | 收到停止请求
2026-08-14 08:19:33 | INFO     | deepstream_ai.pipeline.runner | [RTSP_STOP] live source: skip EOS and stop main loop immediately
2026-08-14 08:19:33 | INFO     | deepstream_ai.pipeline.metadata | 
========== Probe Performance ==========
Probe Callbacks:              2485
Probe Frames:                 2485
Probe Queue Drops:            0
Probe Errors:                 0
Average Probe Time (ms):      3.346
P95 Probe Time (ms):          23.000
Max Probe Time (ms):          44.369
Tracker ReID Vectors:         291
Tracker ReID Missing:         1455
=======================================
2026-08-14 08:19:33 | INFO     | deepstream_ai.pipeline.runner | [TRACK_SHADOW_SUMMARY] frames=0 objects=0 hidden_by_age=0 errors=0
2026-08-14 08:19:33 | INFO     | deepstream_ai.pipeline.runner | [PRETRACKER_GUARD_SUMMARY] frames=2486 verified_people=366 suppressed=0 errors=0
2026-08-14 08:19:33 | INFO     | deepstream_ai.pipeline.runner | DeepStream Pipeline 已停止
2026-08-14 08:19:33 | INFO     | deepstream_ai.face.service | [FACE_IDENTITY] camera=camera-02 track=0 reason=finalize_fallback candidate_known=False candidate_similarity=-1.000 retained_known=False retained_similarity=-1.000 samples=3 best_quality=0.719
2026-08-14 08:19:34 | INFO     | deepstream_ai.snapshot.rolling_manager | [TRACK_FINALIZE] camera=camera-02 track=0 source=best_face identity=unknown similarity=-1.000 quality=0.918
2026-08-14 08:19:34 | INFO     | deepstream_ai.snapshot.rolling_manager | Evidence Summary tracks=1 finalized=1 success=1 failed=0 missing=0 best_face=1 face_fallback=0 best_person=0 person_fallback=0 know=0 unknown=1
