2026-08-15 03:23:39 | INFO     | __main__ | 模型预检通过 config=/workspace/configs/nvinfer/person-peoplenet.txt engine=/workspace/models/peoplenet/resnet34_peoplenet.onnx_b1_gpu0_fp16.engine source_models=['/workspace/models/peoplenet/resnet34_peoplenet.onnx']
2026-08-15 03:23:39 | INFO     | __main__ | 模型预检通过 config=/workspace/configs/nvinfer/face.example.txt engine=/workspace/models/face.engine source_models=['/workspace/models/face-deepstream.onnx']
2026-08-15 03:23:39 | INFO     | __main__ | [DETECTOR] PeopleNet
2026-08-15 03:23:39 | INFO     | __main__ | [TRACKER] NvDCF
2026-08-15 03:23:39 | INFO     | __main__ | [TRACKER_CONFIG] /workspace/configs/tracker/nvdcf.yml
2026-08-15 03:23:39 | INFO     | __main__ | [PEOPLENET_CLASSES] person=0, bag=1, face=2
2026-08-15 03:23:39 | INFO     | __main__ | [TASK_RECORDING] enabled=true path=/workspace/output/tasks/dab517e43f4e4dfa/result.mp4 sync=false
2026-08-15 03:23:39 | INFO     | __main__ | DeepStream Python runtime 已加载: {'gstreamer': '1.24.2.0', 'pyds': '1.2.3'}
[0;93m2026-08-15 03:23:39.982673953 [W:onnxruntime:Default, device_discovery.cc:285 GetGpuDevices] Failed to detect devices under "/sys/class/drm/card0": device_discovery.cc:94 ReadFileContents Failed to open file: "/sys/class/drm/card0/device/vendor"[m
2026-08-15 03:23:41 | INFO     | deepstream_ai.pipeline.source | RTSP 实时模式: camera_id=camera-01 transport=tcp latency_ms=200 drop_on_latency=true reconnect_interval_sec=10
2026-08-15 03:23:42 | INFO     | deepstream_ai.pipeline.builder | 配置推理组件 name=person-detector unique_id=1 target_fps=5.00 interval=5 runtime_config=/workspace/output/tasks/dab517e43f4e4dfa/.runtime/nvinfer/person-detector.txt
2026-08-15 03:23:42 | INFO     | deepstream_ai.pipeline.builder | 配置推理组件 name=face-detector unique_id=2 target_fps=5.00 secondary-reinfer-interval=6 runtime_config=/workspace/output/tasks/dab517e43f4e4dfa/.runtime/nvinfer/face-detector.txt
2026-08-15 03:23:42 | INFO     | deepstream_ai.pipeline.builder | 行为模型已关闭，不创建 nvinfer: smoking
2026-08-15 03:23:42 | INFO     | deepstream_ai.pipeline.builder | 行为模型已关闭，不创建 nvinfer: eating
2026-08-15 03:23:42 | INFO     | deepstream_ai.pipeline.builder | 行为模型已关闭，不创建 nvinfer: drinking
2026-08-15 03:23:42 | INFO     | deepstream_ai.pipeline.builder | 行为模型已关闭，不创建 nvinfer: carrying
2026-08-15 03:23:42 | INFO     | deepstream_ai.pipeline.builder | [TASK_RECORDING] mux=fragmented-mp4 fragment_ms=1000 stop_safe=true
2026-08-15 03:23:42 | INFO     | deepstream_ai.pipeline.builder | 结果视频输出: /workspace/output/tasks/dab517e43f4e4dfa/result.mp4 encoder=nvidia
2026-08-15 03:23:42 | INFO     | deepstream_ai.pipeline.peoplenet_pretracker_guard | [PRETRACKER_GUARD] enabled=True pgie_uid=1 person_classes=[0] max_conf=0.550 left<=0.030 top<=0.020 width=[0.400,0.500] height>=0.930 right<=0.520 frame=1920x1080
2026-08-15 03:23:42 | INFO     | deepstream_ai.pipeline.runner | [TRACK_SHADOW] preview bridge enabled max_age=1.50s
Opening in BLOCKING MODE 
0:00:02.318397387 [33m  104[00m     0x12beca00 [33;01mWARN   [00m [00m                v4l2 gstv4l2object.c:3123:gst_v4l2_object_get_nearest_size:<h264-encoder:sink>[00m Unable to try format: Unknown error -1
0:00:02.318871468 [33m  104[00m     0x12beca00 [33;01mWARN   [00m [00m                v4l2 gstv4l2object.c:3008:gst_v4l2_object_probe_caps_for_format:<h264-encoder:sink>[00m Could not probe minimum capture size for pixelformat YM12
0:00:02.319357259 [33m  104[00m     0x12beca00 [33;01mWARN   [00m [00m                v4l2 gstv4l2object.c:3123:gst_v4l2_object_get_nearest_size:<h264-encoder:sink>[00m Unable to try format: Unknown error -1
0:00:02.320229637 [33m  104[00m     0x12beca00 [33;01mWARN   [00m [00m                v4l2 gstv4l2object.c:3014:gst_v4l2_object_probe_caps_for_format:<h264-encoder:sink>[00m Could not probe maximum capture size for pixelformat YM12
0:00:02.321069966 [33m  104[00m     0x12beca00 [33;01mWARN   [00m [00m                v4l2 gstv4l2object.c:3123:gst_v4l2_object_get_nearest_size:<h264-encoder:sink>[00m Unable to try format: Unknown error -1
0:00:02.321819430 [33m  104[00m     0x12beca00 [33;01mWARN   [00m [00m                v4l2 gstv4l2object.c:3008:gst_v4l2_object_probe_caps_for_format:<h264-encoder:sink>[00m Could not probe minimum capture size for pixelformat Y444
0:00:02.322283359 [33m  104[00m     0x12beca00 [33;01mWARN   [00m [00m                v4l2 gstv4l2object.c:3123:gst_v4l2_object_get_nearest_size:<h264-encoder:sink>[00m Unable to try format: Unknown error -1
0:00:02.322903974 [33m  104[00m     0x12beca00 [33;01mWARN   [00m [00m                v4l2 gstv4l2object.c:3014:gst_v4l2_object_probe_caps_for_format:<h264-encoder:sink>[00m Could not probe maximum capture size for pixelformat Y444
0:00:02.323477763 [33m  104[00m     0x12beca00 [33;01mWARN   [00m [00m                v4l2 gstv4l2object.c:3123:gst_v4l2_object_get_nearest_size:<h264-encoder:sink>[00m Unable to try format: Unknown error -1
0:00:02.324216844 [33m  104[00m     0x12beca00 [33;01mWARN   [00m [00m                v4l2 gstv4l2object.c:3008:gst_v4l2_object_probe_caps_for_format:<h264-encoder:sink>[00m Could not probe minimum capture size for pixelformat P216
0:00:02.324547339 [33m  104[00m     0x12beca00 [33;01mWARN   [00m [00m                v4l2 gstv4l2object.c:3123:gst_v4l2_object_get_nearest_size:<h264-encoder:sink>[00m Unable to try format: Unknown error -1
0:00:02.325262299 [33m  104[00m     0x12beca00 [33;01mWARN   [00m [00m                v4l2 gstv4l2object.c:3014:gst_v4l2_object_probe_caps_for_format:<h264-encoder:sink>[00m Could not probe maximum capture size for pixelformat P216
0:00:02.326105714 [33m  104[00m     0x12beca00 [33;01mWARN   [00m [00m                v4l2 gstv4l2object.c:3123:gst_v4l2_object_get_nearest_size:<h264-encoder:sink>[00m Unable to try format: Unknown error -1
0:00:02.326897850 [33m  104[00m     0x12beca00 [33;01mWARN   [00m [00m                v4l2 gstv4l2object.c:3008:gst_v4l2_object_probe_caps_for_format:<h264-encoder:sink>[00m Could not probe minimum capture size for pixelformat NM16
0:00:02.327364078 [33m  104[00m     0x12beca00 [33;01mWARN   [00m [00m                v4l2 gstv4l2object.c:3123:gst_v4l2_object_get_nearest_size:<h264-encoder:sink>[00m Unable to try format: Unknown error -1
0:00:02.328167201 [33m  104[00m     0x12beca00 [33;01mWARN   [00m [00m                v4l2 gstv4l2object.c:3014:gst_v4l2_object_probe_caps_for_format:<h264-encoder:sink>[00m Could not probe maximum capture size for pixelformat NM16
0:00:02.328532807 [33m  104[00m     0x12beca00 [33;01mWARN   [00m [00m                v4l2 gstv4l2object.c:3123:gst_v4l2_object_get_nearest_size:<h264-encoder:sink>[00m Unable to try format: Unknown error -1
0:00:02.328984497 [33m  104[00m     0x12beca00 [33;01mWARN   [00m [00m                v4l2 gstv4l2object.c:3008:gst_v4l2_object_probe_caps_for_format:<h264-encoder:sink>[00m Could not probe minimum capture size for pixelformat P412
0:00:02.329425666 [33m  104[00m     0x12beca00 [33;01mWARN   [00m [00m                v4l2 gstv4l2object.c:3123:gst_v4l2_object_get_nearest_size:<h264-encoder:sink>[00m Unable to try format: Unknown error -1
0:00:02.329866623 [33m  104[00m     0x12beca00 [33;01mWARN   [00m [00m                v4l2 gstv4l2object.c:3014:gst_v4l2_object_probe_caps_for_format:<h264-encoder:sink>[00m Could not probe maximum capture size for pixelformat P412
0:00:02.330296812 [33m  104[00m     0x12beca00 [33;01mWARN   [00m [00m                v4l2 gstv4l2object.c:3123:gst_v4l2_object_get_nearest_size:<h264-encoder:sink>[00m Unable to try format: Unknown error -1
0:00:02.330721795 [33m  104[00m     0x12beca00 [33;01mWARN   [00m [00m                v4l2 gstv4l2object.c:3008:gst_v4l2_object_probe_caps_for_format:<h264-encoder:sink>[00m Could not probe minimum capture size for pixelformat P410
0:00:02.331166173 [33m  104[00m     0x12beca00 [33;01mWARN   [00m [00m                v4l2 gstv4l2object.c:3123:gst_v4l2_object_get_nearest_size:<h264-encoder:sink>[00m Unable to try format: Unknown error -1
0:00:02.331702905 [33m  104[00m     0x12beca00 [33;01mWARN   [00m [00m                v4l2 gstv4l2object.c:3014:gst_v4l2_object_probe_caps_for_format:<h264-encoder:sink>[00m Could not probe maximum capture size for pixelformat P410
0:00:02.332175346 [33m  104[00m     0x12beca00 [33;01mWARN   [00m [00m                v4l2 gstv4l2object.c:3123:gst_v4l2_object_get_nearest_size:<h264-encoder:sink>[00m Unable to try format: Unknown error -1
0:00:02.332653220 [33m  104[00m     0x12beca00 [33;01mWARN   [00m [00m                v4l2 gstv4l2object.c:3008:gst_v4l2_object_probe_caps_for_format:<h264-encoder:sink>[00m Could not probe minimum capture size for pixelformat PM10
0:00:02.333225827 [33m  104[00m     0x12beca00 [33;01mWARN   [00m [00m                v4l2 gstv4l2object.c:3123:gst_v4l2_object_get_nearest_size:<h264-encoder:sink>[00m Unable to try format: Unknown error -1
0:00:02.333794940 [33m  104[00m     0x12beca00 [33;01mWARN   [00m [00m                v4l2 gstv4l2object.c:3014:gst_v4l2_object_probe_caps_for_format:<h264-encoder:sink>[00m Could not probe maximum capture size for pixelformat PM10
0:00:02.334335193 [33m  104[00m     0x12beca00 [33;01mWARN   [00m [00m                v4l2 gstv4l2object.c:3123:gst_v4l2_object_get_nearest_size:<h264-encoder:sink>[00m Unable to try format: Unknown error -1
0:00:02.334772645 [33m  104[00m     0x12beca00 [33;01mWARN   [00m [00m                v4l2 gstv4l2object.c:3008:gst_v4l2_object_probe_caps_for_format:<h264-encoder:sink>[00m Could not probe minimum capture size for pixelformat NM12
0:00:02.335222217 [33m  104[00m     0x12beca00 [33;01mWARN   [00m [00m                v4l2 gstv4l2object.c:3123:gst_v4l2_object_get_nearest_size:<h264-encoder:sink>[00m Unable to try format: Unknown error -1
0:00:02.335806023 [33m  104[00m     0x12beca00 [33;01mWARN   [00m [00m                v4l2 gstv4l2object.c:3014:gst_v4l2_object_probe_caps_for_format:<h264-encoder:sink>[00m Could not probe maximum capture size for pixelformat NM12
0:00:02.336806960 [33m  104[00m     0x12beca00 [33;01mWARN   [00m [00m                v4l2 gstv4l2object.c:3123:gst_v4l2_object_get_nearest_size:<h264-encoder:src>[00m Unable to try format: Unknown error -1
0:00:02.337457218 [33m  104[00m     0x12beca00 [33;01mWARN   [00m [00m                v4l2 gstv4l2object.c:3008:gst_v4l2_object_probe_caps_for_format:<h264-encoder:src>[00m Could not probe minimum capture size for pixelformat H264
0:00:02.338352478 [33m  104[00m     0x12beca00 [33;01mWARN   [00m [00m                v4l2 gstv4l2object.c:3123:gst_v4l2_object_get_nearest_size:<h264-encoder:src>[00m Unable to try format: Unknown error -1
0:00:02.338880262 [33m  104[00m     0x12beca00 [33;01mWARN   [00m [00m                v4l2 gstv4l2object.c:3014:gst_v4l2_object_probe_caps_for_format:<h264-encoder:src>[00m Could not probe maximum capture size for pixelformat H264
Protocol set: 0x4
0:00:02.468035526 [33m  104[00m     0x12beca00 [36mINFO   [00m [00m             nvinfer gstnvinfer.cpp:725:gst_nvinfer_logger:<face-detector>[00m NvDsInferContext[UID 2]: Info from NvDsInferContextImpl::deserializeEngineAndBackend() <nvdsinfer_context_impl.cpp:2183> [UID = 2]: deserialized trt engine from :/workspace/models/face.engine
INFO: ../nvdsinfer/nvdsinfer_model_builder.cpp:376 [Implicit Engine Info]: layers num: 0

0:00:02.469812855 [33m  104[00m     0x12beca00 [36mINFO   [00m [00m             nvinfer gstnvinfer.cpp:725:gst_nvinfer_logger:<face-detector>[00m NvDsInferContext[UID 2]: Info from NvDsInferContextImpl::generateBackendContext() <nvdsinfer_context_impl.cpp:2286> [UID = 2]: Use deserialized engine model: /workspace/models/face.engine
0:00:02.490598977 [33m  104[00m     0x12beca00 [36mINFO   [00m [00m             nvinfer gstnvinfer_impl.cpp:343:notifyLoadModelStatus:<face-detector>[00m [UID 2]: Load new model:/workspace/output/tasks/dab517e43f4e4dfa/.runtime/nvinfer/face-detector.txt sucessfully
gstnvtracker: Loading low-level lib at /opt/nvidia/deepstream/deepstream/lib/libnvds_nvmultiobjecttracker.so
[NvMultiObjectTracker] Loading TRT Engine for model: /workspace/models/tracker/resnet50_market1501_aicity156.onnx_b16_gpu0_fp16.engine
[NvMultiObjectTracker] Loading Complete!
[NvMultiObjectTracker] Initialized
0:00:04.921995525 [33m  104[00m     0x12beca00 [36mINFO   [00m [00m             nvinfer gstnvinfer.cpp:725:gst_nvinfer_logger:<person-detector>[00m NvDsInferContext[UID 1]: Info from NvDsInferContextImpl::deserializeEngineAndBackend() <nvdsinfer_context_impl.cpp:2183> [UID = 1]: deserialized trt engine from :/workspace/models/peoplenet/resnet34_peoplenet.onnx_b1_gpu0_fp16.engine
INFO: ../nvdsinfer/nvdsinfer_model_builder.cpp:376 [Implicit Engine Info]: layers num: 0

0:00:04.923803182 [33m  104[00m     0x12beca00 [36mINFO   [00m [00m             nvinfer gstnvinfer.cpp:725:gst_nvinfer_logger:<person-detector>[00m NvDsInferContext[UID 1]: Info from NvDsInferContextImpl::generateBackendContext() <nvdsinfer_context_impl.cpp:2286> [UID = 1]: Use deserialized engine model: /workspace/models/peoplenet/resnet34_peoplenet.onnx_b1_gpu0_fp16.engine
0:00:04.931523262 [33m  104[00m     0x12beca00 [36mINFO   [00m [00m             nvinfer gstnvinfer_impl.cpp:343:notifyLoadModelStatus:<person-detector>[00m [UID 1]: Load new model:/workspace/output/tasks/dab517e43f4e4dfa/.runtime/nvinfer/person-detector.txt sucessfully
2026-08-15 03:23:44 | INFO     | deepstream_ai.pipeline.runner | DeepStream Pipeline 已启动，sources=1
2026-08-15 03:23:44 | INFO     | deepstream_ai.pipeline.adaptive_realtime | [ADAPTIVE_RATE] component=person target=5.00 floor=5.00 actual≈5.00 interval=5 reason=source_profile
2026-08-15 03:23:44 | INFO     | deepstream_ai.pipeline.adaptive_realtime | [ADAPTIVE_RATE_STATIC] component=face target=5.00 actual≈5.00 reinfer=6 reason=config_startup runtime_update=unsupported
2026-08-15 03:23:44 | INFO     | deepstream_ai.pipeline.adaptive | [ADAPTIVE_LOAD] profile=normal source_fps=30.00 gpu=4.0% mem=0.0% nvdec=0.0% queue=0.0% drops_delta=0
2026-08-15 03:23:44 | INFO     | deepstream_ai.pipeline.adaptive | [ADAPTIVE] enabled profile=normal sample=2.0s window=10.0s
2026-08-15 03:23:45 | INFO     | deepstream_ai.pipeline.source | 视频源已连接: camera_id=camera-01 uri=vsrc_0
2026-08-15 03:23:45 | INFO     | deepstream_ai.pipeline.source | [NVDEC] camera_id=camera-01 decoder=nvv4l2decoder0 cudadec_memtype=device
Opening in BLOCKING MODE 
0:00:05.963966372 [33m  104[00m 0x7f48a00018b0 [33;01mWARN   [00m [00m                v4l2 gstv4l2object.c:3123:gst_v4l2_object_get_nearest_size:<nvv4l2decoder0:sink>[00m Unable to try format: Unknown error -1
0:00:05.964626145 [33m  104[00m 0x7f48a00018b0 [33;01mWARN   [00m [00m                v4l2 gstv4l2object.c:3008:gst_v4l2_object_probe_caps_for_format:<nvv4l2decoder0:sink>[00m Could not probe minimum capture size for pixelformat MJPG
0:00:05.965296152 [33m  104[00m 0x7f48a00018b0 [33;01mWARN   [00m [00m                v4l2 gstv4l2object.c:3123:gst_v4l2_object_get_nearest_size:<nvv4l2decoder0:sink>[00m Unable to try format: Unknown error -1
0:00:05.969190246 [33m  104[00m 0x7f48a00018b0 [33;01mWARN   [00m [00m                v4l2 gstv4l2object.c:3014:gst_v4l2_object_probe_caps_for_format:<nvv4l2decoder0:sink>[00m Could not probe maximum capture size for pixelformat MJPG
0:00:05.970169905 [33m  104[00m 0x7f48a00018b0 [33;01mWARN   [00m [00m                v4l2 gstv4l2object.c:3123:gst_v4l2_object_get_nearest_size:<nvv4l2decoder0:sink>[00m Unable to try format: Unknown error -1
0:00:05.971110496 [33m  104[00m 0x7f48a00018b0 [33;01mWARN   [00m [00m                v4l2 gstv4l2object.c:3008:gst_v4l2_object_probe_caps_for_format:<nvv4l2decoder0:sink>[00m Could not probe minimum capture size for pixelformat AV10
0:00:05.973330247 [33m  104[00m 0x7f48a00018b0 [33;01mWARN   [00m [00m                v4l2 gstv4l2object.c:3123:gst_v4l2_object_get_nearest_size:<nvv4l2decoder0:sink>[00m Unable to try format: Unknown error -1
0:00:05.974087634 [33m  104[00m 0x7f48a00018b0 [33;01mWARN   [00m [00m                v4l2 gstv4l2object.c:3014:gst_v4l2_object_probe_caps_for_format:<nvv4l2decoder0:sink>[00m Could not probe maximum capture size for pixelformat AV10
0:00:05.974769961 [33m  104[00m 0x7f48a00018b0 [33;01mWARN   [00m [00m                v4l2 gstv4l2object.c:3123:gst_v4l2_object_get_nearest_size:<nvv4l2decoder0:sink>[00m Unable to try format: Unknown error -1
0:00:05.975899308 [33m  104[00m 0x7f48a00018b0 [33;01mWARN   [00m [00m                v4l2 gstv4l2object.c:3008:gst_v4l2_object_probe_caps_for_format:<nvv4l2decoder0:sink>[00m Could not probe minimum capture size for pixelformat DVX5
0:00:05.976550967 [33m  104[00m 0x7f48a00018b0 [33;01mWARN   [00m [00m                v4l2 gstv4l2object.c:3123:gst_v4l2_object_get_nearest_size:<nvv4l2decoder0:sink>[00m Unable to try format: Unknown error -1
0:00:05.976828753 [33m  104[00m 0x7f48a00018b0 [33;01mWARN   [00m [00m                v4l2 gstv4l2object.c:3014:gst_v4l2_object_probe_caps_for_format:<nvv4l2decoder0:sink>[00m Could not probe maximum capture size for pixelformat DVX5
0:00:05.977340815 [33m  104[00m 0x7f48a00018b0 [33;01mWARN   [00m [00m                v4l2 gstv4l2object.c:3123:gst_v4l2_object_get_nearest_size:<nvv4l2decoder0:sink>[00m Unable to try format: Unknown error -1
0:00:05.978326871 [33m  104[00m 0x7f48a00018b0 [33;01mWARN   [00m [00m                v4l2 gstv4l2object.c:3008:gst_v4l2_object_probe_caps_for_format:<nvv4l2decoder0:sink>[00m Could not probe minimum capture size for pixelformat DVX4
0:00:05.979164287 [33m  104[00m 0x7f48a00018b0 [33;01mWARN   [00m [00m                v4l2 gstv4l2object.c:3123:gst_v4l2_object_get_nearest_size:<nvv4l2decoder0:sink>[00m Unable to try format: Unknown error -1
0:00:05.980259067 [33m  104[00m 0x7f48a00018b0 [33;01mWARN   [00m [00m                v4l2 gstv4l2object.c:3014:gst_v4l2_object_probe_caps_for_format:<nvv4l2decoder0:sink>[00m Could not probe maximum capture size for pixelformat DVX4
0:00:05.980953836 [33m  104[00m 0x7f48a00018b0 [33;01mWARN   [00m [00m                v4l2 gstv4l2object.c:3123:gst_v4l2_object_get_nearest_size:<nvv4l2decoder0:sink>[00m Unable to try format: Unknown error -1
0:00:05.981461776 [33m  104[00m 0x7f48a00018b0 [33;01mWARN   [00m [00m                v4l2 gstv4l2object.c:3008:gst_v4l2_object_probe_caps_for_format:<nvv4l2decoder0:sink>[00m Could not probe minimum capture size for pixelformat MPG4
0:00:05.982100608 [33m  104[00m 0x7f48a00018b0 [33;01mWARN   [00m [00m                v4l2 gstv4l2object.c:3123:gst_v4l2_object_get_nearest_size:<nvv4l2decoder0:sink>[00m Unable to try format: Unknown error -1
0:00:05.982831880 [33m  104[00m 0x7f48a00018b0 [33;01mWARN   [00m [00m                v4l2 gstv4l2object.c:3014:gst_v4l2_object_probe_caps_for_format:<nvv4l2decoder0:sink>[00m Could not probe maximum capture size for pixelformat MPG4
0:00:05.983102808 [33m  104[00m 0x7f48a00018b0 [33;01mWARN   [00m [00m                v4l2 gstv4l2object.c:3123:gst_v4l2_object_get_nearest_size:<nvv4l2decoder0:sink>[00m Unable to try format: Unknown error -1
0:00:05.983674845 [33m  104[00m 0x7f48a00018b0 [33;01mWARN   [00m [00m                v4l2 gstv4l2object.c:3008:gst_v4l2_object_probe_caps_for_format:<nvv4l2decoder0:sink>[00m Could not probe minimum capture size for pixelformat MPG2
0:00:05.984818192 [33m  104[00m 0x7f48a00018b0 [33;01mWARN   [00m [00m                v4l2 gstv4l2object.c:3123:gst_v4l2_object_get_nearest_size:<nvv4l2decoder0:sink>[00m Unable to try format: Unknown error -1
0:00:05.985754307 [33m  104[00m 0x7f48a00018b0 [33;01mWARN   [00m [00m                v4l2 gstv4l2object.c:3014:gst_v4l2_object_probe_caps_for_format:<nvv4l2decoder0:sink>[00m Could not probe maximum capture size for pixelformat MPG2
0:00:05.986339503 [33m  104[00m 0x7f48a00018b0 [33;01mWARN   [00m [00m                v4l2 gstv4l2object.c:3123:gst_v4l2_object_get_nearest_size:<nvv4l2decoder0:sink>[00m Unable to try format: Unknown error -1
0:00:05.987163011 [33m  104[00m 0x7f48a00018b0 [33;01mWARN   [00m [00m                v4l2 gstv4l2object.c:3008:gst_v4l2_object_probe_caps_for_format:<nvv4l2decoder0:sink>[00m Could not probe minimum capture size for pixelformat H265
0:00:05.988081871 [33m  104[00m 0x7f48a00018b0 [33;01mWARN   [00m [00m                v4l2 gstv4l2object.c:3123:gst_v4l2_object_get_nearest_size:<nvv4l2decoder0:sink>[00m Unable to try format: Unknown error -1
0:00:05.988836458 [33m  104[00m 0x7f48a00018b0 [33;01mWARN   [00m [00m                v4l2 gstv4l2object.c:3014:gst_v4l2_object_probe_caps_for_format:<nvv4l2decoder0:sink>[00m Could not probe maximum capture size for pixelformat H265
0:00:05.989706721 [33m  104[00m 0x7f48a00018b0 [33;01mWARN   [00m [00m                v4l2 gstv4l2object.c:3123:gst_v4l2_object_get_nearest_size:<nvv4l2decoder0:sink>[00m Unable to try format: Unknown error -1
0:00:05.990145562 [33m  104[00m 0x7f48a00018b0 [33;01mWARN   [00m [00m                v4l2 gstv4l2object.c:3008:gst_v4l2_object_probe_caps_for_format:<nvv4l2decoder0:sink>[00m Could not probe minimum capture size for pixelformat VP90
0:00:05.990805831 [33m  104[00m 0x7f48a00018b0 [33;01mWARN   [00m [00m                v4l2 gstv4l2object.c:3123:gst_v4l2_object_get_nearest_size:<nvv4l2decoder0:sink>[00m Unable to try format: Unknown error -1
0:00:05.991224053 [33m  104[00m 0x7f48a00018b0 [33;01mWARN   [00m [00m                v4l2 gstv4l2object.c:3014:gst_v4l2_object_probe_caps_for_format:<nvv4l2decoder0:sink>[00m Could not probe maximum capture size for pixelformat VP90
0:00:05.991635427 [33m  104[00m 0x7f48a00018b0 [33;01mWARN   [00m [00m                v4l2 gstv4l2object.c:3123:gst_v4l2_object_get_nearest_size:<nvv4l2decoder0:sink>[00m Unable to try format: Unknown error -1
0:00:05.991994147 [33m  104[00m 0x7f48a00018b0 [33;01mWARN   [00m [00m                v4l2 gstv4l2object.c:3008:gst_v4l2_object_probe_caps_for_format:<nvv4l2decoder0:sink>[00m Could not probe minimum capture size for pixelformat VP80
0:00:05.992517636 [33m  104[00m 0x7f48a00018b0 [33;01mWARN   [00m [00m                v4l2 gstv4l2object.c:3123:gst_v4l2_object_get_nearest_size:<nvv4l2decoder0:sink>[00m Unable to try format: Unknown error -1
0:00:05.993025892 [33m  104[00m 0x7f48a00018b0 [33;01mWARN   [00m [00m                v4l2 gstv4l2object.c:3014:gst_v4l2_object_probe_caps_for_format:<nvv4l2decoder0:sink>[00m Could not probe maximum capture size for pixelformat VP80
0:00:05.993549251 [33m  104[00m 0x7f48a00018b0 [33;01mWARN   [00m [00m                v4l2 gstv4l2object.c:3123:gst_v4l2_object_get_nearest_size:<nvv4l2decoder0:sink>[00m Unable to try format: Unknown error -1
0:00:05.994000989 [33m  104[00m 0x7f48a00018b0 [33;01mWARN   [00m [00m                v4l2 gstv4l2object.c:3008:gst_v4l2_object_probe_caps_for_format:<nvv4l2decoder0:sink>[00m Could not probe minimum capture size for pixelformat H264
0:00:05.994417791 [33m  104[00m 0x7f48a00018b0 [33;01mWARN   [00m [00m                v4l2 gstv4l2object.c:3123:gst_v4l2_object_get_nearest_size:<nvv4l2decoder0:sink>[00m Unable to try format: Unknown error -1
0:00:05.994921464 [33m  104[00m 0x7f48a00018b0 [33;01mWARN   [00m [00m                v4l2 gstv4l2object.c:3014:gst_v4l2_object_probe_caps_for_format:<nvv4l2decoder0:sink>[00m Could not probe maximum capture size for pixelformat H264
0:00:05.995421048 [33m  104[00m 0x7f48a00018b0 [33;01mWARN   [00m [00m                v4l2 gstv4l2object.c:3123:gst_v4l2_object_get_nearest_size:<nvv4l2decoder0:src>[00m Unable to try format: Unknown error -1
0:00:05.995872211 [33m  104[00m 0x7f48a00018b0 [33;01mWARN   [00m [00m                v4l2 gstv4l2object.c:3008:gst_v4l2_object_probe_caps_for_format:<nvv4l2decoder0:src>[00m Could not probe minimum capture size for pixelformat Y444
0:00:05.996297333 [33m  104[00m 0x7f48a00018b0 [33;01mWARN   [00m [00m                v4l2 gstv4l2object.c:3123:gst_v4l2_object_get_nearest_size:<nvv4l2decoder0:src>[00m Unable to try format: Unknown error -1
0:00:05.996745634 [33m  104[00m 0x7f48a00018b0 [33;01mWARN   [00m [00m                v4l2 gstv4l2object.c:3014:gst_v4l2_object_probe_caps_for_format:<nvv4l2decoder0:src>[00m Could not probe maximum capture size for pixelformat Y444
0:00:05.997177829 [33m  104[00m 0x7f48a00018b0 [33;01mWARN   [00m [00m                v4l2 gstv4l2object.c:3123:gst_v4l2_object_get_nearest_size:<nvv4l2decoder0:src>[00m Unable to try format: Unknown error -1
0:00:05.997612706 [33m  104[00m 0x7f48a00018b0 [33;01mWARN   [00m [00m                v4l2 gstv4l2object.c:3008:gst_v4l2_object_probe_caps_for_format:<nvv4l2decoder0:src>[00m Could not probe minimum capture size for pixelformat P216
0:00:05.998046143 [33m  104[00m 0x7f48a00018b0 [33;01mWARN   [00m [00m                v4l2 gstv4l2object.c:3123:gst_v4l2_object_get_nearest_size:<nvv4l2decoder0:src>[00m Unable to try format: Unknown error -1
0:00:05.998464539 [33m  104[00m 0x7f48a00018b0 [33;01mWARN   [00m [00m                v4l2 gstv4l2object.c:3014:gst_v4l2_object_probe_caps_for_format:<nvv4l2decoder0:src>[00m Could not probe maximum capture size for pixelformat P216
0:00:05.998929882 [33m  104[00m 0x7f48a00018b0 [33;01mWARN   [00m [00m                v4l2 gstv4l2object.c:3123:gst_v4l2_object_get_nearest_size:<nvv4l2decoder0:src>[00m Unable to try format: Unknown error -1
0:00:05.999352119 [33m  104[00m 0x7f48a00018b0 [33;01mWARN   [00m [00m                v4l2 gstv4l2object.c:3008:gst_v4l2_object_probe_caps_for_format:<nvv4l2decoder0:src>[00m Could not probe minimum capture size for pixelformat NM16
0:00:05.999876711 [33m  104[00m 0x7f48a00018b0 [33;01mWARN   [00m [00m                v4l2 gstv4l2object.c:3123:gst_v4l2_object_get_nearest_size:<nvv4l2decoder0:src>[00m Unable to try format: Unknown error -1
0:00:06.000852143 [33m  104[00m 0x7f48a00018b0 [33;01mWARN   [00m [00m                v4l2 gstv4l2object.c:3014:gst_v4l2_object_probe_caps_for_format:<nvv4l2decoder0:src>[00m Could not probe maximum capture size for pixelformat NM16
0:00:06.001488022 [33m  104[00m 0x7f48a00018b0 [33;01mWARN   [00m [00m                v4l2 gstv4l2object.c:3123:gst_v4l2_object_get_nearest_size:<nvv4l2decoder0:src>[00m Unable to try format: Unknown error -1
0:00:06.002053920 [33m  104[00m 0x7f48a00018b0 [33;01mWARN   [00m [00m                v4l2 gstv4l2object.c:3008:gst_v4l2_object_probe_caps_for_format:<nvv4l2decoder0:src>[00m Could not probe minimum capture size for pixelformat P412
0:00:06.002718143 [33m  104[00m 0x7f48a00018b0 [33;01mWARN   [00m [00m                v4l2 gstv4l2object.c:3123:gst_v4l2_object_get_nearest_size:<nvv4l2decoder0:src>[00m Unable to try format: Unknown error -1
0:00:06.003438755 [33m  104[00m 0x7f48a00018b0 [33;01mWARN   [00m [00m                v4l2 gstv4l2object.c:3014:gst_v4l2_object_probe_caps_for_format:<nvv4l2decoder0:src>[00m Could not probe maximum capture size for pixelformat P412
0:00:06.003856051 [33m  104[00m 0x7f48a00018b0 [33;01mWARN   [00m [00m                v4l2 gstv4l2object.c:3123:gst_v4l2_object_get_nearest_size:<nvv4l2decoder0:src>[00m Unable to try format: Unknown error -1
0:00:06.004456450 [33m  104[00m 0x7f48a00018b0 [33;01mWARN   [00m [00m                v4l2 gstv4l2object.c:3008:gst_v4l2_object_probe_caps_for_format:<nvv4l2decoder0:src>[00m Could not probe minimum capture size for pixelformat P410
0:00:06.004917390 [33m  104[00m 0x7f48a00018b0 [33;01mWARN   [00m [00m                v4l2 gstv4l2object.c:3123:gst_v4l2_object_get_nearest_size:<nvv4l2decoder0:src>[00m Unable to try format: Unknown error -1
0:00:06.005339413 [33m  104[00m 0x7f48a00018b0 [33;01mWARN   [00m [00m                v4l2 gstv4l2object.c:3014:gst_v4l2_object_probe_caps_for_format:<nvv4l2decoder0:src>[00m Could not probe maximum capture size for pixelformat P410
0:00:06.005693586 [33m  104[00m 0x7f48a00018b0 [33;01mWARN   [00m [00m                v4l2 gstv4l2object.c:3123:gst_v4l2_object_get_nearest_size:<nvv4l2decoder0:src>[00m Unable to try format: Unknown error -1
0:00:06.006293020 [33m  104[00m 0x7f48a00018b0 [33;01mWARN   [00m [00m                v4l2 gstv4l2object.c:3008:gst_v4l2_object_probe_caps_for_format:<nvv4l2decoder0:src>[00m Could not probe minimum capture size for pixelformat PM10
0:00:06.006827199 [33m  104[00m 0x7f48a00018b0 [33;01mWARN   [00m [00m                v4l2 gstv4l2object.c:3123:gst_v4l2_object_get_nearest_size:<nvv4l2decoder0:src>[00m Unable to try format: Unknown error -1
0:00:06.007467941 [33m  104[00m 0x7f48a00018b0 [33;01mWARN   [00m [00m                v4l2 gstv4l2object.c:3014:gst_v4l2_object_probe_caps_for_format:<nvv4l2decoder0:src>[00m Could not probe maximum capture size for pixelformat PM10
0:00:06.008036826 [33m  104[00m 0x7f48a00018b0 [33;01mWARN   [00m [00m                v4l2 gstv4l2object.c:3123:gst_v4l2_object_get_nearest_size:<nvv4l2decoder0:src>[00m Unable to try format: Unknown error -1
0:00:06.008775874 [33m  104[00m 0x7f48a00018b0 [33;01mWARN   [00m [00m                v4l2 gstv4l2object.c:3008:gst_v4l2_object_probe_caps_for_format:<nvv4l2decoder0:src>[00m Could not probe minimum capture size for pixelformat NM12
0:00:06.009585554 [33m  104[00m 0x7f48a00018b0 [33;01mWARN   [00m [00m                v4l2 gstv4l2object.c:3123:gst_v4l2_object_get_nearest_size:<nvv4l2decoder0:src>[00m Unable to try format: Unknown error -1
0:00:06.010524869 [33m  104[00m 0x7f48a00018b0 [33;01mWARN   [00m [00m                v4l2 gstv4l2object.c:3014:gst_v4l2_object_probe_caps_for_format:<nvv4l2decoder0:src>[00m Could not probe maximum capture size for pixelformat NM12
0:00:06.295018283 [33m  104[00m 0x7f48a0001ca0 [33;01mWARN   [00m [00m      v4l2bufferpool gstv4l2bufferpool.c:1127:gst_v4l2_buffer_pool_start:<h264-encoder:pool:src>[00m Uncertain or not enough buffers, enabling copy threshold
0:00:06.299721010 [33m  104[00m 0x7f48a00018b0 [33;01mWARN   [00m [00m        v4l2videodec gstv4l2videodec.c:2357:gst_v4l2_video_dec_decide_allocation:<nvv4l2decoder0>[00m Duration invalid, not setting latency
0:00:06.303172839 [33m  104[00m 0x7f48a00018b0 [33;01mWARN   [00m [00m      v4l2bufferpool gstv4l2bufferpool.c:1127:gst_v4l2_buffer_pool_start:<nvv4l2decoder0:pool:src>[00m Uncertain or not enough buffers, enabling copy threshold
0:00:06.563626946 [33m  104[00m 0x7f48a0002870 [33;01mWARN   [00m [00m      v4l2bufferpool gstv4l2bufferpool.c:1611:gst_v4l2_buffer_pool_dqbuf:<nvv4l2decoder0:pool:src>[00m Driver should never set v4l2_buffer.field to ANY
2026-08-15 03:23:46 | INFO     | deepstream_ai.pipeline.adaptive | [SOURCE_PROFILE] camera=camera-01 fps=30.000 resolution=1280x720 source=negotiated_caps
2026-08-15 03:23:46 | INFO     | deepstream_ai.pipeline.adaptive | [ADAPTIVE_LOAD] profile=normal source_fps=30.00 gpu=0.0% mem=0.0% nvdec=2.0% queue=0.0% drops_delta=0
2026-08-15 03:23:48 | INFO     | deepstream_ai.pipeline.adaptive | [ADAPTIVE_LOAD] profile=normal source_fps=30.00 gpu=1.0% mem=1.0% nvdec=0.0% queue=0.0% drops_delta=0
2026-08-15 03:23:50 | WARNING  | deepstream_ai.pipeline.shadow_tracking | [TRACK_SHADOW_UNAVAILABLE] pinned PyDS does not expose shadow-list metadata
2026-08-15 03:23:50 | INFO     | deepstream_ai.pipeline.adaptive | [ADAPTIVE_LOAD] profile=normal source_fps=30.00 gpu=33.0% mem=11.0% nvdec=0.0% queue=0.0% drops_delta=0
0:00:11.426534713 [33m  104[00m 0x7f48a0002090 [33;01mWARN   [00m [00m      v4l2bufferpool gstv4l2bufferpool.c:1611:gst_v4l2_buffer_pool_dqbuf:<h264-encoder:pool:src>[00m Driver should never set v4l2_buffer.field to ANY
2026-08-15 03:23:51 | INFO     | deepstream_ai.provisional_track_guard | [PERSON_PROVISIONAL] camera=camera-01 track=0 raw=0 conf=0.841 alias=False
2026-08-15 03:23:52 | INFO     | deepstream_ai.provisional_track_guard | [PERSON_CONFIRMED] camera=camera-01 track=0 reason=real_face age=0.968 max_conf=0.841 observations=3
2026-08-15 03:23:52 | INFO     | deepstream_ai.alarm_dispatcher | [ALARM_PUSH] action=raise type=陌生人 camera=camera-01 tracker=0 raw_tracker=0 workid=- similarity=- active=true image=875x576 previous=- reason=face_present_on_first_observation
2026-08-15 03:23:52 | INFO     | deepstream_ai.snapshot.rolling_manager | [TRACK_CREATE] camera=camera-01 track=0 person_conf=0.790 quality=0.650
2026-08-15 03:23:52 | INFO     | deepstream_ai.snapshot.rolling_manager | [PERSON_EVIDENCE_UPDATE] camera=camera-01 track=0 source=person_fallback quality=0.650
2026-08-15 03:23:52 | INFO     | deepstream_ai.snapshot.alarm_manager | [FACE_FALLBACK] camera=camera-01 track=0 face_conf=0.450 quality=0.560 frontal=0.811 blur=0.163 size=1.000 raw_face=243x262 person_display=1372x720 face_display=654x479
2026-08-15 03:23:52 | INFO     | deepstream_ai.snapshot.alarm_manager | [FACE_EVIDENCE_UPDATE] camera=camera-01 track=0 source=face_fallback quality=0.560 frontal=0.811 blur=0.163 evidence=(428.6281608581543, 483.9393310546875, 1565.840909576416, 1080.0)
2026-08-15 03:23:52 | INFO     | deepstream_ai.snapshot.alarm_manager | [BEST_FACE_UPDATE] camera=camera-01 track=0 reason=quality_upgrade old_quality=0.560 new_quality=0.577 new_frontal=0.884 new_blur=0.167 new_size=1.000 new_detector=0.453 stable=0 raw_face=280x252 person_display=1839x720 face_display=754x401
2026-08-15 03:23:52 | INFO     | deepstream_ai.snapshot.alarm_manager | [FACE_EVIDENCE_UPDATE] camera=camera-01 track=0 source=best_face quality=0.577 frontal=0.884 blur=0.167 evidence=(315.1027587890625, 567.2044372558594, 1624.9707275390624, 1080.0)
2026-08-15 03:23:52 | INFO     | deepstream_ai.pipeline.adaptive | [ADAPTIVE_LOAD] profile=normal source_fps=30.00 gpu=94.0% mem=3.0% nvdec=50.0% queue=1.6% drops_delta=0
2026-08-15 03:23:53 | INFO     | deepstream_ai.face.service | [FACE_IDENTITY] camera=camera-01 track=0 reason=timeout_fallback candidate_known=False candidate_similarity=-0.038 retained_known=False retained_similarity=-0.038 samples=3 best_quality=0.578
2026-08-15 03:23:54 | INFO     | deepstream_ai.snapshot.alarm_manager | [FACE_EVIDENCE_HOLD] camera=camera-01 track=0 old_q=0.577 old_front=0.884 old_blur=0.167 new_q=0.531 new_front=0.876 new_blur=0.111 new_det=0.365 stable=0
2026-08-15 03:23:54 | INFO     | deepstream_ai.pipeline.adaptive | [ADAPTIVE_LOAD] profile=normal source_fps=30.00 gpu=94.0% mem=2.0% nvdec=56.0% queue=0.0% drops_delta=0
2026-08-15 03:23:56 | INFO     | deepstream_ai.snapshot.alarm_manager | [BEST_FACE_UPDATE] camera=camera-01 track=0 reason=quality_upgrade old_quality=0.577 new_quality=0.615 new_frontal=0.765 new_blur=0.186 new_size=1.000 new_detector=0.616 stable=0 raw_face=281x185 person_display=2563x720 face_display=844x320
2026-08-15 03:23:56 | INFO     | deepstream_ai.snapshot.alarm_manager | [FACE_EVIDENCE_UPDATE] camera=camera-01 track=0 source=best_face quality=0.615 frontal=0.765 blur=0.186 evidence=(229.98132171630857, 710.756103515625, 1545.570100402832, 1080.0)
2026-08-15 03:23:56 | INFO     | deepstream_ai.face.service | [FACE_IDENTITY] camera=camera-01 track=0 reason=unknown_retry candidate_known=False candidate_similarity=0.002 retained_known=False retained_similarity=0.002 samples=2 best_quality=0.615
2026-08-15 03:23:56 | INFO     | deepstream_ai.snapshot.alarm_manager | [FACE_EVIDENCE_HOLD] camera=camera-01 track=0 old_q=0.615 old_front=0.765 old_blur=0.186 new_q=0.602 new_front=0.696 new_blur=0.249 new_det=0.575 stable=0
2026-08-15 03:23:56 | INFO     | deepstream_ai.pipeline.adaptive | [ADAPTIVE_LOAD] profile=normal source_fps=30.00 gpu=93.0% mem=3.0% nvdec=20.0% queue=0.0% drops_delta=0
2026-08-15 03:23:57 | INFO     | deepstream_ai.snapshot.alarm_manager | [BEST_FACE_UPDATE] camera=camera-01 track=0 reason=quality_upgrade old_quality=0.615 new_quality=0.635 new_frontal=0.747 new_blur=0.248 new_size=1.000 new_detector=0.638 stable=0 raw_face=296x249 person_display=1961x720 face_display=796x397
2026-08-15 03:23:57 | INFO     | deepstream_ai.snapshot.alarm_manager | [FACE_EVIDENCE_UPDATE] camera=camera-01 track=0 source=best_face quality=0.635 frontal=0.747 blur=0.248 evidence=(243.73179016113284, 571.6231384277344, 1628.456381225586, 1080.0)
2026-08-15 03:23:57 | INFO     | deepstream_ai.snapshot.alarm_manager | [BEST_FACE_UPDATE] camera=camera-01 track=0 reason=quality_upgrade old_quality=0.635 new_quality=0.666 new_frontal=0.801 new_blur=0.278 new_size=1.000 new_detector=0.676 stable=0 raw_face=286x287 person_display=1657x720 face_display=772x455
2026-08-15 03:23:57 | INFO     | deepstream_ai.snapshot.alarm_manager | [FACE_EVIDENCE_UPDATE] camera=camera-01 track=0 source=best_face quality=0.666 frontal=0.801 blur=0.278 evidence=(291.92568359375, 496.3992004394531, 1634.20712890625, 1080.0)
2026-08-15 03:23:58 | INFO     | deepstream_ai.face.service | [FACE_IDENTITY] camera=camera-01 track=0 reason=unknown_retry candidate_known=False candidate_similarity=0.058 retained_known=False retained_similarity=0.058 samples=3 best_quality=0.666
2026-08-15 03:23:58 | INFO     | deepstream_ai.pipeline.adaptive | [ADAPTIVE_LOAD] profile=normal source_fps=30.00 gpu=82.0% mem=3.0% nvdec=32.0% queue=0.0% drops_delta=0
2026-08-15 03:23:59 | INFO     | deepstream_ai.snapshot.alarm_manager | [FACE_EVIDENCE_HOLD] camera=camera-01 track=0 old_q=0.666 old_front=0.801 old_blur=0.278 new_q=0.599 new_front=0.819 new_blur=0.323 new_det=0.443 stable=0
2026-08-15 03:24:00 | INFO     | deepstream_ai.face.service | [FACE_IDENTITY] camera=camera-01 track=0 reason=unknown_retry candidate_known=False candidate_similarity=-0.094 retained_known=False retained_similarity=0.058 samples=3 best_quality=0.611
2026-08-15 03:24:00 | INFO     | deepstream_ai.pipeline.adaptive | [ADAPTIVE_LOAD] profile=normal source_fps=30.00 gpu=87.0% mem=4.0% nvdec=40.0% queue=0.0% drops_delta=0
2026-08-15 03:24:02 | INFO     | deepstream_ai.snapshot.alarm_manager | [FACE_EVIDENCE_HOLD] camera=camera-01 track=0 old_q=0.666 old_front=0.801 old_blur=0.278 new_q=0.600 new_front=0.869 new_blur=0.387 new_det=0.371 stable=0
2026-08-15 03:24:02 | INFO     | deepstream_ai.face.service | [FACE_IDENTITY] camera=camera-01 track=0 reason=unknown_retry candidate_known=False candidate_similarity=-0.043 retained_known=False retained_similarity=0.058 samples=2 best_quality=0.608
2026-08-15 03:24:02 | INFO     | deepstream_ai.pipeline.adaptive | [ADAPTIVE_LOAD] profile=normal source_fps=30.00 gpu=84.0% mem=2.0% nvdec=42.0% queue=0.0% drops_delta=0
2026-08-15 03:24:04 | INFO     | deepstream_ai.snapshot.alarm_manager | [FACE_EVIDENCE_HOLD] camera=camera-01 track=0 old_q=0.666 old_front=0.801 old_blur=0.278 new_q=0.457 new_front=0.335 new_blur=0.102 new_det=0.469 stable=0
2026-08-15 03:24:04 | INFO     | deepstream_ai.face.service | [FACE_IDENTITY] camera=camera-01 track=0 reason=unknown_retry candidate_known=False candidate_similarity=-0.025 retained_known=False retained_similarity=0.058 samples=2 best_quality=0.579
2026-08-15 03:24:04 | INFO     | deepstream_ai.pipeline.adaptive | [ADAPTIVE_LOAD] profile=normal source_fps=30.00 gpu=82.0% mem=3.0% nvdec=67.0% queue=0.0% drops_delta=0
2026-08-15 03:24:06 | INFO     | deepstream_ai.pipeline.adaptive | [ADAPTIVE_LOAD] profile=normal source_fps=30.00 gpu=86.0% mem=2.0% nvdec=33.0% queue=0.0% drops_delta=0
2026-08-15 03:24:08 | INFO     | deepstream_ai.pipeline.adaptive | [ADAPTIVE_LOAD] profile=normal source_fps=30.00 gpu=79.0% mem=2.0% nvdec=53.0% queue=0.0% drops_delta=0
2026-08-15 03:24:09 | INFO     | deepstream_ai.snapshot.alarm_manager | [FACE_EVIDENCE_HOLD] camera=camera-01 track=0 old_q=0.666 old_front=0.801 old_blur=0.278 new_q=0.466 new_front=0.378 new_blur=0.175 new_det=0.420 stable=0
2026-08-15 03:24:09 | INFO     | deepstream_ai.face.service | [FACE_IDENTITY] camera=camera-01 track=0 reason=unknown_retry candidate_known=False candidate_similarity=-0.011 retained_known=False retained_similarity=0.058 samples=2 best_quality=0.623
2026-08-15 03:24:10 | INFO     | deepstream_ai.pipeline.adaptive | [ADAPTIVE_LOAD] profile=normal source_fps=30.00 gpu=77.0% mem=2.0% nvdec=57.0% queue=0.0% drops_delta=0
2026-08-15 03:24:11 | INFO     | deepstream_ai.snapshot.alarm_manager | [BEST_FACE_UPDATE] camera=camera-01 track=0 reason=quality_upgrade old_quality=0.666 new_quality=0.692 new_frontal=0.931 new_blur=0.133 new_size=1.000 new_detector=0.778 stable=0 raw_face=270x314 person_display=1307x720 face_display=726x555
2026-08-15 03:24:11 | INFO     | deepstream_ai.snapshot.alarm_manager | [FACE_EVIDENCE_UPDATE] camera=camera-01 track=0 source=best_face quality=0.692 frontal=0.931 blur=0.133 evidence=(424.50174713134766, 385.25067138671875, 1685.5778121948242, 1080.0)
2026-08-15 03:24:11 | INFO     | deepstream_ai.snapshot.alarm_manager | [BEST_FACE_UPDATE] camera=camera-01 track=0 reason=quality_upgrade old_quality=0.692 new_quality=0.735 new_frontal=0.969 new_blur=0.149 new_size=1.000 new_detector=0.870 stable=0 raw_face=267x353 person_display=1253x812 face_display=720x653
2026-08-15 03:24:11 | INFO     | deepstream_ai.snapshot.alarm_manager | [FACE_EVIDENCE_UPDATE] camera=camera-01 track=0 source=best_face quality=0.735 frontal=0.969 blur=0.149 evidence=(400.44362945556634, 268.9574890136719, 1652.0278976440432, 1080.0)
2026-08-15 03:24:11 | INFO     | deepstream_ai.face.service | [FACE_IDENTITY] camera=camera-01 track=0 reason=quality_upgrade candidate_known=True candidate_similarity=0.552 retained_known=True retained_similarity=0.552 samples=3 best_quality=0.735
2026-08-15 03:24:11 | INFO     | deepstream_ai.alarm_dispatcher | [ALARM_PUSH] action=resolve type=陌生人 camera=camera-01 tracker=0 raw_tracker=0 workid=PJY similarity=0.552 active=false image=1202x597 previous=陌生人 reason=employee_identified_same_tracker
2026-08-15 03:24:11 | INFO     | deepstream_ai.alarm_dispatcher | [ALARM_PUSH] action=record type=员工 camera=camera-01 tracker=0 raw_tracker=0 workid=PJY similarity=0.552 active=false image=1202x597 previous=陌生人 reason=normal_employee_record
2026-08-15 03:24:11 | INFO     | deepstream_ai.snapshot.alarm_manager | [FACE_EVIDENCE_HOLD] camera=camera-01 track=0 old_q=0.735 old_front=0.969 old_blur=0.149 new_q=0.739 new_front=0.991 new_blur=0.161 new_det=0.858 stable=0
2026-08-15 03:24:11 | INFO     | deepstream_ai.snapshot.alarm_manager | [BEST_FACE_UPDATE] camera=camera-01 track=0 reason=quality_upgrade old_quality=0.735 new_quality=0.752 new_frontal=0.982 new_blur=0.218 new_size=1.000 new_detector=0.859 stable=0 raw_face=262x360 person_display=1226x872 face_display=705x711
2026-08-15 03:24:11 | INFO     | deepstream_ai.snapshot.alarm_manager | [FACE_EVIDENCE_UPDATE] camera=camera-01 track=0 source=best_face quality=0.752 frontal=0.982 blur=0.218 evidence=(385.3127685546875, 208.20660400390625, 1610.2319091796876, 1080.0)
2026-08-15 03:24:12 | INFO     | deepstream_ai.pipeline.adaptive | [ADAPTIVE_LOAD] profile=normal source_fps=30.00 gpu=82.0% mem=2.0% nvdec=62.0% queue=0.0% drops_delta=0
2026-08-15 03:24:13 | INFO     | deepstream_ai.snapshot.alarm_manager | [FACE_EVIDENCE_HOLD] camera=camera-01 track=0 old_q=0.752 old_front=0.982 old_blur=0.218 new_q=0.611 new_front=0.843 new_blur=0.205 new_det=0.546 stable=0
2026-08-15 03:24:14 | INFO     | deepstream_ai.pipeline.adaptive | [ADAPTIVE_LOAD] profile=normal source_fps=30.00 gpu=80.0% mem=2.0% nvdec=56.0% queue=0.0% drops_delta=0
2026-08-15 03:24:15 | INFO     | deepstream_ai.snapshot.alarm_manager | [FACE_EVIDENCE_HOLD] camera=camera-01 track=0 old_q=0.752 old_front=0.982 old_blur=0.218 new_q=0.619 new_front=0.736 new_blur=0.295 new_det=0.567 stable=0
2026-08-15 03:24:16 | INFO     | deepstream_ai.pipeline.adaptive | [ADAPTIVE_LOAD] profile=normal source_fps=30.00 gpu=78.0% mem=3.0% nvdec=64.0% queue=0.0% drops_delta=0
2026-08-15 03:24:17 | INFO     | deepstream_ai.snapshot.alarm_manager | [BEST_FACE_UPDATE] camera=camera-01 track=0 reason=quality_upgrade old_quality=0.752 new_quality=0.778 new_frontal=0.963 new_blur=0.374 new_size=1.000 new_detector=0.835 stable=0 raw_face=260x339 person_display=1219x810 face_display=701x658
2026-08-15 03:24:17 | INFO     | deepstream_ai.snapshot.alarm_manager | [FACE_EVIDENCE_UPDATE] camera=camera-01 track=0 source=best_face quality=0.778 frontal=0.963 blur=0.374 evidence=(415.3758209228515, 270.48663330078125, 1633.3376190185547, 1080.0)
2026-08-15 03:24:17 | INFO     | deepstream_ai.snapshot.alarm_manager | [FACE_EVIDENCE_HOLD] camera=camera-01 track=0 old_q=0.778 old_front=0.963 old_blur=0.374 new_q=0.779 new_front=0.970 new_blur=0.369 new_det=0.835 stable=0
2026-08-15 03:24:18 | INFO     | deepstream_ai.pipeline.adaptive | [ADAPTIVE_LOAD] profile=normal source_fps=30.00 gpu=79.0% mem=2.0% nvdec=67.0% queue=0.0% drops_delta=0
2026-08-15 03:24:20 | INFO     | deepstream_ai.snapshot.alarm_manager | [FACE_EVIDENCE_HOLD] camera=camera-01 track=0 old_q=0.778 old_front=0.963 old_blur=0.374 new_q=0.748 new_front=0.975 new_blur=0.277 new_det=0.811 stable=0
2026-08-15 03:24:20 | INFO     | deepstream_ai.pipeline.adaptive | [ADAPTIVE_LOAD] profile=normal source_fps=30.00 gpu=80.0% mem=2.0% nvdec=64.0% queue=0.0% drops_delta=0
2026-08-15 03:24:22 | INFO     | deepstream_ai.snapshot.alarm_manager | [FACE_EVIDENCE_HOLD] camera=camera-01 track=0 old_q=0.778 old_front=0.963 old_blur=0.374 new_q=0.767 new_front=0.996 new_blur=0.268 new_det=0.858 stable=0
2026-08-15 03:24:22 | INFO     | deepstream_ai.pipeline.adaptive | [ADAPTIVE_LOAD] profile=normal source_fps=30.00 gpu=82.0% mem=2.0% nvdec=59.0% queue=0.0% drops_delta=0
2026-08-15 03:24:24 | INFO     | deepstream_ai.snapshot.alarm_manager | [FACE_EVIDENCE_HOLD] camera=camera-01 track=0 old_q=0.778 old_front=0.963 old_blur=0.374 new_q=0.715 new_front=0.851 new_blur=0.224 new_det=0.826 stable=0
2026-08-15 03:24:24 | INFO     | deepstream_ai.pipeline.adaptive | [ADAPTIVE_LOAD] profile=normal source_fps=30.00 gpu=72.0% mem=2.0% nvdec=63.0% queue=0.0% drops_delta=0
2026-08-15 03:24:26 | INFO     | deepstream_ai.snapshot.alarm_manager | [FACE_EVIDENCE_HOLD] camera=camera-01 track=0 old_q=0.778 old_front=0.963 old_blur=0.374 new_q=0.747 new_front=0.935 new_blur=0.250 new_det=0.850 stable=0
2026-08-15 03:24:26 | INFO     | deepstream_ai.pipeline.adaptive | [ADAPTIVE_LOAD] profile=normal source_fps=30.00 gpu=77.0% mem=2.0% nvdec=46.0% queue=0.0% drops_delta=0
2026-08-15 03:24:28 | INFO     | deepstream_ai.snapshot.alarm_manager | [FACE_EVIDENCE_HOLD] camera=camera-01 track=0 old_q=0.778 old_front=0.963 old_blur=0.374 new_q=0.745 new_front=0.993 new_blur=0.187 new_det=0.855 stable=0
2026-08-15 03:24:28 | INFO     | deepstream_ai.pipeline.adaptive | [ADAPTIVE_LOAD] profile=normal source_fps=30.00 gpu=89.0% mem=2.0% nvdec=34.0% queue=0.0% drops_delta=0
2026-08-15 03:24:30 | INFO     | deepstream_ai.snapshot.alarm_manager | [FACE_EVIDENCE_HOLD] camera=camera-01 track=0 old_q=0.778 old_front=0.963 old_blur=0.374 new_q=0.744 new_front=0.908 new_blur=0.235 new_det=0.869 stable=0
2026-08-15 03:24:30 | INFO     | deepstream_ai.pipeline.adaptive | [ADAPTIVE_LOAD] profile=normal source_fps=30.00 gpu=78.0% mem=2.0% nvdec=67.0% queue=0.0% drops_delta=0
2026-08-15 03:24:32 | INFO     | deepstream_ai.snapshot.alarm_manager | [FACE_EVIDENCE_HOLD] camera=camera-01 track=0 old_q=0.778 old_front=0.963 old_blur=0.374 new_q=0.750 new_front=0.982 new_blur=0.241 new_det=0.838 stable=0
2026-08-15 03:24:32 | INFO     | deepstream_ai.pipeline.adaptive | [ADAPTIVE_LOAD] profile=normal source_fps=30.00 gpu=74.0% mem=3.0% nvdec=63.0% queue=0.0% drops_delta=0
2026-08-15 03:24:34 | INFO     | deepstream_ai.snapshot.alarm_manager | [BEST_FACE_UPDATE] camera=camera-01 track=0 reason=quality_upgrade old_quality=0.778 new_quality=0.803 new_frontal=0.974 new_blur=0.480 new_size=1.000 new_detector=0.823 stable=1 raw_face=227x268 person_display=1432x772 face_display=610x652
2026-08-15 03:24:34 | INFO     | deepstream_ai.snapshot.alarm_manager | [FACE_EVIDENCE_UPDATE] camera=camera-01 track=0 source=best_face quality=0.803 frontal=0.974 blur=0.480 evidence=(488.0004028320312, 308.26214599609375, 1920.0, 1080.0)
2026-08-15 03:24:34 | INFO     | deepstream_ai.face.service | [FACE_IDENTITY] camera=camera-01 track=0 reason=quality_upgrade candidate_known=True candidate_similarity=0.868 retained_known=True retained_similarity=0.868 samples=3 best_quality=0.803
2026-08-15 03:24:34 | INFO     | deepstream_ai.pipeline.adaptive | [ADAPTIVE_LOAD] profile=normal source_fps=30.00 gpu=72.0% mem=1.0% nvdec=65.0% queue=0.0% drops_delta=0
2026-08-15 03:24:35 | INFO     | deepstream_ai.snapshot.alarm_manager | [FACE_EVIDENCE_HOLD] camera=camera-01 track=0 old_q=0.803 old_front=0.974 old_blur=0.480 new_q=0.723 new_front=0.976 new_blur=0.204 new_det=0.791 stable=0
2026-08-15 03:24:36 | INFO     | deepstream_ai.pipeline.adaptive | [ADAPTIVE_LOAD] profile=normal source_fps=30.00 gpu=81.0% mem=3.0% nvdec=70.0% queue=0.0% drops_delta=0
2026-08-15 03:24:37 | INFO     | deepstream_ai.snapshot.alarm_manager | [FACE_EVIDENCE_HOLD] camera=camera-01 track=0 old_q=0.803 old_front=0.974 old_blur=0.480 new_q=0.714 new_front=0.859 new_blur=0.253 new_det=0.798 stable=0
2026-08-15 03:24:38 | INFO     | deepstream_ai.pipeline.adaptive | [ADAPTIVE_LOAD] profile=normal source_fps=30.00 gpu=96.0% mem=2.0% nvdec=22.0% queue=0.0% drops_delta=0
2026-08-15 03:24:39 | INFO     | deepstream_ai.snapshot.alarm_manager | [FACE_EVIDENCE_HOLD] camera=camera-01 track=0 old_q=0.803 old_front=0.974 old_blur=0.480 new_q=0.703 new_front=0.867 new_blur=0.247 new_det=0.765 stable=0
2026-08-15 03:24:41 | INFO     | deepstream_ai.pipeline.adaptive | [ADAPTIVE_LOAD] profile=normal source_fps=30.00 gpu=82.0% mem=2.0% nvdec=65.0% queue=0.0% drops_delta=0
2026-08-15 03:24:41 | INFO     | deepstream_ai.snapshot.alarm_manager | [FACE_EVIDENCE_HOLD] camera=camera-01 track=0 old_q=0.803 old_front=0.974 old_blur=0.480 new_q=0.743 new_front=0.979 new_blur=0.221 new_det=0.836 stable=0
2026-08-15 03:24:43 | INFO     | deepstream_ai.pipeline.adaptive | [ADAPTIVE_LOAD] profile=normal source_fps=30.00 gpu=88.0% mem=3.0% nvdec=32.0% queue=0.0% drops_delta=0
2026-08-15 03:24:43 | INFO     | deepstream_ai.snapshot.alarm_manager | [FACE_EVIDENCE_HOLD] camera=camera-01 track=0 old_q=0.803 old_front=0.974 old_blur=0.480 new_q=0.702 new_front=0.894 new_blur=0.188 new_det=0.788 stable=0
2026-08-15 03:24:44 | INFO     | deepstream_ai.pipeline.adaptive | [ADAPTIVE_LOAD] profile=normal source_fps=30.00 gpu=83.0% mem=3.0% nvdec=54.0% queue=0.0% drops_delta=0
2026-08-15 03:24:45 | INFO     | deepstream_ai.snapshot.alarm_manager | [FACE_EVIDENCE_HOLD] camera=camera-01 track=0 old_q=0.803 old_front=0.974 old_blur=0.480 new_q=0.683 new_front=0.944 new_blur=0.133 new_det=0.744 stable=0
2026-08-15 03:24:47 | INFO     | deepstream_ai.pipeline.adaptive | [ADAPTIVE_LOAD] profile=normal source_fps=30.00 gpu=73.0% mem=2.0% nvdec=71.0% queue=0.0% drops_delta=0
2026-08-15 03:24:47 | INFO     | deepstream_ai.snapshot.alarm_manager | [FACE_EVIDENCE_HOLD] camera=camera-01 track=0 old_q=0.803 old_front=0.974 old_blur=0.480 new_q=0.713 new_front=0.768 new_blur=0.317 new_det=0.799 stable=0
2026-08-15 03:24:49 | INFO     | deepstream_ai.pipeline.adaptive | [ADAPTIVE_LOAD] profile=normal source_fps=30.00 gpu=76.0% mem=2.0% nvdec=53.0% queue=0.0% drops_delta=0
2026-08-15 03:24:49 | INFO     | deepstream_ai.snapshot.alarm_manager | [FACE_EVIDENCE_HOLD] camera=camera-01 track=0 old_q=0.803 old_front=0.974 old_blur=0.480 new_q=0.686 new_front=0.699 new_blur=0.283 new_det=0.786 stable=0
2026-08-15 03:24:50 | INFO     | deepstream_ai.pipeline.adaptive | [ADAPTIVE_LOAD] profile=normal source_fps=30.00 gpu=88.0% mem=2.0% nvdec=53.0% queue=0.0% drops_delta=0
2026-08-15 03:24:51 | INFO     | deepstream_ai.snapshot.alarm_manager | [FACE_EVIDENCE_HOLD] camera=camera-01 track=0 old_q=0.803 old_front=0.974 old_blur=0.480 new_q=0.699 new_front=0.723 new_blur=0.291 new_det=0.805 stable=0
2026-08-15 03:24:53 | INFO     | deepstream_ai.pipeline.adaptive | [ADAPTIVE_LOAD] profile=normal source_fps=30.00 gpu=72.0% mem=2.0% nvdec=71.0% queue=0.0% drops_delta=0
2026-08-15 03:24:53 | INFO     | deepstream_ai.snapshot.alarm_manager | [FACE_EVIDENCE_HOLD] camera=camera-01 track=0 old_q=0.803 old_front=0.974 old_blur=0.480 new_q=0.680 new_front=0.709 new_blur=0.268 new_det=0.774 stable=0
2026-08-15 03:24:55 | INFO     | deepstream_ai.pipeline.adaptive | [ADAPTIVE_LOAD] profile=normal source_fps=30.00 gpu=87.0% mem=3.0% nvdec=51.0% queue=0.0% drops_delta=0
2026-08-15 03:24:56 | INFO     | deepstream_ai.snapshot.alarm_manager | [FACE_EVIDENCE_HOLD] camera=camera-01 track=0 old_q=0.803 old_front=0.974 old_blur=0.480 new_q=0.752 new_front=0.949 new_blur=0.243 new_det=0.861 stable=0
2026-08-15 03:24:57 | INFO     | deepstream_ai.pipeline.adaptive | [ADAPTIVE_LOAD] profile=normal source_fps=30.00 gpu=74.0% mem=2.0% nvdec=56.0% queue=0.0% drops_delta=0
2026-08-15 03:24:58 | INFO     | deepstream_ai.snapshot.alarm_manager | [FACE_EVIDENCE_HOLD] camera=camera-01 track=0 old_q=0.803 old_front=0.974 old_blur=0.480 new_q=0.721 new_front=0.948 new_blur=0.211 new_det=0.795 stable=0
2026-08-15 03:24:58 | INFO     | deepstream_ai.pipeline.runner | 收到停止请求
2026-08-15 03:24:58 | INFO     | deepstream_ai.pipeline.runner | [RTSP_STOP] live source: skip EOS and stop main loop immediately
2026-08-15 03:24:58 | INFO     | deepstream_ai.pipeline.metadata | 
========== Probe Performance ==========
Probe Callbacks:              2046
Probe Frames:                 2046
Probe Queue Drops:            0
Probe Errors:                 0
Average Probe Time (ms):      4.131
P95 Probe Time (ms):          24.000
Max Probe Time (ms):          28.220
Tracker ReID Vectors:         338
Tracker ReID Missing:         1690
=======================================
2026-08-15 03:24:58 | INFO     | deepstream_ai.pipeline.runner | [TRACK_SHADOW_SUMMARY] frames=0 objects=0 hidden_by_age=0 errors=0
2026-08-15 03:24:58 | INFO     | deepstream_ai.pipeline.runner | [PRETRACKER_GUARD_SUMMARY] frames=2046 verified_people=358 suppressed=0 errors=0
2026-08-15 03:24:58 | INFO     | deepstream_ai.pipeline.runner | DeepStream Pipeline 已停止
2026-08-15 03:24:58 | INFO     | deepstream_ai.snapshot.rolling_manager | [TRACK_FINALIZE] camera=camera-01 track=0 source=best_face identity=PJY similarity=0.868 quality=0.803
2026-08-15 03:24:58 | INFO     | deepstream_ai.alarm_dispatcher | [ALARM_PUSH] action=end type=员工 camera=camera-01 tracker=0 raw_tracker=0 workid=PJY similarity=- active=false image=1275x681 previous=- reason=track_ended_normal
2026-08-15 03:24:58 | INFO     | deepstream_ai.snapshot.rolling_manager | Evidence Summary tracks=1 finalized=1 success=1 failed=0 missing=0 best_face=1 face_fallback=0 best_person=0 person_fallback=0 know=1 unknown=0
