2026-08-14 00:58:55 | INFO     | __main__ | 模型预检通过 config=/workspace/configs/nvinfer/person-peoplenet.txt engine=/workspace/models/peoplenet/resnet34_peoplenet.onnx_b1_gpu0_fp16.engine source_models=['/workspace/models/peoplenet/resnet34_peoplenet.onnx']
2026-08-14 00:58:55 | INFO     | __main__ | 模型预检通过 config=/workspace/configs/nvinfer/face.example.txt engine=/workspace/models/face.engine source_models=['/workspace/models/face-deepstream.onnx']
2026-08-14 00:58:55 | INFO     | __main__ | [DETECTOR] PeopleNet
2026-08-14 00:58:55 | INFO     | __main__ | [TRACKER] NvDCF
2026-08-14 00:58:55 | INFO     | __main__ | [TRACKER_CONFIG] /workspace/configs/tracker/nvdcf.yml
2026-08-14 00:58:55 | INFO     | __main__ | [PEOPLENET_CLASSES] person=0, bag=1, face=2
2026-08-14 00:58:55 | INFO     | __main__ | DeepStream Python runtime 已加载: {'gstreamer': '1.24.2.0', 'pyds': '1.2.3'}
[0;93m2026-08-14 00:58:56.276047273 [W:onnxruntime:Default, device_discovery.cc:285 GetGpuDevices] Failed to detect devices under "/sys/class/drm/card0": device_discovery.cc:94 ReadFileContents Failed to open file: "/sys/class/drm/card0/device/vendor"[m
2026-08-14 00:59:00 | INFO     | deepstream_ai.pipeline.source | RTSP 抖动保护: camera_id=camera-01 transport=tcp latency_ms=500 drop_on_latency=false reconnect_interval_sec=10
2026-08-14 00:59:01 | INFO     | deepstream_ai.pipeline.builder | 配置推理组件 name=person-detector unique_id=1 target_fps=5.00 interval=4 runtime_config=/workspace/output/tasks/4c87d553761e47fd/.runtime/nvinfer/person-detector.txt
2026-08-14 00:59:01 | INFO     | deepstream_ai.pipeline.builder | 配置推理组件 name=face-detector unique_id=2 target_fps=12.50 secondary-reinfer-interval=2 runtime_config=/workspace/output/tasks/4c87d553761e47fd/.runtime/nvinfer/face-detector.txt
2026-08-14 00:59:01 | INFO     | deepstream_ai.pipeline.builder | 行为模型已关闭，不创建 nvinfer: smoking
2026-08-14 00:59:01 | INFO     | deepstream_ai.pipeline.builder | 行为模型已关闭，不创建 nvinfer: eating
2026-08-14 00:59:01 | INFO     | deepstream_ai.pipeline.builder | 行为模型已关闭，不创建 nvinfer: drinking
2026-08-14 00:59:01 | INFO     | deepstream_ai.pipeline.builder | 行为模型已关闭，不创建 nvinfer: carrying
2026-08-14 00:59:01 | INFO     | deepstream_ai.pipeline.peoplenet_pretracker_guard | [PRETRACKER_GUARD] enabled=True pgie_uid=1 person_classes=[0] max_conf=0.550 left<=0.030 top<=0.020 width=[0.400,0.500] height>=0.930 right<=0.520 frame=1920x1080
Protocol set: 0x4
0:00:05.486376081 [36m38291[00m     0x35e44af0 [36mINFO   [00m [00m             nvinfer gstnvinfer.cpp:725:gst_nvinfer_logger:<face-detector>[00m NvDsInferContext[UID 2]: Info from NvDsInferContextImpl::deserializeEngineAndBackend() <nvdsinfer_context_impl.cpp:2183> [UID = 2]: deserialized trt engine from :/workspace/models/face.engine
INFO: ../nvdsinfer/nvdsinfer_model_builder.cpp:376 [Implicit Engine Info]: layers num: 0

0:00:05.488197713 [36m38291[00m     0x35e44af0 [36mINFO   [00m [00m             nvinfer gstnvinfer.cpp:725:gst_nvinfer_logger:<face-detector>[00m NvDsInferContext[UID 2]: Info from NvDsInferContextImpl::generateBackendContext() <nvdsinfer_context_impl.cpp:2286> [UID = 2]: Use deserialized engine model: /workspace/models/face.engine
0:00:05.506064248 [36m38291[00m     0x35e44af0 [36mINFO   [00m [00m             nvinfer gstnvinfer_impl.cpp:343:notifyLoadModelStatus:<face-detector>[00m [UID 2]: Load new model:/workspace/output/tasks/4c87d553761e47fd/.runtime/nvinfer/face-detector.txt sucessfully
gstnvtracker: Loading low-level lib at /opt/nvidia/deepstream/deepstream/lib/libnvds_nvmultiobjecttracker.so
[NvMultiObjectTracker] Loading TRT Engine for model: /workspace/models/tracker/resnet50_market1501_aicity156.onnx_b16_gpu0_fp16.engine
[NvMultiObjectTracker] Loading Complete!
[NvMultiObjectTracker] Initialized
0:00:07.799727816 [36m38291[00m     0x35e44af0 [36mINFO   [00m [00m             nvinfer gstnvinfer.cpp:725:gst_nvinfer_logger:<person-detector>[00m NvDsInferContext[UID 1]: Info from NvDsInferContextImpl::deserializeEngineAndBackend() <nvdsinfer_context_impl.cpp:2183> [UID = 1]: deserialized trt engine from :/workspace/models/peoplenet/resnet34_peoplenet.onnx_b1_gpu0_fp16.engine
INFO: ../nvdsinfer/nvdsinfer_model_builder.cpp:376 [Implicit Engine Info]: layers num: 0

0:00:07.801351629 [36m38291[00m     0x35e44af0 [36mINFO   [00m [00m             nvinfer gstnvinfer.cpp:725:gst_nvinfer_logger:<person-detector>[00m NvDsInferContext[UID 1]: Info from NvDsInferContextImpl::generateBackendContext() <nvdsinfer_context_impl.cpp:2286> [UID = 1]: Use deserialized engine model: /workspace/models/peoplenet/resnet34_peoplenet.onnx_b1_gpu0_fp16.engine
0:00:07.809231590 [36m38291[00m     0x35e44af0 [36mINFO   [00m [00m             nvinfer gstnvinfer_impl.cpp:343:notifyLoadModelStatus:<person-detector>[00m [UID 1]: Load new model:/workspace/output/tasks/4c87d553761e47fd/.runtime/nvinfer/person-detector.txt sucessfully
2026-08-14 00:59:04 | INFO     | deepstream_ai.pipeline.source | 视频源已连接: camera_id=camera-01 uri=vsrc_0
Opening in BLOCKING MODE 
0:00:08.982426863 [36m38291[00m 0x7f99bc001520 [33;01mWARN   [00m [00m                v4l2 gstv4l2object.c:3123:gst_v4l2_object_get_nearest_size:<nvv4l2decoder0:sink>[00m Unable to try format: Unknown error -1
0:00:08.982840672 [36m38291[00m 0x7f99bc001520 [33;01mWARN   [00m [00m                v4l2 gstv4l2object.c:3008:gst_v4l2_object_probe_caps_for_format:<nvv4l2decoder0:sink>[00m Could not probe minimum capture size for pixelformat MJPG
0:00:08.983071544 [36m38291[00m 0x7f99bc001520 [33;01mWARN   [00m [00m                v4l2 gstv4l2object.c:3123:gst_v4l2_object_get_nearest_size:<nvv4l2decoder0:sink>[00m Unable to try format: Unknown error -1
0:00:08.983341090 [36m38291[00m 0x7f99bc001520 [33;01mWARN   [00m [00m                v4l2 gstv4l2object.c:3014:gst_v4l2_object_probe_caps_for_format:<nvv4l2decoder0:sink>[00m Could not probe maximum capture size for pixelformat MJPG
0:00:08.983747737 [36m38291[00m 0x7f99bc001520 [33;01mWARN   [00m [00m                v4l2 gstv4l2object.c:3123:gst_v4l2_object_get_nearest_size:<nvv4l2decoder0:sink>[00m Unable to try format: Unknown error -1
0:00:08.984172111 [36m38291[00m 0x7f99bc001520 [33;01mWARN   [00m [00m                v4l2 gstv4l2object.c:3008:gst_v4l2_object_probe_caps_for_format:<nvv4l2decoder0:sink>[00m Could not probe minimum capture size for pixelformat AV10
0:00:08.985279870 [36m38291[00m 0x7f99bc001520 [33;01mWARN   [00m [00m                v4l2 gstv4l2object.c:3123:gst_v4l2_object_get_nearest_size:<nvv4l2decoder0:sink>[00m Unable to try format: Unknown error -1
0:00:08.985697964 [36m38291[00m 0x7f99bc001520 [33;01mWARN   [00m [00m                v4l2 gstv4l2object.c:3014:gst_v4l2_object_probe_caps_for_format:<nvv4l2decoder0:sink>[00m Could not probe maximum capture size for pixelformat AV10
0:00:08.986149748 [36m38291[00m 0x7f99bc001520 [33;01mWARN   [00m [00m                v4l2 gstv4l2object.c:3123:gst_v4l2_object_get_nearest_size:<nvv4l2decoder0:sink>[00m Unable to try format: Unknown error -1
0:00:08.986541741 [36m38291[00m 0x7f99bc001520 [33;01mWARN   [00m [00m                v4l2 gstv4l2object.c:3008:gst_v4l2_object_probe_caps_for_format:<nvv4l2decoder0:sink>[00m Could not probe minimum capture size for pixelformat DVX5
0:00:08.986917933 [36m38291[00m 0x7f99bc001520 [33;01mWARN   [00m [00m                v4l2 gstv4l2object.c:3123:gst_v4l2_object_get_nearest_size:<nvv4l2decoder0:sink>[00m Unable to try format: Unknown error -1
0:00:08.987363490 [36m38291[00m 0x7f99bc001520 [33;01mWARN   [00m [00m                v4l2 gstv4l2object.c:3014:gst_v4l2_object_probe_caps_for_format:<nvv4l2decoder0:sink>[00m Could not probe maximum capture size for pixelformat DVX5
0:00:08.987762403 [36m38291[00m 0x7f99bc001520 [33;01mWARN   [00m [00m                v4l2 gstv4l2object.c:3123:gst_v4l2_object_get_nearest_size:<nvv4l2decoder0:sink>[00m Unable to try format: Unknown error -1
0:00:08.988171582 [36m38291[00m 0x7f99bc001520 [33;01mWARN   [00m [00m                v4l2 gstv4l2object.c:3008:gst_v4l2_object_probe_caps_for_format:<nvv4l2decoder0:sink>[00m Could not probe minimum capture size for pixelformat DVX4
0:00:08.988662537 [36m38291[00m 0x7f99bc001520 [33;01mWARN   [00m [00m                v4l2 gstv4l2object.c:3123:gst_v4l2_object_get_nearest_size:<nvv4l2decoder0:sink>[00m Unable to try format: Unknown error -1
0:00:08.989038123 [36m38291[00m 0x7f99bc001520 [33;01mWARN   [00m [00m                v4l2 gstv4l2object.c:3014:gst_v4l2_object_probe_caps_for_format:<nvv4l2decoder0:sink>[00m Could not probe maximum capture size for pixelformat DVX4
0:00:08.989527727 [36m38291[00m 0x7f99bc001520 [33;01mWARN   [00m [00m                v4l2 gstv4l2object.c:3123:gst_v4l2_object_get_nearest_size:<nvv4l2decoder0:sink>[00m Unable to try format: Unknown error -1
0:00:08.990022968 [36m38291[00m 0x7f99bc001520 [33;01mWARN   [00m [00m                v4l2 gstv4l2object.c:3008:gst_v4l2_object_probe_caps_for_format:<nvv4l2decoder0:sink>[00m Could not probe minimum capture size for pixelformat MPG4
0:00:08.990998676 [36m38291[00m 0x7f99bc001520 [33;01mWARN   [00m [00m                v4l2 gstv4l2object.c:3123:gst_v4l2_object_get_nearest_size:<nvv4l2decoder0:sink>[00m Unable to try format: Unknown error -1
0:00:08.991552774 [36m38291[00m 0x7f99bc001520 [33;01mWARN   [00m [00m                v4l2 gstv4l2object.c:3014:gst_v4l2_object_probe_caps_for_format:<nvv4l2decoder0:sink>[00m Could not probe maximum capture size for pixelformat MPG4
0:00:08.992743214 [36m38291[00m 0x7f99bc001520 [33;01mWARN   [00m [00m                v4l2 gstv4l2object.c:3123:gst_v4l2_object_get_nearest_size:<nvv4l2decoder0:sink>[00m Unable to try format: Unknown error -1
0:00:08.993545146 [36m38291[00m 0x7f99bc001520 [33;01mWARN   [00m [00m                v4l2 gstv4l2object.c:3008:gst_v4l2_object_probe_caps_for_format:<nvv4l2decoder0:sink>[00m Could not probe minimum capture size for pixelformat MPG2
0:00:08.994051763 [36m38291[00m 0x7f99bc001520 [33;01mWARN   [00m [00m                v4l2 gstv4l2object.c:3123:gst_v4l2_object_get_nearest_size:<nvv4l2decoder0:sink>[00m Unable to try format: Unknown error -1
0:00:08.994563749 [36m38291[00m 0x7f99bc001520 [33;01mWARN   [00m [00m                v4l2 gstv4l2object.c:3014:gst_v4l2_object_probe_caps_for_format:<nvv4l2decoder0:sink>[00m Could not probe maximum capture size for pixelformat MPG2
0:00:08.995142413 [36m38291[00m 0x7f99bc001520 [33;01mWARN   [00m [00m                v4l2 gstv4l2object.c:3123:gst_v4l2_object_get_nearest_size:<nvv4l2decoder0:sink>[00m Unable to try format: Unknown error -1
0:00:08.995590194 [36m38291[00m 0x7f99bc001520 [33;01mWARN   [00m [00m                v4l2 gstv4l2object.c:3008:gst_v4l2_object_probe_caps_for_format:<nvv4l2decoder0:sink>[00m Could not probe minimum capture size for pixelformat H265
0:00:08.995986325 [36m38291[00m 0x7f99bc001520 [33;01mWARN   [00m [00m                v4l2 gstv4l2object.c:3123:gst_v4l2_object_get_nearest_size:<nvv4l2decoder0:sink>[00m Unable to try format: Unknown error -1
0:00:08.996462064 [36m38291[00m 0x7f99bc001520 [33;01mWARN   [00m [00m                v4l2 gstv4l2object.c:3014:gst_v4l2_object_probe_caps_for_format:<nvv4l2decoder0:sink>[00m Could not probe maximum capture size for pixelformat H265
0:00:08.996804167 [36m38291[00m 0x7f99bc001520 [33;01mWARN   [00m [00m                v4l2 gstv4l2object.c:3123:gst_v4l2_object_get_nearest_size:<nvv4l2decoder0:sink>[00m Unable to try format: Unknown error -1
0:00:08.997031927 [36m38291[00m 0x7f99bc001520 [33;01mWARN   [00m [00m                v4l2 gstv4l2object.c:3008:gst_v4l2_object_probe_caps_for_format:<nvv4l2decoder0:sink>[00m Could not probe minimum capture size for pixelformat VP90
0:00:08.997375650 [36m38291[00m 0x7f99bc001520 [33;01mWARN   [00m [00m                v4l2 gstv4l2object.c:3123:gst_v4l2_object_get_nearest_size:<nvv4l2decoder0:sink>[00m Unable to try format: Unknown error -1
0:00:08.998042488 [36m38291[00m 0x7f99bc001520 [33;01mWARN   [00m [00m                v4l2 gstv4l2object.c:3014:gst_v4l2_object_probe_caps_for_format:<nvv4l2decoder0:sink>[00m Could not probe maximum capture size for pixelformat VP90
0:00:08.998532128 [36m38291[00m 0x7f99bc001520 [33;01mWARN   [00m [00m                v4l2 gstv4l2object.c:3123:gst_v4l2_object_get_nearest_size:<nvv4l2decoder0:sink>[00m Unable to try format: Unknown error -1
0:00:08.998747280 [36m38291[00m 0x7f99bc001520 [33;01mWARN   [00m [00m                v4l2 gstv4l2object.c:3008:gst_v4l2_object_probe_caps_for_format:<nvv4l2decoder0:sink>[00m Could not probe minimum capture size for pixelformat VP80
0:00:09.000037018 [36m38291[00m 0x7f99bc001520 [33;01mWARN   [00m [00m                v4l2 gstv4l2object.c:3123:gst_v4l2_object_get_nearest_size:<nvv4l2decoder0:sink>[00m Unable to try format: Unknown error -1
0:00:09.000826483 [36m38291[00m 0x7f99bc001520 [33;01mWARN   [00m [00m                v4l2 gstv4l2object.c:3014:gst_v4l2_object_probe_caps_for_format:<nvv4l2decoder0:sink>[00m Could not probe maximum capture size for pixelformat VP80
0:00:09.001207446 [36m38291[00m 0x7f99bc001520 [33;01mWARN   [00m [00m                v4l2 gstv4l2object.c:3123:gst_v4l2_object_get_nearest_size:<nvv4l2decoder0:sink>[00m Unable to try format: Unknown error -1
0:00:09.001446798 [36m38291[00m 0x7f99bc001520 [33;01mWARN   [00m [00m                v4l2 gstv4l2object.c:3008:gst_v4l2_object_probe_caps_for_format:<nvv4l2decoder0:sink>[00m Could not probe minimum capture size for pixelformat H264
0:00:09.001907824 [36m38291[00m 0x7f99bc001520 [33;01mWARN   [00m [00m                v4l2 gstv4l2object.c:3123:gst_v4l2_object_get_nearest_size:<nvv4l2decoder0:sink>[00m Unable to try format: Unknown error -1
0:00:09.002382983 [36m38291[00m 0x7f99bc001520 [33;01mWARN   [00m [00m                v4l2 gstv4l2object.c:3014:gst_v4l2_object_probe_caps_for_format:<nvv4l2decoder0:sink>[00m Could not probe maximum capture size for pixelformat H264
0:00:09.003396504 [36m38291[00m 0x7f99bc001520 [33;01mWARN   [00m [00m                v4l2 gstv4l2object.c:3123:gst_v4l2_object_get_nearest_size:<nvv4l2decoder0:src>[00m Unable to try format: Unknown error -1
0:00:09.004906998 [36m38291[00m 0x7f99bc001520 [33;01mWARN   [00m [00m                v4l2 gstv4l2object.c:3008:gst_v4l2_object_probe_caps_for_format:<nvv4l2decoder0:src>[00m Could not probe minimum capture size for pixelformat Y444
0:00:09.007254070 [36m38291[00m 0x7f99bc001520 [33;01mWARN   [00m [00m                v4l2 gstv4l2object.c:3123:gst_v4l2_object_get_nearest_size:<nvv4l2decoder0:src>[00m Unable to try format: Unknown error -1
0:00:09.009990915 [36m38291[00m 0x7f99bc001520 [33;01mWARN   [00m [00m                v4l2 gstv4l2object.c:3014:gst_v4l2_object_probe_caps_for_format:<nvv4l2decoder0:src>[00m Could not probe maximum capture size for pixelformat Y444
0:00:09.010746113 [36m38291[00m 0x7f99bc001520 [33;01mWARN   [00m [00m                v4l2 gstv4l2object.c:3123:gst_v4l2_object_get_nearest_size:<nvv4l2decoder0:src>[00m Unable to try format: Unknown error -1
0:00:09.011509754 [36m38291[00m 0x7f99bc001520 [33;01mWARN   [00m [00m                v4l2 gstv4l2object.c:3008:gst_v4l2_object_probe_caps_for_format:<nvv4l2decoder0:src>[00m Could not probe minimum capture size for pixelformat P216
0:00:09.012648681 [36m38291[00m 0x7f99bc001520 [33;01mWARN   [00m [00m                v4l2 gstv4l2object.c:3123:gst_v4l2_object_get_nearest_size:<nvv4l2decoder0:src>[00m Unable to try format: Unknown error -1
0:00:09.013854355 [36m38291[00m 0x7f99bc001520 [33;01mWARN   [00m [00m                v4l2 gstv4l2object.c:3014:gst_v4l2_object_probe_caps_for_format:<nvv4l2decoder0:src>[00m Could not probe maximum capture size for pixelformat P216
0:00:09.014550929 [36m38291[00m 0x7f99bc001520 [33;01mWARN   [00m [00m                v4l2 gstv4l2object.c:3123:gst_v4l2_object_get_nearest_size:<nvv4l2decoder0:src>[00m Unable to try format: Unknown error -1
0:00:09.015118463 [36m38291[00m 0x7f99bc001520 [33;01mWARN   [00m [00m                v4l2 gstv4l2object.c:3008:gst_v4l2_object_probe_caps_for_format:<nvv4l2decoder0:src>[00m Could not probe minimum capture size for pixelformat NM16
0:00:09.015952176 [36m38291[00m 0x7f99bc001520 [33;01mWARN   [00m [00m                v4l2 gstv4l2object.c:3123:gst_v4l2_object_get_nearest_size:<nvv4l2decoder0:src>[00m Unable to try format: Unknown error -1
0:00:09.017068915 [36m38291[00m 0x7f99bc001520 [33;01mWARN   [00m [00m                v4l2 gstv4l2object.c:3014:gst_v4l2_object_probe_caps_for_format:<nvv4l2decoder0:src>[00m Could not probe maximum capture size for pixelformat NM16
0:00:09.018590082 [36m38291[00m 0x7f99bc001520 [33;01mWARN   [00m [00m                v4l2 gstv4l2object.c:3123:gst_v4l2_object_get_nearest_size:<nvv4l2decoder0:src>[00m Unable to try format: Unknown error -1
0:00:09.018888132 [36m38291[00m 0x7f99bc001520 [33;01mWARN   [00m [00m                v4l2 gstv4l2object.c:3008:gst_v4l2_object_probe_caps_for_format:<nvv4l2decoder0:src>[00m Could not probe minimum capture size for pixelformat P412
0:00:09.019215594 [36m38291[00m 0x7f99bc001520 [33;01mWARN   [00m [00m                v4l2 gstv4l2object.c:3123:gst_v4l2_object_get_nearest_size:<nvv4l2decoder0:src>[00m Unable to try format: Unknown error -1
0:00:09.019664378 [36m38291[00m 0x7f99bc001520 [33;01mWARN   [00m [00m                v4l2 gstv4l2object.c:3014:gst_v4l2_object_probe_caps_for_format:<nvv4l2decoder0:src>[00m Could not probe maximum capture size for pixelformat P412
0:00:09.019946408 [36m38291[00m 0x7f99bc001520 [33;01mWARN   [00m [00m                v4l2 gstv4l2object.c:3123:gst_v4l2_object_get_nearest_size:<nvv4l2decoder0:src>[00m Unable to try format: Unknown error -1
0:00:09.020240278 [36m38291[00m 0x7f99bc001520 [33;01mWARN   [00m [00m                v4l2 gstv4l2object.c:3008:gst_v4l2_object_probe_caps_for_format:<nvv4l2decoder0:src>[00m Could not probe minimum capture size for pixelformat P410
0:00:09.020529418 [36m38291[00m 0x7f99bc001520 [33;01mWARN   [00m [00m                v4l2 gstv4l2object.c:3123:gst_v4l2_object_get_nearest_size:<nvv4l2decoder0:src>[00m Unable to try format: Unknown error -1
0:00:09.020929430 [36m38291[00m 0x7f99bc001520 [33;01mWARN   [00m [00m                v4l2 gstv4l2object.c:3014:gst_v4l2_object_probe_caps_for_format:<nvv4l2decoder0:src>[00m Could not probe maximum capture size for pixelformat P410
0:00:09.021314896 [36m38291[00m 0x7f99bc001520 [33;01mWARN   [00m [00m                v4l2 gstv4l2object.c:3123:gst_v4l2_object_get_nearest_size:<nvv4l2decoder0:src>[00m Unable to try format: Unknown error -1
0:00:09.021949181 [36m38291[00m 0x7f99bc001520 [33;01mWARN   [00m [00m                v4l2 gstv4l2object.c:3008:gst_v4l2_object_probe_caps_for_format:<nvv4l2decoder0:src>[00m Could not probe minimum capture size for pixelformat PM10
0:00:09.022669569 [36m38291[00m 0x7f99bc001520 [33;01mWARN   [00m [00m                v4l2 gstv4l2object.c:3123:gst_v4l2_object_get_nearest_size:<nvv4l2decoder0:src>[00m Unable to try format: Unknown error -1
0:00:09.023395404 [36m38291[00m 0x7f99bc001520 [33;01mWARN   [00m [00m                v4l2 gstv4l2object.c:3014:gst_v4l2_object_probe_caps_for_format:<nvv4l2decoder0:src>[00m Could not probe maximum capture size for pixelformat PM10
0:00:09.023910014 [36m38291[00m 0x7f99bc001520 [33;01mWARN   [00m [00m                v4l2 gstv4l2object.c:3123:gst_v4l2_object_get_nearest_size:<nvv4l2decoder0:src>[00m Unable to try format: Unknown error -1
0:00:09.024865304 [36m38291[00m 0x7f99bc001520 [33;01mWARN   [00m [00m                v4l2 gstv4l2object.c:3008:gst_v4l2_object_probe_caps_for_format:<nvv4l2decoder0:src>[00m Could not probe minimum capture size for pixelformat NM12
0:00:09.025545498 [36m38291[00m 0x7f99bc001520 [33;01mWARN   [00m [00m                v4l2 gstv4l2object.c:3123:gst_v4l2_object_get_nearest_size:<nvv4l2decoder0:src>[00m Unable to try format: Unknown error -1
0:00:09.025907022 [36m38291[00m 0x7f99bc001520 [33;01mWARN   [00m [00m                v4l2 gstv4l2object.c:3014:gst_v4l2_object_probe_caps_for_format:<nvv4l2decoder0:src>[00m Could not probe maximum capture size for pixelformat NM12
0:00:09.201995252 [36m38291[00m 0x7f99bc001520 [33;01mWARN   [00m [00m        v4l2videodec gstv4l2videodec.c:2357:gst_v4l2_video_dec_decide_allocation:<nvv4l2decoder0>[00m Duration invalid, not setting latency
0:00:09.232476993 [36m38291[00m 0x7f99bc001520 [33;01mWARN   [00m [00m      v4l2bufferpool gstv4l2bufferpool.c:1127:gst_v4l2_buffer_pool_start:<nvv4l2decoder0:pool:src>[00m Uncertain or not enough buffers, enabling copy threshold
0:00:09.236316007 [36m38291[00m 0x7f99bc0024e0 [33;01mWARN   [00m [00m      v4l2bufferpool gstv4l2bufferpool.c:1611:gst_v4l2_buffer_pool_dqbuf:<nvv4l2decoder0:pool:src>[00m Driver should never set v4l2_buffer.field to ANY
2026-08-14 00:59:07 | INFO     | deepstream_ai.pipeline.runner | DeepStream Pipeline 已启动，sources=1
2026-08-14 00:59:08 | INFO     | deepstream_ai.snapshot.rolling_manager | [TRACK_CREATE] camera=camera-01 track=0 person_conf=0.619 quality=0.659
2026-08-14 00:59:08 | INFO     | deepstream_ai.snapshot.rolling_manager | [PERSON_EVIDENCE_UPDATE] camera=camera-01 track=0 source=person_fallback quality=0.659
2026-08-14 00:59:08 | INFO     | deepstream_ai.snapshot.alarm_manager | [FACE_FALLBACK] camera=camera-01 track=0 face_conf=0.736 quality=0.578 person_display=1297x1018 face_display=469x699
2026-08-14 00:59:08 | INFO     | deepstream_ai.snapshot.alarm_manager | [FACE_EVIDENCE_UPDATE] camera=camera-01 track=0 source=face_fallback quality=0.578 evidence=(590.7415786743164, 62.726287841796875, 1886.085417175293, 1080.0)
2026-08-14 00:59:09 | INFO     | deepstream_ai.face.service | Face recognition camera=camera-01 track=0 known=False similarity=-1.000 samples=2
2026-08-14 00:59:09 | INFO     | deepstream_ai.snapshot.alarm_manager | [BEST_FACE_UPDATE] camera=camera-01 track=0 old_quality=0.578 new_quality=0.599 person_display=1301x1026 face_display=473x711
2026-08-14 00:59:09 | INFO     | deepstream_ai.snapshot.alarm_manager | [FACE_EVIDENCE_UPDATE] camera=camera-01 track=0 source=best_face quality=0.599 evidence=(587.5906967163086, 54.601104736328125, 1887.2091735839845, 1080.0)
2026-08-14 00:59:09 | INFO     | deepstream_ai.face.service | Face recognition camera=camera-01 track=0 known=False similarity=-1.000 samples=2
2026-08-14 00:59:10 | INFO     | deepstream_ai.face.service | Face recognition camera=camera-01 track=0 known=False similarity=-1.000 samples=2
2026-08-14 00:59:10 | INFO     | deepstream_ai.face.service | Face recognition camera=camera-01 track=0 known=False similarity=-1.000 samples=2
2026-08-14 00:59:10 | INFO     | deepstream_ai.face.service | Face recognition camera=camera-01 track=0 known=False similarity=-1.000 samples=2
2026-08-14 00:59:10 | INFO     | deepstream_ai.face.service | Face recognition camera=camera-01 track=0 known=False similarity=-1.000 samples=2
2026-08-14 00:59:10 | INFO     | deepstream_ai.face.service | Face recognition camera=camera-01 track=0 known=False similarity=-1.000 samples=2
2026-08-14 00:59:10 | INFO     | deepstream_ai.face.service | Face recognition camera=camera-01 track=0 known=False similarity=-1.000 samples=2
2026-08-14 00:59:10 | INFO     | deepstream_ai.face.service | Face recognition camera=camera-01 track=0 known=False similarity=-1.000 samples=2
2026-08-14 00:59:11 | INFO     | deepstream_ai.face.service | Face recognition camera=camera-01 track=0 known=False similarity=-1.000 samples=2
2026-08-14 00:59:11 | INFO     | deepstream_ai.face.service | Face recognition camera=camera-01 track=0 known=False similarity=-1.000 samples=2
2026-08-14 00:59:11 | INFO     | deepstream_ai.face.service | Face recognition camera=camera-01 track=0 known=False similarity=-1.000 samples=2
2026-08-14 00:59:11 | INFO     | deepstream_ai.face.service | Face recognition camera=camera-01 track=0 known=False similarity=-1.000 samples=2
2026-08-14 00:59:11 | INFO     | deepstream_ai.face.service | Face recognition camera=camera-01 track=0 known=False similarity=-1.000 samples=2
2026-08-14 00:59:12 | INFO     | deepstream_ai.face.service | Face recognition camera=camera-01 track=0 known=False similarity=-1.000 samples=2
2026-08-14 00:59:12 | INFO     | deepstream_ai.face.service | Face recognition camera=camera-01 track=0 known=False similarity=-1.000 samples=2
2026-08-14 00:59:12 | INFO     | deepstream_ai.face.service | Face recognition camera=camera-01 track=0 known=False similarity=-1.000 samples=2
2026-08-14 00:59:12 | INFO     | deepstream_ai.face.service | Face recognition camera=camera-01 track=0 known=False similarity=-1.000 samples=2
2026-08-14 00:59:12 | INFO     | deepstream_ai.face.service | Face recognition camera=camera-01 track=0 known=False similarity=-1.000 samples=2
2026-08-14 00:59:13 | INFO     | deepstream_ai.face.service | Face recognition camera=camera-01 track=0 known=False similarity=-1.000 samples=2
2026-08-14 00:59:13 | INFO     | deepstream_ai.face.service | Face recognition camera=camera-01 track=0 known=False similarity=-1.000 samples=2
2026-08-14 00:59:13 | INFO     | deepstream_ai.face.service | Face recognition camera=camera-01 track=0 known=False similarity=-1.000 samples=2
2026-08-14 00:59:13 | INFO     | deepstream_ai.face.service | Face recognition camera=camera-01 track=0 known=False similarity=-1.000 samples=2
2026-08-14 00:59:13 | INFO     | deepstream_ai.face.service | Face recognition camera=camera-01 track=0 known=False similarity=-1.000 samples=2
2026-08-14 00:59:13 | INFO     | deepstream_ai.face.service | Face recognition camera=camera-01 track=0 known=False similarity=-1.000 samples=2
2026-08-14 00:59:14 | INFO     | deepstream_ai.face.service | Face recognition camera=camera-01 track=0 known=False similarity=-1.000 samples=2
2026-08-14 00:59:14 | INFO     | deepstream_ai.face.service | Face recognition camera=camera-01 track=0 known=False similarity=-1.000 samples=2
2026-08-14 00:59:14 | INFO     | deepstream_ai.face.service | Face recognition camera=camera-01 track=0 known=False similarity=-1.000 samples=2
2026-08-14 00:59:14 | INFO     | deepstream_ai.face.service | Face recognition camera=camera-01 track=0 known=False similarity=-1.000 samples=2
2026-08-14 00:59:15 | INFO     | deepstream_ai.face.service | Face recognition camera=camera-01 track=0 known=False similarity=-1.000 samples=2
2026-08-14 00:59:15 | INFO     | deepstream_ai.face.service | Face recognition camera=camera-01 track=0 known=False similarity=-1.000 samples=2
2026-08-14 00:59:15 | INFO     | deepstream_ai.face.service | Face recognition camera=camera-01 track=0 known=False similarity=-1.000 samples=2
2026-08-14 00:59:15 | INFO     | deepstream_ai.face.service | Face recognition camera=camera-01 track=0 known=False similarity=-1.000 samples=2
2026-08-14 00:59:15 | INFO     | deepstream_ai.face.service | Face recognition camera=camera-01 track=0 known=False similarity=-1.000 samples=2
2026-08-14 00:59:16 | INFO     | deepstream_ai.face.service | Face recognition camera=camera-01 track=0 known=False similarity=-1.000 samples=2
2026-08-14 00:59:16 | INFO     | deepstream_ai.face.service | Face recognition camera=camera-01 track=0 known=False similarity=-1.000 samples=2
2026-08-14 00:59:16 | INFO     | deepstream_ai.face.service | Face recognition camera=camera-01 track=0 known=False similarity=-1.000 samples=2
2026-08-14 00:59:16 | INFO     | deepstream_ai.face.service | Face recognition camera=camera-01 track=0 known=False similarity=-1.000 samples=2
2026-08-14 00:59:16 | INFO     | deepstream_ai.snapshot.alarm_manager | [BEST_FACE_UPDATE] camera=camera-01 track=0 old_quality=0.599 new_quality=0.610 person_display=1039x1025 face_display=377x726
2026-08-14 00:59:16 | INFO     | deepstream_ai.snapshot.alarm_manager | [FACE_EVIDENCE_UPDATE] camera=camera-01 track=0 source=best_face quality=0.610 evidence=(755.1080589294434, 55.29058837890625, 1793.5275764465332, 1080.0)
2026-08-14 00:59:16 | INFO     | deepstream_ai.face.service | Face recognition camera=camera-01 track=0 known=False similarity=-1.000 samples=2
2026-08-14 00:59:17 | INFO     | deepstream_ai.face.service | Face recognition camera=camera-01 track=0 known=False similarity=-1.000 samples=2
2026-08-14 00:59:17 | INFO     | deepstream_ai.face.service | Face recognition camera=camera-01 track=0 known=False similarity=-1.000 samples=2
2026-08-14 00:59:18 | INFO     | deepstream_ai.face.service | Face recognition camera=camera-01 track=0 known=False similarity=-1.000 samples=2
2026-08-14 00:59:18 | INFO     | deepstream_ai.face.service | Face recognition camera=camera-01 track=0 known=False similarity=-1.000 samples=2
2026-08-14 00:59:18 | INFO     | deepstream_ai.snapshot.alarm_manager | [BEST_FACE_UPDATE] camera=camera-01 track=0 old_quality=0.610 new_quality=0.623 person_display=1173x1042 face_display=472x696
2026-08-14 00:59:18 | INFO     | deepstream_ai.snapshot.alarm_manager | [FACE_EVIDENCE_UPDATE] camera=camera-01 track=0 source=best_face quality=0.623 evidence=(558.5149398803711, 38.5296630859375, 1730.9767272949218, 1080.0)
2026-08-14 00:59:18 | INFO     | deepstream_ai.face.service | Face recognition camera=camera-01 track=0 known=False similarity=-1.000 samples=2
2026-08-14 00:59:18 | INFO     | deepstream_ai.snapshot.alarm_manager | [BEST_FACE_UPDATE] camera=camera-01 track=0 old_quality=0.623 new_quality=0.624 person_display=1237x1062 face_display=453x695
2026-08-14 00:59:18 | INFO     | deepstream_ai.snapshot.alarm_manager | [FACE_EVIDENCE_UPDATE] camera=camera-01 track=0 source=best_face quality=0.624 evidence=(532.382453918457, 18.132659912109375, 1768.4544372558594, 1080.0)
2026-08-14 00:59:18 | INFO     | deepstream_ai.face.service | Face recognition camera=camera-01 track=0 known=False similarity=-1.000 samples=2
2026-08-14 00:59:19 | INFO     | deepstream_ai.face.service | Face recognition camera=camera-01 track=0 known=False similarity=-1.000 samples=2
2026-08-14 00:59:19 | INFO     | deepstream_ai.face.service | Face recognition camera=camera-01 track=0 known=False similarity=-1.000 samples=2
2026-08-14 00:59:19 | INFO     | deepstream_ai.snapshot.alarm_manager | [BEST_FACE_UPDATE] camera=camera-01 track=0 old_quality=0.624 new_quality=0.637 person_display=1056x1064 face_display=383x616
2026-08-14 00:59:19 | INFO     | deepstream_ai.snapshot.alarm_manager | [FACE_EVIDENCE_UPDATE] camera=camera-01 track=0 source=best_face quality=0.637 evidence=(474.92079772949216, 16.776702880859375, 1529.985025024414, 1080.0)
2026-08-14 00:59:19 | INFO     | deepstream_ai.face.service | Face recognition camera=camera-01 track=0 known=False similarity=-1.000 samples=2
2026-08-14 00:59:19 | INFO     | deepstream_ai.face.service | Face recognition camera=camera-01 track=0 known=False similarity=-1.000 samples=2
2026-08-14 00:59:19 | INFO     | deepstream_ai.snapshot.alarm_manager | [BEST_FACE_UPDATE] camera=camera-01 track=0 old_quality=0.637 new_quality=0.658 person_display=953x1012 face_display=345x547
2026-08-14 00:59:19 | INFO     | deepstream_ai.snapshot.alarm_manager | [FACE_EVIDENCE_UPDATE] camera=camera-01 track=0 source=best_face quality=0.658 evidence=(561.2009574890137, 68.4114990234375, 1513.413742828369, 1080.0)
2026-08-14 00:59:19 | INFO     | deepstream_ai.face.service | Face recognition camera=camera-01 track=0 known=False similarity=-1.000 samples=2
2026-08-14 00:59:20 | INFO     | deepstream_ai.face.service | Face recognition camera=camera-01 track=0 known=False similarity=-1.000 samples=2
2026-08-14 00:59:20 | INFO     | deepstream_ai.face.service | Face recognition camera=camera-01 track=0 known=False similarity=-1.000 samples=2
2026-08-14 00:59:20 | INFO     | deepstream_ai.face.service | Face recognition camera=camera-01 track=0 known=False similarity=-1.000 samples=2
2026-08-14 00:59:20 | INFO     | deepstream_ai.face.service | Face recognition camera=camera-01 track=0 known=False similarity=-1.000 samples=2
2026-08-14 00:59:20 | INFO     | deepstream_ai.face.service | Face recognition camera=camera-01 track=0 known=False similarity=-1.000 samples=2
2026-08-14 00:59:21 | INFO     | deepstream_ai.face.service | Face recognition camera=camera-01 track=0 known=False similarity=-1.000 samples=2
2026-08-14 00:59:21 | INFO     | deepstream_ai.face.service | Face recognition camera=camera-01 track=0 known=False similarity=-1.000 samples=2
2026-08-14 00:59:21 | INFO     | deepstream_ai.face.service | Face recognition camera=camera-01 track=0 known=False similarity=-1.000 samples=2
2026-08-14 00:59:21 | INFO     | deepstream_ai.face.service | Face recognition camera=camera-01 track=0 known=False similarity=-1.000 samples=2
2026-08-14 00:59:22 | INFO     | deepstream_ai.face.service | Face recognition camera=camera-01 track=0 known=False similarity=-1.000 samples=2
2026-08-14 00:59:22 | INFO     | deepstream_ai.snapshot.alarm_manager | [BEST_FACE_UPDATE] camera=camera-01 track=0 old_quality=0.658 new_quality=0.662 person_display=909x961 face_display=329x510
2026-08-14 00:59:22 | INFO     | deepstream_ai.snapshot.alarm_manager | [FACE_EVIDENCE_UPDATE] camera=camera-01 track=0 source=best_face quality=0.662 evidence=(577.216650390625, 119.30902099609375, 1485.565087890625, 1080.0)
2026-08-14 00:59:22 | INFO     | deepstream_ai.face.service | Face recognition camera=camera-01 track=0 known=False similarity=-1.000 samples=2
2026-08-14 00:59:22 | INFO     | deepstream_ai.face.service | Face recognition camera=camera-01 track=0 known=False similarity=-1.000 samples=2
2026-08-14 00:59:22 | INFO     | deepstream_ai.face.service | Face recognition camera=camera-01 track=0 known=False similarity=-1.000 samples=2
2026-08-14 00:59:22 | INFO     | deepstream_ai.face.service | Face recognition camera=camera-01 track=0 known=False similarity=-1.000 samples=2
2026-08-14 00:59:23 | INFO     | deepstream_ai.face.service | Face recognition camera=camera-01 track=0 known=False similarity=-1.000 samples=2
2026-08-14 00:59:23 | INFO     | deepstream_ai.face.service | Face recognition camera=camera-01 track=0 known=False similarity=-1.000 samples=2
2026-08-14 00:59:23 | INFO     | deepstream_ai.face.service | Face recognition camera=camera-01 track=0 known=False similarity=-1.000 samples=2
2026-08-14 00:59:23 | INFO     | deepstream_ai.face.service | Face recognition camera=camera-01 track=0 known=False similarity=-1.000 samples=2
2026-08-14 00:59:23 | INFO     | deepstream_ai.snapshot.alarm_manager | [BEST_FACE_UPDATE] camera=camera-01 track=0 old_quality=0.662 new_quality=0.664 person_display=909x965 face_display=329x512
2026-08-14 00:59:23 | INFO     | deepstream_ai.snapshot.alarm_manager | [FACE_EVIDENCE_UPDATE] camera=camera-01 track=0 source=best_face quality=0.664 evidence=(578.0445556640625, 115.20489501953125, 1486.6270751953125, 1080.0)
2026-08-14 00:59:23 | INFO     | deepstream_ai.snapshot.alarm_manager | [BEST_FACE_UPDATE] camera=camera-01 track=0 old_quality=0.664 new_quality=0.679 person_display=920x980 face_display=334x528
2026-08-14 00:59:23 | INFO     | deepstream_ai.snapshot.alarm_manager | [FACE_EVIDENCE_UPDATE] camera=camera-01 track=0 source=best_face quality=0.679 evidence=(574.7811042785645, 100.1376953125, 1493.3295372009277, 1080.0)
2026-08-14 00:59:23 | INFO     | deepstream_ai.face.service | Face recognition camera=camera-01 track=0 known=False similarity=-1.000 samples=2
2026-08-14 00:59:23 | INFO     | deepstream_ai.face.service | Face recognition camera=camera-01 track=0 known=False similarity=-1.000 samples=2
2026-08-14 00:59:24 | INFO     | deepstream_ai.face.service | Face recognition camera=camera-01 track=0 known=False similarity=-1.000 samples=2
2026-08-14 00:59:24 | INFO     | deepstream_ai.face.service | Face recognition camera=camera-01 track=0 known=False similarity=-1.000 samples=2
2026-08-14 00:59:24 | INFO     | deepstream_ai.face.service | Face recognition camera=camera-01 track=0 known=False similarity=-1.000 samples=2
2026-08-14 00:59:24 | INFO     | deepstream_ai.face.service | Face recognition camera=camera-01 track=0 known=False similarity=-1.000 samples=2
2026-08-14 00:59:24 | INFO     | deepstream_ai.face.service | Face recognition camera=camera-01 track=0 known=False similarity=-1.000 samples=2
2026-08-14 00:59:25 | INFO     | deepstream_ai.face.service | Face recognition camera=camera-01 track=0 known=False similarity=-1.000 samples=2
2026-08-14 00:59:25 | INFO     | deepstream_ai.face.service | Face recognition camera=camera-01 track=0 known=False similarity=-1.000 samples=2
2026-08-14 00:59:25 | INFO     | deepstream_ai.face.service | Face recognition camera=camera-01 track=0 known=False similarity=-1.000 samples=2
2026-08-14 00:59:26 | INFO     | deepstream_ai.face.service | Face recognition camera=camera-01 track=0 known=False similarity=-1.000 samples=2
2026-08-14 00:59:26 | INFO     | deepstream_ai.face.service | Face recognition camera=camera-01 track=0 known=False similarity=-1.000 samples=2
2026-08-14 00:59:26 | INFO     | deepstream_ai.face.service | Face recognition camera=camera-01 track=0 known=False similarity=-1.000 samples=2
2026-08-14 00:59:26 | INFO     | deepstream_ai.face.service | Face recognition camera=camera-01 track=0 known=False similarity=-1.000 samples=2
2026-08-14 00:59:27 | INFO     | deepstream_ai.face.service | Face recognition camera=camera-01 track=0 known=False similarity=-1.000 samples=2
2026-08-14 00:59:27 | INFO     | deepstream_ai.face.service | Face recognition camera=camera-01 track=0 known=False similarity=-1.000 samples=2
2026-08-14 00:59:27 | INFO     | deepstream_ai.face.service | Face recognition camera=camera-01 track=0 known=False similarity=-1.000 samples=2
2026-08-14 00:59:27 | INFO     | deepstream_ai.face.service | Face recognition camera=camera-01 track=0 known=False similarity=-1.000 samples=2
2026-08-14 00:59:27 | INFO     | deepstream_ai.face.service | Face recognition camera=camera-01 track=0 known=False similarity=-1.000 samples=2
2026-08-14 00:59:28 | INFO     | deepstream_ai.face.service | Face recognition camera=camera-01 track=0 known=False similarity=-1.000 samples=2
2026-08-14 00:59:28 | INFO     | deepstream_ai.face.service | Face recognition camera=camera-01 track=0 known=False similarity=-1.000 samples=2
2026-08-14 00:59:28 | INFO     | deepstream_ai.face.service | Face recognition camera=camera-01 track=0 known=False similarity=-1.000 samples=2
2026-08-14 00:59:28 | INFO     | deepstream_ai.face.service | Face recognition camera=camera-01 track=0 known=False similarity=-1.000 samples=2
2026-08-14 00:59:31 | INFO     | deepstream_ai.snapshot.rolling_manager | [TRACK_CREATE] camera=camera-01 track=1 person_conf=0.986 quality=0.703
2026-08-14 00:59:31 | INFO     | deepstream_ai.snapshot.rolling_manager | [PERSON_EVIDENCE_UPDATE] camera=camera-01 track=1 source=person_fallback quality=0.703
2026-08-14 00:59:31 | INFO     | deepstream_ai.snapshot.alarm_manager | [FACE_FALLBACK] camera=camera-01 track=1 face_conf=0.763 quality=0.558 person_display=927x927 face_display=403x558
2026-08-14 00:59:31 | INFO     | deepstream_ai.snapshot.alarm_manager | [FACE_EVIDENCE_UPDATE] camera=camera-01 track=1 source=face_fallback quality=0.558 evidence=(993.0715324401855, 153.1807861328125, 1920.0, 1080.0)
2026-08-14 00:59:31 | INFO     | deepstream_ai.face.service | Face recognition camera=camera-01 track=1 known=False similarity=-1.000 samples=2
2026-08-14 00:59:31 | INFO     | deepstream_ai.snapshot.alarm_manager | [BEST_FACE_UPDATE] camera=camera-01 track=1 old_quality=0.558 new_quality=0.586 person_display=1024x1007 face_display=371x539
2026-08-14 00:59:31 | INFO     | deepstream_ai.snapshot.alarm_manager | [FACE_EVIDENCE_UPDATE] camera=camera-01 track=1 source=best_face quality=0.586 evidence=(889.076488494873, 73.23834228515625, 1912.2132606506348, 1080.0)
2026-08-14 00:59:31 | INFO     | deepstream_ai.snapshot.alarm_manager | [BEST_FACE_UPDATE] camera=camera-01 track=1 old_quality=0.586 new_quality=0.623 person_display=959x1020 face_display=347x520
2026-08-14 00:59:31 | INFO     | deepstream_ai.snapshot.alarm_manager | [FACE_EVIDENCE_UPDATE] camera=camera-01 track=1 source=best_face quality=0.623 evidence=(853.2130874633789, 60.723175048828125, 1811.8597579956054, 1080.0)
2026-08-14 00:59:31 | INFO     | deepstream_ai.face.service | Face recognition camera=camera-01 track=1 known=False similarity=-1.000 samples=2
2026-08-14 00:59:31 | INFO     | deepstream_ai.snapshot.alarm_manager | [BEST_FACE_UPDATE] camera=camera-01 track=1 old_quality=0.623 new_quality=0.667 person_display=896x1031 face_display=324x505
2026-08-14 00:59:31 | INFO     | deepstream_ai.snapshot.alarm_manager | [FACE_EVIDENCE_UPDATE] camera=camera-01 track=1 source=best_face quality=0.667 evidence=(776.1853507995605, 49.7098388671875, 1671.7887245178222, 1080.0)
2026-08-14 00:59:32 | INFO     | deepstream_ai.face.service | Face recognition camera=camera-01 track=1 known=False similarity=-1.000 samples=2
2026-08-14 00:59:32 | INFO     | deepstream_ai.face.service | Face recognition camera=camera-01 track=1 known=False similarity=-1.000 samples=2
2026-08-14 00:59:32 | INFO     | deepstream_ai.face.service | Face recognition camera=camera-01 track=1 known=False similarity=-1.000 samples=2
2026-08-14 00:59:32 | INFO     | deepstream_ai.face.service | Face recognition camera=camera-01 track=1 known=False similarity=-1.000 samples=2
2026-08-14 00:59:32 | INFO     | deepstream_ai.face.service | Face recognition camera=camera-01 track=1 known=False similarity=-1.000 samples=2
2026-08-14 00:59:32 | INFO     | deepstream_ai.face.service | Face recognition camera=camera-01 track=1 known=False similarity=-1.000 samples=2
2026-08-14 00:59:32 | INFO     | deepstream_ai.snapshot.alarm_manager | [BEST_FACE_UPDATE] camera=camera-01 track=1 old_quality=0.667 new_quality=0.671 person_display=867x1002 face_display=315x486
2026-08-14 00:59:32 | INFO     | deepstream_ai.snapshot.alarm_manager | [FACE_EVIDENCE_UPDATE] camera=camera-01 track=1 source=best_face quality=0.671 evidence=(649.5823989868163, 78.86648559570312, 1515.454557800293, 1080.0)
2026-08-14 00:59:32 | INFO     | deepstream_ai.face.service | Face recognition camera=camera-01 track=1 known=False similarity=-1.000 samples=2
2026-08-14 00:59:32 | INFO     | deepstream_ai.snapshot.alarm_manager | [BEST_FACE_UPDATE] camera=camera-01 track=1 old_quality=0.671 new_quality=0.686 person_display=844x1005 face_display=306x480
2026-08-14 00:59:32 | INFO     | deepstream_ai.snapshot.alarm_manager | [FACE_EVIDENCE_UPDATE] camera=camera-01 track=1 source=best_face quality=0.686 evidence=(675.4968872070312, 75.05189514160156, 1518.5593872070312, 1080.0)
2026-08-14 00:59:33 | INFO     | deepstream_ai.face.service | Face recognition camera=camera-01 track=1 known=False similarity=-1.000 samples=2
2026-08-14 00:59:33 | INFO     | deepstream_ai.snapshot.alarm_manager | [BEST_FACE_UPDATE] camera=camera-01 track=1 old_quality=0.686 new_quality=0.695 person_display=846x1008 face_display=306x473
2026-08-14 00:59:33 | INFO     | deepstream_ai.snapshot.alarm_manager | [FACE_EVIDENCE_UPDATE] camera=camera-01 track=1 source=best_face quality=0.695 evidence=(691.8624496459961, 72.37225341796875, 1536.2968826293945, 1080.0)
2026-08-14 00:59:33 | INFO     | deepstream_ai.face.service | Face recognition camera=camera-01 track=1 known=False similarity=-1.000 samples=2
2026-08-14 00:59:33 | INFO     | deepstream_ai.face.service | Face recognition camera=camera-01 track=1 known=False similarity=-1.000 samples=2
2026-08-14 00:59:33 | INFO     | deepstream_ai.snapshot.alarm_manager | [BEST_FACE_UPDATE] camera=camera-01 track=1 old_quality=0.695 new_quality=0.698 person_display=829x1004 face_display=301x471
2026-08-14 00:59:33 | INFO     | deepstream_ai.snapshot.alarm_manager | [FACE_EVIDENCE_UPDATE] camera=camera-01 track=1 source=best_face quality=0.698 evidence=(699.091700744629, 76.2049560546875, 1527.6415451049804, 1080.0)
2026-08-14 00:59:33 | INFO     | deepstream_ai.snapshot.alarm_manager | [BEST_FACE_UPDATE] camera=camera-01 track=1 old_quality=0.698 new_quality=0.714 person_display=828x997 face_display=300x466
2026-08-14 00:59:33 | INFO     | deepstream_ai.snapshot.alarm_manager | [FACE_EVIDENCE_UPDATE] camera=camera-01 track=1 source=best_face quality=0.714 evidence=(697.285400390625, 83.59408569335938, 1524.283447265625, 1080.0)
2026-08-14 00:59:33 | INFO     | deepstream_ai.face.service | Face recognition camera=camera-01 track=1 known=False similarity=-1.000 samples=2
2026-08-14 00:59:33 | INFO     | deepstream_ai.face.service | Face recognition camera=camera-01 track=1 known=False similarity=-1.000 samples=2
2026-08-14 00:59:33 | INFO     | deepstream_ai.face.service | Face recognition camera=camera-01 track=1 known=False similarity=-1.000 samples=2
2026-08-14 00:59:34 | INFO     | deepstream_ai.face.service | Face recognition camera=camera-01 track=1 known=False similarity=-1.000 samples=2
2026-08-14 00:59:34 | INFO     | deepstream_ai.face.service | Face recognition camera=camera-01 track=1 known=False similarity=-1.000 samples=2
2026-08-14 00:59:34 | INFO     | deepstream_ai.face.service | Face recognition camera=camera-01 track=1 known=False similarity=-1.000 samples=2
2026-08-14 00:59:34 | INFO     | deepstream_ai.face.service | Face recognition camera=camera-01 track=1 known=False similarity=-1.000 samples=2
2026-08-14 00:59:35 | INFO     | deepstream_ai.face.service | Face recognition camera=camera-01 track=1 known=False similarity=-1.000 samples=2
2026-08-14 00:59:35 | INFO     | deepstream_ai.face.service | Face recognition camera=camera-01 track=1 known=False similarity=-1.000 samples=2
2026-08-14 00:59:35 | INFO     | deepstream_ai.face.service | Face recognition camera=camera-01 track=1 known=False similarity=-1.000 samples=2
2026-08-14 00:59:35 | INFO     | deepstream_ai.face.service | Face recognition camera=camera-01 track=1 known=False similarity=-1.000 samples=2
2026-08-14 00:59:36 | INFO     | deepstream_ai.face.service | Face recognition camera=camera-01 track=1 known=False similarity=-1.000 samples=2
2026-08-14 00:59:36 | INFO     | deepstream_ai.face.service | Face recognition camera=camera-01 track=1 known=False similarity=-1.000 samples=2
2026-08-14 00:59:36 | INFO     | deepstream_ai.face.service | Face recognition camera=camera-01 track=1 known=False similarity=-1.000 samples=2
2026-08-14 00:59:37 | INFO     | deepstream_ai.face.service | Face recognition camera=camera-01 track=1 known=False similarity=-1.000 samples=2
2026-08-14 00:59:37 | INFO     | deepstream_ai.face.service | Face recognition camera=camera-01 track=1 known=False similarity=-1.000 samples=2
2026-08-14 00:59:37 | INFO     | deepstream_ai.face.service | Face recognition camera=camera-01 track=1 known=False similarity=-1.000 samples=2
2026-08-14 00:59:37 | INFO     | deepstream_ai.face.service | Face recognition camera=camera-01 track=1 known=False similarity=-1.000 samples=2
2026-08-14 00:59:37 | INFO     | deepstream_ai.face.service | Face recognition camera=camera-01 track=1 known=False similarity=-1.000 samples=2
2026-08-14 00:59:38 | INFO     | deepstream_ai.face.service | Face recognition camera=camera-01 track=1 known=False similarity=-1.000 samples=2
2026-08-14 00:59:38 | INFO     | deepstream_ai.face.service | Face recognition camera=camera-01 track=1 known=False similarity=-1.000 samples=2
2026-08-14 00:59:38 | INFO     | deepstream_ai.face.service | Face recognition camera=camera-01 track=1 known=False similarity=-1.000 samples=2
2026-08-14 00:59:38 | INFO     | deepstream_ai.face.service | Face recognition camera=camera-01 track=1 known=False similarity=-1.000 samples=2
2026-08-14 00:59:38 | INFO     | deepstream_ai.face.service | Face recognition camera=camera-01 track=1 known=False similarity=-1.000 samples=2
2026-08-14 00:59:38 | INFO     | deepstream_ai.snapshot.rolling_manager | [TRACK_FINALIZE] camera=camera-01 track=0 source=best_face identity=unknown similarity=-1.000 quality=0.679
2026-08-14 00:59:38 | INFO     | deepstream_ai.face.service | Face recognition camera=camera-01 track=1 known=False similarity=-1.000 samples=2
2026-08-14 00:59:39 | INFO     | deepstream_ai.face.service | Face recognition camera=camera-01 track=1 known=False similarity=-1.000 samples=2
2026-08-14 00:59:39 | INFO     | deepstream_ai.face.service | Face recognition camera=camera-01 track=1 known=False similarity=-1.000 samples=2
2026-08-14 00:59:39 | INFO     | deepstream_ai.face.service | Face recognition camera=camera-01 track=1 known=False similarity=-1.000 samples=2
2026-08-14 00:59:39 | INFO     | deepstream_ai.face.service | Face recognition camera=camera-01 track=1 known=False similarity=-1.000 samples=2
2026-08-14 00:59:39 | INFO     | deepstream_ai.face.service | Face recognition camera=camera-01 track=1 known=False similarity=-1.000 samples=2
2026-08-14 00:59:40 | INFO     | deepstream_ai.face.service | Face recognition camera=camera-01 track=1 known=False similarity=-1.000 samples=2
2026-08-14 00:59:40 | INFO     | deepstream_ai.face.service | Face recognition camera=camera-01 track=1 known=False similarity=-1.000 samples=2
2026-08-14 00:59:40 | INFO     | deepstream_ai.face.service | Face recognition camera=camera-01 track=1 known=False similarity=-1.000 samples=2
2026-08-14 00:59:40 | INFO     | deepstream_ai.face.service | Face recognition camera=camera-01 track=1 known=False similarity=-1.000 samples=2
2026-08-14 00:59:40 | INFO     | deepstream_ai.face.service | Face recognition camera=camera-01 track=1 known=False similarity=-1.000 samples=2
2026-08-14 00:59:41 | INFO     | deepstream_ai.face.service | Face recognition camera=camera-01 track=1 known=False similarity=-1.000 samples=2
2026-08-14 00:59:41 | INFO     | deepstream_ai.face.service | Face recognition camera=camera-01 track=1 known=False similarity=-1.000 samples=2
2026-08-14 00:59:41 | INFO     | deepstream_ai.face.service | Face recognition camera=camera-01 track=1 known=False similarity=-1.000 samples=2
2026-08-14 00:59:41 | INFO     | deepstream_ai.face.service | Face recognition camera=camera-01 track=1 known=False similarity=-1.000 samples=2
2026-08-14 00:59:41 | INFO     | deepstream_ai.face.service | Face recognition camera=camera-01 track=1 known=False similarity=-1.000 samples=2
2026-08-14 00:59:41 | INFO     | deepstream_ai.face.service | Face recognition camera=camera-01 track=1 known=False similarity=-1.000 samples=2
2026-08-14 00:59:42 | INFO     | deepstream_ai.face.service | Face recognition camera=camera-01 track=1 known=False similarity=-1.000 samples=2
2026-08-14 00:59:42 | INFO     | deepstream_ai.face.service | Face recognition camera=camera-01 track=1 known=False similarity=-1.000 samples=2
2026-08-14 00:59:42 | INFO     | deepstream_ai.face.service | Face recognition camera=camera-01 track=1 known=False similarity=-1.000 samples=2
2026-08-14 00:59:42 | INFO     | deepstream_ai.face.service | Face recognition camera=camera-01 track=1 known=False similarity=-1.000 samples=2
2026-08-14 00:59:42 | INFO     | deepstream_ai.face.service | Face recognition camera=camera-01 track=1 known=False similarity=-1.000 samples=2
2026-08-14 00:59:43 | INFO     | deepstream_ai.face.service | Face recognition camera=camera-01 track=1 known=False similarity=-1.000 samples=2
2026-08-14 00:59:43 | INFO     | deepstream_ai.face.service | Face recognition camera=camera-01 track=1 known=False similarity=-1.000 samples=2
2026-08-14 00:59:43 | INFO     | deepstream_ai.face.service | Face recognition camera=camera-01 track=1 known=False similarity=-1.000 samples=2
2026-08-14 00:59:43 | INFO     | deepstream_ai.face.service | Face recognition camera=camera-01 track=1 known=False similarity=-1.000 samples=2
2026-08-14 00:59:43 | INFO     | deepstream_ai.face.service | Face recognition camera=camera-01 track=1 known=False similarity=-1.000 samples=2
2026-08-14 00:59:44 | INFO     | deepstream_ai.face.service | Face recognition camera=camera-01 track=1 known=False similarity=-1.000 samples=2
2026-08-14 00:59:44 | INFO     | deepstream_ai.face.service | Face recognition camera=camera-01 track=1 known=False similarity=-1.000 samples=2
2026-08-14 00:59:44 | INFO     | deepstream_ai.face.service | Face recognition camera=camera-01 track=1 known=False similarity=-1.000 samples=2
2026-08-14 00:59:44 | INFO     | deepstream_ai.face.service | Face recognition camera=camera-01 track=1 known=False similarity=-1.000 samples=2
2026-08-14 00:59:44 | INFO     | deepstream_ai.face.service | Face recognition camera=camera-01 track=1 known=False similarity=-1.000 samples=2
2026-08-14 00:59:45 | INFO     | deepstream_ai.face.service | Face recognition camera=camera-01 track=1 known=False similarity=-1.000 samples=2
2026-08-14 00:59:45 | INFO     | deepstream_ai.face.service | Face recognition camera=camera-01 track=1 known=False similarity=-1.000 samples=2
2026-08-14 00:59:45 | INFO     | deepstream_ai.face.service | Face recognition camera=camera-01 track=1 known=False similarity=-1.000 samples=2
2026-08-14 00:59:45 | INFO     | deepstream_ai.face.service | Face recognition camera=camera-01 track=1 known=False similarity=-1.000 samples=2
2026-08-14 00:59:45 | INFO     | deepstream_ai.face.service | Face recognition camera=camera-01 track=1 known=False similarity=-1.000 samples=2
2026-08-14 00:59:46 | INFO     | deepstream_ai.face.service | Face recognition camera=camera-01 track=1 known=False similarity=-1.000 samples=2
2026-08-14 00:59:46 | INFO     | deepstream_ai.face.service | Face recognition camera=camera-01 track=1 known=False similarity=-1.000 samples=2
2026-08-14 00:59:46 | INFO     | deepstream_ai.face.service | Face recognition camera=camera-01 track=1 known=False similarity=-1.000 samples=2
2026-08-14 00:59:46 | INFO     | deepstream_ai.face.service | Face recognition camera=camera-01 track=1 known=False similarity=-1.000 samples=2
2026-08-14 00:59:46 | INFO     | deepstream_ai.face.service | Face recognition camera=camera-01 track=1 known=False similarity=-1.000 samples=2
2026-08-14 00:59:46 | INFO     | deepstream_ai.face.service | Face recognition camera=camera-01 track=1 known=False similarity=-1.000 samples=2
2026-08-14 00:59:47 | INFO     | deepstream_ai.face.service | Face recognition camera=camera-01 track=1 known=False similarity=-1.000 samples=2
2026-08-14 00:59:47 | INFO     | deepstream_ai.face.service | Face recognition camera=camera-01 track=1 known=False similarity=-1.000 samples=2
2026-08-14 00:59:47 | INFO     | deepstream_ai.face.service | Face recognition camera=camera-01 track=1 known=False similarity=-1.000 samples=2
2026-08-14 00:59:47 | INFO     | deepstream_ai.face.service | Face recognition camera=camera-01 track=1 known=False similarity=-1.000 samples=2
2026-08-14 00:59:47 | INFO     | deepstream_ai.face.service | Face recognition camera=camera-01 track=1 known=False similarity=-1.000 samples=2
2026-08-14 00:59:48 | INFO     | deepstream_ai.face.service | Face recognition camera=camera-01 track=1 known=False similarity=-1.000 samples=2
2026-08-14 00:59:48 | INFO     | deepstream_ai.face.service | Face recognition camera=camera-01 track=1 known=False similarity=-1.000 samples=2
2026-08-14 00:59:48 | INFO     | deepstream_ai.face.service | Face recognition camera=camera-01 track=1 known=False similarity=-1.000 samples=2
2026-08-14 00:59:48 | INFO     | deepstream_ai.face.service | Face recognition camera=camera-01 track=1 known=False similarity=-1.000 samples=2
2026-08-14 00:59:48 | INFO     | deepstream_ai.face.service | Face recognition camera=camera-01 track=1 known=False similarity=-1.000 samples=2
2026-08-14 00:59:49 | INFO     | deepstream_ai.face.service | Face recognition camera=camera-01 track=1 known=False similarity=-1.000 samples=2
2026-08-14 00:59:49 | INFO     | deepstream_ai.face.service | Face recognition camera=camera-01 track=1 known=False similarity=-1.000 samples=2
2026-08-14 00:59:49 | INFO     | deepstream_ai.face.service | Face recognition camera=camera-01 track=1 known=False similarity=-1.000 samples=2
2026-08-14 00:59:49 | INFO     | deepstream_ai.face.service | Face recognition camera=camera-01 track=1 known=False similarity=-1.000 samples=2
2026-08-14 00:59:49 | INFO     | deepstream_ai.face.service | Face recognition camera=camera-01 track=1 known=False similarity=-1.000 samples=2
2026-08-14 00:59:49 | INFO     | deepstream_ai.face.service | Face recognition camera=camera-01 track=1 known=False similarity=-1.000 samples=2
2026-08-14 00:59:50 | INFO     | deepstream_ai.face.service | Face recognition camera=camera-01 track=1 known=False similarity=-1.000 samples=2
2026-08-14 00:59:50 | INFO     | deepstream_ai.face.service | Face recognition camera=camera-01 track=1 known=False similarity=-1.000 samples=2
2026-08-14 00:59:50 | INFO     | deepstream_ai.face.service | Face recognition camera=camera-01 track=1 known=False similarity=-1.000 samples=2
2026-08-14 00:59:50 | INFO     | deepstream_ai.face.service | Face recognition camera=camera-01 track=1 known=False similarity=-1.000 samples=2
2026-08-14 00:59:50 | INFO     | deepstream_ai.face.service | Face recognition camera=camera-01 track=1 known=False similarity=-1.000 samples=2
2026-08-14 00:59:51 | INFO     | deepstream_ai.face.service | Face recognition camera=camera-01 track=1 known=False similarity=-1.000 samples=2
2026-08-14 00:59:51 | INFO     | deepstream_ai.face.service | Face recognition camera=camera-01 track=1 known=False similarity=-1.000 samples=2
2026-08-14 00:59:51 | INFO     | deepstream_ai.face.service | Face recognition camera=camera-01 track=1 known=False similarity=-1.000 samples=2
2026-08-14 00:59:51 | INFO     | deepstream_ai.face.service | Face recognition camera=camera-01 track=1 known=False similarity=-1.000 samples=2
2026-08-14 00:59:51 | INFO     | deepstream_ai.face.service | Face recognition camera=camera-01 track=1 known=False similarity=-1.000 samples=2
2026-08-14 00:59:52 | INFO     | deepstream_ai.face.service | Face recognition camera=camera-01 track=1 known=False similarity=-1.000 samples=2
2026-08-14 00:59:52 | INFO     | deepstream_ai.face.service | Face recognition camera=camera-01 track=1 known=False similarity=-1.000 samples=2
2026-08-14 00:59:52 | INFO     | deepstream_ai.face.service | Face recognition camera=camera-01 track=1 known=False similarity=-1.000 samples=2
2026-08-14 00:59:52 | INFO     | deepstream_ai.face.service | Face recognition camera=camera-01 track=1 known=False similarity=-1.000 samples=2
2026-08-14 00:59:52 | INFO     | deepstream_ai.face.service | Face recognition camera=camera-01 track=1 known=False similarity=-1.000 samples=2
2026-08-14 00:59:53 | INFO     | deepstream_ai.face.service | Face recognition camera=camera-01 track=1 known=False similarity=-1.000 samples=2
2026-08-14 00:59:53 | INFO     | deepstream_ai.face.service | Face recognition camera=camera-01 track=1 known=False similarity=-1.000 samples=2
2026-08-14 00:59:53 | INFO     | deepstream_ai.face.service | Face recognition camera=camera-01 track=1 known=False similarity=-1.000 samples=2
2026-08-14 00:59:53 | INFO     | deepstream_ai.face.service | Face recognition camera=camera-01 track=1 known=False similarity=-1.000 samples=2
2026-08-14 00:59:53 | INFO     | deepstream_ai.face.service | Face recognition camera=camera-01 track=1 known=False similarity=-1.000 samples=2
2026-08-14 00:59:54 | INFO     | deepstream_ai.face.service | Face recognition camera=camera-01 track=1 known=False similarity=-1.000 samples=2
2026-08-14 00:59:54 | INFO     | deepstream_ai.face.service | Face recognition camera=camera-01 track=1 known=False similarity=-1.000 samples=2
2026-08-14 00:59:54 | INFO     | deepstream_ai.face.service | Face recognition camera=camera-01 track=1 known=False similarity=-1.000 samples=2
2026-08-14 00:59:54 | INFO     | deepstream_ai.face.service | Face recognition camera=camera-01 track=1 known=False similarity=-1.000 samples=2
2026-08-14 00:59:54 | INFO     | deepstream_ai.face.service | Face recognition camera=camera-01 track=1 known=False similarity=-1.000 samples=2
2026-08-14 00:59:54 | INFO     | deepstream_ai.face.service | Face recognition camera=camera-01 track=1 known=False similarity=-1.000 samples=2
2026-08-14 00:59:55 | INFO     | deepstream_ai.face.service | Face recognition camera=camera-01 track=1 known=False similarity=-1.000 samples=2
2026-08-14 00:59:55 | INFO     | deepstream_ai.face.service | Face recognition camera=camera-01 track=1 known=False similarity=-1.000 samples=2
2026-08-14 00:59:55 | INFO     | deepstream_ai.face.service | Face recognition camera=camera-01 track=1 known=False similarity=-1.000 samples=2
2026-08-14 00:59:55 | INFO     | deepstream_ai.face.service | Face recognition camera=camera-01 track=1 known=False similarity=-1.000 samples=2
2026-08-14 00:59:55 | INFO     | deepstream_ai.face.service | Face recognition camera=camera-01 track=1 known=False similarity=-1.000 samples=2
2026-08-14 00:59:56 | INFO     | deepstream_ai.pipeline.runner | 收到停止请求
2026-08-14 00:59:56 | INFO     | deepstream_ai.face.service | Face recognition camera=camera-01 track=1 known=False similarity=-1.000 samples=2
2026-08-14 00:59:56 | INFO     | deepstream_ai.face.service | Face recognition camera=camera-01 track=1 known=False similarity=-1.000 samples=2
2026-08-14 00:59:56 | INFO     | deepstream_ai.face.service | Face recognition camera=camera-01 track=1 known=False similarity=-1.000 samples=2
2026-08-14 00:59:56 | INFO     | deepstream_ai.face.service | Face recognition camera=camera-01 track=1 known=False similarity=-1.000 samples=2
2026-08-14 00:59:56 | INFO     | deepstream_ai.face.service | Face recognition camera=camera-01 track=1 known=False similarity=-1.000 samples=2
0:01:09.157484688 [36m38291[00m     0x35e44af0 [33;01mWARN   [00m [00m         nvurisrcbin gstdsnvurisrcbin.cpp:1710:watch_source_status:<uri-source-00>[00m warning: No data from source since last 10 sec. Trying reconnection
0:01:09.158332235 [36m38291[00m 0x7f99bc000d80 [33;01mWARN   [00m [00;04m             default gstrtspconnection.c:1553:writev_bytes:[00m Operation was cancelled
0:01:09.158900561 [36m38291[00m 0x7f99bc000d80 [33;01mWARN   [00m [00m             rtspsrc gstrtspsrc.c:6874:gst_rtspsrc_try_send:<src>[00m error: Could not send message. (Received end-of-file)
0:01:09.159490163 [36m38291[00m 0x7f99bc000d80 [33;01mWARN   [00m [00m             rtspsrc gstrtspsrc.c:9345:gst_rtspsrc_pause:<src>[00m error: Could not send message. (Received end-of-file)
Resetting source -1, attempts: 1
2026-08-14 01:00:05 | WARNING  | deepstream_ai.pipeline.runner | GStreamer 警告 source=uri-source-00: gst-stream-error-quark: No data from source since last 10 sec. Trying reconnection (1); debug=gstdsnvurisrcbin.cpp(1710): watch_source_status (): /GstPipeline:deepstream-ai-platform/GstBin:source-bin-00/GstDsNvUriSrcBin:uri-source-00
2026-08-14 01:00:05 | WARNING  | deepstream_ai.pipeline.runner | GStreamer 警告 source=src: gst-resource-error-quark: Could not write to resource. (10); debug=../gst/rtsp/gstrtspsrc.c(6874): gst_rtspsrc_try_send (): /GstPipeline:deepstream-ai-platform/GstBin:source-bin-00/GstDsNvUriSrcBin:uri-source-00/GstRTSPSrc:src:
Could not send message. (Received end-of-file)
2026-08-14 01:00:05 | WARNING  | deepstream_ai.pipeline.runner | GStreamer 警告 source=src: gst-resource-error-quark: Could not write to resource. (10); debug=../gst/rtsp/gstrtspsrc.c(9345): gst_rtspsrc_pause (): /GstPipeline:deepstream-ai-platform/GstBin:source-bin-00/GstDsNvUriSrcBin:uri-source-00/GstRTSPSrc:src:
Could not send message. (Received end-of-file)
Opening in BLOCKING MODE 
0:01:10.386174032 [36m38291[00m 0x7f99bc001520 [33;01mWARN   [00m [00m                v4l2 gstv4l2object.c:3123:gst_v4l2_object_get_nearest_size:<nvv4l2decoder1:sink>[00m Unable to try format: Unknown error -1
0:01:10.386706680 [36m38291[00m 0x7f99bc001520 [33;01mWARN   [00m [00m                v4l2 gstv4l2object.c:3008:gst_v4l2_object_probe_caps_for_format:<nvv4l2decoder1:sink>[00m Could not probe minimum capture size for pixelformat MJPG
0:01:10.387244254 [36m38291[00m 0x7f99bc001520 [33;01mWARN   [00m [00m                v4l2 gstv4l2object.c:3123:gst_v4l2_object_get_nearest_size:<nvv4l2decoder1:sink>[00m Unable to try format: Unknown error -1
0:01:10.387835171 [36m38291[00m 0x7f99bc001520 [33;01mWARN   [00m [00m                v4l2 gstv4l2object.c:3014:gst_v4l2_object_probe_caps_for_format:<nvv4l2decoder1:sink>[00m Could not probe maximum capture size for pixelformat MJPG
0:01:10.388614818 [36m38291[00m 0x7f99bc001520 [33;01mWARN   [00m [00m                v4l2 gstv4l2object.c:3123:gst_v4l2_object_get_nearest_size:<nvv4l2decoder1:sink>[00m Unable to try format: Unknown error -1
0:01:10.389370577 [36m38291[00m 0x7f99bc001520 [33;01mWARN   [00m [00m                v4l2 gstv4l2object.c:3008:gst_v4l2_object_probe_caps_for_format:<nvv4l2decoder1:sink>[00m Could not probe minimum capture size for pixelformat AV10
0:01:10.390370475 [36m38291[00m 0x7f99bc001520 [33;01mWARN   [00m [00m                v4l2 gstv4l2object.c:3123:gst_v4l2_object_get_nearest_size:<nvv4l2decoder1:sink>[00m Unable to try format: Unknown error -1
0:01:10.390958612 [36m38291[00m 0x7f99bc001520 [33;01mWARN   [00m [00m                v4l2 gstv4l2object.c:3014:gst_v4l2_object_probe_caps_for_format:<nvv4l2decoder1:sink>[00m Could not probe maximum capture size for pixelformat AV10
0:01:10.391506362 [36m38291[00m 0x7f99bc001520 [33;01mWARN   [00m [00m                v4l2 gstv4l2object.c:3123:gst_v4l2_object_get_nearest_size:<nvv4l2decoder1:sink>[00m Unable to try format: Unknown error -1
0:01:10.392242606 [36m38291[00m 0x7f99bc001520 [33;01mWARN   [00m [00m                v4l2 gstv4l2object.c:3008:gst_v4l2_object_probe_caps_for_format:<nvv4l2decoder1:sink>[00m Could not probe minimum capture size for pixelformat DVX5
0:01:10.392837943 [36m38291[00m 0x7f99bc001520 [33;01mWARN   [00m [00m                v4l2 gstv4l2object.c:3123:gst_v4l2_object_get_nearest_size:<nvv4l2decoder1:sink>[00m Unable to try format: Unknown error -1
0:01:10.393364379 [36m38291[00m 0x7f99bc001520 [33;01mWARN   [00m [00m                v4l2 gstv4l2object.c:3014:gst_v4l2_object_probe_caps_for_format:<nvv4l2decoder1:sink>[00m Could not probe maximum capture size for pixelformat DVX5
0:01:10.394001288 [36m38291[00m 0x7f99bc001520 [33;01mWARN   [00m [00m                v4l2 gstv4l2object.c:3123:gst_v4l2_object_get_nearest_size:<nvv4l2decoder1:sink>[00m Unable to try format: Unknown error -1
0:01:10.394805493 [36m38291[00m 0x7f99bc001520 [33;01mWARN   [00m [00m                v4l2 gstv4l2object.c:3008:gst_v4l2_object_probe_caps_for_format:<nvv4l2decoder1:sink>[00m Could not probe minimum capture size for pixelformat DVX4
0:01:10.395408812 [36m38291[00m 0x7f99bc001520 [33;01mWARN   [00m [00m                v4l2 gstv4l2object.c:3123:gst_v4l2_object_get_nearest_size:<nvv4l2decoder1:sink>[00m Unable to try format: Unknown error -1
0:01:10.396019975 [36m38291[00m 0x7f99bc001520 [33;01mWARN   [00m [00m                v4l2 gstv4l2object.c:3014:gst_v4l2_object_probe_caps_for_format:<nvv4l2decoder1:sink>[00m Could not probe maximum capture size for pixelformat DVX4
0:01:10.396619218 [36m38291[00m 0x7f99bc001520 [33;01mWARN   [00m [00m                v4l2 gstv4l2object.c:3123:gst_v4l2_object_get_nearest_size:<nvv4l2decoder1:sink>[00m Unable to try format: Unknown error -1
0:01:10.397438276 [36m38291[00m 0x7f99bc001520 [33;01mWARN   [00m [00m                v4l2 gstv4l2object.c:3008:gst_v4l2_object_probe_caps_for_format:<nvv4l2decoder1:sink>[00m Could not probe minimum capture size for pixelformat MPG4
0:01:10.398033914 [36m38291[00m 0x7f99bc001520 [33;01mWARN   [00m [00m                v4l2 gstv4l2object.c:3123:gst_v4l2_object_get_nearest_size:<nvv4l2decoder1:sink>[00m Unable to try format: Unknown error -1
0:01:10.398645281 [36m38291[00m 0x7f99bc001520 [33;01mWARN   [00m [00m                v4l2 gstv4l2object.c:3014:gst_v4l2_object_probe_caps_for_format:<nvv4l2decoder1:sink>[00m Could not probe maximum capture size for pixelformat MPG4
0:01:10.399192639 [36m38291[00m 0x7f99bc001520 [33;01mWARN   [00m [00m                v4l2 gstv4l2object.c:3123:gst_v4l2_object_get_nearest_size:<nvv4l2decoder1:sink>[00m Unable to try format: Unknown error -1
0:01:10.399805623 [36m38291[00m 0x7f99bc001520 [33;01mWARN   [00m [00m                v4l2 gstv4l2object.c:3008:gst_v4l2_object_probe_caps_for_format:<nvv4l2decoder1:sink>[00m Could not probe minimum capture size for pixelformat MPG2
0:01:10.400251255 [36m38291[00m 0x7f99bc001520 [33;01mWARN   [00m [00m                v4l2 gstv4l2object.c:3123:gst_v4l2_object_get_nearest_size:<nvv4l2decoder1:sink>[00m Unable to try format: Unknown error -1
0:01:10.400838723 [36m38291[00m 0x7f99bc001520 [33;01mWARN   [00m [00m                v4l2 gstv4l2object.c:3014:gst_v4l2_object_probe_caps_for_format:<nvv4l2decoder1:sink>[00m Could not probe maximum capture size for pixelformat MPG2
0:01:10.401405717 [36m38291[00m 0x7f99bc001520 [33;01mWARN   [00m [00m                v4l2 gstv4l2object.c:3123:gst_v4l2_object_get_nearest_size:<nvv4l2decoder1:sink>[00m Unable to try format: Unknown error -1
0:01:10.401827618 [36m38291[00m 0x7f99bc001520 [33;01mWARN   [00m [00m                v4l2 gstv4l2object.c:3008:gst_v4l2_object_probe_caps_for_format:<nvv4l2decoder1:sink>[00m Could not probe minimum capture size for pixelformat H265
0:01:10.402473038 [36m38291[00m 0x7f99bc001520 [33;01mWARN   [00m [00m                v4l2 gstv4l2object.c:3123:gst_v4l2_object_get_nearest_size:<nvv4l2decoder1:sink>[00m Unable to try format: Unknown error -1
0:01:10.403096846 [36m38291[00m 0x7f99bc001520 [33;01mWARN   [00m [00m                v4l2 gstv4l2object.c:3014:gst_v4l2_object_probe_caps_for_format:<nvv4l2decoder1:sink>[00m Could not probe maximum capture size for pixelformat H265
0:01:10.403696274 [36m38291[00m 0x7f99bc001520 [33;01mWARN   [00m [00m                v4l2 gstv4l2object.c:3123:gst_v4l2_object_get_nearest_size:<nvv4l2decoder1:sink>[00m Unable to try format: Unknown error -1
0:01:10.404230373 [36m38291[00m 0x7f99bc001520 [33;01mWARN   [00m [00m                v4l2 gstv4l2object.c:3008:gst_v4l2_object_probe_caps_for_format:<nvv4l2decoder1:sink>[00m Could not probe minimum capture size for pixelformat VP90
0:01:10.404876919 [36m38291[00m 0x7f99bc001520 [33;01mWARN   [00m [00m                v4l2 gstv4l2object.c:3123:gst_v4l2_object_get_nearest_size:<nvv4l2decoder1:sink>[00m Unable to try format: Unknown error -1
0:01:10.405482429 [36m38291[00m 0x7f99bc001520 [33;01mWARN   [00m [00m                v4l2 gstv4l2object.c:3014:gst_v4l2_object_probe_caps_for_format:<nvv4l2decoder1:sink>[00m Could not probe maximum capture size for pixelformat VP90
0:01:10.406149226 [36m38291[00m 0x7f99bc001520 [33;01mWARN   [00m [00m                v4l2 gstv4l2object.c:3123:gst_v4l2_object_get_nearest_size:<nvv4l2decoder1:sink>[00m Unable to try format: Unknown error -1
0:01:10.406834310 [36m38291[00m 0x7f99bc001520 [33;01mWARN   [00m [00m                v4l2 gstv4l2object.c:3008:gst_v4l2_object_probe_caps_for_format:<nvv4l2decoder1:sink>[00m Could not probe minimum capture size for pixelformat VP80
0:01:10.407468739 [36m38291[00m 0x7f99bc001520 [33;01mWARN   [00m [00m                v4l2 gstv4l2object.c:3123:gst_v4l2_object_get_nearest_size:<nvv4l2decoder1:sink>[00m Unable to try format: Unknown error -1
0:01:10.408012599 [36m38291[00m 0x7f99bc001520 [33;01mWARN   [00m [00m                v4l2 gstv4l2object.c:3014:gst_v4l2_object_probe_caps_for_format:<nvv4l2decoder1:sink>[00m Could not probe maximum capture size for pixelformat VP80
0:01:10.408634296 [36m38291[00m 0x7f99bc001520 [33;01mWARN   [00m [00m                v4l2 gstv4l2object.c:3123:gst_v4l2_object_get_nearest_size:<nvv4l2decoder1:sink>[00m Unable to try format: Unknown error -1
0:01:10.409297506 [36m38291[00m 0x7f99bc001520 [33;01mWARN   [00m [00m                v4l2 gstv4l2object.c:3008:gst_v4l2_object_probe_caps_for_format:<nvv4l2decoder1:sink>[00m Could not probe minimum capture size for pixelformat H264
0:01:10.409993031 [36m38291[00m 0x7f99bc001520 [33;01mWARN   [00m [00m                v4l2 gstv4l2object.c:3123:gst_v4l2_object_get_nearest_size:<nvv4l2decoder1:sink>[00m Unable to try format: Unknown error -1
0:01:10.410360177 [36m38291[00m 0x7f99bc001520 [33;01mWARN   [00m [00m                v4l2 gstv4l2object.c:3014:gst_v4l2_object_probe_caps_for_format:<nvv4l2decoder1:sink>[00m Could not probe maximum capture size for pixelformat H264
0:01:10.410964125 [36m38291[00m 0x7f99bc001520 [33;01mWARN   [00m [00m                v4l2 gstv4l2object.c:3123:gst_v4l2_object_get_nearest_size:<nvv4l2decoder1:src>[00m Unable to try format: Unknown error -1
0:01:10.411494808 [36m38291[00m 0x7f99bc001520 [33;01mWARN   [00m [00m                v4l2 gstv4l2object.c:3008:gst_v4l2_object_probe_caps_for_format:<nvv4l2decoder1:src>[00m Could not probe minimum capture size for pixelformat Y444
0:01:10.412140711 [36m38291[00m 0x7f99bc001520 [33;01mWARN   [00m [00m                v4l2 gstv4l2object.c:3123:gst_v4l2_object_get_nearest_size:<nvv4l2decoder1:src>[00m Unable to try format: Unknown error -1
0:01:10.412925384 [36m38291[00m 0x7f99bc001520 [33;01mWARN   [00m [00m                v4l2 gstv4l2object.c:3014:gst_v4l2_object_probe_caps_for_format:<nvv4l2decoder1:src>[00m Could not probe maximum capture size for pixelformat Y444
0:01:10.413813036 [36m38291[00m 0x7f99bc001520 [33;01mWARN   [00m [00m                v4l2 gstv4l2object.c:3123:gst_v4l2_object_get_nearest_size:<nvv4l2decoder1:src>[00m Unable to try format: Unknown error -1
0:01:10.414449353 [36m38291[00m 0x7f99bc001520 [33;01mWARN   [00m [00m                v4l2 gstv4l2object.c:3008:gst_v4l2_object_probe_caps_for_format:<nvv4l2decoder1:src>[00m Could not probe minimum capture size for pixelformat P216
0:01:10.415088266 [36m38291[00m 0x7f99bc001520 [33;01mWARN   [00m [00m                v4l2 gstv4l2object.c:3123:gst_v4l2_object_get_nearest_size:<nvv4l2decoder1:src>[00m Unable to try format: Unknown error -1
0:01:10.415887958 [36m38291[00m 0x7f99bc001520 [33;01mWARN   [00m [00m                v4l2 gstv4l2object.c:3014:gst_v4l2_object_probe_caps_for_format:<nvv4l2decoder1:src>[00m Could not probe maximum capture size for pixelformat P216
0:01:10.416497992 [36m38291[00m 0x7f99bc001520 [33;01mWARN   [00m [00m                v4l2 gstv4l2object.c:3123:gst_v4l2_object_get_nearest_size:<nvv4l2decoder1:src>[00m Unable to try format: Unknown error -1
0:01:10.417152076 [36m38291[00m 0x7f99bc001520 [33;01mWARN   [00m [00m                v4l2 gstv4l2object.c:3008:gst_v4l2_object_probe_caps_for_format:<nvv4l2decoder1:src>[00m Could not probe minimum capture size for pixelformat NM16
0:01:10.417809660 [36m38291[00m 0x7f99bc001520 [33;01mWARN   [00m [00m                v4l2 gstv4l2object.c:3123:gst_v4l2_object_get_nearest_size:<nvv4l2decoder1:src>[00m Unable to try format: Unknown error -1
0:01:10.418404242 [36m38291[00m 0x7f99bc001520 [33;01mWARN   [00m [00m                v4l2 gstv4l2object.c:3014:gst_v4l2_object_probe_caps_for_format:<nvv4l2decoder1:src>[00m Could not probe maximum capture size for pixelformat NM16
0:01:10.419086266 [36m38291[00m 0x7f99bc001520 [33;01mWARN   [00m [00m                v4l2 gstv4l2object.c:3123:gst_v4l2_object_get_nearest_size:<nvv4l2decoder1:src>[00m Unable to try format: Unknown error -1
0:01:10.419644036 [36m38291[00m 0x7f99bc001520 [33;01mWARN   [00m [00m                v4l2 gstv4l2object.c:3008:gst_v4l2_object_probe_caps_for_format:<nvv4l2decoder1:src>[00m Could not probe minimum capture size for pixelformat P412
0:01:10.420113788 [36m38291[00m 0x7f99bc001520 [33;01mWARN   [00m [00m                v4l2 gstv4l2object.c:3123:gst_v4l2_object_get_nearest_size:<nvv4l2decoder1:src>[00m Unable to try format: Unknown error -1
0:01:10.420744218 [36m38291[00m 0x7f99bc001520 [33;01mWARN   [00m [00m                v4l2 gstv4l2object.c:3014:gst_v4l2_object_probe_caps_for_format:<nvv4l2decoder1:src>[00m Could not probe maximum capture size for pixelformat P412
0:01:10.421333318 [36m38291[00m 0x7f99bc001520 [33;01mWARN   [00m [00m                v4l2 gstv4l2object.c:3123:gst_v4l2_object_get_nearest_size:<nvv4l2decoder1:src>[00m Unable to try format: Unknown error -1
0:01:10.421878007 [36m38291[00m 0x7f99bc001520 [33;01mWARN   [00m [00m                v4l2 gstv4l2object.c:3008:gst_v4l2_object_probe_caps_for_format:<nvv4l2decoder1:src>[00m Could not probe minimum capture size for pixelformat P410
0:01:10.422480497 [36m38291[00m 0x7f99bc001520 [33;01mWARN   [00m [00m                v4l2 gstv4l2object.c:3123:gst_v4l2_object_get_nearest_size:<nvv4l2decoder1:src>[00m Unable to try format: Unknown error -1
0:01:10.423152263 [36m38291[00m 0x7f99bc001520 [33;01mWARN   [00m [00m                v4l2 gstv4l2object.c:3014:gst_v4l2_object_probe_caps_for_format:<nvv4l2decoder1:src>[00m Could not probe maximum capture size for pixelformat P410
0:01:10.423769497 [36m38291[00m 0x7f99bc001520 [33;01mWARN   [00m [00m                v4l2 gstv4l2object.c:3123:gst_v4l2_object_get_nearest_size:<nvv4l2decoder1:src>[00m Unable to try format: Unknown error -1
0:01:10.424342879 [36m38291[00m 0x7f99bc001520 [33;01mWARN   [00m [00m                v4l2 gstv4l2object.c:3008:gst_v4l2_object_probe_caps_for_format:<nvv4l2decoder1:src>[00m Could not probe minimum capture size for pixelformat PM10
0:01:10.424894521 [36m38291[00m 0x7f99bc001520 [33;01mWARN   [00m [00m                v4l2 gstv4l2object.c:3123:gst_v4l2_object_get_nearest_size:<nvv4l2decoder1:src>[00m Unable to try format: Unknown error -1
0:01:10.425608185 [36m38291[00m 0x7f99bc001520 [33;01mWARN   [00m [00m                v4l2 gstv4l2object.c:3014:gst_v4l2_object_probe_caps_for_format:<nvv4l2decoder1:src>[00m Could not probe maximum capture size for pixelformat PM10
0:01:10.426107812 [36m38291[00m 0x7f99bc001520 [33;01mWARN   [00m [00m                v4l2 gstv4l2object.c:3123:gst_v4l2_object_get_nearest_size:<nvv4l2decoder1:src>[00m Unable to try format: Unknown error -1
0:01:10.426739106 [36m38291[00m 0x7f99bc001520 [33;01mWARN   [00m [00m                v4l2 gstv4l2object.c:3008:gst_v4l2_object_probe_caps_for_format:<nvv4l2decoder1:src>[00m Could not probe minimum capture size for pixelformat NM12
0:01:10.427209712 [36m38291[00m 0x7f99bc001520 [33;01mWARN   [00m [00m                v4l2 gstv4l2object.c:3123:gst_v4l2_object_get_nearest_size:<nvv4l2decoder1:src>[00m Unable to try format: Unknown error -1
0:01:10.427867037 [36m38291[00m 0x7f99bc001520 [33;01mWARN   [00m [00m                v4l2 gstv4l2object.c:3014:gst_v4l2_object_probe_caps_for_format:<nvv4l2decoder1:src>[00m Could not probe maximum capture size for pixelformat NM12
0:01:11.232024521 [36m38291[00m 0x7f99bc001520 [33;01mWARN   [00m [00m        v4l2videodec gstv4l2videodec.c:2357:gst_v4l2_video_dec_decide_allocation:<nvv4l2decoder1>[00m Duration invalid, not setting latency
0:01:11.270063677 [36m38291[00m 0x7f99bc001520 [33;01mWARN   [00m [00m      v4l2bufferpool gstv4l2bufferpool.c:1127:gst_v4l2_buffer_pool_start:<nvv4l2decoder1:pool:src>[00m Uncertain or not enough buffers, enabling copy threshold
0:01:11.271926849 [36m38291[00m 0x7f99bc0024e0 [33;01mWARN   [00m [00m      v4l2bufferpool gstv4l2bufferpool.c:1611:gst_v4l2_buffer_pool_dqbuf:<nvv4l2decoder1:pool:src>[00m Driver should never set v4l2_buffer.field to ANY
gstnvtracker: Successfully removed stream from low level tracker with Id 0.
gstnvtracker: Successfully removed stream 0.
2026-08-14 01:00:07 | INFO     | deepstream_ai.snapshot.rolling_manager | [TRACK_FINALIZE] camera=camera-01 track=1 source=best_face identity=unknown similarity=-1.000 quality=0.714
2026-08-14 01:00:07 | INFO     | deepstream_ai.snapshot.rolling_manager | [TRACK_CREATE] camera=camera-01 track=0 person_conf=0.908 quality=0.748
2026-08-14 01:00:07 | INFO     | deepstream_ai.snapshot.rolling_manager | [PERSON_EVIDENCE_UPDATE] camera=camera-01 track=0 source=person_fallback quality=0.748
2026-08-14 01:00:07 | INFO     | deepstream_ai.snapshot.alarm_manager | [FACE_FALLBACK] camera=camera-01 track=0 face_conf=0.672 quality=0.641 person_display=1069x980 face_display=387x617
2026-08-14 01:00:07 | INFO     | deepstream_ai.snapshot.alarm_manager | [FACE_EVIDENCE_UPDATE] camera=camera-01 track=0 source=face_fallback quality=0.641 evidence=(610.638330078125, 100.74090576171875, 1678.079931640625, 1080.0)
2026-08-14 01:00:07 | INFO     | deepstream_ai.face.service | Face recognition camera=camera-01 track=0 known=False similarity=-1.000 samples=2
2026-08-14 01:00:07 | INFO     | deepstream_ai.snapshot.alarm_manager | [BEST_FACE_UPDATE] camera=camera-01 track=0 old_quality=0.641 new_quality=0.645 person_display=1072x973 face_display=388x599
2026-08-14 01:00:07 | INFO     | deepstream_ai.snapshot.alarm_manager | [FACE_EVIDENCE_UPDATE] camera=camera-01 track=0 source=best_face quality=0.645 evidence=(609.3447998046875, 107.37274169921875, 1680.3297607421875, 1080.0)
2026-08-14 01:00:08 | INFO     | deepstream_ai.face.service | Face recognition camera=camera-01 track=0 known=False similarity=-1.000 samples=2
2026-08-14 01:00:08 | INFO     | deepstream_ai.snapshot.alarm_manager | [BEST_FACE_UPDATE] camera=camera-01 track=0 old_quality=0.645 new_quality=0.651 person_display=1053x972 face_display=381x595
2026-08-14 01:00:08 | INFO     | deepstream_ai.snapshot.alarm_manager | [FACE_EVIDENCE_UPDATE] camera=camera-01 track=0 source=best_face quality=0.651 evidence=(618.4584228515624, 108.09097290039062, 1670.0696533203127, 1080.0)
2026-08-14 01:00:08 | INFO     | deepstream_ai.face.service | Face recognition camera=camera-01 track=0 known=False similarity=-1.000 samples=2
2026-08-14 01:00:08 | INFO     | deepstream_ai.face.service | Face recognition camera=camera-01 track=0 known=False similarity=-1.000 samples=2
2026-08-14 01:00:08 | INFO     | deepstream_ai.face.service | Face recognition camera=camera-01 track=0 known=False similarity=-1.000 samples=2
2026-08-14 01:00:08 | INFO     | deepstream_ai.snapshot.alarm_manager | [BEST_FACE_UPDATE] camera=camera-01 track=0 old_quality=0.651 new_quality=0.680 person_display=1108x977 face_display=402x613
2026-08-14 01:00:08 | INFO     | deepstream_ai.snapshot.alarm_manager | [FACE_EVIDENCE_UPDATE] camera=camera-01 track=0 source=best_face quality=0.680 evidence=(591.5317642211913, 103.61337280273438, 1698.3982589721682, 1080.0)
2026-08-14 01:00:08 | INFO     | deepstream_ai.face.service | Face recognition camera=camera-01 track=0 known=False similarity=-1.000 samples=2
2026-08-14 01:00:09 | INFO     | deepstream_ai.face.service | Face recognition camera=camera-01 track=0 known=False similarity=-1.000 samples=2
2026-08-14 01:00:09 | INFO     | deepstream_ai.snapshot.alarm_manager | [BEST_FACE_UPDATE] camera=camera-01 track=0 old_quality=0.680 new_quality=0.685 person_display=1087x974 face_display=394x614
2026-08-14 01:00:09 | INFO     | deepstream_ai.snapshot.alarm_manager | [FACE_EVIDENCE_UPDATE] camera=camera-01 track=0 source=best_face quality=0.685 evidence=(601.096630859375, 106.85311889648438, 1687.205126953125, 1080.0)
2026-08-14 01:00:09 | INFO     | deepstream_ai.face.service | Face recognition camera=camera-01 track=0 known=False similarity=-1.000 samples=2
2026-08-14 01:00:09 | INFO     | deepstream_ai.snapshot.alarm_manager | [BEST_FACE_UPDATE] camera=camera-01 track=0 old_quality=0.685 new_quality=0.698 person_display=1115x1015 face_display=404x680
2026-08-14 01:00:09 | INFO     | deepstream_ai.snapshot.alarm_manager | [FACE_EVIDENCE_UPDATE] camera=camera-01 track=0 source=best_face quality=0.698 evidence=(590.3671615600585, 65.44638061523438, 1704.296565246582, 1080.0)
2026-08-14 01:00:09 | INFO     | deepstream_ai.face.service | Face recognition camera=camera-01 track=0 known=False similarity=-1.000 samples=2
2026-08-14 01:00:09 | INFO     | deepstream_ai.snapshot.alarm_manager | [BEST_FACE_UPDATE] camera=camera-01 track=0 old_quality=0.698 new_quality=0.698 person_display=1092x968 face_display=396x598
2026-08-14 01:00:09 | INFO     | deepstream_ai.snapshot.alarm_manager | [FACE_EVIDENCE_UPDATE] camera=camera-01 track=0 source=best_face quality=0.698 evidence=(611.448770904541, 112.7445068359375, 1702.5658622741698, 1080.0)
2026-08-14 01:00:09 | INFO     | deepstream_ai.face.service | Face recognition camera=camera-01 track=0 known=False similarity=-1.000 samples=2
2026-08-14 01:00:09 | INFO     | deepstream_ai.snapshot.alarm_manager | [BEST_FACE_UPDATE] camera=camera-01 track=0 old_quality=0.698 new_quality=0.702 person_display=1080x996 face_display=391x643
2026-08-14 01:00:09 | INFO     | deepstream_ai.snapshot.alarm_manager | [FACE_EVIDENCE_UPDATE] camera=camera-01 track=0 source=best_face quality=0.702 evidence=(615.2361068725586, 84.878662109375, 1694.280403137207, 1080.0)
2026-08-14 01:00:09 | INFO     | deepstream_ai.snapshot.alarm_manager | [BEST_FACE_UPDATE] camera=camera-01 track=0 old_quality=0.702 new_quality=0.702 person_display=1106x1001 face_display=400x653
2026-08-14 01:00:09 | INFO     | deepstream_ai.snapshot.alarm_manager | [FACE_EVIDENCE_UPDATE] camera=camera-01 track=0 source=best_face quality=0.702 evidence=(600.969319152832, 79.89492797851562, 1705.359019470215, 1080.0)
2026-08-14 01:00:10 | INFO     | deepstream_ai.face.service | Face recognition camera=camera-01 track=0 known=False similarity=-1.000 samples=2
2026-08-14 01:00:10 | INFO     | deepstream_ai.face.service | Face recognition camera=camera-01 track=0 known=False similarity=-1.000 samples=2
2026-08-14 01:00:10 | INFO     | deepstream_ai.snapshot.alarm_manager | [BEST_FACE_UPDATE] camera=camera-01 track=0 old_quality=0.702 new_quality=0.705 person_display=1101x995 face_display=399x655
2026-08-14 01:00:10 | INFO     | deepstream_ai.snapshot.alarm_manager | [FACE_EVIDENCE_UPDATE] camera=camera-01 track=0 source=best_face quality=0.705 evidence=(605.7163833618164, 85.43142700195312, 1705.3630538940429, 1080.0)
2026-08-14 01:00:10 | INFO     | deepstream_ai.face.service | Face recognition camera=camera-01 track=0 known=False similarity=-1.000 samples=2
2026-08-14 01:00:10 | INFO     | deepstream_ai.face.service | Face recognition camera=camera-01 track=0 known=False similarity=-1.000 samples=2
2026-08-14 01:00:10 | INFO     | deepstream_ai.face.service | Face recognition camera=camera-01 track=0 known=False similarity=-1.000 samples=2
2026-08-14 01:00:11 | INFO     | deepstream_ai.face.service | Face recognition camera=camera-01 track=0 known=False similarity=-1.000 samples=2
2026-08-14 01:00:11 | INFO     | deepstream_ai.face.service | Face recognition camera=camera-01 track=0 known=False similarity=-1.000 samples=2
2026-08-14 01:00:11 | INFO     | deepstream_ai.snapshot.alarm_manager | [BEST_FACE_UPDATE] camera=camera-01 track=0 old_quality=0.705 new_quality=0.706 person_display=1101x998 face_display=399x662
2026-08-14 01:00:11 | INFO     | deepstream_ai.snapshot.alarm_manager | [FACE_EVIDENCE_UPDATE] camera=camera-01 track=0 source=best_face quality=0.706 evidence=(602.9471923828124, 82.24270629882812, 1702.4534423828127, 1080.0)
2026-08-14 01:00:11 | INFO     | deepstream_ai.face.service | Face recognition camera=camera-01 track=0 known=False similarity=-1.000 samples=2
2026-08-14 01:00:11 | INFO     | deepstream_ai.face.service | Face recognition camera=camera-01 track=0 known=False similarity=-1.000 samples=2
2026-08-14 01:00:11 | INFO     | deepstream_ai.face.service | Face recognition camera=camera-01 track=0 known=False similarity=-1.000 samples=2
2026-08-14 01:00:12 | INFO     | deepstream_ai.face.service | Face recognition camera=camera-01 track=0 known=False similarity=-1.000 samples=2
2026-08-14 01:00:12 | INFO     | deepstream_ai.face.service | Face recognition camera=camera-01 track=0 known=False similarity=-1.000 samples=2
2026-08-14 01:00:12 | INFO     | deepstream_ai.face.service | Face recognition camera=camera-01 track=0 known=False similarity=-1.000 samples=2
2026-08-14 01:00:12 | INFO     | deepstream_ai.face.service | Face recognition camera=camera-01 track=0 known=False similarity=-1.000 samples=2
2026-08-14 01:00:13 | INFO     | deepstream_ai.face.service | Face recognition camera=camera-01 track=0 known=False similarity=-1.000 samples=2
2026-08-14 01:00:13 | INFO     | deepstream_ai.face.service | Face recognition camera=camera-01 track=0 known=False similarity=-1.000 samples=2
2026-08-14 01:00:13 | INFO     | deepstream_ai.face.service | Face recognition camera=camera-01 track=0 known=False similarity=-1.000 samples=2
2026-08-14 01:00:14 | INFO     | deepstream_ai.face.service | Face recognition camera=camera-01 track=0 known=False similarity=-1.000 samples=2
2026-08-14 01:00:14 | INFO     | deepstream_ai.face.service | Face recognition camera=camera-01 track=0 known=False similarity=-1.000 samples=2
2026-08-14 01:00:15 | INFO     | deepstream_ai.face.service | Face recognition camera=camera-01 track=0 known=False similarity=-1.000 samples=2
2026-08-14 01:00:16 | INFO     | deepstream_ai.face.service | Face recognition camera=camera-01 track=0 known=False similarity=-1.000 samples=2
2026-08-14 01:00:16 | WARNING  | deepstream_ai.pipeline.runner | 等待 EOS 超过 20 秒，强制停止主循环
0:01:20.622746147 [36m38291[00m 0x7f99bc0024e0 [33;01mWARN   [00m [00m        videodecoder gstvideodecoder.c:3133:gst_video_decoder_prepare_finish_frame:<nvv4l2decoder1>[00m decreasing timestamp (0:01:11.472527011 < 0:01:11.572527011)
2026-08-14 01:00:16 | INFO     | deepstream_ai.pipeline.metadata | 
========== Probe Performance ==========
Probe Callbacks:              1754
Probe Frames:                 1754
Probe Queue Drops:            0
Probe Errors:                 0
Average Probe Time (ms):      11.718
P95 Probe Time (ms):          30.000
Max Probe Time (ms):          69.232
Tracker ReID Vectors:         100
Tracker ReID Missing:         1375
=======================================
2026-08-14 01:00:16 | INFO     | deepstream_ai.pipeline.runner | [PRETRACKER_GUARD_SUMMARY] frames=1759 verified_people=312 suppressed=0 errors=0
2026-08-14 01:00:16 | INFO     | deepstream_ai.pipeline.runner | DeepStream Pipeline 已停止
2026-08-14 01:00:16 | INFO     | deepstream_ai.snapshot.rolling_manager | [TRACK_FINALIZE] camera=camera-01 track=0 source=best_face identity=unknown similarity=-1.000 quality=0.706
2026-08-14 01:00:16 | INFO     | deepstream_ai.snapshot.rolling_manager | Evidence Summary tracks=3 finalized=3 success=3 failed=0 missing=0 best_face=3 face_fallback=0 best_person=0 person_fallback=0 know=0 unknown=3
