2026-08-14 03:13:27 | INFO     | __main__ | 模型预检通过 config=/workspace/configs/nvinfer/person-peoplenet.txt engine=/workspace/models/peoplenet/resnet34_peoplenet.onnx_b1_gpu0_fp16.engine source_models=['/workspace/models/peoplenet/resnet34_peoplenet.onnx']
2026-08-14 03:13:27 | INFO     | __main__ | 模型预检通过 config=/workspace/configs/nvinfer/face.example.txt engine=/workspace/models/face.engine source_models=['/workspace/models/face-deepstream.onnx']
2026-08-14 03:13:27 | INFO     | __main__ | [DETECTOR] PeopleNet
2026-08-14 03:13:27 | INFO     | __main__ | [TRACKER] NvDCF
2026-08-14 03:13:27 | INFO     | __main__ | [TRACKER_CONFIG] /workspace/configs/tracker/nvdcf.yml
2026-08-14 03:13:27 | INFO     | __main__ | [PEOPLENET_CLASSES] person=0, bag=1, face=2
2026-08-14 03:13:28 | INFO     | __main__ | DeepStream Python runtime 已加载: {'gstreamer': '1.24.2.0', 'pyds': '1.2.3'}
[0;93m2026-08-14 03:13:28.343880461 [W:onnxruntime:Default, device_discovery.cc:285 GetGpuDevices] Failed to detect devices under "/sys/class/drm/card0": device_discovery.cc:94 ReadFileContents Failed to open file: "/sys/class/drm/card0/device/vendor"[m
2026-08-14 03:13:30 | INFO     | deepstream_ai.pipeline.source | RTSP 抖动保护: camera_id=camera-01 transport=tcp latency_ms=500 drop_on_latency=false reconnect_interval_sec=10
2026-08-14 03:13:30 | INFO     | deepstream_ai.pipeline.builder | 配置推理组件 name=person-detector unique_id=1 target_fps=5.00 interval=5 runtime_config=/workspace/output/tasks/490339e22cc84348/.runtime/nvinfer/person-detector.txt
2026-08-14 03:13:30 | INFO     | deepstream_ai.pipeline.builder | 配置推理组件 name=face-detector unique_id=2 target_fps=5.00 secondary-reinfer-interval=6 runtime_config=/workspace/output/tasks/490339e22cc84348/.runtime/nvinfer/face-detector.txt
2026-08-14 03:13:30 | INFO     | deepstream_ai.pipeline.builder | 行为模型已关闭，不创建 nvinfer: smoking
2026-08-14 03:13:30 | INFO     | deepstream_ai.pipeline.builder | 行为模型已关闭，不创建 nvinfer: eating
2026-08-14 03:13:30 | INFO     | deepstream_ai.pipeline.builder | 行为模型已关闭，不创建 nvinfer: drinking
2026-08-14 03:13:30 | INFO     | deepstream_ai.pipeline.builder | 行为模型已关闭，不创建 nvinfer: carrying
2026-08-14 03:13:30 | INFO     | deepstream_ai.pipeline.peoplenet_pretracker_guard | [PRETRACKER_GUARD] enabled=True pgie_uid=1 person_classes=[0] max_conf=0.550 left<=0.030 top<=0.020 width=[0.400,0.500] height>=0.930 right<=0.520 frame=1920x1080
Protocol set: 0x4
0:00:02.685244694 [36m  371[00m     0x3e5b10a0 [36mINFO   [00m [00m             nvinfer gstnvinfer.cpp:725:gst_nvinfer_logger:<face-detector>[00m NvDsInferContext[UID 2]: Info from NvDsInferContextImpl::deserializeEngineAndBackend() <nvdsinfer_context_impl.cpp:2183> [UID = 2]: deserialized trt engine from :/workspace/models/face.engine
INFO: ../nvdsinfer/nvdsinfer_model_builder.cpp:376 [Implicit Engine Info]: layers num: 0

0:00:02.686576374 [36m  371[00m     0x3e5b10a0 [36mINFO   [00m [00m             nvinfer gstnvinfer.cpp:725:gst_nvinfer_logger:<face-detector>[00m NvDsInferContext[UID 2]: Info from NvDsInferContextImpl::generateBackendContext() <nvdsinfer_context_impl.cpp:2286> [UID = 2]: Use deserialized engine model: /workspace/models/face.engine
0:00:02.700985564 [36m  371[00m     0x3e5b10a0 [36mINFO   [00m [00m             nvinfer gstnvinfer_impl.cpp:343:notifyLoadModelStatus:<face-detector>[00m [UID 2]: Load new model:/workspace/output/tasks/490339e22cc84348/.runtime/nvinfer/face-detector.txt sucessfully
gstnvtracker: Loading low-level lib at /opt/nvidia/deepstream/deepstream/lib/libnvds_nvmultiobjecttracker.so
[NvMultiObjectTracker] Loading TRT Engine for model: /workspace/models/tracker/resnet50_market1501_aicity156.onnx_b16_gpu0_fp16.engine
[NvMultiObjectTracker] Loading Complete!
[NvMultiObjectTracker] Initialized
0:00:05.088452630 [36m  371[00m     0x3e5b10a0 [36mINFO   [00m [00m             nvinfer gstnvinfer.cpp:725:gst_nvinfer_logger:<person-detector>[00m NvDsInferContext[UID 1]: Info from NvDsInferContextImpl::deserializeEngineAndBackend() <nvdsinfer_context_impl.cpp:2183> [UID = 1]: deserialized trt engine from :/workspace/models/peoplenet/resnet34_peoplenet.onnx_b1_gpu0_fp16.engine
INFO: ../nvdsinfer/nvdsinfer_model_builder.cpp:376 [Implicit Engine Info]: layers num: 0

0:00:05.090036865 [36m  371[00m     0x3e5b10a0 [36mINFO   [00m [00m             nvinfer gstnvinfer.cpp:725:gst_nvinfer_logger:<person-detector>[00m NvDsInferContext[UID 1]: Info from NvDsInferContextImpl::generateBackendContext() <nvdsinfer_context_impl.cpp:2286> [UID = 1]: Use deserialized engine model: /workspace/models/peoplenet/resnet34_peoplenet.onnx_b1_gpu0_fp16.engine
0:00:05.095391504 [36m  371[00m     0x3e5b10a0 [36mINFO   [00m [00m             nvinfer gstnvinfer_impl.cpp:343:notifyLoadModelStatus:<person-detector>[00m [UID 1]: Load new model:/workspace/output/tasks/490339e22cc84348/.runtime/nvinfer/person-detector.txt sucessfully
2026-08-14 03:13:34 | INFO     | deepstream_ai.pipeline.source | 视频源已连接: camera_id=camera-01 uri=vsrc_0
2026-08-14 03:13:34 | INFO     | deepstream_ai.pipeline.source | [NVDEC] camera_id=camera-01 decoder=nvv4l2decoder0 cudadec_memtype=device
Opening in BLOCKING MODE 
0:00:06.141939496 [36m  371[00m 0x7f7a64001520 [33;01mWARN   [00m [00m                v4l2 gstv4l2object.c:3123:gst_v4l2_object_get_nearest_size:<nvv4l2decoder0:sink>[00m Unable to try format: Unknown error -1
0:00:06.142368458 [36m  371[00m 0x7f7a64001520 [33;01mWARN   [00m [00m                v4l2 gstv4l2object.c:3008:gst_v4l2_object_probe_caps_for_format:<nvv4l2decoder0:sink>[00m Could not probe minimum capture size for pixelformat MJPG
0:00:06.142767721 [36m  371[00m 0x7f7a64001520 [33;01mWARN   [00m [00m                v4l2 gstv4l2object.c:3123:gst_v4l2_object_get_nearest_size:<nvv4l2decoder0:sink>[00m Unable to try format: Unknown error -1
0:00:06.143146860 [36m  371[00m 0x7f7a64001520 [33;01mWARN   [00m [00m                v4l2 gstv4l2object.c:3014:gst_v4l2_object_probe_caps_for_format:<nvv4l2decoder0:sink>[00m Could not probe maximum capture size for pixelformat MJPG
0:00:06.143579476 [36m  371[00m 0x7f7a64001520 [33;01mWARN   [00m [00m                v4l2 gstv4l2object.c:3123:gst_v4l2_object_get_nearest_size:<nvv4l2decoder0:sink>[00m Unable to try format: Unknown error -1
0:00:06.143955909 [36m  371[00m 0x7f7a64001520 [33;01mWARN   [00m [00m                v4l2 gstv4l2object.c:3008:gst_v4l2_object_probe_caps_for_format:<nvv4l2decoder0:sink>[00m Could not probe minimum capture size for pixelformat AV10
0:00:06.144343431 [36m  371[00m 0x7f7a64001520 [33;01mWARN   [00m [00m                v4l2 gstv4l2object.c:3123:gst_v4l2_object_get_nearest_size:<nvv4l2decoder0:sink>[00m Unable to try format: Unknown error -1
0:00:06.144718065 [36m  371[00m 0x7f7a64001520 [33;01mWARN   [00m [00m                v4l2 gstv4l2object.c:3014:gst_v4l2_object_probe_caps_for_format:<nvv4l2decoder0:sink>[00m Could not probe maximum capture size for pixelformat AV10
0:00:06.145111023 [36m  371[00m 0x7f7a64001520 [33;01mWARN   [00m [00m                v4l2 gstv4l2object.c:3123:gst_v4l2_object_get_nearest_size:<nvv4l2decoder0:sink>[00m Unable to try format: Unknown error -1
0:00:06.145529019 [36m  371[00m 0x7f7a64001520 [33;01mWARN   [00m [00m                v4l2 gstv4l2object.c:3008:gst_v4l2_object_probe_caps_for_format:<nvv4l2decoder0:sink>[00m Could not probe minimum capture size for pixelformat DVX5
0:00:06.145913755 [36m  371[00m 0x7f7a64001520 [33;01mWARN   [00m [00m                v4l2 gstv4l2object.c:3123:gst_v4l2_object_get_nearest_size:<nvv4l2decoder0:sink>[00m Unable to try format: Unknown error -1
0:00:06.146578741 [36m  371[00m 0x7f7a64001520 [33;01mWARN   [00m [00m                v4l2 gstv4l2object.c:3014:gst_v4l2_object_probe_caps_for_format:<nvv4l2decoder0:sink>[00m Could not probe maximum capture size for pixelformat DVX5
0:00:06.147169467 [36m  371[00m 0x7f7a64001520 [33;01mWARN   [00m [00m                v4l2 gstv4l2object.c:3123:gst_v4l2_object_get_nearest_size:<nvv4l2decoder0:sink>[00m Unable to try format: Unknown error -1
0:00:06.147728941 [36m  371[00m 0x7f7a64001520 [33;01mWARN   [00m [00m                v4l2 gstv4l2object.c:3008:gst_v4l2_object_probe_caps_for_format:<nvv4l2decoder0:sink>[00m Could not probe minimum capture size for pixelformat DVX4
0:00:06.148119225 [36m  371[00m 0x7f7a64001520 [33;01mWARN   [00m [00m                v4l2 gstv4l2object.c:3123:gst_v4l2_object_get_nearest_size:<nvv4l2decoder0:sink>[00m Unable to try format: Unknown error -1
0:00:06.148844350 [36m  371[00m 0x7f7a64001520 [33;01mWARN   [00m [00m                v4l2 gstv4l2object.c:3014:gst_v4l2_object_probe_caps_for_format:<nvv4l2decoder0:sink>[00m Could not probe maximum capture size for pixelformat DVX4
0:00:06.149134839 [36m  371[00m 0x7f7a64001520 [33;01mWARN   [00m [00m                v4l2 gstv4l2object.c:3123:gst_v4l2_object_get_nearest_size:<nvv4l2decoder0:sink>[00m Unable to try format: Unknown error -1
0:00:06.149858583 [36m  371[00m 0x7f7a64001520 [33;01mWARN   [00m [00m                v4l2 gstv4l2object.c:3008:gst_v4l2_object_probe_caps_for_format:<nvv4l2decoder0:sink>[00m Could not probe minimum capture size for pixelformat MPG4
0:00:06.150237556 [36m  371[00m 0x7f7a64001520 [33;01mWARN   [00m [00m                v4l2 gstv4l2object.c:3123:gst_v4l2_object_get_nearest_size:<nvv4l2decoder0:sink>[00m Unable to try format: Unknown error -1
0:00:06.150581475 [36m  371[00m 0x7f7a64001520 [33;01mWARN   [00m [00m                v4l2 gstv4l2object.c:3014:gst_v4l2_object_probe_caps_for_format:<nvv4l2decoder0:sink>[00m Could not probe maximum capture size for pixelformat MPG4
0:00:06.150804472 [36m  371[00m 0x7f7a64001520 [33;01mWARN   [00m [00m                v4l2 gstv4l2object.c:3123:gst_v4l2_object_get_nearest_size:<nvv4l2decoder0:sink>[00m Unable to try format: Unknown error -1
0:00:06.151037922 [36m  371[00m 0x7f7a64001520 [33;01mWARN   [00m [00m                v4l2 gstv4l2object.c:3008:gst_v4l2_object_probe_caps_for_format:<nvv4l2decoder0:sink>[00m Could not probe minimum capture size for pixelformat MPG2
0:00:06.151244537 [36m  371[00m 0x7f7a64001520 [33;01mWARN   [00m [00m                v4l2 gstv4l2object.c:3123:gst_v4l2_object_get_nearest_size:<nvv4l2decoder0:sink>[00m Unable to try format: Unknown error -1
0:00:06.152011536 [36m  371[00m 0x7f7a64001520 [33;01mWARN   [00m [00m                v4l2 gstv4l2object.c:3014:gst_v4l2_object_probe_caps_for_format:<nvv4l2decoder0:sink>[00m Could not probe maximum capture size for pixelformat MPG2
0:00:06.152604017 [36m  371[00m 0x7f7a64001520 [33;01mWARN   [00m [00m                v4l2 gstv4l2object.c:3123:gst_v4l2_object_get_nearest_size:<nvv4l2decoder0:sink>[00m Unable to try format: Unknown error -1
0:00:06.152990931 [36m  371[00m 0x7f7a64001520 [33;01mWARN   [00m [00m                v4l2 gstv4l2object.c:3008:gst_v4l2_object_probe_caps_for_format:<nvv4l2decoder0:sink>[00m Could not probe minimum capture size for pixelformat H265
0:00:06.153402965 [36m  371[00m 0x7f7a64001520 [33;01mWARN   [00m [00m                v4l2 gstv4l2object.c:3123:gst_v4l2_object_get_nearest_size:<nvv4l2decoder0:sink>[00m Unable to try format: Unknown error -1
0:00:06.153779341 [36m  371[00m 0x7f7a64001520 [33;01mWARN   [00m [00m                v4l2 gstv4l2object.c:3014:gst_v4l2_object_probe_caps_for_format:<nvv4l2decoder0:sink>[00m Could not probe maximum capture size for pixelformat H265
0:00:06.154283045 [36m  371[00m 0x7f7a64001520 [33;01mWARN   [00m [00m                v4l2 gstv4l2object.c:3123:gst_v4l2_object_get_nearest_size:<nvv4l2decoder0:sink>[00m Unable to try format: Unknown error -1
0:00:06.154723839 [36m  371[00m 0x7f7a64001520 [33;01mWARN   [00m [00m                v4l2 gstv4l2object.c:3008:gst_v4l2_object_probe_caps_for_format:<nvv4l2decoder0:sink>[00m Could not probe minimum capture size for pixelformat VP90
0:00:06.155371699 [36m  371[00m 0x7f7a64001520 [33;01mWARN   [00m [00m                v4l2 gstv4l2object.c:3123:gst_v4l2_object_get_nearest_size:<nvv4l2decoder0:sink>[00m Unable to try format: Unknown error -1
0:00:06.155939062 [36m  371[00m 0x7f7a64001520 [33;01mWARN   [00m [00m                v4l2 gstv4l2object.c:3014:gst_v4l2_object_probe_caps_for_format:<nvv4l2decoder0:sink>[00m Could not probe maximum capture size for pixelformat VP90
0:00:06.156197430 [36m  371[00m 0x7f7a64001520 [33;01mWARN   [00m [00m                v4l2 gstv4l2object.c:3123:gst_v4l2_object_get_nearest_size:<nvv4l2decoder0:sink>[00m Unable to try format: Unknown error -1
0:00:06.156705767 [36m  371[00m 0x7f7a64001520 [33;01mWARN   [00m [00m                v4l2 gstv4l2object.c:3008:gst_v4l2_object_probe_caps_for_format:<nvv4l2decoder0:sink>[00m Could not probe minimum capture size for pixelformat VP80
0:00:06.157487750 [36m  371[00m 0x7f7a64001520 [33;01mWARN   [00m [00m                v4l2 gstv4l2object.c:3123:gst_v4l2_object_get_nearest_size:<nvv4l2decoder0:sink>[00m Unable to try format: Unknown error -1
0:00:06.158230865 [36m  371[00m 0x7f7a64001520 [33;01mWARN   [00m [00m                v4l2 gstv4l2object.c:3014:gst_v4l2_object_probe_caps_for_format:<nvv4l2decoder0:sink>[00m Could not probe maximum capture size for pixelformat VP80
0:00:06.158998678 [36m  371[00m 0x7f7a64001520 [33;01mWARN   [00m [00m                v4l2 gstv4l2object.c:3123:gst_v4l2_object_get_nearest_size:<nvv4l2decoder0:sink>[00m Unable to try format: Unknown error -1
0:00:06.159627809 [36m  371[00m 0x7f7a64001520 [33;01mWARN   [00m [00m                v4l2 gstv4l2object.c:3008:gst_v4l2_object_probe_caps_for_format:<nvv4l2decoder0:sink>[00m Could not probe minimum capture size for pixelformat H264
0:00:06.160553655 [36m  371[00m 0x7f7a64001520 [33;01mWARN   [00m [00m                v4l2 gstv4l2object.c:3123:gst_v4l2_object_get_nearest_size:<nvv4l2decoder0:sink>[00m Unable to try format: Unknown error -1
0:00:06.161288876 [36m  371[00m 0x7f7a64001520 [33;01mWARN   [00m [00m                v4l2 gstv4l2object.c:3014:gst_v4l2_object_probe_caps_for_format:<nvv4l2decoder0:sink>[00m Could not probe maximum capture size for pixelformat H264
0:00:06.161934652 [36m  371[00m 0x7f7a64001520 [33;01mWARN   [00m [00m                v4l2 gstv4l2object.c:3123:gst_v4l2_object_get_nearest_size:<nvv4l2decoder0:src>[00m Unable to try format: Unknown error -1
0:00:06.162243168 [36m  371[00m 0x7f7a64001520 [33;01mWARN   [00m [00m                v4l2 gstv4l2object.c:3008:gst_v4l2_object_probe_caps_for_format:<nvv4l2decoder0:src>[00m Could not probe minimum capture size for pixelformat Y444
0:00:06.162652586 [36m  371[00m 0x7f7a64001520 [33;01mWARN   [00m [00m                v4l2 gstv4l2object.c:3123:gst_v4l2_object_get_nearest_size:<nvv4l2decoder0:src>[00m Unable to try format: Unknown error -1
0:00:06.162879203 [36m  371[00m 0x7f7a64001520 [33;01mWARN   [00m [00m                v4l2 gstv4l2object.c:3014:gst_v4l2_object_probe_caps_for_format:<nvv4l2decoder0:src>[00m Could not probe maximum capture size for pixelformat Y444
0:00:06.163132172 [36m  371[00m 0x7f7a64001520 [33;01mWARN   [00m [00m                v4l2 gstv4l2object.c:3123:gst_v4l2_object_get_nearest_size:<nvv4l2decoder0:src>[00m Unable to try format: Unknown error -1
0:00:06.163415631 [36m  371[00m 0x7f7a64001520 [33;01mWARN   [00m [00m                v4l2 gstv4l2object.c:3008:gst_v4l2_object_probe_caps_for_format:<nvv4l2decoder0:src>[00m Could not probe minimum capture size for pixelformat P216
0:00:06.163904123 [36m  371[00m 0x7f7a64001520 [33;01mWARN   [00m [00m                v4l2 gstv4l2object.c:3123:gst_v4l2_object_get_nearest_size:<nvv4l2decoder0:src>[00m Unable to try format: Unknown error -1
0:00:06.164122324 [36m  371[00m 0x7f7a64001520 [33;01mWARN   [00m [00m                v4l2 gstv4l2object.c:3014:gst_v4l2_object_probe_caps_for_format:<nvv4l2decoder0:src>[00m Could not probe maximum capture size for pixelformat P216
0:00:06.164619978 [36m  371[00m 0x7f7a64001520 [33;01mWARN   [00m [00m                v4l2 gstv4l2object.c:3123:gst_v4l2_object_get_nearest_size:<nvv4l2decoder0:src>[00m Unable to try format: Unknown error -1
0:00:06.165119517 [36m  371[00m 0x7f7a64001520 [33;01mWARN   [00m [00m                v4l2 gstv4l2object.c:3008:gst_v4l2_object_probe_caps_for_format:<nvv4l2decoder0:src>[00m Could not probe minimum capture size for pixelformat NM16
0:00:06.165654856 [36m  371[00m 0x7f7a64001520 [33;01mWARN   [00m [00m                v4l2 gstv4l2object.c:3123:gst_v4l2_object_get_nearest_size:<nvv4l2decoder0:src>[00m Unable to try format: Unknown error -1
0:00:06.166161438 [36m  371[00m 0x7f7a64001520 [33;01mWARN   [00m [00m                v4l2 gstv4l2object.c:3014:gst_v4l2_object_probe_caps_for_format:<nvv4l2decoder0:src>[00m Could not probe maximum capture size for pixelformat NM16
0:00:06.166659338 [36m  371[00m 0x7f7a64001520 [33;01mWARN   [00m [00m                v4l2 gstv4l2object.c:3123:gst_v4l2_object_get_nearest_size:<nvv4l2decoder0:src>[00m Unable to try format: Unknown error -1
0:00:06.167113639 [36m  371[00m 0x7f7a64001520 [33;01mWARN   [00m [00m                v4l2 gstv4l2object.c:3008:gst_v4l2_object_probe_caps_for_format:<nvv4l2decoder0:src>[00m Could not probe minimum capture size for pixelformat P412
0:00:06.167583077 [36m  371[00m 0x7f7a64001520 [33;01mWARN   [00m [00m                v4l2 gstv4l2object.c:3123:gst_v4l2_object_get_nearest_size:<nvv4l2decoder0:src>[00m Unable to try format: Unknown error -1
0:00:06.167857960 [36m  371[00m 0x7f7a64001520 [33;01mWARN   [00m [00m                v4l2 gstv4l2object.c:3014:gst_v4l2_object_probe_caps_for_format:<nvv4l2decoder0:src>[00m Could not probe maximum capture size for pixelformat P412
0:00:06.168176645 [36m  371[00m 0x7f7a64001520 [33;01mWARN   [00m [00m                v4l2 gstv4l2object.c:3123:gst_v4l2_object_get_nearest_size:<nvv4l2decoder0:src>[00m Unable to try format: Unknown error -1
0:00:06.168496222 [36m  371[00m 0x7f7a64001520 [33;01mWARN   [00m [00m                v4l2 gstv4l2object.c:3008:gst_v4l2_object_probe_caps_for_format:<nvv4l2decoder0:src>[00m Could not probe minimum capture size for pixelformat P410
0:00:06.169012504 [36m  371[00m 0x7f7a64001520 [33;01mWARN   [00m [00m                v4l2 gstv4l2object.c:3123:gst_v4l2_object_get_nearest_size:<nvv4l2decoder0:src>[00m Unable to try format: Unknown error -1
0:00:06.169550191 [36m  371[00m 0x7f7a64001520 [33;01mWARN   [00m [00m                v4l2 gstv4l2object.c:3014:gst_v4l2_object_probe_caps_for_format:<nvv4l2decoder0:src>[00m Could not probe maximum capture size for pixelformat P410
0:00:06.169962251 [36m  371[00m 0x7f7a64001520 [33;01mWARN   [00m [00m                v4l2 gstv4l2object.c:3123:gst_v4l2_object_get_nearest_size:<nvv4l2decoder0:src>[00m Unable to try format: Unknown error -1
0:00:06.170464845 [36m  371[00m 0x7f7a64001520 [33;01mWARN   [00m [00m                v4l2 gstv4l2object.c:3008:gst_v4l2_object_probe_caps_for_format:<nvv4l2decoder0:src>[00m Could not probe minimum capture size for pixelformat PM10
0:00:06.170890729 [36m  371[00m 0x7f7a64001520 [33;01mWARN   [00m [00m                v4l2 gstv4l2object.c:3123:gst_v4l2_object_get_nearest_size:<nvv4l2decoder0:src>[00m Unable to try format: Unknown error -1
0:00:06.171347523 [36m  371[00m 0x7f7a64001520 [33;01mWARN   [00m [00m                v4l2 gstv4l2object.c:3014:gst_v4l2_object_probe_caps_for_format:<nvv4l2decoder0:src>[00m Could not probe maximum capture size for pixelformat PM10
0:00:06.171793047 [36m  371[00m 0x7f7a64001520 [33;01mWARN   [00m [00m                v4l2 gstv4l2object.c:3123:gst_v4l2_object_get_nearest_size:<nvv4l2decoder0:src>[00m Unable to try format: Unknown error -1
0:00:06.172286097 [36m  371[00m 0x7f7a64001520 [33;01mWARN   [00m [00m                v4l2 gstv4l2object.c:3008:gst_v4l2_object_probe_caps_for_format:<nvv4l2decoder0:src>[00m Could not probe minimum capture size for pixelformat NM12
0:00:06.172738876 [36m  371[00m 0x7f7a64001520 [33;01mWARN   [00m [00m                v4l2 gstv4l2object.c:3123:gst_v4l2_object_get_nearest_size:<nvv4l2decoder0:src>[00m Unable to try format: Unknown error -1
0:00:06.173196368 [36m  371[00m 0x7f7a64001520 [33;01mWARN   [00m [00m                v4l2 gstv4l2object.c:3014:gst_v4l2_object_probe_caps_for_format:<nvv4l2decoder0:src>[00m Could not probe maximum capture size for pixelformat NM12
0:00:06.346048912 [36m  371[00m 0x7f7a64001520 [33;01mWARN   [00m [00m        v4l2videodec gstv4l2videodec.c:2357:gst_v4l2_video_dec_decide_allocation:<nvv4l2decoder0>[00m Duration invalid, not setting latency
0:00:06.349301431 [36m  371[00m 0x7f7a64001520 [33;01mWARN   [00m [00m      v4l2bufferpool gstv4l2bufferpool.c:1127:gst_v4l2_buffer_pool_start:<nvv4l2decoder0:pool:src>[00m Uncertain or not enough buffers, enabling copy threshold
0:00:06.688660349 [36m  371[00m 0x7f7a640024e0 [33;01mWARN   [00m [00m      v4l2bufferpool gstv4l2bufferpool.c:1611:gst_v4l2_buffer_pool_dqbuf:<nvv4l2decoder0:pool:src>[00m Driver should never set v4l2_buffer.field to ANY
2026-08-14 03:13:39 | INFO     | deepstream_ai.pipeline.runner | DeepStream Pipeline 已启动，sources=1
2026-08-14 03:13:39 | INFO     | deepstream_ai.pipeline.adaptive | [SOURCE_PROFILE] camera=camera-01 fps=30.000 resolution=1280x720 source=negotiated_caps
2026-08-14 03:13:39 | INFO     | deepstream_ai.pipeline.adaptive | [ADAPTIVE_RATE] component=person target=5.00 actual≈5.00 interval=5 reason=source_profile
2026-08-14 03:13:39 | ERROR    | deepstream_ai.pipeline.adaptive | [ADAPTIVE_RATE_ERROR] component=face-detector property=secondary-reinfer-interval value=6
Traceback (most recent call last):
  File "/workspace/src/deepstream_ai/pipeline/adaptive.py", line 537, in _set_property
    element.set_property(name, int(value))
TypeError: object of type `GstNvInfer' does not have property `secondary-reinfer-interval'
2026-08-14 03:13:39 | INFO     | deepstream_ai.pipeline.adaptive | [ADAPTIVE_RATE] component=face target=5.00 actual≈5.00 reinfer=6 reason=source_profile
2026-08-14 03:13:39 | INFO     | deepstream_ai.pipeline.adaptive | [ADAPTIVE_RATE] component=person target=5.00 actual≈5.00 interval=5 reason=critical_load
2026-08-14 03:13:39 | ERROR    | deepstream_ai.pipeline.adaptive | [ADAPTIVE_RATE_ERROR] component=face-detector property=secondary-reinfer-interval value=8
Traceback (most recent call last):
  File "/workspace/src/deepstream_ai/pipeline/adaptive.py", line 537, in _set_property
    element.set_property(name, int(value))
TypeError: object of type `GstNvInfer' does not have property `secondary-reinfer-interval'
2026-08-14 03:13:39 | INFO     | deepstream_ai.pipeline.adaptive | [ADAPTIVE_RATE] component=face target=4.00 actual≈3.75 reinfer=8 reason=critical_load
2026-08-14 03:13:39 | WARNING  | deepstream_ai.pipeline.adaptive | [ADAPTIVE_PROFILE] normal -> balanced reason=critical_load source_fps=30.000
2026-08-14 03:13:39 | INFO     | deepstream_ai.pipeline.adaptive | [ADAPTIVE_LOAD] profile=balanced source_fps=30.00 gpu=93.0% mem=14.0% nvdec=30.0% queue=0.0% drops_delta=0
2026-08-14 03:13:39 | INFO     | deepstream_ai.pipeline.adaptive | [ADAPTIVE] enabled profile=balanced sample=2.0s window=10.0s
2026-08-14 03:13:41 | INFO     | deepstream_ai.pipeline.adaptive | [ADAPTIVE_RATE] component=person target=4.00 actual≈3.75 interval=7 reason=critical_load
2026-08-14 03:13:41 | ERROR    | deepstream_ai.pipeline.adaptive | [ADAPTIVE_RATE_ERROR] component=face-detector property=secondary-reinfer-interval value=10
Traceback (most recent call last):
  File "/workspace/src/deepstream_ai/pipeline/adaptive.py", line 537, in _set_property
    element.set_property(name, int(value))
TypeError: object of type `GstNvInfer' does not have property `secondary-reinfer-interval'
2026-08-14 03:13:41 | INFO     | deepstream_ai.pipeline.adaptive | [ADAPTIVE_RATE] component=face target=3.00 actual≈3.00 reinfer=10 reason=critical_load
2026-08-14 03:13:41 | WARNING  | deepstream_ai.pipeline.adaptive | [ADAPTIVE_PROFILE] balanced -> protect reason=critical_load source_fps=30.000
2026-08-14 03:13:41 | INFO     | deepstream_ai.pipeline.adaptive | [ADAPTIVE_LOAD] profile=protect source_fps=30.00 gpu=97.0% mem=1.0% nvdec=54.0% queue=0.0% drops_delta=0
2026-08-14 03:13:43 | INFO     | deepstream_ai.pipeline.adaptive | [ADAPTIVE_RATE] component=person target=3.00 actual≈3.00 interval=9 reason=critical_load
2026-08-14 03:13:43 | ERROR    | deepstream_ai.pipeline.adaptive | [ADAPTIVE_RATE_ERROR] component=face-detector property=secondary-reinfer-interval value=10
Traceback (most recent call last):
  File "/workspace/src/deepstream_ai/pipeline/adaptive.py", line 537, in _set_property
    element.set_property(name, int(value))
TypeError: object of type `GstNvInfer' does not have property `secondary-reinfer-interval'
2026-08-14 03:13:43 | INFO     | deepstream_ai.pipeline.adaptive | [ADAPTIVE_RATE] component=face target=3.00 actual≈3.00 reinfer=10 reason=critical_load
2026-08-14 03:13:43 | WARNING  | deepstream_ai.pipeline.adaptive | [ADAPTIVE_PROFILE] protect -> emergency reason=critical_load source_fps=30.000
2026-08-14 03:13:43 | INFO     | deepstream_ai.pipeline.adaptive | [ADAPTIVE_LOAD] profile=emergency source_fps=30.00 gpu=95.0% mem=1.0% nvdec=41.0% queue=0.0% drops_delta=0
2026-08-14 03:13:43 | INFO     | deepstream_ai.snapshot.rolling_manager | [TRACK_CREATE] camera=camera-01 track=0 person_conf=0.553 quality=0.667
2026-08-14 03:13:43 | INFO     | deepstream_ai.snapshot.rolling_manager | [PERSON_EVIDENCE_UPDATE] camera=camera-01 track=0 source=person_fallback quality=0.667
2026-08-14 03:13:43 | INFO     | deepstream_ai.snapshot.alarm_manager | [FACE_FALLBACK] camera=camera-01 track=0 face_conf=0.832 quality=0.590 person_display=1253x983 face_display=454x686
2026-08-14 03:13:43 | INFO     | deepstream_ai.snapshot.alarm_manager | [FACE_EVIDENCE_UPDATE] camera=camera-01 track=0 source=face_fallback quality=0.590 evidence=(590.2845733642578, 97.93313598632812, 1842.693148803711, 1080.0)
2026-08-14 03:13:43 | INFO     | deepstream_ai.snapshot.alarm_manager | [BEST_FACE_UPDATE] camera=camera-01 track=0 old_quality=0.590 new_quality=0.596 person_display=1254x978 face_display=454x681
2026-08-14 03:13:43 | INFO     | deepstream_ai.snapshot.alarm_manager | [FACE_EVIDENCE_UPDATE] camera=camera-01 track=0 source=best_face quality=0.596 evidence=(591.0874542236328, 102.06396484375, 1844.6710296630858, 1080.0)
2026-08-14 03:13:45 | INFO     | deepstream_ai.pipeline.adaptive | [ADAPTIVE_LOAD] profile=emergency source_fps=30.00 gpu=76.0% mem=1.0% nvdec=51.0% queue=28.1% drops_delta=0
2026-08-14 03:13:45 | INFO     | deepstream_ai.face.service | [FACE_IDENTITY] camera=camera-01 track=0 reason=timeout_fallback candidate_known=False candidate_similarity=-1.000 retained_known=False retained_similarity=-1.000 samples=2 best_quality=0.701
2026-08-14 03:13:46 | INFO     | deepstream_ai.snapshot.alarm_manager | [BEST_FACE_UPDATE] camera=camera-01 track=0 old_quality=0.596 new_quality=0.630 person_display=1216x1080 face_display=440x718
2026-08-14 03:13:46 | INFO     | deepstream_ai.snapshot.alarm_manager | [FACE_EVIDENCE_UPDATE] camera=camera-01 track=0 source=best_face quality=0.630 evidence=(521.9816131591797, 0.0, 1736.3065338134766, 1080.0)
2026-08-14 03:13:46 | INFO     | deepstream_ai.snapshot.alarm_manager | [BEST_FACE_UPDATE] camera=camera-01 track=0 old_quality=0.630 new_quality=0.660 person_display=1166x1080 face_display=422x708
2026-08-14 03:13:46 | INFO     | deepstream_ai.snapshot.alarm_manager | [FACE_EVIDENCE_UPDATE] camera=camera-01 track=0 source=best_face quality=0.660 evidence=(521.7766471862793, 0.0, 1686.216349029541, 1080.0)
2026-08-14 03:13:47 | INFO     | deepstream_ai.face.service | [FACE_IDENTITY] camera=camera-01 track=0 reason=unknown_retry candidate_known=False candidate_similarity=-1.000 retained_known=False retained_similarity=-1.000 samples=2 best_quality=0.742
2026-08-14 03:13:47 | ERROR    | deepstream_ai.pipeline.adaptive | [SYSTEM_CAPACITY_EXCEEDED] profile=emergency gpu=94.0% nvdec=86.0% queue=0.0% drops_delta=0 reject_new_tasks=True
2026-08-14 03:13:47 | INFO     | deepstream_ai.pipeline.adaptive | [ADAPTIVE_LOAD] profile=emergency source_fps=30.00 gpu=94.0% mem=1.0% nvdec=86.0% queue=0.0% drops_delta=0
2026-08-14 03:13:49 | INFO     | deepstream_ai.pipeline.adaptive | [ADAPTIVE_LOAD] profile=emergency source_fps=30.00 gpu=98.0% mem=1.0% nvdec=40.0% queue=0.0% drops_delta=0
2026-08-14 03:13:51 | INFO     | deepstream_ai.pipeline.adaptive | [ADAPTIVE_LOAD] profile=emergency source_fps=30.00 gpu=98.0% mem=1.0% nvdec=43.0% queue=0.0% drops_delta=0
2026-08-14 03:13:53 | INFO     | deepstream_ai.pipeline.adaptive | [ADAPTIVE_LOAD] profile=emergency source_fps=30.00 gpu=98.0% mem=1.0% nvdec=43.0% queue=0.0% drops_delta=0
2026-08-14 03:13:55 | INFO     | deepstream_ai.snapshot.rolling_manager | [TRACK_CREATE] camera=camera-01 track=1 person_conf=0.262 quality=0.628
2026-08-14 03:13:55 | INFO     | deepstream_ai.snapshot.rolling_manager | [PERSON_EVIDENCE_UPDATE] camera=camera-01 track=1 source=person_fallback quality=0.628
2026-08-14 03:13:55 | INFO     | deepstream_ai.snapshot.rolling_manager | [PERSON_EVIDENCE_UPDATE] camera=camera-01 track=1 source=best_person quality=0.743
2026-08-14 03:13:55 | INFO     | deepstream_ai.snapshot.rolling_manager | [PERSON_EVIDENCE_UPDATE] camera=camera-01 track=1 source=best_person quality=0.746
2026-08-14 03:13:55 | INFO     | deepstream_ai.pipeline.adaptive | [ADAPTIVE_LOAD] profile=emergency source_fps=30.00 gpu=93.0% mem=1.0% nvdec=39.0% queue=0.0% drops_delta=0
2026-08-14 03:13:56 | INFO     | deepstream_ai.snapshot.rolling_manager | [TRACK_FINALIZE] camera=camera-01 track=0 source=best_face identity=unknown similarity=-1.000 quality=0.660
2026-08-14 03:13:57 | INFO     | deepstream_ai.pipeline.adaptive | [ADAPTIVE_LOAD] profile=emergency source_fps=30.00 gpu=94.0% mem=1.0% nvdec=38.0% queue=0.0% drops_delta=0
2026-08-14 03:13:59 | INFO     | deepstream_ai.pipeline.adaptive | [ADAPTIVE_LOAD] profile=emergency source_fps=30.00 gpu=83.0% mem=1.0% nvdec=63.0% queue=0.0% drops_delta=0
2026-08-14 03:14:01 | INFO     | deepstream_ai.track_continuity | [TRACK_CONTINUITY_MERGE] camera=camera-01 raw=2 logical=1 gap=4.463 mode=reid similarity=0.988 area_ratio=1.059
2026-08-14 03:14:01 | INFO     | deepstream_ai.pipeline.adaptive | [ADAPTIVE_LOAD] profile=emergency source_fps=30.00 gpu=83.0% mem=1.0% nvdec=71.0% queue=0.0% drops_delta=0
2026-08-14 03:14:03 | INFO     | deepstream_ai.pipeline.adaptive | [ADAPTIVE_LOAD] profile=emergency source_fps=30.00 gpu=82.0% mem=1.0% nvdec=56.0% queue=0.0% drops_delta=0
2026-08-14 03:14:05 | INFO     | deepstream_ai.pipeline.adaptive | [ADAPTIVE_LOAD] profile=emergency source_fps=30.00 gpu=75.0% mem=1.0% nvdec=53.0% queue=0.0% drops_delta=0
2026-08-14 03:14:05 | INFO     | deepstream_ai.snapshot.alarm_manager | [FACE_FALLBACK] camera=camera-01 track=1 face_conf=0.868 quality=0.691 person_display=882x1042 face_display=356x674
2026-08-14 03:14:05 | INFO     | deepstream_ai.snapshot.alarm_manager | [FACE_EVIDENCE_UPDATE] camera=camera-01 track=1 source=face_fallback quality=0.691 evidence=(569.8693618774414, 38.868560791015625, 1450.3826171875, 1080.0)
2026-08-14 03:14:05 | INFO     | deepstream_ai.face.service | [FACE_IDENTITY] camera=camera-01 track=1 reason=high_quality candidate_known=False candidate_similarity=-1.000 retained_known=False retained_similarity=-1.000 samples=1 best_quality=0.752
2026-08-14 03:14:07 | INFO     | deepstream_ai.pipeline.adaptive | [ADAPTIVE_LOAD] profile=emergency source_fps=30.00 gpu=67.0% mem=1.0% nvdec=51.0% queue=0.0% drops_delta=0
2026-08-14 03:14:08 | INFO     | deepstream_ai.face.service | [FACE_IDENTITY] camera=camera-01 track=1 reason=unknown_retry candidate_known=False candidate_similarity=-1.000 retained_known=False retained_similarity=-1.000 samples=2 best_quality=0.725
2026-08-14 03:14:09 | INFO     | deepstream_ai.pipeline.adaptive | [ADAPTIVE_LOAD] profile=emergency source_fps=30.00 gpu=81.0% mem=1.0% nvdec=71.0% queue=0.0% drops_delta=0
2026-08-14 03:14:10 | INFO     | deepstream_ai.face.service | [FACE_IDENTITY] camera=camera-01 track=1 reason=unknown_retry candidate_known=False candidate_similarity=-1.000 retained_known=False retained_similarity=-1.000 samples=2 best_quality=0.737
2026-08-14 03:14:11 | INFO     | deepstream_ai.pipeline.adaptive | [ADAPTIVE_LOAD] profile=emergency source_fps=30.00 gpu=82.0% mem=1.0% nvdec=34.0% queue=0.0% drops_delta=0
2026-08-14 03:14:13 | INFO     | deepstream_ai.pipeline.adaptive | [ADAPTIVE_LOAD] profile=emergency source_fps=30.00 gpu=70.0% mem=1.0% nvdec=65.0% queue=0.0% drops_delta=0
2026-08-14 03:14:14 | INFO     | deepstream_ai.face.service | [FACE_IDENTITY] camera=camera-01 track=1 reason=unknown_retry candidate_known=False candidate_similarity=-1.000 retained_known=False retained_similarity=-1.000 samples=2 best_quality=0.630
2026-08-14 03:14:15 | INFO     | deepstream_ai.pipeline.adaptive | [ADAPTIVE_LOAD] profile=emergency source_fps=30.00 gpu=72.0% mem=1.0% nvdec=47.0% queue=0.0% drops_delta=0
2026-08-14 03:14:17 | INFO     | deepstream_ai.pipeline.adaptive | [ADAPTIVE_LOAD] profile=emergency source_fps=30.00 gpu=74.0% mem=1.0% nvdec=48.0% queue=0.0% drops_delta=0
2026-08-14 03:14:18 | INFO     | deepstream_ai.snapshot.rolling_manager | [TRACK_CREATE] camera=camera-01 track=3 person_conf=0.696 quality=0.704
2026-08-14 03:14:18 | INFO     | deepstream_ai.snapshot.rolling_manager | [PERSON_EVIDENCE_UPDATE] camera=camera-01 track=3 source=person_fallback quality=0.704
2026-08-14 03:14:18 | INFO     | deepstream_ai.snapshot.alarm_manager | [FACE_FALLBACK] camera=camera-01 track=3 face_conf=0.757 quality=0.617 person_display=952x998 face_display=345x543
2026-08-14 03:14:18 | INFO     | deepstream_ai.snapshot.alarm_manager | [FACE_EVIDENCE_UPDATE] camera=camera-01 track=3 source=face_fallback quality=0.617 evidence=(670.24677734375, 82.46676635742188, 1621.25322265625, 1080.0)
2026-08-14 03:14:18 | INFO     | deepstream_ai.snapshot.alarm_manager | [BEST_FACE_UPDATE] camera=camera-01 track=3 old_quality=0.617 new_quality=0.643 person_display=933x983 face_display=338x523
2026-08-14 03:14:18 | INFO     | deepstream_ai.snapshot.alarm_manager | [FACE_EVIDENCE_UPDATE] camera=camera-01 track=3 source=best_face quality=0.643 evidence=(663.3083747863769, 97.61882019042969, 1595.1880088806151, 1080.0)
2026-08-14 03:14:19 | INFO     | deepstream_ai.snapshot.alarm_manager | [BEST_FACE_UPDATE] camera=camera-01 track=3 old_quality=0.643 new_quality=0.680 person_display=873x973 face_display=317x512
2026-08-14 03:14:19 | INFO     | deepstream_ai.snapshot.alarm_manager | [FACE_EVIDENCE_UPDATE] camera=camera-01 track=3 source=best_face quality=0.680 evidence=(676.3658340454101, 107.47471618652344, 1548.9368698120118, 1080.0)
2026-08-14 03:14:19 | INFO     | deepstream_ai.face.service | [FACE_IDENTITY] camera=camera-01 track=3 reason=high_quality candidate_known=False candidate_similarity=-1.000 retained_known=False retained_similarity=-1.000 samples=3 best_quality=0.738
2026-08-14 03:14:19 | INFO     | deepstream_ai.snapshot.alarm_manager | [BEST_FACE_UPDATE] camera=camera-01 track=3 old_quality=0.680 new_quality=0.685 person_display=895x956 face_display=324x511
2026-08-14 03:14:19 | INFO     | deepstream_ai.snapshot.alarm_manager | [FACE_EVIDENCE_UPDATE] camera=camera-01 track=3 source=best_face quality=0.685 evidence=(648.9112060546875, 124.84361267089844, 1542.6364013671875, 1080.0)
2026-08-14 03:14:19 | INFO     | deepstream_ai.pipeline.adaptive | [ADAPTIVE_LOAD] profile=emergency source_fps=30.00 gpu=81.0% mem=1.0% nvdec=70.0% queue=0.0% drops_delta=0
2026-08-14 03:14:21 | INFO     | deepstream_ai.face.service | [FACE_IDENTITY] camera=camera-01 track=3 reason=unknown_retry candidate_known=False candidate_similarity=-1.000 retained_known=False retained_similarity=-1.000 samples=3 best_quality=0.751
2026-08-14 03:14:21 | INFO     | deepstream_ai.pipeline.adaptive | [ADAPTIVE_LOAD] profile=emergency source_fps=30.00 gpu=74.0% mem=1.0% nvdec=53.0% queue=0.0% drops_delta=0
2026-08-14 03:14:23 | INFO     | deepstream_ai.face.service | [FACE_IDENTITY] camera=camera-01 track=3 reason=unknown_retry candidate_known=False candidate_similarity=-1.000 retained_known=False retained_similarity=-1.000 samples=3 best_quality=0.755
2026-08-14 03:14:23 | INFO     | deepstream_ai.pipeline.adaptive | [ADAPTIVE_LOAD] profile=emergency source_fps=30.00 gpu=82.0% mem=1.0% nvdec=54.0% queue=0.0% drops_delta=0
2026-08-14 03:14:24 | INFO     | deepstream_ai.snapshot.rolling_manager | [TRACK_FINALIZE] camera=camera-01 track=1 source=face_fallback identity=unknown similarity=-1.000 quality=0.691
2026-08-14 03:14:25 | INFO     | deepstream_ai.face.service | [FACE_IDENTITY] camera=camera-01 track=3 reason=unknown_retry candidate_known=False candidate_similarity=-1.000 retained_known=False retained_similarity=-1.000 samples=2 best_quality=0.721
2026-08-14 03:14:25 | INFO     | deepstream_ai.pipeline.adaptive | [ADAPTIVE_LOAD] profile=emergency source_fps=30.00 gpu=82.0% mem=2.0% nvdec=41.0% queue=0.0% drops_delta=0
2026-08-14 03:14:26 | INFO     | deepstream_ai.pipeline.runner | 收到停止请求
2026-08-14 03:14:27 | INFO     | deepstream_ai.pipeline.adaptive | [ADAPTIVE_LOAD] profile=emergency source_fps=30.00 gpu=0.0% mem=0.0% nvdec=0.0% queue=0.0% drops_delta=0
2026-08-14 03:14:29 | INFO     | deepstream_ai.pipeline.adaptive | [ADAPTIVE_LOAD] profile=emergency source_fps=30.00 gpu=0.0% mem=0.0% nvdec=0.0% queue=0.0% drops_delta=0
2026-08-14 03:14:31 | INFO     | deepstream_ai.pipeline.adaptive | [ADAPTIVE_LOAD] profile=emergency source_fps=30.00 gpu=2.0% mem=1.0% nvdec=0.0% queue=0.0% drops_delta=0
2026-08-14 03:14:33 | INFO     | deepstream_ai.pipeline.adaptive | [ADAPTIVE_LOAD] profile=emergency source_fps=30.00 gpu=4.0% mem=1.0% nvdec=0.0% queue=0.0% drops_delta=0
2026-08-14 03:14:35 | INFO     | deepstream_ai.pipeline.adaptive | [ADAPTIVE_LOAD] profile=emergency source_fps=30.00 gpu=0.0% mem=0.0% nvdec=0.0% queue=0.0% drops_delta=0
0:01:08.814570166 [36m  371[00m     0x3e5b10a0 [33;01mWARN   [00m [00m         nvurisrcbin gstdsnvurisrcbin.cpp:1710:watch_source_status:<uri-source-00>[00m warning: No data from source since last 10 sec. Trying reconnection
0:01:08.815788660 [36m  371[00m 0x7f7a64000d80 [33;01mWARN   [00m [00;04m             default gstrtspconnection.c:1553:writev_bytes:[00m Operation was cancelled
0:01:08.816396407 [36m  371[00m 0x7f7a64000d80 [33;01mWARN   [00m [00m             rtspsrc gstrtspsrc.c:6874:gst_rtspsrc_try_send:<src>[00m error: Could not send message. (Received end-of-file)
0:01:08.817355717 [36m  371[00m 0x7f7a64000d80 [33;01mWARN   [00m [00m             rtspsrc gstrtspsrc.c:9345:gst_rtspsrc_pause:<src>[00m error: Could not send message. (Received end-of-file)
0:01:08.915849087 [36m  371[00m     0x3e5b10a0 [33;01mWARN   [00m [00m             rtspsrc gstrtspsrc.c:6455:gst_rtspsrc_loop_send_cmd_and_wait:<src>[00m Timed out waiting for TEARDOWN to be processed.
0:01:08.916393487 [36m  371[00m 0x7f7a64000d80 [33;01mWARN   [00m [00m             rtspsrc gstrtspsrc.c:6793:gst_rtsp_src_receive_response:<src>[00m receive interrupted
0:01:08.916697327 [36m  371[00m 0x7f7a64000d80 [33;01mWARN   [00m [00m             rtspsrc gstrtspsrc.c:6891:gst_rtspsrc_try_send:<src>[00m receive interrupted
0:01:08.916955397 [36m  371[00m 0x7f7a64000d80 [33;01mWARN   [00m [00m             rtspsrc gstrtspsrc.c:8660:gst_rtspsrc_close:<src>[00m TEARDOWN interrupted
Resetting source -1, attempts: 1
2026-08-14 03:14:36 | WARNING  | deepstream_ai.pipeline.runner | GStreamer 警告 source=uri-source-00: gst-stream-error-quark: No data from source since last 10 sec. Trying reconnection (1); debug=gstdsnvurisrcbin.cpp(1710): watch_source_status (): /GstPipeline:deepstream-ai-platform/GstBin:source-bin-00/GstDsNvUriSrcBin:uri-source-00
2026-08-14 03:14:36 | WARNING  | deepstream_ai.pipeline.runner | GStreamer 警告 source=src: gst-resource-error-quark: Could not write to resource. (10); debug=../gst/rtsp/gstrtspsrc.c(6874): gst_rtspsrc_try_send (): /GstPipeline:deepstream-ai-platform/GstBin:source-bin-00/GstDsNvUriSrcBin:uri-source-00/GstRTSPSrc:src:
Could not send message. (Received end-of-file)
2026-08-14 03:14:36 | WARNING  | deepstream_ai.pipeline.runner | GStreamer 警告 source=src: gst-resource-error-quark: Could not write to resource. (10); debug=../gst/rtsp/gstrtspsrc.c(9345): gst_rtspsrc_pause (): /GstPipeline:deepstream-ai-platform/GstBin:source-bin-00/GstDsNvUriSrcBin:uri-source-00/GstRTSPSrc:src:
Could not send message. (Received end-of-file)
2026-08-14 03:14:37 | INFO     | deepstream_ai.pipeline.adaptive | [ADAPTIVE_LOAD] profile=emergency source_fps=30.00 gpu=0.0% mem=0.0% nvdec=0.0% queue=0.0% drops_delta=0
2026-08-14 03:14:37 | INFO     | deepstream_ai.pipeline.source | [NVDEC] camera_id=camera-01 decoder=nvv4l2decoder1 cudadec_memtype=device
Opening in BLOCKING MODE 
0:01:09.963282626 [36m  371[00m 0x7f7a64001520 [33;01mWARN   [00m [00m                v4l2 gstv4l2object.c:3123:gst_v4l2_object_get_nearest_size:<nvv4l2decoder1:sink>[00m Unable to try format: Unknown error -1
0:01:09.963748458 [36m  371[00m 0x7f7a64001520 [33;01mWARN   [00m [00m                v4l2 gstv4l2object.c:3008:gst_v4l2_object_probe_caps_for_format:<nvv4l2decoder1:sink>[00m Could not probe minimum capture size for pixelformat MJPG
0:01:09.964209031 [36m  371[00m 0x7f7a64001520 [33;01mWARN   [00m [00m                v4l2 gstv4l2object.c:3123:gst_v4l2_object_get_nearest_size:<nvv4l2decoder1:sink>[00m Unable to try format: Unknown error -1
0:01:09.964435956 [36m  371[00m 0x7f7a64001520 [33;01mWARN   [00m [00m                v4l2 gstv4l2object.c:3014:gst_v4l2_object_probe_caps_for_format:<nvv4l2decoder1:sink>[00m Could not probe maximum capture size for pixelformat MJPG
0:01:09.964705742 [36m  371[00m 0x7f7a64001520 [33;01mWARN   [00m [00m                v4l2 gstv4l2object.c:3123:gst_v4l2_object_get_nearest_size:<nvv4l2decoder1:sink>[00m Unable to try format: Unknown error -1
0:01:09.964928486 [36m  371[00m 0x7f7a64001520 [33;01mWARN   [00m [00m                v4l2 gstv4l2object.c:3008:gst_v4l2_object_probe_caps_for_format:<nvv4l2decoder1:sink>[00m Could not probe minimum capture size for pixelformat AV10
0:01:09.965413173 [36m  371[00m 0x7f7a64001520 [33;01mWARN   [00m [00m                v4l2 gstv4l2object.c:3123:gst_v4l2_object_get_nearest_size:<nvv4l2decoder1:sink>[00m Unable to try format: Unknown error -1
0:01:09.965957789 [36m  371[00m 0x7f7a64001520 [33;01mWARN   [00m [00m                v4l2 gstv4l2object.c:3014:gst_v4l2_object_probe_caps_for_format:<nvv4l2decoder1:sink>[00m Could not probe maximum capture size for pixelformat AV10
0:01:09.966466373 [36m  371[00m 0x7f7a64001520 [33;01mWARN   [00m [00m                v4l2 gstv4l2object.c:3123:gst_v4l2_object_get_nearest_size:<nvv4l2decoder1:sink>[00m Unable to try format: Unknown error -1
0:01:09.966999277 [36m  371[00m 0x7f7a64001520 [33;01mWARN   [00m [00m                v4l2 gstv4l2object.c:3008:gst_v4l2_object_probe_caps_for_format:<nvv4l2decoder1:sink>[00m Could not probe minimum capture size for pixelformat DVX5
0:01:09.967484740 [36m  371[00m 0x7f7a64001520 [33;01mWARN   [00m [00m                v4l2 gstv4l2object.c:3123:gst_v4l2_object_get_nearest_size:<nvv4l2decoder1:sink>[00m Unable to try format: Unknown error -1
0:01:09.967947009 [36m  371[00m 0x7f7a64001520 [33;01mWARN   [00m [00m                v4l2 gstv4l2object.c:3014:gst_v4l2_object_probe_caps_for_format:<nvv4l2decoder1:sink>[00m Could not probe maximum capture size for pixelformat DVX5
0:01:09.968405689 [36m  371[00m 0x7f7a64001520 [33;01mWARN   [00m [00m                v4l2 gstv4l2object.c:3123:gst_v4l2_object_get_nearest_size:<nvv4l2decoder1:sink>[00m Unable to try format: Unknown error -1
0:01:09.968949869 [36m  371[00m 0x7f7a64001520 [33;01mWARN   [00m [00m                v4l2 gstv4l2object.c:3008:gst_v4l2_object_probe_caps_for_format:<nvv4l2decoder1:sink>[00m Could not probe minimum capture size for pixelformat DVX4
0:01:09.969824775 [36m  371[00m 0x7f7a64001520 [33;01mWARN   [00m [00m                v4l2 gstv4l2object.c:3123:gst_v4l2_object_get_nearest_size:<nvv4l2decoder1:sink>[00m Unable to try format: Unknown error -1
0:01:09.970751661 [36m  371[00m 0x7f7a64001520 [33;01mWARN   [00m [00m                v4l2 gstv4l2object.c:3014:gst_v4l2_object_probe_caps_for_format:<nvv4l2decoder1:sink>[00m Could not probe maximum capture size for pixelformat DVX4
0:01:09.971597087 [36m  371[00m 0x7f7a64001520 [33;01mWARN   [00m [00m                v4l2 gstv4l2object.c:3123:gst_v4l2_object_get_nearest_size:<nvv4l2decoder1:sink>[00m Unable to try format: Unknown error -1
0:01:09.972176815 [36m  371[00m 0x7f7a64001520 [33;01mWARN   [00m [00m                v4l2 gstv4l2object.c:3008:gst_v4l2_object_probe_caps_for_format:<nvv4l2decoder1:sink>[00m Could not probe minimum capture size for pixelformat MPG4
0:01:09.972775720 [36m  371[00m 0x7f7a64001520 [33;01mWARN   [00m [00m                v4l2 gstv4l2object.c:3123:gst_v4l2_object_get_nearest_size:<nvv4l2decoder1:sink>[00m Unable to try format: Unknown error -1
0:01:09.973555607 [36m  371[00m 0x7f7a64001520 [33;01mWARN   [00m [00m                v4l2 gstv4l2object.c:3014:gst_v4l2_object_probe_caps_for_format:<nvv4l2decoder1:sink>[00m Could not probe maximum capture size for pixelformat MPG4
0:01:09.974263421 [36m  371[00m 0x7f7a64001520 [33;01mWARN   [00m [00m                v4l2 gstv4l2object.c:3123:gst_v4l2_object_get_nearest_size:<nvv4l2decoder1:sink>[00m Unable to try format: Unknown error -1
0:01:09.974885548 [36m  371[00m 0x7f7a64001520 [33;01mWARN   [00m [00m                v4l2 gstv4l2object.c:3008:gst_v4l2_object_probe_caps_for_format:<nvv4l2decoder1:sink>[00m Could not probe minimum capture size for pixelformat MPG2
0:01:09.975452440 [36m  371[00m 0x7f7a64001520 [33;01mWARN   [00m [00m                v4l2 gstv4l2object.c:3123:gst_v4l2_object_get_nearest_size:<nvv4l2decoder1:sink>[00m Unable to try format: Unknown error -1
0:01:09.975889030 [36m  371[00m 0x7f7a64001520 [33;01mWARN   [00m [00m                v4l2 gstv4l2object.c:3014:gst_v4l2_object_probe_caps_for_format:<nvv4l2decoder1:sink>[00m Could not probe maximum capture size for pixelformat MPG2
0:01:09.976602118 [36m  371[00m 0x7f7a64001520 [33;01mWARN   [00m [00m                v4l2 gstv4l2object.c:3123:gst_v4l2_object_get_nearest_size:<nvv4l2decoder1:sink>[00m Unable to try format: Unknown error -1
0:01:09.977315192 [36m  371[00m 0x7f7a64001520 [33;01mWARN   [00m [00m                v4l2 gstv4l2object.c:3008:gst_v4l2_object_probe_caps_for_format:<nvv4l2decoder1:sink>[00m Could not probe minimum capture size for pixelformat H265
0:01:09.977910507 [36m  371[00m 0x7f7a64001520 [33;01mWARN   [00m [00m                v4l2 gstv4l2object.c:3123:gst_v4l2_object_get_nearest_size:<nvv4l2decoder1:sink>[00m Unable to try format: Unknown error -1
0:01:09.978419079 [36m  371[00m 0x7f7a64001520 [33;01mWARN   [00m [00m                v4l2 gstv4l2object.c:3014:gst_v4l2_object_probe_caps_for_format:<nvv4l2decoder1:sink>[00m Could not probe maximum capture size for pixelformat H265
0:01:09.978929422 [36m  371[00m 0x7f7a64001520 [33;01mWARN   [00m [00m                v4l2 gstv4l2object.c:3123:gst_v4l2_object_get_nearest_size:<nvv4l2decoder1:sink>[00m Unable to try format: Unknown error -1
0:01:09.979357867 [36m  371[00m 0x7f7a64001520 [33;01mWARN   [00m [00m                v4l2 gstv4l2object.c:3008:gst_v4l2_object_probe_caps_for_format:<nvv4l2decoder1:sink>[00m Could not probe minimum capture size for pixelformat VP90
0:01:09.979644687 [36m  371[00m 0x7f7a64001520 [33;01mWARN   [00m [00m                v4l2 gstv4l2object.c:3123:gst_v4l2_object_get_nearest_size:<nvv4l2decoder1:sink>[00m Unable to try format: Unknown error -1
0:01:09.979929581 [36m  371[00m 0x7f7a64001520 [33;01mWARN   [00m [00m                v4l2 gstv4l2object.c:3014:gst_v4l2_object_probe_caps_for_format:<nvv4l2decoder1:sink>[00m Could not probe maximum capture size for pixelformat VP90
0:01:09.980271785 [36m  371[00m 0x7f7a64001520 [33;01mWARN   [00m [00m                v4l2 gstv4l2object.c:3123:gst_v4l2_object_get_nearest_size:<nvv4l2decoder1:sink>[00m Unable to try format: Unknown error -1
0:01:09.980710708 [36m  371[00m 0x7f7a64001520 [33;01mWARN   [00m [00m                v4l2 gstv4l2object.c:3008:gst_v4l2_object_probe_caps_for_format:<nvv4l2decoder1:sink>[00m Could not probe minimum capture size for pixelformat VP80
0:01:09.981185488 [36m  371[00m 0x7f7a64001520 [33;01mWARN   [00m [00m                v4l2 gstv4l2object.c:3123:gst_v4l2_object_get_nearest_size:<nvv4l2decoder1:sink>[00m Unable to try format: Unknown error -1
0:01:09.981730212 [36m  371[00m 0x7f7a64001520 [33;01mWARN   [00m [00m                v4l2 gstv4l2object.c:3014:gst_v4l2_object_probe_caps_for_format:<nvv4l2decoder1:sink>[00m Could not probe maximum capture size for pixelformat VP80
0:01:09.982372156 [36m  371[00m 0x7f7a64001520 [33;01mWARN   [00m [00m                v4l2 gstv4l2object.c:3123:gst_v4l2_object_get_nearest_size:<nvv4l2decoder1:sink>[00m Unable to try format: Unknown error -1
0:01:09.983122532 [36m  371[00m 0x7f7a64001520 [33;01mWARN   [00m [00m                v4l2 gstv4l2object.c:3008:gst_v4l2_object_probe_caps_for_format:<nvv4l2decoder1:sink>[00m Could not probe minimum capture size for pixelformat H264
0:01:09.983768436 [36m  371[00m 0x7f7a64001520 [33;01mWARN   [00m [00m                v4l2 gstv4l2object.c:3123:gst_v4l2_object_get_nearest_size:<nvv4l2decoder1:sink>[00m Unable to try format: Unknown error -1
0:01:09.984454268 [36m  371[00m 0x7f7a64001520 [33;01mWARN   [00m [00m                v4l2 gstv4l2object.c:3014:gst_v4l2_object_probe_caps_for_format:<nvv4l2decoder1:sink>[00m Could not probe maximum capture size for pixelformat H264
0:01:09.984985324 [36m  371[00m 0x7f7a64001520 [33;01mWARN   [00m [00m                v4l2 gstv4l2object.c:3123:gst_v4l2_object_get_nearest_size:<nvv4l2decoder1:src>[00m Unable to try format: Unknown error -1
0:01:09.985443185 [36m  371[00m 0x7f7a64001520 [33;01mWARN   [00m [00m                v4l2 gstv4l2object.c:3008:gst_v4l2_object_probe_caps_for_format:<nvv4l2decoder1:src>[00m Could not probe minimum capture size for pixelformat Y444
0:01:09.986089956 [36m  371[00m 0x7f7a64001520 [33;01mWARN   [00m [00m                v4l2 gstv4l2object.c:3123:gst_v4l2_object_get_nearest_size:<nvv4l2decoder1:src>[00m Unable to try format: Unknown error -1
0:01:09.986656559 [36m  371[00m 0x7f7a64001520 [33;01mWARN   [00m [00m                v4l2 gstv4l2object.c:3014:gst_v4l2_object_probe_caps_for_format:<nvv4l2decoder1:src>[00m Could not probe maximum capture size for pixelformat Y444
0:01:09.987279355 [36m  371[00m 0x7f7a64001520 [33;01mWARN   [00m [00m                v4l2 gstv4l2object.c:3123:gst_v4l2_object_get_nearest_size:<nvv4l2decoder1:src>[00m Unable to try format: Unknown error -1
0:01:09.987893536 [36m  371[00m 0x7f7a64001520 [33;01mWARN   [00m [00m                v4l2 gstv4l2object.c:3008:gst_v4l2_object_probe_caps_for_format:<nvv4l2decoder1:src>[00m Could not probe minimum capture size for pixelformat P216
0:01:09.989010380 [36m  371[00m 0x7f7a64001520 [33;01mWARN   [00m [00m                v4l2 gstv4l2object.c:3123:gst_v4l2_object_get_nearest_size:<nvv4l2decoder1:src>[00m Unable to try format: Unknown error -1
0:01:09.989539900 [36m  371[00m 0x7f7a64001520 [33;01mWARN   [00m [00m                v4l2 gstv4l2object.c:3014:gst_v4l2_object_probe_caps_for_format:<nvv4l2decoder1:src>[00m Could not probe maximum capture size for pixelformat P216
0:01:09.990126203 [36m  371[00m 0x7f7a64001520 [33;01mWARN   [00m [00m                v4l2 gstv4l2object.c:3123:gst_v4l2_object_get_nearest_size:<nvv4l2decoder1:src>[00m Unable to try format: Unknown error -1
0:01:09.990635107 [36m  371[00m 0x7f7a64001520 [33;01mWARN   [00m [00m                v4l2 gstv4l2object.c:3008:gst_v4l2_object_probe_caps_for_format:<nvv4l2decoder1:src>[00m Could not probe minimum capture size for pixelformat NM16
0:01:09.991111352 [36m  371[00m 0x7f7a64001520 [33;01mWARN   [00m [00m                v4l2 gstv4l2object.c:3123:gst_v4l2_object_get_nearest_size:<nvv4l2decoder1:src>[00m Unable to try format: Unknown error -1
0:01:09.991763648 [36m  371[00m 0x7f7a64001520 [33;01mWARN   [00m [00m                v4l2 gstv4l2object.c:3014:gst_v4l2_object_probe_caps_for_format:<nvv4l2decoder1:src>[00m Could not probe maximum capture size for pixelformat NM16
0:01:09.992517947 [36m  371[00m 0x7f7a64001520 [33;01mWARN   [00m [00m                v4l2 gstv4l2object.c:3123:gst_v4l2_object_get_nearest_size:<nvv4l2decoder1:src>[00m Unable to try format: Unknown error -1
0:01:09.993159945 [36m  371[00m 0x7f7a64001520 [33;01mWARN   [00m [00m                v4l2 gstv4l2object.c:3008:gst_v4l2_object_probe_caps_for_format:<nvv4l2decoder1:src>[00m Could not probe minimum capture size for pixelformat P412
0:01:09.993889740 [36m  371[00m 0x7f7a64001520 [33;01mWARN   [00m [00m                v4l2 gstv4l2object.c:3123:gst_v4l2_object_get_nearest_size:<nvv4l2decoder1:src>[00m Unable to try format: Unknown error -1
0:01:09.994428941 [36m  371[00m 0x7f7a64001520 [33;01mWARN   [00m [00m                v4l2 gstv4l2object.c:3014:gst_v4l2_object_probe_caps_for_format:<nvv4l2decoder1:src>[00m Could not probe maximum capture size for pixelformat P412
0:01:09.995002925 [36m  371[00m 0x7f7a64001520 [33;01mWARN   [00m [00m                v4l2 gstv4l2object.c:3123:gst_v4l2_object_get_nearest_size:<nvv4l2decoder1:src>[00m Unable to try format: Unknown error -1
0:01:09.995647806 [36m  371[00m 0x7f7a64001520 [33;01mWARN   [00m [00m                v4l2 gstv4l2object.c:3008:gst_v4l2_object_probe_caps_for_format:<nvv4l2decoder1:src>[00m Could not probe minimum capture size for pixelformat P410
0:01:09.996047965 [36m  371[00m 0x7f7a64001520 [33;01mWARN   [00m [00m                v4l2 gstv4l2object.c:3123:gst_v4l2_object_get_nearest_size:<nvv4l2decoder1:src>[00m Unable to try format: Unknown error -1
0:01:09.996542131 [36m  371[00m 0x7f7a64001520 [33;01mWARN   [00m [00m                v4l2 gstv4l2object.c:3014:gst_v4l2_object_probe_caps_for_format:<nvv4l2decoder1:src>[00m Could not probe maximum capture size for pixelformat P410
0:01:09.997044935 [36m  371[00m 0x7f7a64001520 [33;01mWARN   [00m [00m                v4l2 gstv4l2object.c:3123:gst_v4l2_object_get_nearest_size:<nvv4l2decoder1:src>[00m Unable to try format: Unknown error -1
0:01:09.997698007 [36m  371[00m 0x7f7a64001520 [33;01mWARN   [00m [00m                v4l2 gstv4l2object.c:3008:gst_v4l2_object_probe_caps_for_format:<nvv4l2decoder1:src>[00m Could not probe minimum capture size for pixelformat PM10
0:01:09.998054432 [36m  371[00m 0x7f7a64001520 [33;01mWARN   [00m [00m                v4l2 gstv4l2object.c:3123:gst_v4l2_object_get_nearest_size:<nvv4l2decoder1:src>[00m Unable to try format: Unknown error -1
0:01:09.998271122 [36m  371[00m 0x7f7a64001520 [33;01mWARN   [00m [00m                v4l2 gstv4l2object.c:3014:gst_v4l2_object_probe_caps_for_format:<nvv4l2decoder1:src>[00m Could not probe maximum capture size for pixelformat PM10
0:01:09.999375233 [36m  371[00m 0x7f7a64001520 [33;01mWARN   [00m [00m                v4l2 gstv4l2object.c:3123:gst_v4l2_object_get_nearest_size:<nvv4l2decoder1:src>[00m Unable to try format: Unknown error -1
0:01:10.000002090 [36m  371[00m 0x7f7a64001520 [33;01mWARN   [00m [00m                v4l2 gstv4l2object.c:3008:gst_v4l2_object_probe_caps_for_format:<nvv4l2decoder1:src>[00m Could not probe minimum capture size for pixelformat NM12
0:01:10.000795431 [36m  371[00m 0x7f7a64001520 [33;01mWARN   [00m [00m                v4l2 gstv4l2object.c:3123:gst_v4l2_object_get_nearest_size:<nvv4l2decoder1:src>[00m Unable to try format: Unknown error -1
0:01:10.001573777 [36m  371[00m 0x7f7a64001520 [33;01mWARN   [00m [00m                v4l2 gstv4l2object.c:3014:gst_v4l2_object_probe_caps_for_format:<nvv4l2decoder1:src>[00m Could not probe maximum capture size for pixelformat NM12
0:01:10.779674447 [36m  371[00m 0x7f7a64001520 [33;01mWARN   [00m [00m        v4l2videodec gstv4l2videodec.c:2357:gst_v4l2_video_dec_decide_allocation:<nvv4l2decoder1>[00m Duration invalid, not setting latency
0:01:10.785697388 [36m  371[00m 0x7f7a64001520 [33;01mWARN   [00m [00m      v4l2bufferpool gstv4l2bufferpool.c:1127:gst_v4l2_buffer_pool_start:<nvv4l2decoder1:pool:src>[00m Uncertain or not enough buffers, enabling copy threshold
0:01:10.788830650 [36m  371[00m 0x7f7a640024e0 [33;01mWARN   [00m [00m      v4l2bufferpool gstv4l2bufferpool.c:1611:gst_v4l2_buffer_pool_dqbuf:<nvv4l2decoder1:pool:src>[00m Driver should never set v4l2_buffer.field to ANY
gstnvtracker: Successfully removed stream from low level tracker with Id 0.
gstnvtracker: Successfully removed stream 0.
2026-08-14 03:14:38 | INFO     | deepstream_ai.snapshot.rolling_manager | [TRACK_FINALIZE] camera=camera-01 track=3 source=best_face identity=unknown similarity=-1.000 quality=0.685
2026-08-14 03:14:39 | INFO     | deepstream_ai.snapshot.rolling_manager | [TRACK_CREATE] camera=camera-01 track=0 person_conf=0.888 quality=0.751
2026-08-14 03:14:39 | INFO     | deepstream_ai.snapshot.rolling_manager | [PERSON_EVIDENCE_UPDATE] camera=camera-01 track=0 source=person_fallback quality=0.751
2026-08-14 03:14:39 | INFO     | deepstream_ai.snapshot.alarm_manager | [FACE_FALLBACK] camera=camera-01 track=0 face_conf=0.875 quality=0.696 person_display=1305x1048 face_display=473x755
2026-08-14 03:14:39 | INFO     | deepstream_ai.snapshot.alarm_manager | [FACE_EVIDENCE_UPDATE] camera=camera-01 track=0 source=face_fallback quality=0.696 evidence=(418.49091796874995, 32.820098876953125, 1722.27275390625, 1080.0)
2026-08-14 03:14:39 | ERROR    | deepstream_ai.pipeline.adaptive | [SYSTEM_CAPACITY_EXCEEDED] profile=emergency gpu=93.0% nvdec=30.0% queue=7.8% drops_delta=0 reject_new_tasks=True
2026-08-14 03:14:39 | INFO     | deepstream_ai.pipeline.adaptive | [ADAPTIVE_LOAD] profile=emergency source_fps=30.00 gpu=93.0% mem=1.0% nvdec=30.0% queue=7.8% drops_delta=0
2026-08-14 03:14:39 | INFO     | deepstream_ai.face.service | [FACE_IDENTITY] camera=camera-01 track=0 reason=high_quality candidate_known=False candidate_similarity=-1.000 retained_known=False retained_similarity=-1.000 samples=1 best_quality=0.756
2026-08-14 03:14:41 | INFO     | deepstream_ai.face.service | [FACE_IDENTITY] camera=camera-01 track=0 reason=unknown_retry candidate_known=False candidate_similarity=-1.000 retained_known=False retained_similarity=-1.000 samples=3 best_quality=0.727
2026-08-14 03:14:41 | INFO     | deepstream_ai.pipeline.adaptive | [ADAPTIVE_LOAD] profile=emergency source_fps=30.00 gpu=89.0% mem=2.0% nvdec=49.0% queue=0.0% drops_delta=0
2026-08-14 03:14:43 | INFO     | deepstream_ai.face.service | [FACE_IDENTITY] camera=camera-01 track=0 reason=unknown_retry candidate_known=False candidate_similarity=-1.000 retained_known=False retained_similarity=-1.000 samples=3 best_quality=0.687
2026-08-14 03:14:43 | ERROR    | deepstream_ai.pipeline.adaptive | [SYSTEM_CAPACITY_EXCEEDED] profile=emergency gpu=94.0% nvdec=40.0% queue=0.0% drops_delta=0 reject_new_tasks=True
2026-08-14 03:14:43 | INFO     | deepstream_ai.pipeline.adaptive | [ADAPTIVE_LOAD] profile=emergency source_fps=30.00 gpu=94.0% mem=1.0% nvdec=40.0% queue=0.0% drops_delta=0
2026-08-14 03:14:45 | INFO     | deepstream_ai.face.service | [FACE_IDENTITY] camera=camera-01 track=0 reason=unknown_retry candidate_known=False candidate_similarity=-1.000 retained_known=False retained_similarity=-1.000 samples=3 best_quality=0.685
2026-08-14 03:14:45 | INFO     | deepstream_ai.pipeline.adaptive | [ADAPTIVE_LOAD] profile=emergency source_fps=30.00 gpu=73.0% mem=1.0% nvdec=53.0% queue=0.0% drops_delta=0
2026-08-14 03:14:46 | WARNING  | deepstream_ai.pipeline.runner | 等待 EOS 超过 20 秒，强制停止主循环
2026-08-14 03:14:46 | INFO     | deepstream_ai.pipeline.metadata | 
========== Probe Performance ==========
Probe Callbacks:              1768
Probe Frames:                 1768
Probe Queue Drops:            0
Probe Errors:                 0
Average Probe Time (ms):      8.226
P95 Probe Time (ms):          26.000
Max Probe Time (ms):          68.934
Tracker ReID Vectors:         14
Tracker ReID Missing:         364
=======================================
2026-08-14 03:14:46 | INFO     | deepstream_ai.pipeline.runner | [PRETRACKER_GUARD_SUMMARY] frames=1769 verified_people=68 suppressed=0 errors=0
2026-08-14 03:14:46 | INFO     | deepstream_ai.pipeline.runner | DeepStream Pipeline 已停止
2026-08-14 03:14:46 | INFO     | deepstream_ai.face.service | [FACE_IDENTITY] camera=camera-01 track=0 reason=finalize_fallback candidate_known=False candidate_similarity=-1.000 retained_known=False retained_similarity=-1.000 samples=3 best_quality=0.676
2026-08-14 03:14:46 | INFO     | deepstream_ai.snapshot.rolling_manager | [TRACK_FINALIZE] camera=camera-01 track=0 source=face_fallback identity=unknown similarity=-1.000 quality=0.696
2026-08-14 03:14:46 | INFO     | deepstream_ai.snapshot.rolling_manager | Evidence Summary tracks=4 finalized=4 success=4 failed=0 missing=0 best_face=2 face_fallback=2 best_person=0 person_fallback=0 know=0 unknown=4
