2026-08-14 07:08:27 | INFO     | __main__ | 模型预检通过 config=/workspace/configs/nvinfer/person-peoplenet.txt engine=/workspace/models/peoplenet/resnet34_peoplenet.onnx_b1_gpu0_fp16.engine source_models=['/workspace/models/peoplenet/resnet34_peoplenet.onnx']
2026-08-14 07:08:27 | INFO     | __main__ | 模型预检通过 config=/workspace/configs/nvinfer/face.example.txt engine=/workspace/models/face.engine source_models=['/workspace/models/face-deepstream.onnx']
2026-08-14 07:08:27 | INFO     | __main__ | [DETECTOR] PeopleNet
2026-08-14 07:08:27 | INFO     | __main__ | [TRACKER] NvDCF
2026-08-14 07:08:27 | INFO     | __main__ | [TRACKER_CONFIG] /workspace/configs/tracker/nvdcf.yml
2026-08-14 07:08:27 | INFO     | __main__ | [PEOPLENET_CLASSES] person=0, bag=1, face=2
2026-08-14 07:08:27 | INFO     | __main__ | DeepStream Python runtime 已加载: {'gstreamer': '1.24.2.0', 'pyds': '1.2.3'}
[0;93m2026-08-14 07:08:27.499987526 [W:onnxruntime:Default, device_discovery.cc:285 GetGpuDevices] Failed to detect devices under "/sys/class/drm/card0": device_discovery.cc:94 ReadFileContents Failed to open file: "/sys/class/drm/card0/device/vendor"[m
2026-08-14 07:08:29 | INFO     | deepstream_ai.pipeline.source | RTSP 实时模式: camera_id=camera-01 transport=tcp latency_ms=200 drop_on_latency=true reconnect_interval_sec=10
2026-08-14 07:08:29 | INFO     | deepstream_ai.pipeline.builder | 配置推理组件 name=person-detector unique_id=1 target_fps=5.00 interval=5 runtime_config=/workspace/output/tasks/1c2be62387144b42/.runtime/nvinfer/person-detector.txt
2026-08-14 07:08:29 | INFO     | deepstream_ai.pipeline.builder | 配置推理组件 name=face-detector unique_id=2 target_fps=2.00 secondary-reinfer-interval=15 runtime_config=/workspace/output/tasks/1c2be62387144b42/.runtime/nvinfer/face-detector.txt
2026-08-14 07:08:29 | INFO     | deepstream_ai.pipeline.builder | 行为模型已关闭，不创建 nvinfer: smoking
2026-08-14 07:08:29 | INFO     | deepstream_ai.pipeline.builder | 行为模型已关闭，不创建 nvinfer: eating
2026-08-14 07:08:29 | INFO     | deepstream_ai.pipeline.builder | 行为模型已关闭，不创建 nvinfer: drinking
2026-08-14 07:08:29 | INFO     | deepstream_ai.pipeline.builder | 行为模型已关闭，不创建 nvinfer: carrying
2026-08-14 07:08:29 | INFO     | deepstream_ai.pipeline.peoplenet_pretracker_guard | [PRETRACKER_GUARD] enabled=True pgie_uid=1 person_classes=[0] max_conf=0.550 left<=0.030 top<=0.020 width=[0.400,0.500] height>=0.930 right<=0.520 frame=1920x1080
2026-08-14 07:08:29 | INFO     | deepstream_ai.pipeline.runner | [TRACK_SHADOW] preview bridge enabled max_age=1.50s
Protocol set: 0x4
0:00:03.104754144 [35m   76[00m      0x3b0d2c0 [36mINFO   [00m [00m             nvinfer gstnvinfer.cpp:725:gst_nvinfer_logger:<face-detector>[00m NvDsInferContext[UID 2]: Info from NvDsInferContextImpl::deserializeEngineAndBackend() <nvdsinfer_context_impl.cpp:2183> [UID = 2]: deserialized trt engine from :/workspace/models/face.engine
INFO: ../nvdsinfer/nvdsinfer_model_builder.cpp:376 [Implicit Engine Info]: layers num: 0

0:00:03.105926167 [35m   76[00m      0x3b0d2c0 [36mINFO   [00m [00m             nvinfer gstnvinfer.cpp:725:gst_nvinfer_logger:<face-detector>[00m NvDsInferContext[UID 2]: Info from NvDsInferContextImpl::generateBackendContext() <nvdsinfer_context_impl.cpp:2286> [UID = 2]: Use deserialized engine model: /workspace/models/face.engine
0:00:03.117264042 [35m   76[00m      0x3b0d2c0 [36mINFO   [00m [00m             nvinfer gstnvinfer_impl.cpp:343:notifyLoadModelStatus:<face-detector>[00m [UID 2]: Load new model:/workspace/output/tasks/1c2be62387144b42/.runtime/nvinfer/face-detector.txt sucessfully
gstnvtracker: Loading low-level lib at /opt/nvidia/deepstream/deepstream/lib/libnvds_nvmultiobjecttracker.so
[NvMultiObjectTracker] Loading TRT Engine for model: /workspace/models/tracker/resnet50_market1501_aicity156.onnx_b16_gpu0_fp16.engine
[NvMultiObjectTracker] Loading Complete!
[NvMultiObjectTracker] Initialized
0:00:06.407610762 [35m   76[00m      0x3b0d2c0 [36mINFO   [00m [00m             nvinfer gstnvinfer.cpp:725:gst_nvinfer_logger:<person-detector>[00m NvDsInferContext[UID 1]: Info from NvDsInferContextImpl::deserializeEngineAndBackend() <nvdsinfer_context_impl.cpp:2183> [UID = 1]: deserialized trt engine from :/workspace/models/peoplenet/resnet34_peoplenet.onnx_b1_gpu0_fp16.engine
INFO: ../nvdsinfer/nvdsinfer_model_builder.cpp:376 [Implicit Engine Info]: layers num: 0

0:00:06.409738923 [35m   76[00m      0x3b0d2c0 [36mINFO   [00m [00m             nvinfer gstnvinfer.cpp:725:gst_nvinfer_logger:<person-detector>[00m NvDsInferContext[UID 1]: Info from NvDsInferContextImpl::generateBackendContext() <nvdsinfer_context_impl.cpp:2286> [UID = 1]: Use deserialized engine model: /workspace/models/peoplenet/resnet34_peoplenet.onnx_b1_gpu0_fp16.engine
0:00:06.417032935 [35m   76[00m      0x3b0d2c0 [36mINFO   [00m [00m             nvinfer gstnvinfer_impl.cpp:343:notifyLoadModelStatus:<person-detector>[00m [UID 1]: Load new model:/workspace/output/tasks/1c2be62387144b42/.runtime/nvinfer/person-detector.txt sucessfully
2026-08-14 07:08:34 | INFO     | deepstream_ai.pipeline.source | 视频源已连接: camera_id=camera-01 uri=vsrc_0
2026-08-14 07:08:34 | INFO     | deepstream_ai.pipeline.source | [NVDEC] camera_id=camera-01 decoder=nvv4l2decoder0 cudadec_memtype=device
Opening in BLOCKING MODE 
0:00:07.465312064 [35m   76[00m 0x7f7944001910 [33;01mWARN   [00m [00m                v4l2 gstv4l2object.c:3123:gst_v4l2_object_get_nearest_size:<nvv4l2decoder0:sink>[00m Unable to try format: Unknown error -1
0:00:07.466429534 [35m   76[00m 0x7f7944001910 [33;01mWARN   [00m [00m                v4l2 gstv4l2object.c:3008:gst_v4l2_object_probe_caps_for_format:<nvv4l2decoder0:sink>[00m Could not probe minimum capture size for pixelformat MJPG
0:00:07.467704776 [35m   76[00m 0x7f7944001910 [33;01mWARN   [00m [00m                v4l2 gstv4l2object.c:3123:gst_v4l2_object_get_nearest_size:<nvv4l2decoder0:sink>[00m Unable to try format: Unknown error -1
0:00:07.468518497 [35m   76[00m 0x7f7944001910 [33;01mWARN   [00m [00m                v4l2 gstv4l2object.c:3014:gst_v4l2_object_probe_caps_for_format:<nvv4l2decoder0:sink>[00m Could not probe maximum capture size for pixelformat MJPG
0:00:07.469451500 [35m   76[00m 0x7f7944001910 [33;01mWARN   [00m [00m                v4l2 gstv4l2object.c:3123:gst_v4l2_object_get_nearest_size:<nvv4l2decoder0:sink>[00m Unable to try format: Unknown error -1
0:00:07.470072139 [35m   76[00m 0x7f7944001910 [33;01mWARN   [00m [00m                v4l2 gstv4l2object.c:3008:gst_v4l2_object_probe_caps_for_format:<nvv4l2decoder0:sink>[00m Could not probe minimum capture size for pixelformat AV10
0:00:07.470587883 [35m   76[00m 0x7f7944001910 [33;01mWARN   [00m [00m                v4l2 gstv4l2object.c:3123:gst_v4l2_object_get_nearest_size:<nvv4l2decoder0:sink>[00m Unable to try format: Unknown error -1
0:00:07.471142734 [35m   76[00m 0x7f7944001910 [33;01mWARN   [00m [00m                v4l2 gstv4l2object.c:3014:gst_v4l2_object_probe_caps_for_format:<nvv4l2decoder0:sink>[00m Could not probe maximum capture size for pixelformat AV10
0:00:07.471710462 [35m   76[00m 0x7f7944001910 [33;01mWARN   [00m [00m                v4l2 gstv4l2object.c:3123:gst_v4l2_object_get_nearest_size:<nvv4l2decoder0:sink>[00m Unable to try format: Unknown error -1
0:00:07.472232618 [35m   76[00m 0x7f7944001910 [33;01mWARN   [00m [00m                v4l2 gstv4l2object.c:3008:gst_v4l2_object_probe_caps_for_format:<nvv4l2decoder0:sink>[00m Could not probe minimum capture size for pixelformat DVX5
0:00:07.472666881 [35m   76[00m 0x7f7944001910 [33;01mWARN   [00m [00m                v4l2 gstv4l2object.c:3123:gst_v4l2_object_get_nearest_size:<nvv4l2decoder0:sink>[00m Unable to try format: Unknown error -1
0:00:07.473271544 [35m   76[00m 0x7f7944001910 [33;01mWARN   [00m [00m                v4l2 gstv4l2object.c:3014:gst_v4l2_object_probe_caps_for_format:<nvv4l2decoder0:sink>[00m Could not probe maximum capture size for pixelformat DVX5
0:00:07.473976696 [35m   76[00m 0x7f7944001910 [33;01mWARN   [00m [00m                v4l2 gstv4l2object.c:3123:gst_v4l2_object_get_nearest_size:<nvv4l2decoder0:sink>[00m Unable to try format: Unknown error -1
0:00:07.474772773 [35m   76[00m 0x7f7944001910 [33;01mWARN   [00m [00m                v4l2 gstv4l2object.c:3008:gst_v4l2_object_probe_caps_for_format:<nvv4l2decoder0:sink>[00m Could not probe minimum capture size for pixelformat DVX4
0:00:07.475706930 [35m   76[00m 0x7f7944001910 [33;01mWARN   [00m [00m                v4l2 gstv4l2object.c:3123:gst_v4l2_object_get_nearest_size:<nvv4l2decoder0:sink>[00m Unable to try format: Unknown error -1
0:00:07.476692726 [35m   76[00m 0x7f7944001910 [33;01mWARN   [00m [00m                v4l2 gstv4l2object.c:3014:gst_v4l2_object_probe_caps_for_format:<nvv4l2decoder0:sink>[00m Could not probe maximum capture size for pixelformat DVX4
0:00:07.477588013 [35m   76[00m 0x7f7944001910 [33;01mWARN   [00m [00m                v4l2 gstv4l2object.c:3123:gst_v4l2_object_get_nearest_size:<nvv4l2decoder0:sink>[00m Unable to try format: Unknown error -1
0:00:07.478066603 [35m   76[00m 0x7f7944001910 [33;01mWARN   [00m [00m                v4l2 gstv4l2object.c:3008:gst_v4l2_object_probe_caps_for_format:<nvv4l2decoder0:sink>[00m Could not probe minimum capture size for pixelformat MPG4
0:00:07.479147789 [35m   76[00m 0x7f7944001910 [33;01mWARN   [00m [00m                v4l2 gstv4l2object.c:3123:gst_v4l2_object_get_nearest_size:<nvv4l2decoder0:sink>[00m Unable to try format: Unknown error -1
0:00:07.479999342 [35m   76[00m 0x7f7944001910 [33;01mWARN   [00m [00m                v4l2 gstv4l2object.c:3014:gst_v4l2_object_probe_caps_for_format:<nvv4l2decoder0:sink>[00m Could not probe maximum capture size for pixelformat MPG4
0:00:07.480889803 [35m   76[00m 0x7f7944001910 [33;01mWARN   [00m [00m                v4l2 gstv4l2object.c:3123:gst_v4l2_object_get_nearest_size:<nvv4l2decoder0:sink>[00m Unable to try format: Unknown error -1
0:00:07.482140209 [35m   76[00m 0x7f7944001910 [33;01mWARN   [00m [00m                v4l2 gstv4l2object.c:3008:gst_v4l2_object_probe_caps_for_format:<nvv4l2decoder0:sink>[00m Could not probe minimum capture size for pixelformat MPG2
0:00:07.488296438 [35m   76[00m 0x7f7944001910 [33;01mWARN   [00m [00m                v4l2 gstv4l2object.c:3123:gst_v4l2_object_get_nearest_size:<nvv4l2decoder0:sink>[00m Unable to try format: Unknown error -1
0:00:07.490083487 [35m   76[00m 0x7f7944001910 [33;01mWARN   [00m [00m                v4l2 gstv4l2object.c:3014:gst_v4l2_object_probe_caps_for_format:<nvv4l2decoder0:sink>[00m Could not probe maximum capture size for pixelformat MPG2
0:00:07.491503622 [35m   76[00m 0x7f7944001910 [33;01mWARN   [00m [00m                v4l2 gstv4l2object.c:3123:gst_v4l2_object_get_nearest_size:<nvv4l2decoder0:sink>[00m Unable to try format: Unknown error -1
0:00:07.492100541 [35m   76[00m 0x7f7944001910 [33;01mWARN   [00m [00m                v4l2 gstv4l2object.c:3008:gst_v4l2_object_probe_caps_for_format:<nvv4l2decoder0:sink>[00m Could not probe minimum capture size for pixelformat H265
0:00:07.492536164 [35m   76[00m 0x7f7944001910 [33;01mWARN   [00m [00m                v4l2 gstv4l2object.c:3123:gst_v4l2_object_get_nearest_size:<nvv4l2decoder0:sink>[00m Unable to try format: Unknown error -1
0:00:07.492875831 [35m   76[00m 0x7f7944001910 [33;01mWARN   [00m [00m                v4l2 gstv4l2object.c:3014:gst_v4l2_object_probe_caps_for_format:<nvv4l2decoder0:sink>[00m Could not probe maximum capture size for pixelformat H265
0:00:07.493148633 [35m   76[00m 0x7f7944001910 [33;01mWARN   [00m [00m                v4l2 gstv4l2object.c:3123:gst_v4l2_object_get_nearest_size:<nvv4l2decoder0:sink>[00m Unable to try format: Unknown error -1
0:00:07.493411948 [35m   76[00m 0x7f7944001910 [33;01mWARN   [00m [00m                v4l2 gstv4l2object.c:3008:gst_v4l2_object_probe_caps_for_format:<nvv4l2decoder0:sink>[00m Could not probe minimum capture size for pixelformat VP90
0:00:07.493678257 [35m   76[00m 0x7f7944001910 [33;01mWARN   [00m [00m                v4l2 gstv4l2object.c:3123:gst_v4l2_object_get_nearest_size:<nvv4l2decoder0:sink>[00m Unable to try format: Unknown error -1
0:00:07.493943741 [35m   76[00m 0x7f7944001910 [33;01mWARN   [00m [00m                v4l2 gstv4l2object.c:3014:gst_v4l2_object_probe_caps_for_format:<nvv4l2decoder0:sink>[00m Could not probe maximum capture size for pixelformat VP90
0:00:07.494207792 [35m   76[00m 0x7f7944001910 [33;01mWARN   [00m [00m                v4l2 gstv4l2object.c:3123:gst_v4l2_object_get_nearest_size:<nvv4l2decoder0:sink>[00m Unable to try format: Unknown error -1
0:00:07.494468982 [35m   76[00m 0x7f7944001910 [33;01mWARN   [00m [00m                v4l2 gstv4l2object.c:3008:gst_v4l2_object_probe_caps_for_format:<nvv4l2decoder0:sink>[00m Could not probe minimum capture size for pixelformat VP80
0:00:07.494790089 [35m   76[00m 0x7f7944001910 [33;01mWARN   [00m [00m                v4l2 gstv4l2object.c:3123:gst_v4l2_object_get_nearest_size:<nvv4l2decoder0:sink>[00m Unable to try format: Unknown error -1
0:00:07.495058111 [35m   76[00m 0x7f7944001910 [33;01mWARN   [00m [00m                v4l2 gstv4l2object.c:3014:gst_v4l2_object_probe_caps_for_format:<nvv4l2decoder0:sink>[00m Could not probe maximum capture size for pixelformat VP80
0:00:07.495440629 [35m   76[00m 0x7f7944001910 [33;01mWARN   [00m [00m                v4l2 gstv4l2object.c:3123:gst_v4l2_object_get_nearest_size:<nvv4l2decoder0:sink>[00m Unable to try format: Unknown error -1
0:00:07.495730416 [35m   76[00m 0x7f7944001910 [33;01mWARN   [00m [00m                v4l2 gstv4l2object.c:3008:gst_v4l2_object_probe_caps_for_format:<nvv4l2decoder0:sink>[00m Could not probe minimum capture size for pixelformat H264
0:00:07.495971597 [35m   76[00m 0x7f7944001910 [33;01mWARN   [00m [00m                v4l2 gstv4l2object.c:3123:gst_v4l2_object_get_nearest_size:<nvv4l2decoder0:sink>[00m Unable to try format: Unknown error -1
0:00:07.496214330 [35m   76[00m 0x7f7944001910 [33;01mWARN   [00m [00m                v4l2 gstv4l2object.c:3014:gst_v4l2_object_probe_caps_for_format:<nvv4l2decoder0:sink>[00m Could not probe maximum capture size for pixelformat H264
0:00:07.496658329 [35m   76[00m 0x7f7944001910 [33;01mWARN   [00m [00m                v4l2 gstv4l2object.c:3123:gst_v4l2_object_get_nearest_size:<nvv4l2decoder0:src>[00m Unable to try format: Unknown error -1
0:00:07.496978459 [35m   76[00m 0x7f7944001910 [33;01mWARN   [00m [00m                v4l2 gstv4l2object.c:3008:gst_v4l2_object_probe_caps_for_format:<nvv4l2decoder0:src>[00m Could not probe minimum capture size for pixelformat Y444
0:00:07.497280143 [35m   76[00m 0x7f7944001910 [33;01mWARN   [00m [00m                v4l2 gstv4l2object.c:3123:gst_v4l2_object_get_nearest_size:<nvv4l2decoder0:src>[00m Unable to try format: Unknown error -1
0:00:07.497583074 [35m   76[00m 0x7f7944001910 [33;01mWARN   [00m [00m                v4l2 gstv4l2object.c:3014:gst_v4l2_object_probe_caps_for_format:<nvv4l2decoder0:src>[00m Could not probe maximum capture size for pixelformat Y444
0:00:07.497796527 [35m   76[00m 0x7f7944001910 [33;01mWARN   [00m [00m                v4l2 gstv4l2object.c:3123:gst_v4l2_object_get_nearest_size:<nvv4l2decoder0:src>[00m Unable to try format: Unknown error -1
0:00:07.498083937 [35m   76[00m 0x7f7944001910 [33;01mWARN   [00m [00m                v4l2 gstv4l2object.c:3008:gst_v4l2_object_probe_caps_for_format:<nvv4l2decoder0:src>[00m Could not probe minimum capture size for pixelformat P216
0:00:07.498643951 [35m   76[00m 0x7f7944001910 [33;01mWARN   [00m [00m                v4l2 gstv4l2object.c:3123:gst_v4l2_object_get_nearest_size:<nvv4l2decoder0:src>[00m Unable to try format: Unknown error -1
0:00:07.499158621 [35m   76[00m 0x7f7944001910 [33;01mWARN   [00m [00m                v4l2 gstv4l2object.c:3014:gst_v4l2_object_probe_caps_for_format:<nvv4l2decoder0:src>[00m Could not probe maximum capture size for pixelformat P216
0:00:07.499837266 [35m   76[00m 0x7f7944001910 [33;01mWARN   [00m [00m                v4l2 gstv4l2object.c:3123:gst_v4l2_object_get_nearest_size:<nvv4l2decoder0:src>[00m Unable to try format: Unknown error -1
0:00:07.500278711 [35m   76[00m 0x7f7944001910 [33;01mWARN   [00m [00m                v4l2 gstv4l2object.c:3008:gst_v4l2_object_probe_caps_for_format:<nvv4l2decoder0:src>[00m Could not probe minimum capture size for pixelformat NM16
0:00:07.500762769 [35m   76[00m 0x7f7944001910 [33;01mWARN   [00m [00m                v4l2 gstv4l2object.c:3123:gst_v4l2_object_get_nearest_size:<nvv4l2decoder0:src>[00m Unable to try format: Unknown error -1
0:00:07.501080961 [35m   76[00m 0x7f7944001910 [33;01mWARN   [00m [00m                v4l2 gstv4l2object.c:3014:gst_v4l2_object_probe_caps_for_format:<nvv4l2decoder0:src>[00m Could not probe maximum capture size for pixelformat NM16
0:00:07.501357184 [35m   76[00m 0x7f7944001910 [33;01mWARN   [00m [00m                v4l2 gstv4l2object.c:3123:gst_v4l2_object_get_nearest_size:<nvv4l2decoder0:src>[00m Unable to try format: Unknown error -1
0:00:07.501620867 [35m   76[00m 0x7f7944001910 [33;01mWARN   [00m [00m                v4l2 gstv4l2object.c:3008:gst_v4l2_object_probe_caps_for_format:<nvv4l2decoder0:src>[00m Could not probe minimum capture size for pixelformat P412
0:00:07.501883066 [35m   76[00m 0x7f7944001910 [33;01mWARN   [00m [00m                v4l2 gstv4l2object.c:3123:gst_v4l2_object_get_nearest_size:<nvv4l2decoder0:src>[00m Unable to try format: Unknown error -1
0:00:07.502144125 [35m   76[00m 0x7f7944001910 [33;01mWARN   [00m [00m                v4l2 gstv4l2object.c:3014:gst_v4l2_object_probe_caps_for_format:<nvv4l2decoder0:src>[00m Could not probe maximum capture size for pixelformat P412
0:00:07.502409182 [35m   76[00m 0x7f7944001910 [33;01mWARN   [00m [00m                v4l2 gstv4l2object.c:3123:gst_v4l2_object_get_nearest_size:<nvv4l2decoder0:src>[00m Unable to try format: Unknown error -1
0:00:07.502671031 [35m   76[00m 0x7f7944001910 [33;01mWARN   [00m [00m                v4l2 gstv4l2object.c:3008:gst_v4l2_object_probe_caps_for_format:<nvv4l2decoder0:src>[00m Could not probe minimum capture size for pixelformat P410
0:00:07.502932329 [35m   76[00m 0x7f7944001910 [33;01mWARN   [00m [00m                v4l2 gstv4l2object.c:3123:gst_v4l2_object_get_nearest_size:<nvv4l2decoder0:src>[00m Unable to try format: Unknown error -1
0:00:07.503194166 [35m   76[00m 0x7f7944001910 [33;01mWARN   [00m [00m                v4l2 gstv4l2object.c:3014:gst_v4l2_object_probe_caps_for_format:<nvv4l2decoder0:src>[00m Could not probe maximum capture size for pixelformat P410
0:00:07.503461927 [35m   76[00m 0x7f7944001910 [33;01mWARN   [00m [00m                v4l2 gstv4l2object.c:3123:gst_v4l2_object_get_nearest_size:<nvv4l2decoder0:src>[00m Unable to try format: Unknown error -1
0:00:07.503752903 [35m   76[00m 0x7f7944001910 [33;01mWARN   [00m [00m                v4l2 gstv4l2object.c:3008:gst_v4l2_object_probe_caps_for_format:<nvv4l2decoder0:src>[00m Could not probe minimum capture size for pixelformat PM10
0:00:07.504032154 [35m   76[00m 0x7f7944001910 [33;01mWARN   [00m [00m                v4l2 gstv4l2object.c:3123:gst_v4l2_object_get_nearest_size:<nvv4l2decoder0:src>[00m Unable to try format: Unknown error -1
0:00:07.504291305 [35m   76[00m 0x7f7944001910 [33;01mWARN   [00m [00m                v4l2 gstv4l2object.c:3014:gst_v4l2_object_probe_caps_for_format:<nvv4l2decoder0:src>[00m Could not probe maximum capture size for pixelformat PM10
0:00:07.504759404 [35m   76[00m 0x7f7944001910 [33;01mWARN   [00m [00m                v4l2 gstv4l2object.c:3123:gst_v4l2_object_get_nearest_size:<nvv4l2decoder0:src>[00m Unable to try format: Unknown error -1
0:00:07.505941072 [35m   76[00m 0x7f7944001910 [33;01mWARN   [00m [00m                v4l2 gstv4l2object.c:3008:gst_v4l2_object_probe_caps_for_format:<nvv4l2decoder0:src>[00m Could not probe minimum capture size for pixelformat NM12
0:00:07.508590034 [35m   76[00m 0x7f7944001910 [33;01mWARN   [00m [00m                v4l2 gstv4l2object.c:3123:gst_v4l2_object_get_nearest_size:<nvv4l2decoder0:src>[00m Unable to try format: Unknown error -1
0:00:07.509971390 [35m   76[00m 0x7f7944001910 [33;01mWARN   [00m [00m                v4l2 gstv4l2object.c:3014:gst_v4l2_object_probe_caps_for_format:<nvv4l2decoder0:src>[00m Could not probe maximum capture size for pixelformat NM12
0:00:07.652103262 [35m   76[00m 0x7f7944001910 [33;01mWARN   [00m [00m        v4l2videodec gstv4l2videodec.c:2357:gst_v4l2_video_dec_decide_allocation:<nvv4l2decoder0>[00m Duration invalid, not setting latency
0:00:07.654843829 [35m   76[00m 0x7f7944001910 [33;01mWARN   [00m [00m      v4l2bufferpool gstv4l2bufferpool.c:1127:gst_v4l2_buffer_pool_start:<nvv4l2decoder0:pool:src>[00m Uncertain or not enough buffers, enabling copy threshold
0:00:08.411419701 [35m   76[00m 0x7f79440024e0 [33;01mWARN   [00m [00m      v4l2bufferpool gstv4l2bufferpool.c:1611:gst_v4l2_buffer_pool_dqbuf:<nvv4l2decoder0:pool:src>[00m Driver should never set v4l2_buffer.field to ANY
2026-08-14 07:08:40 | WARNING  | deepstream_ai.pipeline.shadow_tracking | [TRACK_SHADOW_UNAVAILABLE] pinned PyDS does not expose shadow-list metadata
2026-08-14 07:08:40 | INFO     | deepstream_ai.pipeline.runner | DeepStream Pipeline 已启动，sources=1
2026-08-14 07:08:40 | INFO     | deepstream_ai.pipeline.adaptive | [SOURCE_PROFILE] camera=camera-01 fps=30.000 resolution=1280x720 source=negotiated_caps
2026-08-14 07:08:40 | INFO     | deepstream_ai.pipeline.adaptive_realtime | [ADAPTIVE_RATE] component=person target=5.00 floor=5.00 actual≈5.00 interval=5 reason=source_profile
2026-08-14 07:08:40 | INFO     | deepstream_ai.pipeline.adaptive_realtime | [ADAPTIVE_RATE_STATIC] component=face target=2.00 actual≈2.00 reinfer=15 reason=config_startup runtime_update=unsupported
2026-08-14 07:08:40 | INFO     | deepstream_ai.pipeline.adaptive | [ADAPTIVE_LOAD] profile=normal source_fps=30.00 gpu=68.0% mem=11.0% nvdec=9.0% queue=0.0% drops_delta=0
2026-08-14 07:08:40 | INFO     | deepstream_ai.pipeline.adaptive | [ADAPTIVE] enabled profile=normal sample=2.0s window=10.0s
2026-08-14 07:08:41 | INFO     | deepstream_ai.weak_track_guard | [PERSON_PROVISIONAL] camera=camera-01 track=0 conf=0.876 detector_conf=0.876 bbox=963x827
2026-08-14 07:08:41 | INFO     | deepstream_ai.weak_track_guard | [PERSON_CONFIRMED] camera=camera-01 track=0 reason=real_face age=0.000 max_conf=0.876 detector_observations=1 bbox_ratio=0.5013x0.7659
2026-08-14 07:08:41 | INFO     | deepstream_ai.snapshot.rolling_manager | [TRACK_CREATE] camera=camera-01 track=0 person_conf=0.876 quality=0.720
2026-08-14 07:08:41 | INFO     | deepstream_ai.snapshot.rolling_manager | [PERSON_EVIDENCE_UPDATE] camera=camera-01 track=0 source=person_fallback quality=0.720
2026-08-14 07:08:41 | INFO     | deepstream_ai.snapshot.alarm_manager | [FACE_FALLBACK] camera=camera-01 track=0 face_conf=0.762 quality=0.624 person_display=1304x1006 face_display=472x697
2026-08-14 07:08:41 | INFO     | deepstream_ai.snapshot.alarm_manager | [FACE_EVIDENCE_UPDATE] camera=camera-01 track=0 source=face_fallback quality=0.624 evidence=(551.7258819580078, 74.9188232421875, 1854.7191253662108, 1080.0)
2026-08-14 07:08:41 | INFO     | deepstream_ai.snapshot.alarm_manager | [BEST_FACE_UPDATE] camera=camera-01 track=0 old_quality=0.624 new_quality=0.631 person_display=1288x1011 face_display=466x699
2026-08-14 07:08:41 | INFO     | deepstream_ai.snapshot.alarm_manager | [FACE_EVIDENCE_UPDATE] camera=camera-01 track=0 source=best_face quality=0.631 evidence=(557.3673095703125, 69.76678466796875, 1844.3365478515625, 1080.0)
2026-08-14 07:08:42 | INFO     | deepstream_ai.face.service | [FACE_IDENTITY] camera=camera-01 track=0 reason=high_quality candidate_known=False candidate_similarity=-1.000 retained_known=False retained_similarity=-1.000 samples=2 best_quality=0.740
2026-08-14 07:08:42 | INFO     | deepstream_ai.snapshot.alarm_manager | [BEST_FACE_UPDATE] camera=camera-01 track=0 old_quality=0.631 new_quality=0.635 person_display=1288x1031 face_display=466x731
2026-08-14 07:08:42 | INFO     | deepstream_ai.snapshot.alarm_manager | [FACE_EVIDENCE_UPDATE] camera=camera-01 track=0 source=best_face quality=0.635 evidence=(555.4486358642578, 49.52618408203125, 1842.510531616211, 1080.0)
2026-08-14 07:08:43 | INFO     | deepstream_ai.pipeline.adaptive | [ADAPTIVE_LOAD] profile=normal source_fps=30.00 gpu=94.0% mem=1.0% nvdec=77.0% queue=0.0% drops_delta=0
2026-08-14 07:08:43 | INFO     | deepstream_ai.track_continuity | [TRACK_CONTINUITY_MERGE] camera=camera-01 raw=1 logical=0 gap=1.304 mode=reid similarity=0.953 area_ratio=0.988
2026-08-14 07:08:43 | INFO     | deepstream_ai.snapshot.alarm_manager | [BEST_FACE_UPDATE] camera=camera-01 track=0 old_quality=0.635 new_quality=0.641 person_display=1291x1020 face_display=467x727
2026-08-14 07:08:43 | INFO     | deepstream_ai.snapshot.alarm_manager | [FACE_EVIDENCE_UPDATE] camera=camera-01 track=0 source=best_face quality=0.641 evidence=(558.7040985107421, 60.424713134765625, 1848.109683227539, 1080.0)
2026-08-14 07:08:43 | INFO     | deepstream_ai.face.service | [FACE_IDENTITY] camera=camera-01 track=0 reason=unknown_retry candidate_known=False candidate_similarity=-1.000 retained_known=False retained_similarity=-1.000 samples=2 best_quality=0.744
2026-08-14 07:08:43 | INFO     | deepstream_ai.snapshot.alarm_manager | [BEST_FACE_UPDATE] camera=camera-01 track=0 old_quality=0.641 new_quality=0.645 person_display=1285x1023 face_display=465x731
2026-08-14 07:08:44 | INFO     | deepstream_ai.snapshot.alarm_manager | [FACE_EVIDENCE_UPDATE] camera=camera-01 track=0 source=best_face quality=0.645 evidence=(559.393310546875, 57.560791015625, 1843.815185546875, 1080.0)
2026-08-14 07:08:44 | INFO     | deepstream_ai.snapshot.alarm_manager | [BEST_FACE_UPDATE] camera=camera-01 track=0 old_quality=0.645 new_quality=0.649 person_display=1286x1022 face_display=466x727
2026-08-14 07:08:44 | INFO     | deepstream_ai.snapshot.alarm_manager | [FACE_EVIDENCE_UPDATE] camera=camera-01 track=0 source=best_face quality=0.649 evidence=(555.882177734375, 58.7008056640625, 1840.483056640625, 1080.0)
2026-08-14 07:08:45 | INFO     | deepstream_ai.pipeline.adaptive | [ADAPTIVE_LOAD] profile=normal source_fps=30.00 gpu=94.0% mem=1.0% nvdec=26.0% queue=0.0% drops_delta=0
2026-08-14 07:08:45 | INFO     | deepstream_ai.face.service | [FACE_IDENTITY] camera=camera-01 track=0 reason=unknown_retry candidate_known=False candidate_similarity=-1.000 retained_known=False retained_similarity=-1.000 samples=3 best_quality=0.746
2026-08-14 07:08:47 | INFO     | deepstream_ai.pipeline.adaptive | [ADAPTIVE_LOAD] profile=normal source_fps=30.00 gpu=80.0% mem=1.0% nvdec=70.0% queue=0.0% drops_delta=0
2026-08-14 07:08:47 | INFO     | deepstream_ai.face.service | [FACE_IDENTITY] camera=camera-01 track=0 reason=unknown_retry candidate_known=False candidate_similarity=-1.000 retained_known=False retained_similarity=-1.000 samples=3 best_quality=0.749
2026-08-14 07:08:49 | INFO     | deepstream_ai.pipeline.adaptive | [ADAPTIVE_LOAD] profile=normal source_fps=30.00 gpu=70.0% mem=1.0% nvdec=37.0% queue=0.0% drops_delta=0
2026-08-14 07:08:51 | INFO     | deepstream_ai.pipeline.adaptive | [ADAPTIVE_LOAD] profile=normal source_fps=30.00 gpu=88.0% mem=1.0% nvdec=58.0% queue=0.0% drops_delta=0
2026-08-14 07:08:51 | INFO     | deepstream_ai.track_continuity | [TRACK_CONTINUITY_REID_REJECT] camera=camera-01 raw=2 candidate_logical=0 similarity=0.825 score=0.729 iou=0.630 face_iou=0.540
2026-08-14 07:08:51 | INFO     | deepstream_ai.weak_track_guard | [PERSON_PROVISIONAL] camera=camera-01 track=2 conf=0.629 detector_conf=0.629 bbox=912x808
2026-08-14 07:08:51 | INFO     | deepstream_ai.weak_track_guard | [PERSON_CONFIRMED] camera=camera-01 track=2 reason=real_face age=0.000 max_conf=0.629 detector_observations=1 bbox_ratio=0.4752x0.7479
2026-08-14 07:08:51 | INFO     | deepstream_ai.snapshot.rolling_manager | [TRACK_CREATE] camera=camera-01 track=2 person_conf=0.629 quality=0.666
2026-08-14 07:08:51 | INFO     | deepstream_ai.snapshot.rolling_manager | [PERSON_EVIDENCE_UPDATE] camera=camera-01 track=2 source=person_fallback quality=0.666
2026-08-14 07:08:51 | INFO     | deepstream_ai.snapshot.alarm_manager | [FACE_FALLBACK] camera=camera-01 track=2 face_conf=0.835 quality=0.680 person_display=1246x1045 face_display=451x710
2026-08-14 07:08:51 | INFO     | deepstream_ai.snapshot.alarm_manager | [FACE_EVIDENCE_UPDATE] camera=camera-01 track=2 source=face_fallback quality=0.680 evidence=(464.0909423828125, 35.728851318359375, 1709.4073486328125, 1080.0)
2026-08-14 07:08:51 | INFO     | deepstream_ai.face.service | [FACE_IDENTITY] camera=camera-01 track=2 reason=high_quality candidate_known=False candidate_similarity=-1.000 retained_known=False retained_similarity=-1.000 samples=1 best_quality=0.745
2026-08-14 07:08:52 | INFO     | deepstream_ai.snapshot.alarm_manager | [BEST_FACE_UPDATE] camera=camera-01 track=2 old_quality=0.680 new_quality=0.692 person_display=1244x1052 face_display=451x717
2026-08-14 07:08:52 | INFO     | deepstream_ai.snapshot.alarm_manager | [FACE_EVIDENCE_UPDATE] camera=camera-01 track=2 source=best_face quality=0.692 evidence=(460.86728515625, 28.7374267578125, 1703.86123046875, 1080.0)
2026-08-14 07:08:53 | INFO     | deepstream_ai.pipeline.adaptive | [ADAPTIVE_LOAD] profile=normal source_fps=30.00 gpu=76.0% mem=1.0% nvdec=65.0% queue=0.0% drops_delta=0
2026-08-14 07:08:53 | INFO     | deepstream_ai.face.service | [FACE_IDENTITY] camera=camera-01 track=2 reason=unknown_retry candidate_known=False candidate_similarity=-1.000 retained_known=False retained_similarity=-1.000 samples=2 best_quality=0.753
2026-08-14 07:08:54 | INFO     | deepstream_ai.weak_track_guard | [PERSON_PROVISIONAL] camera=camera-01 track=3 conf=0.202 detector_conf=0.202 bbox=140x523
2026-08-14 07:08:55 | INFO     | deepstream_ai.pipeline.adaptive | [ADAPTIVE_LOAD] profile=normal source_fps=30.00 gpu=76.0% mem=1.0% nvdec=55.0% queue=0.0% drops_delta=0
2026-08-14 07:08:55 | INFO     | deepstream_ai.face.service | [FACE_IDENTITY] camera=camera-01 track=2 reason=unknown_retry candidate_known=False candidate_similarity=-1.000 retained_known=False retained_similarity=-1.000 samples=2 best_quality=0.748
2026-08-14 07:08:55 | WARNING  | deepstream_ai.weak_track_guard | [PERSON_FALSE_POSITIVE_SUPPRESSED] camera=camera-01 track=3 age=1.611 max_conf=0.209 detector_observations=4 bbox_ratio=0.0715x0.4812
2026-08-14 07:08:57 | INFO     | deepstream_ai.pipeline.adaptive | [ADAPTIVE_LOAD] profile=normal source_fps=30.00 gpu=84.0% mem=2.0% nvdec=64.0% queue=0.0% drops_delta=0
2026-08-14 07:08:57 | INFO     | deepstream_ai.face.service | [FACE_IDENTITY] camera=camera-01 track=2 reason=unknown_retry candidate_known=False candidate_similarity=-1.000 retained_known=False retained_similarity=-1.000 samples=2 best_quality=0.746
2026-08-14 07:08:59 | INFO     | deepstream_ai.pipeline.adaptive | [ADAPTIVE_LOAD] profile=normal source_fps=30.00 gpu=67.0% mem=1.0% nvdec=59.0% queue=0.0% drops_delta=0
2026-08-14 07:08:59 | INFO     | deepstream_ai.face.service | [FACE_IDENTITY] camera=camera-01 track=2 reason=unknown_retry candidate_known=False candidate_similarity=-1.000 retained_known=False retained_similarity=-1.000 samples=2 best_quality=0.745
2026-08-14 07:09:00 | INFO     | deepstream_ai.snapshot.rolling_manager | [TRACK_FINALIZE] camera=camera-01 track=0 source=best_face identity=unknown similarity=-1.000 quality=0.649
2026-08-14 07:09:01 | INFO     | deepstream_ai.pipeline.adaptive | [ADAPTIVE_LOAD] profile=normal source_fps=30.00 gpu=76.0% mem=1.0% nvdec=58.0% queue=0.0% drops_delta=0
2026-08-14 07:09:03 | INFO     | deepstream_ai.pipeline.adaptive | [ADAPTIVE_LOAD] profile=normal source_fps=30.00 gpu=68.0% mem=1.0% nvdec=70.0% queue=0.0% drops_delta=0
2026-08-14 07:09:05 | INFO     | deepstream_ai.pipeline.adaptive | [ADAPTIVE_LOAD] profile=normal source_fps=30.00 gpu=75.0% mem=1.0% nvdec=45.0% queue=0.0% drops_delta=0
2026-08-14 07:09:07 | INFO     | deepstream_ai.pipeline.adaptive | [ADAPTIVE_LOAD] profile=normal source_fps=30.00 gpu=79.0% mem=1.0% nvdec=57.0% queue=0.0% drops_delta=0
2026-08-14 07:09:08 | INFO     | deepstream_ai.track_continuity | [TRACK_CONTINUITY_REID_REJECT] camera=camera-01 raw=4 candidate_logical=2 similarity=0.850 score=0.716 iou=0.624 face_iou=0.920
2026-08-14 07:09:08 | INFO     | deepstream_ai.weak_track_guard | [PERSON_PROVISIONAL] camera=camera-01 track=4 conf=0.770 detector_conf=0.770 bbox=995x848
2026-08-14 07:09:08 | INFO     | deepstream_ai.weak_track_guard | [PERSON_CONFIRMED] camera=camera-01 track=4 reason=real_face age=0.000 max_conf=0.770 detector_observations=1 bbox_ratio=0.5182x0.7856
2026-08-14 07:09:08 | INFO     | deepstream_ai.snapshot.rolling_manager | [TRACK_CREATE] camera=camera-01 track=4 person_conf=0.770 quality=0.716
2026-08-14 07:09:08 | INFO     | deepstream_ai.snapshot.rolling_manager | [PERSON_EVIDENCE_UPDATE] camera=camera-01 track=4 source=person_fallback quality=0.716
2026-08-14 07:09:08 | INFO     | deepstream_ai.snapshot.alarm_manager | [FACE_FALLBACK] camera=camera-01 track=4 face_conf=0.787 quality=0.654 person_display=1229x1056 face_display=445x700
2026-08-14 07:09:08 | INFO     | deepstream_ai.snapshot.alarm_manager | [FACE_EVIDENCE_UPDATE] camera=camera-01 track=4 source=face_fallback quality=0.654 evidence=(480.2536346435546, 24.814544677734375, 1708.4261138916017, 1080.0)
2026-08-14 07:09:08 | INFO     | deepstream_ai.face.service | [FACE_IDENTITY] camera=camera-01 track=4 reason=high_quality candidate_known=False candidate_similarity=-1.000 retained_known=False retained_similarity=-1.000 samples=1 best_quality=0.723
2026-08-14 07:09:09 | INFO     | deepstream_ai.pipeline.adaptive | [ADAPTIVE_LOAD] profile=normal source_fps=30.00 gpu=80.0% mem=1.0% nvdec=59.0% queue=0.0% drops_delta=0
2026-08-14 07:09:10 | INFO     | deepstream_ai.face.service | [FACE_IDENTITY] camera=camera-01 track=4 reason=unknown_retry candidate_known=False candidate_similarity=-1.000 retained_known=False retained_similarity=-1.000 samples=3 best_quality=0.719
2026-08-14 07:09:11 | INFO     | deepstream_ai.pipeline.adaptive | [ADAPTIVE_LOAD] profile=normal source_fps=30.00 gpu=74.0% mem=1.0% nvdec=38.0% queue=0.0% drops_delta=0
2026-08-14 07:09:11 | INFO     | deepstream_ai.snapshot.alarm_manager | [BEST_FACE_UPDATE] camera=camera-01 track=4 old_quality=0.654 new_quality=0.684 person_display=1183x1024 face_display=429x644
2026-08-14 07:09:11 | INFO     | deepstream_ai.snapshot.alarm_manager | [FACE_EVIDENCE_UPDATE] camera=camera-01 track=4 source=best_face quality=0.684 evidence=(671.3968505859375, 56.763763427734375, 1853.7406005859375, 1080.0)
2026-08-14 07:09:12 | INFO     | deepstream_ai.snapshot.rolling_manager | [TRACK_FINALIZE] camera=camera-01 track=2 source=best_face identity=unknown similarity=-1.000 quality=0.692
2026-08-14 07:09:12 | INFO     | deepstream_ai.face.service | [FACE_IDENTITY] camera=camera-01 track=4 reason=unknown_retry candidate_known=False candidate_similarity=-1.000 retained_known=False retained_similarity=-1.000 samples=2 best_quality=0.762
2026-08-14 07:09:13 | INFO     | deepstream_ai.pipeline.adaptive | [ADAPTIVE_LOAD] profile=normal source_fps=30.00 gpu=89.0% mem=1.0% nvdec=64.0% queue=0.0% drops_delta=0
2026-08-14 07:09:14 | INFO     | deepstream_ai.face.service | [FACE_IDENTITY] camera=camera-01 track=4 reason=unknown_retry candidate_known=False candidate_similarity=-1.000 retained_known=False retained_similarity=-1.000 samples=3 best_quality=0.714
2026-08-14 07:09:15 | INFO     | deepstream_ai.pipeline.adaptive | [ADAPTIVE_LOAD] profile=normal source_fps=30.00 gpu=77.0% mem=1.0% nvdec=59.0% queue=0.0% drops_delta=0
2026-08-14 07:09:16 | INFO     | deepstream_ai.face.service | [FACE_IDENTITY] camera=camera-01 track=4 reason=unknown_retry candidate_known=False candidate_similarity=-1.000 retained_known=False retained_similarity=-1.000 samples=2 best_quality=0.691
2026-08-14 07:09:17 | INFO     | deepstream_ai.pipeline.adaptive | [ADAPTIVE_LOAD] profile=normal source_fps=30.00 gpu=78.0% mem=1.0% nvdec=51.0% queue=0.0% drops_delta=0
2026-08-14 07:09:19 | INFO     | deepstream_ai.pipeline.adaptive | [ADAPTIVE_LOAD] profile=normal source_fps=30.00 gpu=82.0% mem=1.0% nvdec=61.0% queue=0.0% drops_delta=0
2026-08-14 07:09:20 | INFO     | deepstream_ai.face.service | [FACE_IDENTITY] camera=camera-01 track=4 reason=unknown_retry candidate_known=False candidate_similarity=-1.000 retained_known=False retained_similarity=-1.000 samples=2 best_quality=0.695
2026-08-14 07:09:21 | INFO     | deepstream_ai.pipeline.adaptive | [ADAPTIVE_LOAD] profile=normal source_fps=30.00 gpu=79.0% mem=1.0% nvdec=63.0% queue=0.0% drops_delta=0
2026-08-14 07:09:22 | INFO     | deepstream_ai.face.service | [FACE_IDENTITY] camera=camera-01 track=4 reason=unknown_retry candidate_known=False candidate_similarity=-1.000 retained_known=False retained_similarity=-1.000 samples=3 best_quality=0.752
2026-08-14 07:09:23 | INFO     | deepstream_ai.pipeline.adaptive | [ADAPTIVE_LOAD] profile=normal source_fps=30.00 gpu=81.0% mem=1.0% nvdec=51.0% queue=0.0% drops_delta=0
2026-08-14 07:09:24 | INFO     | deepstream_ai.face.service | [FACE_IDENTITY] camera=camera-01 track=4 reason=unknown_retry candidate_known=False candidate_similarity=-1.000 retained_known=False retained_similarity=-1.000 samples=3 best_quality=0.740
2026-08-14 07:09:25 | INFO     | deepstream_ai.pipeline.adaptive | [ADAPTIVE_LOAD] profile=normal source_fps=30.00 gpu=75.0% mem=1.0% nvdec=44.0% queue=0.0% drops_delta=0
2026-08-14 07:09:26 | INFO     | deepstream_ai.snapshot.alarm_manager | [BEST_FACE_UPDATE] camera=camera-01 track=4 old_quality=0.684 new_quality=0.695 person_display=809x953 face_display=293x464
2026-08-14 07:09:26 | INFO     | deepstream_ai.snapshot.alarm_manager | [FACE_EVIDENCE_UPDATE] camera=camera-01 track=4 source=best_face quality=0.695 evidence=(703.1968276977539, 127.40103149414062, 1511.7051193237305, 1080.0)
2026-08-14 07:09:26 | INFO     | deepstream_ai.face.service | [FACE_IDENTITY] camera=camera-01 track=4 reason=unknown_retry candidate_known=False candidate_similarity=-1.000 retained_known=False retained_similarity=-1.000 samples=2 best_quality=0.757
2026-08-14 07:09:27 | INFO     | deepstream_ai.pipeline.adaptive | [ADAPTIVE_LOAD] profile=normal source_fps=30.00 gpu=75.0% mem=1.0% nvdec=60.0% queue=0.0% drops_delta=0
2026-08-14 07:09:28 | INFO     | deepstream_ai.face.service | [FACE_IDENTITY] camera=camera-01 track=4 reason=unknown_retry candidate_known=False candidate_similarity=-1.000 retained_known=False retained_similarity=-1.000 samples=2 best_quality=0.735
2026-08-14 07:09:29 | INFO     | deepstream_ai.pipeline.adaptive | [ADAPTIVE_LOAD] profile=normal source_fps=30.00 gpu=83.0% mem=2.0% nvdec=47.0% queue=0.0% drops_delta=0
2026-08-14 07:09:30 | INFO     | deepstream_ai.pipeline.runner | 收到停止请求
2026-08-14 07:09:30 | INFO     | deepstream_ai.pipeline.runner | [RTSP_STOP] live source: skip EOS and stop main loop immediately
2026-08-14 07:09:30 | INFO     | deepstream_ai.face.service | [FACE_IDENTITY] camera=camera-01 track=4 reason=unknown_retry candidate_known=False candidate_similarity=-1.000 retained_known=False retained_similarity=-1.000 samples=3 best_quality=0.728
2026-08-14 07:09:30 | INFO     | deepstream_ai.pipeline.metadata | 
========== Probe Performance ==========
Probe Callbacks:              1518
Probe Frames:                 1518
Probe Queue Drops:            0
Probe Errors:                 0
Average Probe Time (ms):      4.192
P95 Probe Time (ms):          24.000
Max Probe Time (ms):          66.176
Tracker ReID Vectors:         160
Tracker ReID Missing:         797
=======================================
2026-08-14 07:09:30 | INFO     | deepstream_ai.pipeline.runner | [TRACK_SHADOW_SUMMARY] frames=0 objects=0 hidden_by_age=0 errors=0
2026-08-14 07:09:30 | INFO     | deepstream_ai.pipeline.runner | [PRETRACKER_GUARD_SUMMARY] frames=1520 verified_people=207 suppressed=0 errors=0
2026-08-14 07:09:30 | INFO     | deepstream_ai.pipeline.runner | DeepStream Pipeline 已停止
2026-08-14 07:09:30 | INFO     | deepstream_ai.snapshot.rolling_manager | [TRACK_FINALIZE] camera=camera-01 track=4 source=best_face identity=unknown similarity=-1.000 quality=0.695
2026-08-14 07:09:30 | INFO     | deepstream_ai.snapshot.rolling_manager | Evidence Summary tracks=3 finalized=3 success=3 failed=0 missing=0 best_face=3 face_fallback=0 best_person=0 person_fallback=0 know=0 unknown=3
