2026-08-14 08:38:41 | INFO     | __main__ | 模型预检通过 config=/workspace/configs/nvinfer/person-peoplenet.txt engine=/workspace/models/peoplenet/resnet34_peoplenet.onnx_b1_gpu0_fp16.engine source_models=['/workspace/models/peoplenet/resnet34_peoplenet.onnx']
2026-08-14 08:38:41 | INFO     | __main__ | 模型预检通过 config=/workspace/configs/nvinfer/face.example.txt engine=/workspace/models/face.engine source_models=['/workspace/models/face-deepstream.onnx']
2026-08-14 08:38:41 | INFO     | __main__ | [DETECTOR] PeopleNet
2026-08-14 08:38:41 | INFO     | __main__ | [TRACKER] NvDCF
2026-08-14 08:38:41 | INFO     | __main__ | [TRACKER_CONFIG] /workspace/configs/tracker/nvdcf.yml
2026-08-14 08:38:41 | INFO     | __main__ | [PEOPLENET_CLASSES] person=0, bag=1, face=2
2026-08-14 08:38:41 | INFO     | __main__ | DeepStream Python runtime 已加载: {'gstreamer': '1.24.2.0', 'pyds': '1.2.3'}
[0;93m2026-08-14 08:38:41.800956639 [W:onnxruntime:Default, device_discovery.cc:285 GetGpuDevices] Failed to detect devices under "/sys/class/drm/card0": device_discovery.cc:94 ReadFileContents Failed to open file: "/sys/class/drm/card0/device/vendor"[m
2026-08-14 08:38:43 | INFO     | deepstream_ai.pipeline.source | RTSP 实时模式: camera_id=camera-04 transport=tcp latency_ms=200 drop_on_latency=true reconnect_interval_sec=10
2026-08-14 08:38:43 | INFO     | deepstream_ai.pipeline.builder | 配置推理组件 name=person-detector unique_id=1 target_fps=5.00 interval=5 runtime_config=/workspace/output/tasks/bbb4b945a73c4aab/.runtime/nvinfer/person-detector.txt
2026-08-14 08:38:43 | INFO     | deepstream_ai.pipeline.builder | 配置推理组件 name=face-detector unique_id=2 target_fps=5.00 secondary-reinfer-interval=6 runtime_config=/workspace/output/tasks/bbb4b945a73c4aab/.runtime/nvinfer/face-detector.txt
2026-08-14 08:38:43 | INFO     | deepstream_ai.pipeline.builder | 行为模型已关闭，不创建 nvinfer: smoking
2026-08-14 08:38:43 | INFO     | deepstream_ai.pipeline.builder | 行为模型已关闭，不创建 nvinfer: eating
2026-08-14 08:38:43 | INFO     | deepstream_ai.pipeline.builder | 行为模型已关闭，不创建 nvinfer: drinking
2026-08-14 08:38:43 | INFO     | deepstream_ai.pipeline.builder | 行为模型已关闭，不创建 nvinfer: carrying
2026-08-14 08:38:43 | INFO     | deepstream_ai.pipeline.peoplenet_pretracker_guard | [PRETRACKER_GUARD] enabled=True pgie_uid=1 person_classes=[0] max_conf=0.550 left<=0.030 top<=0.020 width=[0.400,0.500] height>=0.930 right<=0.520 frame=1920x1080
2026-08-14 08:38:43 | INFO     | deepstream_ai.pipeline.runner | [TRACK_SHADOW] preview bridge enabled max_age=1.50s
Protocol set: 0x4
0:00:01.978106216 [32m  415[00m     0x32e78160 [36mINFO   [00m [00m             nvinfer gstnvinfer.cpp:725:gst_nvinfer_logger:<face-detector>[00m NvDsInferContext[UID 2]: Info from NvDsInferContextImpl::deserializeEngineAndBackend() <nvdsinfer_context_impl.cpp:2183> [UID = 2]: deserialized trt engine from :/workspace/models/face.engine
INFO: ../nvdsinfer/nvdsinfer_model_builder.cpp:376 [Implicit Engine Info]: layers num: 0

0:00:01.979715087 [32m  415[00m     0x32e78160 [36mINFO   [00m [00m             nvinfer gstnvinfer.cpp:725:gst_nvinfer_logger:<face-detector>[00m NvDsInferContext[UID 2]: Info from NvDsInferContextImpl::generateBackendContext() <nvdsinfer_context_impl.cpp:2286> [UID = 2]: Use deserialized engine model: /workspace/models/face.engine
0:00:01.988838548 [32m  415[00m     0x32e78160 [36mINFO   [00m [00m             nvinfer gstnvinfer_impl.cpp:343:notifyLoadModelStatus:<face-detector>[00m [UID 2]: Load new model:/workspace/output/tasks/bbb4b945a73c4aab/.runtime/nvinfer/face-detector.txt sucessfully
gstnvtracker: Loading low-level lib at /opt/nvidia/deepstream/deepstream/lib/libnvds_nvmultiobjecttracker.so
[NvMultiObjectTracker] Loading TRT Engine for model: /workspace/models/tracker/resnet50_market1501_aicity156.onnx_b16_gpu0_fp16.engine
[NvMultiObjectTracker] Loading Complete!
[NvMultiObjectTracker] Initialized
0:00:04.452409577 [32m  415[00m     0x32e78160 [36mINFO   [00m [00m             nvinfer gstnvinfer.cpp:725:gst_nvinfer_logger:<person-detector>[00m NvDsInferContext[UID 1]: Info from NvDsInferContextImpl::deserializeEngineAndBackend() <nvdsinfer_context_impl.cpp:2183> [UID = 1]: deserialized trt engine from :/workspace/models/peoplenet/resnet34_peoplenet.onnx_b1_gpu0_fp16.engine
INFO: ../nvdsinfer/nvdsinfer_model_builder.cpp:376 [Implicit Engine Info]: layers num: 0

0:00:04.455230430 [32m  415[00m     0x32e78160 [36mINFO   [00m [00m             nvinfer gstnvinfer.cpp:725:gst_nvinfer_logger:<person-detector>[00m NvDsInferContext[UID 1]: Info from NvDsInferContextImpl::generateBackendContext() <nvdsinfer_context_impl.cpp:2286> [UID = 1]: Use deserialized engine model: /workspace/models/peoplenet/resnet34_peoplenet.onnx_b1_gpu0_fp16.engine
0:00:04.460726744 [32m  415[00m     0x32e78160 [36mINFO   [00m [00m             nvinfer gstnvinfer_impl.cpp:343:notifyLoadModelStatus:<person-detector>[00m [UID 1]: Load new model:/workspace/output/tasks/bbb4b945a73c4aab/.runtime/nvinfer/person-detector.txt sucessfully
2026-08-14 08:38:47 | INFO     | deepstream_ai.pipeline.source | 视频源已连接: camera_id=camera-04 uri=vsrc_0
2026-08-14 08:38:47 | INFO     | deepstream_ai.pipeline.source | [NVDEC] camera_id=camera-04 decoder=nvv4l2decoder0 cudadec_memtype=device
Opening in BLOCKING MODE 
0:00:05.515071974 [32m  415[00m 0x7f531c001520 [33;01mWARN   [00m [00m                v4l2 gstv4l2object.c:3123:gst_v4l2_object_get_nearest_size:<nvv4l2decoder0:sink>[00m Unable to try format: Unknown error -1
0:00:05.515741429 [32m  415[00m 0x7f531c001520 [33;01mWARN   [00m [00m                v4l2 gstv4l2object.c:3008:gst_v4l2_object_probe_caps_for_format:<nvv4l2decoder0:sink>[00m Could not probe minimum capture size for pixelformat MJPG
0:00:05.516581161 [32m  415[00m 0x7f531c001520 [33;01mWARN   [00m [00m                v4l2 gstv4l2object.c:3123:gst_v4l2_object_get_nearest_size:<nvv4l2decoder0:sink>[00m Unable to try format: Unknown error -1
0:00:05.517333470 [32m  415[00m 0x7f531c001520 [33;01mWARN   [00m [00m                v4l2 gstv4l2object.c:3014:gst_v4l2_object_probe_caps_for_format:<nvv4l2decoder0:sink>[00m Could not probe maximum capture size for pixelformat MJPG
0:00:05.517985352 [32m  415[00m 0x7f531c001520 [33;01mWARN   [00m [00m                v4l2 gstv4l2object.c:3123:gst_v4l2_object_get_nearest_size:<nvv4l2decoder0:sink>[00m Unable to try format: Unknown error -1
0:00:05.518457278 [32m  415[00m 0x7f531c001520 [33;01mWARN   [00m [00m                v4l2 gstv4l2object.c:3008:gst_v4l2_object_probe_caps_for_format:<nvv4l2decoder0:sink>[00m Could not probe minimum capture size for pixelformat AV10
0:00:05.519144757 [32m  415[00m 0x7f531c001520 [33;01mWARN   [00m [00m                v4l2 gstv4l2object.c:3123:gst_v4l2_object_get_nearest_size:<nvv4l2decoder0:sink>[00m Unable to try format: Unknown error -1
0:00:05.519952250 [32m  415[00m 0x7f531c001520 [33;01mWARN   [00m [00m                v4l2 gstv4l2object.c:3014:gst_v4l2_object_probe_caps_for_format:<nvv4l2decoder0:sink>[00m Could not probe maximum capture size for pixelformat AV10
0:00:05.520577038 [32m  415[00m 0x7f531c001520 [33;01mWARN   [00m [00m                v4l2 gstv4l2object.c:3123:gst_v4l2_object_get_nearest_size:<nvv4l2decoder0:sink>[00m Unable to try format: Unknown error -1
0:00:05.521377694 [32m  415[00m 0x7f531c001520 [33;01mWARN   [00m [00m                v4l2 gstv4l2object.c:3008:gst_v4l2_object_probe_caps_for_format:<nvv4l2decoder0:sink>[00m Could not probe minimum capture size for pixelformat DVX5
0:00:05.521901281 [32m  415[00m 0x7f531c001520 [33;01mWARN   [00m [00m                v4l2 gstv4l2object.c:3123:gst_v4l2_object_get_nearest_size:<nvv4l2decoder0:sink>[00m Unable to try format: Unknown error -1
0:00:05.522304144 [32m  415[00m 0x7f531c001520 [33;01mWARN   [00m [00m                v4l2 gstv4l2object.c:3014:gst_v4l2_object_probe_caps_for_format:<nvv4l2decoder0:sink>[00m Could not probe maximum capture size for pixelformat DVX5
0:00:05.522881801 [32m  415[00m 0x7f531c001520 [33;01mWARN   [00m [00m                v4l2 gstv4l2object.c:3123:gst_v4l2_object_get_nearest_size:<nvv4l2decoder0:sink>[00m Unable to try format: Unknown error -1
0:00:05.523268773 [32m  415[00m 0x7f531c001520 [33;01mWARN   [00m [00m                v4l2 gstv4l2object.c:3008:gst_v4l2_object_probe_caps_for_format:<nvv4l2decoder0:sink>[00m Could not probe minimum capture size for pixelformat DVX4
0:00:05.523764645 [32m  415[00m 0x7f531c001520 [33;01mWARN   [00m [00m                v4l2 gstv4l2object.c:3123:gst_v4l2_object_get_nearest_size:<nvv4l2decoder0:sink>[00m Unable to try format: Unknown error -1
0:00:05.524136563 [32m  415[00m 0x7f531c001520 [33;01mWARN   [00m [00m                v4l2 gstv4l2object.c:3014:gst_v4l2_object_probe_caps_for_format:<nvv4l2decoder0:sink>[00m Could not probe maximum capture size for pixelformat DVX4
0:00:05.524660583 [32m  415[00m 0x7f531c001520 [33;01mWARN   [00m [00m                v4l2 gstv4l2object.c:3123:gst_v4l2_object_get_nearest_size:<nvv4l2decoder0:sink>[00m Unable to try format: Unknown error -1
0:00:05.525114080 [32m  415[00m 0x7f531c001520 [33;01mWARN   [00m [00m                v4l2 gstv4l2object.c:3008:gst_v4l2_object_probe_caps_for_format:<nvv4l2decoder0:sink>[00m Could not probe minimum capture size for pixelformat MPG4
0:00:05.525517980 [32m  415[00m 0x7f531c001520 [33;01mWARN   [00m [00m                v4l2 gstv4l2object.c:3123:gst_v4l2_object_get_nearest_size:<nvv4l2decoder0:sink>[00m Unable to try format: Unknown error -1
0:00:05.526104383 [32m  415[00m 0x7f531c001520 [33;01mWARN   [00m [00m                v4l2 gstv4l2object.c:3014:gst_v4l2_object_probe_caps_for_format:<nvv4l2decoder0:sink>[00m Could not probe maximum capture size for pixelformat MPG4
0:00:05.526794861 [32m  415[00m 0x7f531c001520 [33;01mWARN   [00m [00m                v4l2 gstv4l2object.c:3123:gst_v4l2_object_get_nearest_size:<nvv4l2decoder0:sink>[00m Unable to try format: Unknown error -1
0:00:05.527106742 [32m  415[00m 0x7f531c001520 [33;01mWARN   [00m [00m                v4l2 gstv4l2object.c:3008:gst_v4l2_object_probe_caps_for_format:<nvv4l2decoder0:sink>[00m Could not probe minimum capture size for pixelformat MPG2
0:00:05.527345622 [32m  415[00m 0x7f531c001520 [33;01mWARN   [00m [00m                v4l2 gstv4l2object.c:3123:gst_v4l2_object_get_nearest_size:<nvv4l2decoder0:sink>[00m Unable to try format: Unknown error -1
0:00:05.527636905 [32m  415[00m 0x7f531c001520 [33;01mWARN   [00m [00m                v4l2 gstv4l2object.c:3014:gst_v4l2_object_probe_caps_for_format:<nvv4l2decoder0:sink>[00m Could not probe maximum capture size for pixelformat MPG2
0:00:05.528041517 [32m  415[00m 0x7f531c001520 [33;01mWARN   [00m [00m                v4l2 gstv4l2object.c:3123:gst_v4l2_object_get_nearest_size:<nvv4l2decoder0:sink>[00m Unable to try format: Unknown error -1
0:00:05.528642664 [32m  415[00m 0x7f531c001520 [33;01mWARN   [00m [00m                v4l2 gstv4l2object.c:3008:gst_v4l2_object_probe_caps_for_format:<nvv4l2decoder0:sink>[00m Could not probe minimum capture size for pixelformat H265
0:00:05.528934324 [32m  415[00m 0x7f531c001520 [33;01mWARN   [00m [00m                v4l2 gstv4l2object.c:3123:gst_v4l2_object_get_nearest_size:<nvv4l2decoder0:sink>[00m Unable to try format: Unknown error -1
0:00:05.529303462 [32m  415[00m 0x7f531c001520 [33;01mWARN   [00m [00m                v4l2 gstv4l2object.c:3014:gst_v4l2_object_probe_caps_for_format:<nvv4l2decoder0:sink>[00m Could not probe maximum capture size for pixelformat H265
0:00:05.529923452 [32m  415[00m 0x7f531c001520 [33;01mWARN   [00m [00m                v4l2 gstv4l2object.c:3123:gst_v4l2_object_get_nearest_size:<nvv4l2decoder0:sink>[00m Unable to try format: Unknown error -1
0:00:05.530233674 [32m  415[00m 0x7f531c001520 [33;01mWARN   [00m [00m                v4l2 gstv4l2object.c:3008:gst_v4l2_object_probe_caps_for_format:<nvv4l2decoder0:sink>[00m Could not probe minimum capture size for pixelformat VP90
0:00:05.530551275 [32m  415[00m 0x7f531c001520 [33;01mWARN   [00m [00m                v4l2 gstv4l2object.c:3123:gst_v4l2_object_get_nearest_size:<nvv4l2decoder0:sink>[00m Unable to try format: Unknown error -1
0:00:05.530923386 [32m  415[00m 0x7f531c001520 [33;01mWARN   [00m [00m                v4l2 gstv4l2object.c:3014:gst_v4l2_object_probe_caps_for_format:<nvv4l2decoder0:sink>[00m Could not probe maximum capture size for pixelformat VP90
0:00:05.531289954 [32m  415[00m 0x7f531c001520 [33;01mWARN   [00m [00m                v4l2 gstv4l2object.c:3123:gst_v4l2_object_get_nearest_size:<nvv4l2decoder0:sink>[00m Unable to try format: Unknown error -1
0:00:05.531707589 [32m  415[00m 0x7f531c001520 [33;01mWARN   [00m [00m                v4l2 gstv4l2object.c:3008:gst_v4l2_object_probe_caps_for_format:<nvv4l2decoder0:sink>[00m Could not probe minimum capture size for pixelformat VP80
0:00:05.532090434 [32m  415[00m 0x7f531c001520 [33;01mWARN   [00m [00m                v4l2 gstv4l2object.c:3123:gst_v4l2_object_get_nearest_size:<nvv4l2decoder0:sink>[00m Unable to try format: Unknown error -1
0:00:05.532506644 [32m  415[00m 0x7f531c001520 [33;01mWARN   [00m [00m                v4l2 gstv4l2object.c:3014:gst_v4l2_object_probe_caps_for_format:<nvv4l2decoder0:sink>[00m Could not probe maximum capture size for pixelformat VP80
0:00:05.533025193 [32m  415[00m 0x7f531c001520 [33;01mWARN   [00m [00m                v4l2 gstv4l2object.c:3123:gst_v4l2_object_get_nearest_size:<nvv4l2decoder0:sink>[00m Unable to try format: Unknown error -1
0:00:05.533382141 [32m  415[00m 0x7f531c001520 [33;01mWARN   [00m [00m                v4l2 gstv4l2object.c:3008:gst_v4l2_object_probe_caps_for_format:<nvv4l2decoder0:sink>[00m Could not probe minimum capture size for pixelformat H264
0:00:05.533878847 [32m  415[00m 0x7f531c001520 [33;01mWARN   [00m [00m                v4l2 gstv4l2object.c:3123:gst_v4l2_object_get_nearest_size:<nvv4l2decoder0:sink>[00m Unable to try format: Unknown error -1
0:00:05.534421487 [32m  415[00m 0x7f531c001520 [33;01mWARN   [00m [00m                v4l2 gstv4l2object.c:3014:gst_v4l2_object_probe_caps_for_format:<nvv4l2decoder0:sink>[00m Could not probe maximum capture size for pixelformat H264
0:00:05.535578615 [32m  415[00m 0x7f531c001520 [33;01mWARN   [00m [00m                v4l2 gstv4l2object.c:3123:gst_v4l2_object_get_nearest_size:<nvv4l2decoder0:src>[00m Unable to try format: Unknown error -1
0:00:05.536078743 [32m  415[00m 0x7f531c001520 [33;01mWARN   [00m [00m                v4l2 gstv4l2object.c:3008:gst_v4l2_object_probe_caps_for_format:<nvv4l2decoder0:src>[00m Could not probe minimum capture size for pixelformat Y444
0:00:05.536336545 [32m  415[00m 0x7f531c001520 [33;01mWARN   [00m [00m                v4l2 gstv4l2object.c:3123:gst_v4l2_object_get_nearest_size:<nvv4l2decoder0:src>[00m Unable to try format: Unknown error -1
0:00:05.536631004 [32m  415[00m 0x7f531c001520 [33;01mWARN   [00m [00m                v4l2 gstv4l2object.c:3014:gst_v4l2_object_probe_caps_for_format:<nvv4l2decoder0:src>[00m Could not probe maximum capture size for pixelformat Y444
0:00:05.536921619 [32m  415[00m 0x7f531c001520 [33;01mWARN   [00m [00m                v4l2 gstv4l2object.c:3123:gst_v4l2_object_get_nearest_size:<nvv4l2decoder0:src>[00m Unable to try format: Unknown error -1
0:00:05.537463626 [32m  415[00m 0x7f531c001520 [33;01mWARN   [00m [00m                v4l2 gstv4l2object.c:3008:gst_v4l2_object_probe_caps_for_format:<nvv4l2decoder0:src>[00m Could not probe minimum capture size for pixelformat P216
0:00:05.538097985 [32m  415[00m 0x7f531c001520 [33;01mWARN   [00m [00m                v4l2 gstv4l2object.c:3123:gst_v4l2_object_get_nearest_size:<nvv4l2decoder0:src>[00m Unable to try format: Unknown error -1
0:00:05.538867919 [32m  415[00m 0x7f531c001520 [33;01mWARN   [00m [00m                v4l2 gstv4l2object.c:3014:gst_v4l2_object_probe_caps_for_format:<nvv4l2decoder0:src>[00m Could not probe maximum capture size for pixelformat P216
0:00:05.539769347 [32m  415[00m 0x7f531c001520 [33;01mWARN   [00m [00m                v4l2 gstv4l2object.c:3123:gst_v4l2_object_get_nearest_size:<nvv4l2decoder0:src>[00m Unable to try format: Unknown error -1
0:00:05.540352354 [32m  415[00m 0x7f531c001520 [33;01mWARN   [00m [00m                v4l2 gstv4l2object.c:3008:gst_v4l2_object_probe_caps_for_format:<nvv4l2decoder0:src>[00m Could not probe minimum capture size for pixelformat NM16
0:00:05.540860198 [32m  415[00m 0x7f531c001520 [33;01mWARN   [00m [00m                v4l2 gstv4l2object.c:3123:gst_v4l2_object_get_nearest_size:<nvv4l2decoder0:src>[00m Unable to try format: Unknown error -1
0:00:05.541207097 [32m  415[00m 0x7f531c001520 [33;01mWARN   [00m [00m                v4l2 gstv4l2object.c:3014:gst_v4l2_object_probe_caps_for_format:<nvv4l2decoder0:src>[00m Could not probe maximum capture size for pixelformat NM16
0:00:05.541494324 [32m  415[00m 0x7f531c001520 [33;01mWARN   [00m [00m                v4l2 gstv4l2object.c:3123:gst_v4l2_object_get_nearest_size:<nvv4l2decoder0:src>[00m Unable to try format: Unknown error -1
0:00:05.541922043 [32m  415[00m 0x7f531c001520 [33;01mWARN   [00m [00m                v4l2 gstv4l2object.c:3008:gst_v4l2_object_probe_caps_for_format:<nvv4l2decoder0:src>[00m Could not probe minimum capture size for pixelformat P412
0:00:05.542599813 [32m  415[00m 0x7f531c001520 [33;01mWARN   [00m [00m                v4l2 gstv4l2object.c:3123:gst_v4l2_object_get_nearest_size:<nvv4l2decoder0:src>[00m Unable to try format: Unknown error -1
0:00:05.543325828 [32m  415[00m 0x7f531c001520 [33;01mWARN   [00m [00m                v4l2 gstv4l2object.c:3014:gst_v4l2_object_probe_caps_for_format:<nvv4l2decoder0:src>[00m Could not probe maximum capture size for pixelformat P412
0:00:05.544120248 [32m  415[00m 0x7f531c001520 [33;01mWARN   [00m [00m                v4l2 gstv4l2object.c:3123:gst_v4l2_object_get_nearest_size:<nvv4l2decoder0:src>[00m Unable to try format: Unknown error -1
0:00:05.544968440 [32m  415[00m 0x7f531c001520 [33;01mWARN   [00m [00m                v4l2 gstv4l2object.c:3008:gst_v4l2_object_probe_caps_for_format:<nvv4l2decoder0:src>[00m Could not probe minimum capture size for pixelformat P410
0:00:05.545831909 [32m  415[00m 0x7f531c001520 [33;01mWARN   [00m [00m                v4l2 gstv4l2object.c:3123:gst_v4l2_object_get_nearest_size:<nvv4l2decoder0:src>[00m Unable to try format: Unknown error -1
0:00:05.546953154 [32m  415[00m 0x7f531c001520 [33;01mWARN   [00m [00m                v4l2 gstv4l2object.c:3014:gst_v4l2_object_probe_caps_for_format:<nvv4l2decoder0:src>[00m Could not probe maximum capture size for pixelformat P410
0:00:05.547896228 [32m  415[00m 0x7f531c001520 [33;01mWARN   [00m [00m                v4l2 gstv4l2object.c:3123:gst_v4l2_object_get_nearest_size:<nvv4l2decoder0:src>[00m Unable to try format: Unknown error -1
0:00:05.548701544 [32m  415[00m 0x7f531c001520 [33;01mWARN   [00m [00m                v4l2 gstv4l2object.c:3008:gst_v4l2_object_probe_caps_for_format:<nvv4l2decoder0:src>[00m Could not probe minimum capture size for pixelformat PM10
0:00:05.549148220 [32m  415[00m 0x7f531c001520 [33;01mWARN   [00m [00m                v4l2 gstv4l2object.c:3123:gst_v4l2_object_get_nearest_size:<nvv4l2decoder0:src>[00m Unable to try format: Unknown error -1
0:00:05.549400822 [32m  415[00m 0x7f531c001520 [33;01mWARN   [00m [00m                v4l2 gstv4l2object.c:3014:gst_v4l2_object_probe_caps_for_format:<nvv4l2decoder0:src>[00m Could not probe maximum capture size for pixelformat PM10
0:00:05.549923831 [32m  415[00m 0x7f531c001520 [33;01mWARN   [00m [00m                v4l2 gstv4l2object.c:3123:gst_v4l2_object_get_nearest_size:<nvv4l2decoder0:src>[00m Unable to try format: Unknown error -1
0:00:05.550366384 [32m  415[00m 0x7f531c001520 [33;01mWARN   [00m [00m                v4l2 gstv4l2object.c:3008:gst_v4l2_object_probe_caps_for_format:<nvv4l2decoder0:src>[00m Could not probe minimum capture size for pixelformat NM12
0:00:05.551079387 [32m  415[00m 0x7f531c001520 [33;01mWARN   [00m [00m                v4l2 gstv4l2object.c:3123:gst_v4l2_object_get_nearest_size:<nvv4l2decoder0:src>[00m Unable to try format: Unknown error -1
0:00:05.551840760 [32m  415[00m 0x7f531c001520 [33;01mWARN   [00m [00m                v4l2 gstv4l2object.c:3014:gst_v4l2_object_probe_caps_for_format:<nvv4l2decoder0:src>[00m Could not probe maximum capture size for pixelformat NM12
0:00:05.670964448 [32m  415[00m 0x7f531c001520 [33;01mWARN   [00m [00m        v4l2videodec gstv4l2videodec.c:2357:gst_v4l2_video_dec_decide_allocation:<nvv4l2decoder0>[00m Duration invalid, not setting latency
0:00:05.674378282 [32m  415[00m 0x7f531c001520 [33;01mWARN   [00m [00m      v4l2bufferpool gstv4l2bufferpool.c:1127:gst_v4l2_buffer_pool_start:<nvv4l2decoder0:pool:src>[00m Uncertain or not enough buffers, enabling copy threshold
0:00:05.815441345 [32m  415[00m 0x7f531c0024e0 [33;01mWARN   [00m [00m      v4l2bufferpool gstv4l2bufferpool.c:1611:gst_v4l2_buffer_pool_dqbuf:<nvv4l2decoder0:pool:src>[00m Driver should never set v4l2_buffer.field to ANY
2026-08-14 08:38:50 | WARNING  | deepstream_ai.pipeline.shadow_tracking | [TRACK_SHADOW_UNAVAILABLE] pinned PyDS does not expose shadow-list metadata
2026-08-14 08:38:50 | INFO     | deepstream_ai.pipeline.runner | DeepStream Pipeline 已启动，sources=1
2026-08-14 08:38:50 | INFO     | deepstream_ai.pipeline.adaptive | [SOURCE_PROFILE] camera=camera-04 fps=30.000 resolution=1280x720 source=negotiated_caps
2026-08-14 08:38:50 | INFO     | deepstream_ai.pipeline.adaptive_realtime | [ADAPTIVE_RATE] component=person target=5.00 floor=5.00 actual≈5.00 interval=5 reason=source_profile
2026-08-14 08:38:50 | INFO     | deepstream_ai.pipeline.adaptive_realtime | [ADAPTIVE_RATE_STATIC] component=face target=5.00 actual≈5.00 reinfer=6 reason=config_startup runtime_update=unsupported
2026-08-14 08:38:50 | INFO     | deepstream_ai.pipeline.adaptive | [ADAPTIVE_LOAD] profile=normal source_fps=30.00 gpu=26.0% mem=12.0% nvdec=24.0% queue=0.0% drops_delta=0
2026-08-14 08:38:50 | INFO     | deepstream_ai.pipeline.adaptive | [ADAPTIVE] enabled profile=normal sample=2.0s window=10.0s
2026-08-14 08:38:51 | INFO     | deepstream_ai.provisional_track_guard | [PERSON_PROVISIONAL] camera=camera-04 track=0 raw=0 conf=0.240 alias=False
2026-08-14 08:38:52 | INFO     | deepstream_ai.pipeline.adaptive | [ADAPTIVE_LOAD] profile=normal source_fps=30.00 gpu=95.0% mem=3.0% nvdec=58.0% queue=0.0% drops_delta=0
2026-08-14 08:38:54 | WARNING  | deepstream_ai.provisional_track_guard | [PERSON_FALSE_POSITIVE_SUPPRESSED] camera=camera-04 track=0 age=2.283 max_conf=0.240 observations=5 bbox_ratio=0.1594x0.4990
2026-08-14 08:38:54 | INFO     | deepstream_ai.pipeline.adaptive | [ADAPTIVE_LOAD] profile=normal source_fps=30.00 gpu=95.0% mem=2.0% nvdec=65.0% queue=0.0% drops_delta=0
2026-08-14 08:38:56 | INFO     | deepstream_ai.pipeline.adaptive | [ADAPTIVE_LOAD] profile=normal source_fps=30.00 gpu=95.0% mem=4.0% nvdec=7.0% queue=0.0% drops_delta=0
2026-08-14 08:38:57 | INFO     | deepstream_ai.track_continuity | [TRACK_CONTINUITY_MERGE] camera=camera-04 raw=1 logical=0 gap=3.528 mode=reid similarity=0.989 area_ratio=1.004
2026-08-14 08:38:57 | INFO     | deepstream_ai.snapshot.rolling_manager | [TRACK_CREATE] camera=camera-04 track=0 person_conf=0.204 quality=0.217
2026-08-14 08:38:57 | INFO     | deepstream_ai.snapshot.rolling_manager | [PERSON_EVIDENCE_UPDATE] camera=camera-04 track=0 source=person_fallback quality=0.217
2026-08-14 08:38:57 | INFO     | deepstream_ai.snapshot.rolling_manager | [PERSON_EVIDENCE_UPDATE] camera=camera-04 track=0 source=best_person quality=0.323
2026-08-14 08:38:57 | INFO     | deepstream_ai.snapshot.rolling_manager | [PERSON_EVIDENCE_UPDATE] camera=camera-04 track=0 source=best_person quality=0.333
2026-08-14 08:38:58 | INFO     | deepstream_ai.provisional_track_guard | [PERSON_PROVISIONAL] camera=camera-04 track=2 raw=2 conf=0.505 alias=False
2026-08-14 08:38:58 | INFO     | deepstream_ai.pipeline.adaptive | [ADAPTIVE_LOAD] profile=normal source_fps=30.00 gpu=95.0% mem=2.0% nvdec=35.0% queue=0.0% drops_delta=0
2026-08-14 08:38:59 | INFO     | deepstream_ai.provisional_track_guard | [PERSON_CONFIRMED] camera=camera-04 track=2 reason=detector_confidence age=0.630 max_conf=0.574 observations=4
2026-08-14 08:38:59 | INFO     | deepstream_ai.snapshot.rolling_manager | [TRACK_CREATE] camera=camera-04 track=2 person_conf=0.422 quality=0.606
2026-08-14 08:38:59 | INFO     | deepstream_ai.snapshot.rolling_manager | [PERSON_EVIDENCE_UPDATE] camera=camera-04 track=2 source=person_fallback quality=0.606
2026-08-14 08:38:59 | INFO     | deepstream_ai.snapshot.rolling_manager | [PERSON_EVIDENCE_UPDATE] camera=camera-04 track=2 source=best_person quality=0.625
2026-08-14 08:38:59 | INFO     | deepstream_ai.snapshot.alarm_manager | [FACE_FALLBACK] camera=camera-04 track=2 face_conf=0.736 quality=0.637 frontal=0.662 blur=0.187 size=1.000 person_display=993x979 face_display=461x709
2026-08-14 08:38:59 | INFO     | deepstream_ai.snapshot.alarm_manager | [FACE_EVIDENCE_UPDATE] camera=camera-04 track=2 source=face_fallback quality=0.637 frontal=0.662 blur=0.187 evidence=(927.4558807373047, 101.08731079101562, 1920.0, 1080.0)
2026-08-14 08:38:59 | INFO     | deepstream_ai.snapshot.alarm_manager | [BEST_FACE_UPDATE] camera=camera-04 track=2 reason=quality_upgrade old_quality=0.637 new_quality=0.650 new_frontal=0.665 new_blur=0.184 new_size=1.000 new_detector=0.774 stable=0 person_display=995x991 face_display=467x716
2026-08-14 08:38:59 | INFO     | deepstream_ai.snapshot.alarm_manager | [FACE_EVIDENCE_UPDATE] camera=camera-04 track=2 source=best_face quality=0.650 frontal=0.665 blur=0.184 evidence=(925.7799041748046, 89.28158569335938, 1920.0, 1080.0)
2026-08-14 08:38:59 | INFO     | deepstream_ai.snapshot.alarm_manager | [FACE_EVIDENCE_HOLD] camera=camera-04 track=2 old_q=0.650 old_front=0.665 old_blur=0.184 new_q=0.636 new_front=0.643 new_blur=0.171 new_det=0.757 stable=0
2026-08-14 08:39:00 | INFO     | deepstream_ai.face.service | [FACE_IDENTITY] camera=camera-04 track=2 reason=timeout_fallback candidate_known=False candidate_similarity=-1.000 retained_known=False retained_similarity=-1.000 samples=3 best_quality=0.650
2026-08-14 08:39:00 | INFO     | deepstream_ai.pipeline.adaptive | [ADAPTIVE_LOAD] profile=normal source_fps=30.00 gpu=90.0% mem=4.0% nvdec=45.0% queue=0.0% drops_delta=0
2026-08-14 08:39:01 | INFO     | deepstream_ai.snapshot.alarm_manager | [FACE_EVIDENCE_HOLD] camera=camera-04 track=2 old_q=0.650 old_front=0.665 old_blur=0.184 new_q=0.621 new_front=0.599 new_blur=0.191 new_det=0.723 stable=0
2026-08-14 08:39:01 | INFO     | deepstream_ai.face.service | [FACE_IDENTITY] camera=camera-04 track=2 reason=unknown_retry candidate_known=False candidate_similarity=-1.000 retained_known=False retained_similarity=-1.000 samples=3 best_quality=0.643
2026-08-14 08:39:02 | INFO     | deepstream_ai.pipeline.adaptive | [ADAPTIVE_LOAD] profile=normal source_fps=30.00 gpu=93.0% mem=3.0% nvdec=30.0% queue=0.0% drops_delta=0
2026-08-14 08:39:03 | INFO     | deepstream_ai.snapshot.alarm_manager | [BEST_FACE_UPDATE] camera=camera-04 track=2 reason=quality_upgrade old_quality=0.650 new_quality=0.658 new_frontal=0.632 new_blur=0.228 new_size=1.000 new_detector=0.784 stable=0 person_display=1060x1033 face_display=468x750
2026-08-14 08:39:03 | INFO     | deepstream_ai.snapshot.alarm_manager | [FACE_EVIDENCE_UPDATE] camera=camera-04 track=2 source=best_face quality=0.658 frontal=0.632 blur=0.228 evidence=(845.6673110961914, 47.466400146484375, 1904.716796875, 1080.0)
2026-08-14 08:39:03 | INFO     | deepstream_ai.snapshot.alarm_manager | [FACE_EVIDENCE_HOLD] camera=camera-04 track=2 old_q=0.658 old_front=0.632 old_blur=0.228 new_q=0.589 new_front=0.693 new_blur=0.109 new_det=0.639 stable=0
2026-08-14 08:39:04 | INFO     | deepstream_ai.face.service | [FACE_IDENTITY] camera=camera-04 track=2 reason=unknown_retry candidate_known=False candidate_similarity=-1.000 retained_known=False retained_similarity=-1.000 samples=3 best_quality=0.658
2026-08-14 08:39:04 | INFO     | deepstream_ai.snapshot.alarm_manager | [BEST_FACE_UPDATE] camera=camera-04 track=2 reason=frontal_override old_quality=0.658 new_quality=0.627 new_frontal=0.746 new_blur=0.180 new_size=1.000 new_detector=0.666 stable=0 person_display=1033x1030 face_display=374x643
2026-08-14 08:39:04 | INFO     | deepstream_ai.snapshot.alarm_manager | [FACE_EVIDENCE_UPDATE] camera=camera-04 track=2 source=best_face quality=0.627 frontal=0.746 blur=0.180 evidence=(560.0282470703124, 50.71209716796875, 1592.4768798828127, 1080.0)
2026-08-14 08:39:04 | INFO     | deepstream_ai.snapshot.alarm_manager | [BEST_FACE_UPDATE] camera=camera-04 track=2 reason=quality_upgrade old_quality=0.627 new_quality=0.691 new_frontal=0.730 new_blur=0.216 new_size=1.000 new_detector=0.830 stable=0 person_display=1032x1005 face_display=374x615
2026-08-14 08:39:04 | INFO     | deepstream_ai.snapshot.alarm_manager | [FACE_EVIDENCE_UPDATE] camera=camera-04 track=2 source=best_face quality=0.691 frontal=0.730 blur=0.216 evidence=(547.3196067810059, 75.19705200195312, 1578.0912971496582, 1080.0)
2026-08-14 08:39:04 | INFO     | deepstream_ai.pipeline.adaptive | [ADAPTIVE_LOAD] profile=normal source_fps=30.00 gpu=83.0% mem=2.0% nvdec=62.0% queue=0.0% drops_delta=0
2026-08-14 08:39:05 | INFO     | deepstream_ai.track_continuity | [TRACK_CONTINUITY_MERGE] camera=camera-04 raw=3 logical=0 gap=6.052 mode=reid similarity=0.993 area_ratio=0.991
2026-08-14 08:39:05 | INFO     | deepstream_ai.snapshot.alarm_manager | [BEST_FACE_UPDATE] camera=camera-04 track=2 reason=quality_upgrade old_quality=0.691 new_quality=0.710 new_frontal=0.859 new_blur=0.228 new_size=1.000 new_detector=0.804 stable=0 person_display=1082x980 face_display=392x619
2026-08-14 08:39:05 | INFO     | deepstream_ai.snapshot.alarm_manager | [FACE_EVIDENCE_UPDATE] camera=camera-04 track=2 source=best_face quality=0.710 frontal=0.859 blur=0.228 evidence=(490.33459320068357, 100.17987060546875, 1571.244660949707, 1080.0)
2026-08-14 08:39:06 | INFO     | deepstream_ai.snapshot.alarm_manager | [BEST_FACE_UPDATE] camera=camera-04 track=2 reason=quality_upgrade old_quality=0.710 new_quality=0.716 new_frontal=0.890 new_blur=0.243 new_size=1.000 new_detector=0.793 stable=0 person_display=1118x1016 face_display=405x636
2026-08-14 08:39:06 | INFO     | deepstream_ai.snapshot.alarm_manager | [FACE_EVIDENCE_UPDATE] camera=camera-04 track=2 source=best_face quality=0.716 frontal=0.890 blur=0.243 evidence=(479.51775054931636, 64.76803588867188, 1596.325846862793, 1080.0)
2026-08-14 08:39:06 | INFO     | deepstream_ai.face.service | [FACE_IDENTITY] camera=camera-04 track=2 reason=unknown_retry candidate_known=False candidate_similarity=-1.000 retained_known=False retained_similarity=-1.000 samples=3 best_quality=0.716
2026-08-14 08:39:06 | INFO     | deepstream_ai.snapshot.alarm_manager | [BEST_FACE_UPDATE] camera=camera-04 track=2 reason=quality_upgrade old_quality=0.716 new_quality=0.724 new_frontal=0.909 new_blur=0.272 new_size=1.000 new_detector=0.783 stable=0 person_display=1147x1029 face_display=415x652
2026-08-14 08:39:06 | INFO     | deepstream_ai.snapshot.alarm_manager | [FACE_EVIDENCE_UPDATE] camera=camera-04 track=2 source=best_face quality=0.724 frontal=0.909 blur=0.272 evidence=(460.89868011474607, 51.57806396484375, 1606.2960525512694, 1080.0)
2026-08-14 08:39:06 | INFO     | deepstream_ai.pipeline.adaptive | [ADAPTIVE_LOAD] profile=normal source_fps=30.00 gpu=99.0% mem=8.0% nvdec=29.0% queue=0.0% drops_delta=0
2026-08-14 08:39:06 | INFO     | deepstream_ai.snapshot.alarm_manager | [FACE_EVIDENCE_HOLD] camera=camera-04 track=2 old_q=0.724 old_front=0.909 old_blur=0.272 new_q=0.724 new_front=0.929 new_blur=0.199 new_det=0.824 stable=0
2026-08-14 08:39:07 | INFO     | deepstream_ai.snapshot.alarm_manager | [BEST_FACE_UPDATE] camera=camera-04 track=2 reason=quality_upgrade old_quality=0.724 new_quality=0.740 new_frontal=0.910 new_blur=0.241 new_size=1.000 new_detector=0.850 stable=0 person_display=1150x1034 face_display=416x682
2026-08-14 08:39:07 | INFO     | deepstream_ai.snapshot.alarm_manager | [FACE_EVIDENCE_UPDATE] camera=camera-04 track=2 source=best_face quality=0.740 frontal=0.910 blur=0.241 evidence=(443.6143569946289, 46.3153076171875, 1592.1015548706055, 1080.0)
2026-08-14 08:39:08 | INFO     | deepstream_ai.face.service | [FACE_IDENTITY] camera=camera-04 track=2 reason=unknown_retry candidate_known=False candidate_similarity=-1.000 retained_known=False retained_similarity=-1.000 samples=3 best_quality=0.743
2026-08-14 08:39:08 | INFO     | deepstream_ai.pipeline.adaptive | [ADAPTIVE_LOAD] profile=normal source_fps=30.00 gpu=98.0% mem=5.0% nvdec=27.0% queue=0.0% drops_delta=0
2026-08-14 08:39:09 | INFO     | deepstream_ai.snapshot.alarm_manager | [BEST_FACE_UPDATE] camera=camera-04 track=2 reason=quality_upgrade old_quality=0.740 new_quality=0.747 new_frontal=0.936 new_blur=0.219 new_size=1.000 new_detector=0.870 stable=0 person_display=1144x1017 face_display=414x664
2026-08-14 08:39:09 | INFO     | deepstream_ai.snapshot.alarm_manager | [FACE_EVIDENCE_UPDATE] camera=camera-04 track=2 source=best_face quality=0.747 frontal=0.936 blur=0.219 evidence=(441.3838249206543, 63.290740966796875, 1584.388956451416, 1080.0)
2026-08-14 08:39:09 | INFO     | deepstream_ai.snapshot.alarm_manager | [FACE_EVIDENCE_HOLD] camera=camera-04 track=2 old_q=0.747 old_front=0.936 old_blur=0.219 new_q=0.739 new_front=0.938 new_blur=0.196 new_det=0.864 stable=0
2026-08-14 08:39:10 | INFO     | deepstream_ai.face.service | [FACE_IDENTITY] camera=camera-04 track=2 reason=unknown_retry candidate_known=False candidate_similarity=-1.000 retained_known=False retained_similarity=-1.000 samples=3 best_quality=0.747
2026-08-14 08:39:10 | INFO     | deepstream_ai.track_continuity | [TRACK_CONTINUITY_MERGE] camera=camera-04 raw=4 logical=0 gap=4.961 mode=reid similarity=0.989 area_ratio=1.011
2026-08-14 08:39:10 | INFO     | deepstream_ai.pipeline.adaptive | [ADAPTIVE_LOAD] profile=normal source_fps=30.00 gpu=98.0% mem=9.0% nvdec=29.0% queue=0.0% drops_delta=0
2026-08-14 08:39:12 | INFO     | deepstream_ai.pipeline.adaptive | [ADAPTIVE_LOAD] profile=normal source_fps=30.00 gpu=99.0% mem=7.0% nvdec=22.0% queue=0.0% drops_delta=0
2026-08-14 08:39:14 | INFO     | deepstream_ai.pipeline.adaptive | [ADAPTIVE_LOAD] profile=normal source_fps=30.00 gpu=100.0% mem=11.0% nvdec=48.0% queue=0.0% drops_delta=0
2026-08-14 08:39:16 | INFO     | deepstream_ai.pipeline.adaptive | [ADAPTIVE_LOAD] profile=normal source_fps=30.00 gpu=99.0% mem=11.0% nvdec=33.0% queue=0.0% drops_delta=0
2026-08-14 08:39:18 | INFO     | deepstream_ai.pipeline.adaptive | [ADAPTIVE_LOAD] profile=normal source_fps=30.00 gpu=99.0% mem=12.0% nvdec=45.0% queue=0.0% drops_delta=0
2026-08-14 08:39:20 | INFO     | deepstream_ai.pipeline.adaptive | [ADAPTIVE_LOAD] profile=normal source_fps=30.00 gpu=99.0% mem=12.0% nvdec=25.0% queue=0.0% drops_delta=0
2026-08-14 08:39:21 | INFO     | deepstream_ai.snapshot.rolling_manager | [PERSON_EVIDENCE_UPDATE] camera=camera-04 track=0 source=best_person quality=0.337
2026-08-14 08:39:22 | INFO     | deepstream_ai.snapshot.rolling_manager | [TRACK_FINALIZE] camera=camera-04 track=2 source=best_face identity=unknown similarity=-1.000 quality=0.747
2026-08-14 08:39:22 | INFO     | deepstream_ai.pipeline.adaptive | [ADAPTIVE_LOAD] profile=normal source_fps=30.00 gpu=98.0% mem=9.0% nvdec=39.0% queue=0.0% drops_delta=0
2026-08-14 08:39:24 | INFO     | deepstream_ai.pipeline.adaptive | [ADAPTIVE_LOAD] profile=normal source_fps=30.00 gpu=99.0% mem=6.0% nvdec=35.0% queue=0.0% drops_delta=0
2026-08-14 08:39:26 | INFO     | deepstream_ai.pipeline.adaptive | [ADAPTIVE_LOAD] profile=normal source_fps=30.00 gpu=98.0% mem=7.0% nvdec=30.0% queue=0.0% drops_delta=0
2026-08-14 08:39:28 | INFO     | deepstream_ai.snapshot.rolling_manager | [PERSON_EVIDENCE_UPDATE] camera=camera-04 track=0 source=best_person quality=0.339
2026-08-14 08:39:28 | INFO     | deepstream_ai.pipeline.adaptive | [ADAPTIVE_LOAD] profile=normal source_fps=30.00 gpu=98.0% mem=6.0% nvdec=29.0% queue=0.0% drops_delta=0
2026-08-14 08:39:30 | INFO     | deepstream_ai.pipeline.adaptive | [ADAPTIVE_LOAD] profile=normal source_fps=30.00 gpu=98.0% mem=6.0% nvdec=27.0% queue=0.0% drops_delta=0
2026-08-14 08:39:32 | INFO     | deepstream_ai.pipeline.adaptive | [ADAPTIVE_LOAD] profile=normal source_fps=30.00 gpu=99.0% mem=7.0% nvdec=28.0% queue=0.0% drops_delta=0
2026-08-14 08:39:34 | INFO     | deepstream_ai.pipeline.adaptive | [ADAPTIVE_LOAD] profile=normal source_fps=30.00 gpu=99.0% mem=7.0% nvdec=18.0% queue=0.0% drops_delta=0
2026-08-14 08:39:36 | INFO     | deepstream_ai.provisional_track_guard | [PERSON_PROVISIONAL] camera=camera-04 track=5 raw=5 conf=0.761 alias=False
2026-08-14 08:39:36 | INFO     | deepstream_ai.face.service | [FACE_IDENTITY] camera=camera-04 track=5 reason=high_quality candidate_known=False candidate_similarity=-1.000 retained_known=False retained_similarity=-1.000 samples=1 best_quality=0.723
2026-08-14 08:39:36 | INFO     | deepstream_ai.pipeline.adaptive | [ADAPTIVE_LOAD] profile=normal source_fps=30.00 gpu=98.0% mem=7.0% nvdec=21.0% queue=0.0% drops_delta=0
2026-08-14 08:39:38 | INFO     | deepstream_ai.pipeline.adaptive | [ADAPTIVE_LOAD] profile=normal source_fps=30.00 gpu=98.0% mem=7.0% nvdec=34.0% queue=0.0% drops_delta=0
2026-08-14 08:39:40 | INFO     | deepstream_ai.track_continuity | [TRACK_CONTINUITY_REID_REJECT] camera=camera-04 raw=6 candidate_logical=5 similarity=0.490 score=0.672 iou=0.540 face_iou=0.000
2026-08-14 08:39:40 | INFO     | deepstream_ai.provisional_track_guard | [PERSON_PROVISIONAL] camera=camera-04 track=6 raw=6 conf=0.282 alias=False
2026-08-14 08:39:40 | INFO     | deepstream_ai.pipeline.adaptive | [ADAPTIVE_LOAD] profile=normal source_fps=30.00 gpu=98.0% mem=6.0% nvdec=24.0% queue=0.0% drops_delta=0
2026-08-14 08:39:41 | INFO     | deepstream_ai.provisional_analytics | [PERSON_PROVISIONAL_EXPIRE] camera=camera-04 track=5 business_created=false
2026-08-14 08:39:42 | INFO     | deepstream_ai.pipeline.adaptive | [ADAPTIVE_LOAD] profile=normal source_fps=30.00 gpu=99.0% mem=7.0% nvdec=21.0% queue=0.0% drops_delta=0
2026-08-14 08:39:44 | INFO     | deepstream_ai.pipeline.adaptive | [ADAPTIVE_LOAD] profile=normal source_fps=30.00 gpu=98.0% mem=5.0% nvdec=33.0% queue=0.0% drops_delta=0
2026-08-14 08:39:45 | INFO     | deepstream_ai.snapshot.rolling_manager | [PERSON_EVIDENCE_UPDATE] camera=camera-04 track=0 source=best_person quality=0.341
2026-08-14 08:39:45 | INFO     | deepstream_ai.snapshot.rolling_manager | [PERSON_EVIDENCE_UPDATE] camera=camera-04 track=0 source=best_person quality=0.344
2026-08-14 08:39:45 | INFO     | deepstream_ai.track_continuity | [TRACK_CONTINUITY_MERGE] camera=camera-04 raw=7 logical=6 gap=4.610 mode=reid similarity=0.951 area_ratio=1.051
2026-08-14 08:39:45 | INFO     | deepstream_ai.snapshot.rolling_manager | [TRACK_CREATE] camera=camera-04 track=6 person_conf=0.482 quality=0.685
2026-08-14 08:39:45 | INFO     | deepstream_ai.snapshot.rolling_manager | [PERSON_EVIDENCE_UPDATE] camera=camera-04 track=6 source=person_fallback quality=0.685
2026-08-14 08:39:45 | INFO     | deepstream_ai.snapshot.rolling_manager | [PERSON_EVIDENCE_UPDATE] camera=camera-04 track=6 source=best_person quality=0.699
2026-08-14 08:39:45 | INFO     | deepstream_ai.snapshot.rolling_manager | [PERSON_EVIDENCE_UPDATE] camera=camera-04 track=6 source=best_person quality=0.701
2026-08-14 08:39:45 | INFO     | deepstream_ai.snapshot.rolling_manager | [PERSON_EVIDENCE_UPDATE] camera=camera-04 track=6 source=best_person quality=0.705
2026-08-14 08:39:46 | INFO     | deepstream_ai.pipeline.adaptive | [ADAPTIVE_LOAD] profile=normal source_fps=30.00 gpu=98.0% mem=7.0% nvdec=24.0% queue=0.0% drops_delta=0
2026-08-14 08:39:48 | INFO     | deepstream_ai.pipeline.adaptive | [ADAPTIVE_LOAD] profile=normal source_fps=30.00 gpu=99.0% mem=7.0% nvdec=27.0% queue=0.0% drops_delta=0
2026-08-14 08:39:50 | INFO     | deepstream_ai.pipeline.adaptive | [ADAPTIVE_LOAD] profile=normal source_fps=30.00 gpu=99.0% mem=6.0% nvdec=19.0% queue=0.0% drops_delta=0
2026-08-14 08:39:52 | INFO     | deepstream_ai.pipeline.adaptive | [ADAPTIVE_LOAD] profile=normal source_fps=30.00 gpu=98.0% mem=7.0% nvdec=21.0% queue=0.0% drops_delta=0
2026-08-14 08:39:53 | INFO     | deepstream_ai.track_continuity | [TRACK_CONTINUITY_REID_REJECT] camera=camera-04 raw=8 candidate_logical=6 similarity=0.648 score=0.770 iou=0.665 face_iou=0.000
2026-08-14 08:39:53 | INFO     | deepstream_ai.provisional_track_guard | [PERSON_PROVISIONAL] camera=camera-04 track=8 raw=8 conf=0.528 alias=False
2026-08-14 08:39:53 | INFO     | deepstream_ai.face.service | [FACE_IDENTITY] camera=camera-04 track=8 reason=high_quality candidate_known=False candidate_similarity=-1.000 retained_known=False retained_similarity=-1.000 samples=1 best_quality=0.723
2026-08-14 08:39:54 | INFO     | deepstream_ai.provisional_track_guard | [PERSON_CONFIRMED] camera=camera-04 track=8 reason=real_face age=0.723 max_conf=0.533 observations=3
2026-08-14 08:39:54 | INFO     | deepstream_ai.snapshot.rolling_manager | [TRACK_CREATE] camera=camera-04 track=8 person_conf=0.309 quality=0.667
2026-08-14 08:39:54 | INFO     | deepstream_ai.snapshot.rolling_manager | [PERSON_EVIDENCE_UPDATE] camera=camera-04 track=8 source=person_fallback quality=0.667
2026-08-14 08:39:54 | INFO     | deepstream_ai.snapshot.alarm_manager | [FACE_FALLBACK] camera=camera-04 track=8 face_conf=0.354 quality=0.580 frontal=0.500 blur=0.503 size=1.000 person_display=877x695 face_display=318x449
2026-08-14 08:39:54 | INFO     | deepstream_ai.snapshot.alarm_manager | [FACE_EVIDENCE_UPDATE] camera=camera-04 track=8 source=face_fallback quality=0.580 frontal=0.500 blur=0.503 evidence=(600.0861099243164, 385.0085906982422, 1476.615885925293, 1080.0)
2026-08-14 08:39:54 | ERROR    | deepstream_ai.provisional_analytics | AdaFace inference failed camera_id=camera-04 track=8 provisional=False
Traceback (most recent call last):
  File "/workspace/src/deepstream_ai/provisional_analytics.py", line 70, in _process
    identity = self._recognizer.observe(
               ^^^^^^^^^^^^^^^^^^^^^^^^^
  File "/workspace/src/deepstream_ai/face/service.py", line 149, in observe
    raise InvalidFaceInput(
deepstream_ai.face.errors.InvalidFaceInput: face detector did not provide five landmarks; refusing unaligned AdaFace inference
2026-08-14 08:39:54 | INFO     | deepstream_ai.snapshot.alarm_manager | [BEST_FACE_UPDATE] camera=camera-04 track=8 reason=quality_upgrade old_quality=0.580 new_quality=0.605 new_frontal=0.500 new_blur=0.524 new_size=1.000 new_detector=0.392 stable=0 person_display=895x722 face_display=325x469
2026-08-14 08:39:54 | INFO     | deepstream_ai.snapshot.alarm_manager | [FACE_EVIDENCE_UPDATE] camera=camera-04 track=8 source=best_face quality=0.605 frontal=0.500 blur=0.524 evidence=(581.2755142211913, 358.76454162597656, 1475.925993347168, 1080.0)
2026-08-14 08:39:54 | ERROR    | deepstream_ai.provisional_analytics | AdaFace inference failed camera_id=camera-04 track=8 provisional=False
Traceback (most recent call last):
  File "/workspace/src/deepstream_ai/provisional_analytics.py", line 70, in _process
    identity = self._recognizer.observe(
               ^^^^^^^^^^^^^^^^^^^^^^^^^
  File "/workspace/src/deepstream_ai/face/service.py", line 149, in observe
    raise InvalidFaceInput(
deepstream_ai.face.errors.InvalidFaceInput: face detector did not provide five landmarks; refusing unaligned AdaFace inference
2026-08-14 08:39:54 | INFO     | deepstream_ai.pipeline.adaptive | [ADAPTIVE_LOAD] profile=normal source_fps=30.00 gpu=98.0% mem=6.0% nvdec=24.0% queue=0.0% drops_delta=0
2026-08-14 08:39:56 | INFO     | deepstream_ai.pipeline.adaptive | [ADAPTIVE_LOAD] profile=normal source_fps=30.00 gpu=98.0% mem=7.0% nvdec=15.0% queue=0.0% drops_delta=0
2026-08-14 08:39:58 | INFO     | deepstream_ai.pipeline.adaptive | [ADAPTIVE_LOAD] profile=normal source_fps=30.00 gpu=98.0% mem=7.0% nvdec=28.0% queue=0.0% drops_delta=0
2026-08-14 08:39:58 | INFO     | deepstream_ai.snapshot.rolling_manager | [TRACK_FINALIZE] camera=camera-04 track=6 source=best_person identity=unknown similarity=-1.000 quality=0.705
2026-08-14 08:40:00 | INFO     | deepstream_ai.pipeline.adaptive | [ADAPTIVE_LOAD] profile=normal source_fps=30.00 gpu=98.0% mem=6.0% nvdec=21.0% queue=0.0% drops_delta=0
2026-08-14 08:40:01 | INFO     | deepstream_ai.track_continuity | [TRACK_CONTINUITY_MERGE] camera=camera-04 raw=9 logical=8 gap=6.262 mode=face_continuity score=0.932 iou=0.740 face_iou=0.634 reid_similarity=0.830 center_ratio=0.079 area_ratio=1.304
2026-08-14 08:40:01 | INFO     | deepstream_ai.face_anchored_continuity | [TRACK_CONTINUITY_FACE_TRUST] camera=camera-04 raw=9 logical=8 reid_similarity=0.830 person_iou=0.740 face_iou=0.634 status=trusted_geometry_only
2026-08-14 08:40:01 | INFO     | deepstream_ai.snapshot.alarm_manager | [BEST_FACE_UPDATE] camera=camera-04 track=8 reason=quality_upgrade old_quality=0.605 new_quality=0.734 new_frontal=0.914 new_blur=0.304 new_size=1.000 new_detector=0.787 stable=0 person_display=1083x986 face_display=393x605
2026-08-14 08:40:01 | INFO     | deepstream_ai.snapshot.alarm_manager | [FACE_EVIDENCE_UPDATE] camera=camera-04 track=8 source=best_face quality=0.734 frontal=0.914 blur=0.304 evidence=(483.50236968994136, 94.77554321289062, 1565.335856628418, 1080.0)
2026-08-14 08:40:01 | INFO     | deepstream_ai.face.service | [FACE_IDENTITY] camera=camera-04 track=8 reason=unknown_retry candidate_known=False candidate_similarity=-1.000 retained_known=False retained_similarity=-1.000 samples=2 best_quality=0.734
2026-08-14 08:40:01 | INFO     | deepstream_ai.snapshot.alarm_manager | [FACE_EVIDENCE_HOLD] camera=camera-04 track=8 old_q=0.734 old_front=0.914 old_blur=0.304 new_q=0.712 new_front=0.893 new_blur=0.287 new_det=0.748 stable=0
2026-08-14 08:40:02 | INFO     | deepstream_ai.provisional_track_guard | [PERSON_PROVISIONAL] camera=camera-04 track=10 raw=10 conf=0.530 alias=False
2026-08-14 08:40:02 | INFO     | deepstream_ai.provisional_track_guard | [PERSON_CONFIRMED] camera=camera-04 track=10 reason=detector_confidence age=0.609 max_conf=0.697 observations=3
2026-08-14 08:40:02 | INFO     | deepstream_ai.snapshot.rolling_manager | [TRACK_CREATE] camera=camera-04 track=10 person_conf=0.259 quality=0.450
2026-08-14 08:40:02 | INFO     | deepstream_ai.snapshot.rolling_manager | [PERSON_EVIDENCE_UPDATE] camera=camera-04 track=10 source=person_fallback quality=0.450
2026-08-14 08:40:02 | INFO     | deepstream_ai.pipeline.adaptive | [ADAPTIVE_LOAD] profile=normal source_fps=30.00 gpu=99.0% mem=8.0% nvdec=17.0% queue=0.0% drops_delta=0
2026-08-14 08:40:02 | INFO     | deepstream_ai.snapshot.rolling_manager | [PERSON_EVIDENCE_UPDATE] camera=camera-04 track=10 source=best_person quality=0.534
2026-08-14 08:40:03 | INFO     | deepstream_ai.snapshot.alarm_manager | [FACE_FALLBACK] camera=camera-04 track=10 face_conf=0.670 quality=0.607 frontal=0.972 blur=0.314 size=0.498 person_display=323x536 face_display=117x193
2026-08-14 08:40:03 | INFO     | deepstream_ai.snapshot.alarm_manager | [FACE_EVIDENCE_UPDATE] camera=camera-04 track=10 source=face_fallback quality=0.607 frontal=0.972 blur=0.314 evidence=(1062.7565116882324, 82.56211853027344, 1384.131992340088, 617.2612770080566)
2026-08-14 08:40:03 | INFO     | deepstream_ai.face.service | [FACE_IDENTITY] camera=camera-04 track=8 reason=unknown_retry candidate_known=False candidate_similarity=-1.000 retained_known=False retained_similarity=-1.000 samples=3 best_quality=0.712
2026-08-14 08:40:03 | INFO     | deepstream_ai.snapshot.alarm_manager | [FACE_EVIDENCE_HOLD] camera=camera-04 track=10 old_q=0.607 old_front=0.972 old_blur=0.314 new_q=0.391 new_front=0.050 new_blur=0.602 new_det=0.418 stable=0
2026-08-14 08:40:03 | INFO     | deepstream_ai.face.service | [FACE_IDENTITY] camera=camera-04 track=10 reason=timeout_fallback candidate_known=False candidate_similarity=-1.000 retained_known=False retained_similarity=-1.000 samples=3 best_quality=0.658
2026-08-14 08:40:04 | INFO     | deepstream_ai.pipeline.adaptive | [ADAPTIVE_LOAD] profile=normal source_fps=30.00 gpu=98.0% mem=7.0% nvdec=29.0% queue=0.0% drops_delta=0
2026-08-14 08:40:06 | INFO     | deepstream_ai.snapshot.alarm_manager | [FACE_EVIDENCE_HOLD] camera=camera-04 track=10 old_q=0.607 old_front=0.972 old_blur=0.314 new_q=0.465 new_front=0.530 new_blur=0.677 new_det=0.360 stable=0
2026-08-14 08:40:06 | INFO     | deepstream_ai.pipeline.adaptive | [ADAPTIVE_LOAD] profile=normal source_fps=30.00 gpu=98.0% mem=6.0% nvdec=31.0% queue=0.0% drops_delta=0
2026-08-14 08:40:07 | INFO     | deepstream_ai.face.service | [FACE_IDENTITY] camera=camera-04 track=10 reason=unknown_retry candidate_known=False candidate_similarity=-1.000 retained_known=False retained_similarity=-1.000 samples=2 best_quality=0.584
2026-08-14 08:40:07 | INFO     | deepstream_ai.snapshot.alarm_manager | [BEST_FACE_UPDATE] camera=camera-04 track=10 reason=quality_upgrade old_quality=0.607 new_quality=0.717 new_frontal=0.489 new_blur=0.978 new_size=0.619 new_detector=0.717 stable=0 person_display=412x464 face_display=168x167
2026-08-14 08:40:07 | INFO     | deepstream_ai.snapshot.alarm_manager | [FACE_EVIDENCE_UPDATE] camera=camera-04 track=10 source=best_face quality=0.717 frontal=0.489 blur=0.978 evidence=(962.267578125, 131.978271484375, 1373.2473819732666, 594.5712882995606)
2026-08-14 08:40:08 | INFO     | deepstream_ai.snapshot.alarm_manager | [FACE_EVIDENCE_HOLD] camera=camera-04 track=10 old_q=0.717 old_front=0.489 old_blur=0.978 new_q=0.683 new_front=0.866 new_blur=0.840 new_det=0.420 stable=0
2026-08-14 08:40:08 | INFO     | deepstream_ai.pipeline.adaptive | [ADAPTIVE_LOAD] profile=normal source_fps=30.00 gpu=98.0% mem=6.0% nvdec=32.0% queue=0.0% drops_delta=0
2026-08-14 08:40:09 | INFO     | deepstream_ai.face.service | [FACE_IDENTITY] camera=camera-04 track=10 reason=unknown_retry candidate_known=False candidate_similarity=-1.000 retained_known=False retained_similarity=-1.000 samples=3 best_quality=0.717
2026-08-14 08:40:09 | INFO     | deepstream_ai.snapshot.alarm_manager | [BEST_FACE_UPDATE] camera=camera-04 track=10 reason=quality_upgrade old_quality=0.717 new_quality=0.746 new_frontal=0.949 new_blur=1.000 new_size=0.660 new_detector=0.498 stable=0 person_display=471x453 face_display=184x163
2026-08-14 08:40:09 | INFO     | deepstream_ai.snapshot.alarm_manager | [FACE_EVIDENCE_UPDATE] camera=camera-04 track=10 source=best_face quality=0.746 frontal=0.949 blur=1.000 evidence=(922.3708190917969, 154.70539093017578, 1392.093090057373, 606.6830089569091)
2026-08-14 08:40:10 | INFO     | deepstream_ai.pipeline.adaptive | [ADAPTIVE_LOAD] profile=normal source_fps=30.00 gpu=98.0% mem=7.0% nvdec=22.0% queue=0.0% drops_delta=0
2026-08-14 08:40:11 | INFO     | deepstream_ai.face.service | [FACE_IDENTITY] camera=camera-04 track=10 reason=unknown_retry candidate_known=False candidate_similarity=-1.000 retained_known=False retained_similarity=-1.000 samples=3 best_quality=0.746
2026-08-14 08:40:12 | INFO     | deepstream_ai.pipeline.adaptive | [ADAPTIVE_LOAD] profile=normal source_fps=30.00 gpu=98.0% mem=6.0% nvdec=20.0% queue=0.0% drops_delta=0
2026-08-14 08:40:14 | INFO     | deepstream_ai.pipeline.adaptive | [ADAPTIVE_LOAD] profile=normal source_fps=30.00 gpu=98.0% mem=7.0% nvdec=20.0% queue=0.0% drops_delta=0
2026-08-14 08:40:15 | INFO     | deepstream_ai.snapshot.rolling_manager | [TRACK_FINALIZE] camera=camera-04 track=8 source=best_face identity=unknown similarity=-1.000 quality=0.734
2026-08-14 08:40:16 | INFO     | deepstream_ai.provisional_track_guard | [PERSON_PROVISIONAL] camera=camera-04 track=11 raw=11 conf=0.625 alias=False
2026-08-14 08:40:16 | INFO     | deepstream_ai.pipeline.adaptive | [ADAPTIVE_LOAD] profile=normal source_fps=30.00 gpu=98.0% mem=7.0% nvdec=30.0% queue=0.0% drops_delta=0
2026-08-14 08:40:16 | INFO     | deepstream_ai.provisional_track_guard | [PERSON_CONFIRMED] camera=camera-04 track=11 reason=detector_confidence age=0.602 max_conf=0.756 observations=2
2026-08-14 08:40:16 | INFO     | deepstream_ai.snapshot.rolling_manager | [TRACK_CREATE] camera=camera-04 track=11 person_conf=0.222 quality=0.323
2026-08-14 08:40:16 | INFO     | deepstream_ai.snapshot.rolling_manager | [PERSON_EVIDENCE_UPDATE] camera=camera-04 track=11 source=person_fallback quality=0.323
2026-08-14 08:40:16 | INFO     | deepstream_ai.snapshot.rolling_manager | [PERSON_EVIDENCE_UPDATE] camera=camera-04 track=11 source=best_person quality=0.326
2026-08-14 08:40:16 | INFO     | deepstream_ai.snapshot.rolling_manager | [PERSON_EVIDENCE_UPDATE] camera=camera-04 track=11 source=best_person quality=0.506
2026-08-14 08:40:16 | INFO     | deepstream_ai.snapshot.alarm_manager | [FACE_FALLBACK] camera=camera-04 track=11 face_conf=0.652 quality=0.622 frontal=0.890 blur=0.230 size=0.793 person_display=341x805 face_display=124x290
2026-08-14 08:40:17 | INFO     | deepstream_ai.snapshot.alarm_manager | [FACE_EVIDENCE_UPDATE] camera=camera-04 track=11 source=face_fallback quality=0.622 frontal=0.890 blur=0.230 evidence=(1328.123675918579, 36.54081726074219, 1668.3172649383546, 840.6582015991211)
2026-08-14 08:40:17 | INFO     | deepstream_ai.snapshot.alarm_manager | [FACE_EVIDENCE_HOLD] camera=camera-04 track=11 old_q=0.622 old_front=0.890 old_blur=0.230 new_q=0.325 new_front=0.020 new_blur=0.423 new_det=0.398 stable=0
2026-08-14 08:40:17 | INFO     | deepstream_ai.face.service | [FACE_IDENTITY] camera=camera-04 track=11 reason=timeout_fallback candidate_known=False candidate_similarity=-1.000 retained_known=False retained_similarity=-1.000 samples=3 best_quality=0.622
2026-08-14 08:40:18 | INFO     | deepstream_ai.pipeline.adaptive | [ADAPTIVE_LOAD] profile=normal source_fps=30.00 gpu=99.0% mem=6.0% nvdec=26.0% queue=0.0% drops_delta=0
2026-08-14 08:40:19 | INFO     | deepstream_ai.provisional_track_guard | [PERSON_PROVISIONAL] camera=camera-04 track=12 raw=12 conf=0.553 alias=False
2026-08-14 08:40:19 | INFO     | deepstream_ai.provisional_track_guard | [PERSON_CONFIRMED] camera=camera-04 track=12 reason=detector_confidence age=0.613 max_conf=0.722 observations=2
2026-08-14 08:40:19 | INFO     | deepstream_ai.snapshot.rolling_manager | [TRACK_CREATE] camera=camera-04 track=12 person_conf=0.176 quality=0.443
2026-08-14 08:40:19 | INFO     | deepstream_ai.snapshot.rolling_manager | [PERSON_EVIDENCE_UPDATE] camera=camera-04 track=12 source=person_fallback quality=0.443
2026-08-14 08:40:19 | INFO     | deepstream_ai.face.service | [FACE_IDENTITY] camera=camera-04 track=11 reason=unknown_retry candidate_known=False candidate_similarity=-1.000 retained_known=False retained_similarity=-1.000 samples=2 best_quality=0.523
2026-08-14 08:40:19 | INFO     | deepstream_ai.snapshot.rolling_manager | [PERSON_EVIDENCE_UPDATE] camera=camera-04 track=12 source=best_person quality=0.594
2026-08-14 08:40:19 | INFO     | deepstream_ai.snapshot.alarm_manager | [BEST_FACE_UPDATE] camera=camera-04 track=11 reason=quality_upgrade old_quality=0.622 new_quality=0.727 new_frontal=0.871 new_blur=0.226 new_size=1.000 new_detector=0.848 stable=0 person_display=1069x995 face_display=387x609
2026-08-14 08:40:19 | INFO     | deepstream_ai.snapshot.alarm_manager | [FACE_EVIDENCE_UPDATE] camera=camera-04 track=11 source=best_face quality=0.727 frontal=0.871 blur=0.226 evidence=(500.08182525634766, 85.72647094726562, 1568.5680465698242, 1080.0)
2026-08-14 08:40:20 | INFO     | deepstream_ai.face.service | [FACE_IDENTITY] camera=camera-04 track=11 reason=quality_upgrade candidate_known=False candidate_similarity=-1.000 retained_known=False retained_similarity=-1.000 samples=1 best_quality=0.727
2026-08-14 08:40:20 | INFO     | deepstream_ai.snapshot.alarm_manager | [FACE_FALLBACK] camera=camera-04 track=12 face_conf=0.659 quality=0.518 frontal=0.444 blur=0.164 size=0.788 person_display=341x757 face_display=125x287
2026-08-14 08:40:20 | INFO     | deepstream_ai.snapshot.alarm_manager | [FACE_EVIDENCE_UPDATE] camera=camera-04 track=12 source=face_fallback quality=0.518 frontal=0.444 blur=0.164 evidence=(112.21313247680663, 0.0, 452.8770011901855, 756.2222007751465)
2026-08-14 08:40:20 | INFO     | deepstream_ai.snapshot.alarm_manager | [BEST_FACE_UPDATE] camera=camera-04 track=12 reason=quality_upgrade old_quality=0.518 new_quality=0.592 new_frontal=0.891 new_blur=0.080 new_size=0.752 new_detector=0.696 stable=0 person_display=340x689 face_display=131x260
2026-08-14 08:40:20 | INFO     | deepstream_ai.snapshot.alarm_manager | [FACE_EVIDENCE_UPDATE] camera=camera-04 track=12 source=best_face quality=0.592 frontal=0.891 blur=0.080 evidence=(0.0, 0.0, 339.85566940307615, 688.7162620544434)
2026-08-14 08:40:20 | INFO     | deepstream_ai.pose_aware_continuity | [TRACK_CONTINUITY_POSE_FRAGMENT_MERGE] camera=camera-04 raw=12 logical=0 age=1.122 gap=0.233 iou=0.352 containment=0.892 center=0.257 area_ratio=2.427 body_reid=missing face_similarity=missing status=provisional
2026-08-14 08:40:20 | INFO     | deepstream_ai.snapshot.alarm_manager | [PERSON_EVIDENCE_HOLD] camera=camera-04 track=0 reason=geometry_drift anchor=(1.0996079444885254, 537.703125, 306.1874985694885, 1074.4609375) current=(14.746299743652344, 18.210369110107422, 403.0358200073242, 1040.6196098327637)
2026-08-14 08:40:20 | INFO     | deepstream_ai.pose_aware_continuity | [TRACK_CONTINUITY_POSE_REJECT] camera=camera-04 raw=12 candidate_logical=0 mode=pose_fragment body_reid=0.458 face_similarity=missing
2026-08-14 08:40:20 | INFO     | deepstream_ai.pose_aware_continuity | [TRACK_CONTINUITY_POSE_FRAGMENT_MERGE] camera=camera-04 raw=12 logical=0 age=0.039 gap=0.078 iou=0.927 containment=0.997 center=0.005 area_ratio=1.072 body_reid=missing face_similarity=missing status=provisional
2026-08-14 08:40:20 | INFO     | deepstream_ai.snapshot.alarm_manager | [PERSON_EVIDENCE_HOLD] camera=camera-04 track=0 reason=geometry_drift anchor=(1.0996079444885254, 537.703125, 306.1874985694885, 1074.4609375) current=(0.0, 21.64618682861328, 414.8387145996094, 1047.5606155395508)
2026-08-14 08:40:20 | INFO     | deepstream_ai.snapshot.alarm_manager | [PERSON_EVIDENCE_HOLD] camera=camera-04 track=0 reason=geometry_drift anchor=(1.0996079444885254, 537.703125, 306.1874985694885, 1074.4609375) current=(0.0, 21.83565330505371, 398.1068420410156, 1047.7500820159912)
2026-08-14 08:40:20 | INFO     | deepstream_ai.snapshot.alarm_manager | [PERSON_EVIDENCE_HOLD] camera=camera-04 track=0 reason=geometry_drift anchor=(1.0996079444885254, 537.703125, 306.1874985694885, 1074.4609375) current=(0.0, 27.537445068359375, 369.5573425292969, 1053.4519958496094)
2026-08-14 08:40:20 | INFO     | deepstream_ai.snapshot.rolling_manager | [PERSON_EVIDENCE_UPDATE] camera=camera-04 track=0 source=best_person quality=0.376
2026-08-14 08:40:20 | INFO     | deepstream_ai.pipeline.adaptive | [ADAPTIVE_LOAD] profile=normal source_fps=30.00 gpu=98.0% mem=6.0% nvdec=32.0% queue=3.1% drops_delta=0
2026-08-14 08:40:20 | INFO     | deepstream_ai.face.service | [FACE_IDENTITY] camera=camera-04 track=12 reason=timeout_fallback candidate_known=False candidate_similarity=-1.000 retained_known=False retained_similarity=-1.000 samples=3 best_quality=0.592
2026-08-14 08:40:22 | INFO     | deepstream_ai.pipeline.adaptive | [ADAPTIVE_LOAD] profile=normal source_fps=30.00 gpu=98.0% mem=6.0% nvdec=21.0% queue=0.0% drops_delta=0
2026-08-14 08:40:22 | INFO     | deepstream_ai.snapshot.alarm_manager | [FACE_EVIDENCE_HOLD] camera=camera-04 track=11 old_q=0.727 old_front=0.871 old_blur=0.226 new_q=0.718 new_front=0.860 new_blur=0.270 new_det=0.797 stable=0
2026-08-14 08:40:24 | INFO     | deepstream_ai.pipeline.adaptive | [ADAPTIVE_LOAD] profile=normal source_fps=30.00 gpu=98.0% mem=7.0% nvdec=26.0% queue=0.0% drops_delta=0
2026-08-14 08:40:24 | INFO     | deepstream_ai.snapshot.rolling_manager | [TRACK_FINALIZE] camera=camera-04 track=10 source=best_face identity=unknown similarity=-1.000 quality=0.746
2026-08-14 08:40:26 | INFO     | deepstream_ai.pipeline.adaptive | [ADAPTIVE_LOAD] profile=normal source_fps=30.00 gpu=98.0% mem=6.0% nvdec=35.0% queue=0.0% drops_delta=0
2026-08-14 08:40:28 | INFO     | deepstream_ai.pipeline.adaptive | [ADAPTIVE_LOAD] profile=normal source_fps=30.00 gpu=98.0% mem=6.0% nvdec=40.0% queue=0.0% drops_delta=0
2026-08-14 08:40:29 | INFO     | deepstream_ai.provisional_track_guard | [PERSON_PROVISIONAL] camera=camera-04 track=13 raw=13 conf=0.855 alias=False
2026-08-14 08:40:29 | INFO     | deepstream_ai.pose_aware_continuity | [TRACK_CONTINUITY_ADAFACE_MERGE] camera=camera-04 raw=13 logical=11 age=0.042 gap=6.757 iou=0.880 containment=0.962 center=0.034 area_ratio=1.054 body_reid=missing face_similarity=0.963 status=provisional
2026-08-14 08:40:29 | INFO     | deepstream_ai.pose_aware_continuity | [TRACK_CONTINUITY_POSE_CONFIRM] camera=camera-04 raw=13 logical=11 mode=adaface body_reid=missing face_similarity=1.000 age=0.000
2026-08-14 08:40:29 | INFO     | deepstream_ai.face.service | [FACE_IDENTITY] camera=camera-04 track=13 reason=high_quality candidate_known=False candidate_similarity=-1.000 retained_known=False retained_similarity=-1.000 samples=1 best_quality=0.727
2026-08-14 08:40:29 | INFO     | deepstream_ai.snapshot.alarm_manager | [FACE_EVIDENCE_HOLD] camera=camera-04 track=11 old_q=0.727 old_front=0.871 old_blur=0.226 new_q=0.725 new_front=0.872 new_blur=0.272 new_det=0.806 stable=0
2026-08-14 08:40:30 | INFO     | deepstream_ai.face.service | [FACE_IDENTITY] camera=camera-04 track=11 reason=unknown_retry candidate_known=False candidate_similarity=-1.000 retained_known=False retained_similarity=-1.000 samples=2 best_quality=0.725
2026-08-14 08:40:30 | INFO     | deepstream_ai.pipeline.adaptive | [ADAPTIVE_LOAD] profile=normal source_fps=30.00 gpu=98.0% mem=7.0% nvdec=11.0% queue=0.0% drops_delta=0
2026-08-14 08:40:30 | INFO     | deepstream_ai.pipeline.runner | 收到停止请求
2026-08-14 08:40:30 | INFO     | deepstream_ai.pipeline.runner | [RTSP_STOP] live source: skip EOS and stop main loop immediately
0:01:49.534832797 [32m  415[00m 0x7f531c0024e0 [33;01mWARN   [00m [00m        videodecoder gstvideodecoder.c:3133:gst_video_decoder_prepare_finish_frame:<nvv4l2decoder0>[00m decreasing timestamp (0:01:43.472074799 < 0:01:43.572074799)
2026-08-14 08:40:31 | INFO     | deepstream_ai.pipeline.metadata | 
========== Probe Performance ==========
Probe Callbacks:              2704
Probe Frames:                 2704
Probe Queue Drops:            0
Probe Errors:                 0
Average Probe Time (ms):      19.734
P95 Probe Time (ms):          37.000
Max Probe Time (ms):          51.529
Tracker ReID Vectors:         368
Tracker ReID Missing:         1834
=======================================
2026-08-14 08:40:31 | INFO     | deepstream_ai.pipeline.runner | [TRACK_SHADOW_SUMMARY] frames=0 objects=0 hidden_by_age=0 errors=0
2026-08-14 08:40:31 | INFO     | deepstream_ai.pipeline.runner | [PRETRACKER_GUARD_SUMMARY] frames=2711 verified_people=527 suppressed=0 errors=0
2026-08-14 08:40:31 | INFO     | deepstream_ai.pipeline.runner | DeepStream Pipeline 已停止
2026-08-14 08:40:31 | INFO     | deepstream_ai.snapshot.rolling_manager | [TRACK_FINALIZE] camera=camera-04 track=0 source=best_person identity=unknown similarity=-1.000 quality=0.376
2026-08-14 08:40:31 | INFO     | deepstream_ai.face.service | [FACE_IDENTITY] camera=camera-04 track=11 reason=finalize_fallback candidate_known=False candidate_similarity=-1.000 retained_known=False retained_similarity=-1.000 samples=1 best_quality=0.714
2026-08-14 08:40:31 | INFO     | deepstream_ai.snapshot.rolling_manager | [TRACK_FINALIZE] camera=camera-04 track=11 source=best_face identity=unknown similarity=-1.000 quality=0.727
2026-08-14 08:40:31 | INFO     | deepstream_ai.snapshot.rolling_manager | [TRACK_FINALIZE] camera=camera-04 track=12 source=best_face identity=unknown similarity=-1.000 quality=0.592
2026-08-14 08:40:31 | INFO     | deepstream_ai.snapshot.rolling_manager | Evidence Summary tracks=7 finalized=7 success=7 failed=0 missing=0 best_face=5 face_fallback=0 best_person=2 person_fallback=0 know=0 unknown=5
